[2021-10-28T16:00:50.553-0700][gc] Using G1
[2021-10-28T16:00:50.558-0700][gc,init] Version: 17+35-2724 (release)
[2021-10-28T16:00:50.558-0700][gc,init] CPUs: 8 total, 8 available
[2021-10-28T16:00:50.558-0700][gc,init] Memory: 8192M
[2021-10-28T16:00:50.558-0700][gc,init] Large Page Support: Disabled
[2021-10-28T16:00:50.558-0700][gc,init] NUMA Support: Disabled
[2021-10-28T16:00:50.558-0700][gc,init] Compressed Oops: Enabled (Zero based)
[2021-10-28T16:00:50.558-0700][gc,init] Heap Region Size: 1M
[2021-10-28T16:00:50.558-0700][gc,init] Heap Min Capacity: 1G
[2021-10-28T16:00:50.558-0700][gc,init] Heap Initial Capacity: 1G
[2021-10-28T16:00:50.558-0700][gc,init] Heap Max Capacity: 1G
[2021-10-28T16:00:50.558-0700][gc,init] Pre-touch: Disabled
[2021-10-28T16:00:50.558-0700][gc,init] Parallel Workers: 8
[2021-10-28T16:00:50.558-0700][gc,init] Concurrent Workers: 2
[2021-10-28T16:00:50.558-0700][gc,init] Concurrent Refinement Workers: 8
[2021-10-28T16:00:50.558-0700][gc,init] Periodic GC: Disabled
[2021-10-28T16:00:50.558-0700][gc,metaspace] CDS archive(s) mapped at: [0x0000000800000000-0x0000000800bd0000-0x0000000800bd0000), size 12386304, SharedBaseAddress: 0x0000000800000000, ArchiveRelocationMode: 0.
[2021-10-28T16:00:50.558-0700][gc,metaspace] Compressed class space mapped at: 0x0000000800c00000-0x0000000840c00000, reserved size: 1073741824
[2021-10-28T16:00:50.558-0700][gc,metaspace] Narrow klass base: 0x0000000800000000, Narrow klass shift: 0, Narrow klass range: 0x100000000
[2021-10-28T16:00:57.196-0700][gc,start    ] GC(0) Pause Young (Normal) (G1 Evacuation Pause)
[2021-10-28T16:00:57.197-0700][gc,task     ] GC(0) Using 8 workers of 8 for evacuation
[2021-10-28T16:00:57.207-0700][gc,phases   ] GC(0)   Pre Evacuate Collection Set: 0.1ms
[2021-10-28T16:00:57.207-0700][gc,phases   ] GC(0)   Merge Heap Roots: 0.0ms
[2021-10-28T16:00:57.207-0700][gc,phases   ] GC(0)   Evacuate Collection Set: 9.1ms
[2021-10-28T16:00:57.207-0700][gc,phases   ] GC(0)   Post Evacuate Collection Set: 0.3ms
[2021-10-28T16:00:57.207-0700][gc,phases   ] GC(0)   Other: 0.5ms
[2021-10-28T16:00:57.207-0700][gc,heap     ] GC(0) Eden regions: 51->0(44)
[2021-10-28T16:00:57.207-0700][gc,heap     ] GC(0) Survivor regions: 0->7(7)
[2021-10-28T16:00:57.207-0700][gc,heap     ] GC(0) Old regions: 0->1
[2021-10-28T16:00:57.207-0700][gc,heap     ] GC(0) Archive regions: 2->2
[2021-10-28T16:00:57.207-0700][gc,heap     ] GC(0) Humongous regions: 0->0
[2021-10-28T16:00:57.207-0700][gc,metaspace] GC(0) Metaspace: 19008K(19136K)->19008K(19136K) NonClass: 16465K(16512K)->16465K(16512K) Class: 2543K(2624K)->2543K(2624K)
[2021-10-28T16:00:57.207-0700][gc          ] GC(0) Pause Young (Normal) (G1 Evacuation Pause) 51M->8M(1024M) 10.248ms
[2021-10-28T16:00:57.207-0700][gc,cpu      ] GC(0) User=0.01s Sys=0.01s Real=0.01s
[2021-10-28T16:00:57.422-0700][gc,start    ] GC(1) Pause Young (Concurrent Start) (Metadata GC Threshold)
[2021-10-28T16:00:57.422-0700][gc,task     ] GC(1) Using 8 workers of 8 for evacuation
[2021-10-28T16:00:57.429-0700][gc,phases   ] GC(1)   Pre Evacuate Collection Set: 0.1ms
[2021-10-28T16:00:57.429-0700][gc,phases   ] GC(1)   Merge Heap Roots: 0.0ms
[2021-10-28T16:00:57.429-0700][gc,phases   ] GC(1)   Evacuate Collection Set: 6.6ms
[2021-10-28T16:00:57.429-0700][gc,phases   ] GC(1)   Post Evacuate Collection Set: 0.3ms
[2021-10-28T16:00:57.429-0700][gc,phases   ] GC(1)   Other: 0.2ms
[2021-10-28T16:00:57.429-0700][gc,heap     ] GC(1) Eden regions: 9->0(50)
[2021-10-28T16:00:57.429-0700][gc,heap     ] GC(1) Survivor regions: 7->1(7)
[2021-10-28T16:00:57.429-0700][gc,heap     ] GC(1) Old regions: 1->7
[2021-10-28T16:00:57.429-0700][gc,heap     ] GC(1) Archive regions: 2->2
[2021-10-28T16:00:57.429-0700][gc,heap     ] GC(1) Humongous regions: 0->0
[2021-10-28T16:00:57.429-0700][gc,metaspace] GC(1) Metaspace: 21249K(21504K)->21249K(21504K) NonClass: 18396K(18496K)->18396K(18496K) Class: 2853K(3008K)->2853K(3008K)
[2021-10-28T16:00:57.429-0700][gc          ] GC(1) Pause Young (Concurrent Start) (Metadata GC Threshold) 16M->8M(1024M) 7.217ms
[2021-10-28T16:00:57.429-0700][gc,cpu      ] GC(1) User=0.02s Sys=0.01s Real=0.00s
[2021-10-28T16:00:57.429-0700][gc          ] GC(2) Concurrent Mark Cycle
[2021-10-28T16:00:57.429-0700][gc,marking  ] GC(2) Concurrent Clear Claimed Marks
[2021-10-28T16:00:57.429-0700][gc,marking  ] GC(2) Concurrent Clear Claimed Marks 0.018ms
[2021-10-28T16:00:57.429-0700][gc,marking  ] GC(2) Concurrent Scan Root Regions
[2021-10-28T16:00:57.432-0700][gc,marking  ] GC(2) Concurrent Scan Root Regions 3.072ms
[2021-10-28T16:00:57.432-0700][gc,marking  ] GC(2) Concurrent Mark
[2021-10-28T16:00:57.432-0700][gc,marking  ] GC(2) Concurrent Mark From Roots
[2021-10-28T16:00:57.432-0700][gc,task     ] GC(2) Using 2 workers of 2 for marking
[2021-10-28T16:00:57.434-0700][gc,marking  ] GC(2) Concurrent Mark From Roots 1.897ms
[2021-10-28T16:00:57.434-0700][gc,marking  ] GC(2) Concurrent Preclean
[2021-10-28T16:00:57.436-0700][gc,marking  ] GC(2) Concurrent Preclean 1.841ms
[2021-10-28T16:00:57.436-0700][gc,start    ] GC(2) Pause Remark
[2021-10-28T16:00:57.442-0700][gc          ] GC(2) Pause Remark 9M->9M(1024M) 5.750ms
[2021-10-28T16:00:57.442-0700][gc,cpu      ] GC(2) User=0.00s Sys=0.00s Real=0.01s
[2021-10-28T16:00:57.442-0700][gc,marking  ] GC(2) Concurrent Mark 9.907ms
[2021-10-28T16:00:57.442-0700][gc,marking  ] GC(2) Concurrent Rebuild Remembered Sets
[2021-10-28T16:00:57.442-0700][gc,marking  ] GC(2) Concurrent Rebuild Remembered Sets 0.006ms
[2021-10-28T16:00:57.442-0700][gc,start    ] GC(2) Pause Cleanup
[2021-10-28T16:00:57.442-0700][gc          ] GC(2) Pause Cleanup 9M->9M(1024M) 0.014ms
[2021-10-28T16:00:57.442-0700][gc,cpu      ] GC(2) User=0.00s Sys=0.00s Real=0.00s
[2021-10-28T16:00:57.442-0700][gc,marking  ] GC(2) Concurrent Cleanup for Next Mark
[2021-10-28T16:00:57.445-0700][gc,marking  ] GC(2) Concurrent Cleanup for Next Mark 2.966ms
[2021-10-28T16:00:57.446-0700][gc          ] GC(2) Concurrent Mark Cycle 16.646ms
[2021-10-28T16:00:58.828-0700][gc,start    ] GC(3) Pause Young (Normal) (G1 Evacuation Pause)
[2021-10-28T16:00:58.828-0700][gc,task     ] GC(3) Using 8 workers of 8 for evacuation
[2021-10-28T16:00:58.831-0700][gc,phases   ] GC(3)   Pre Evacuate Collection Set: 0.1ms
[2021-10-28T16:00:58.831-0700][gc,phases   ] GC(3)   Merge Heap Roots: 0.0ms
[2021-10-28T16:00:58.831-0700][gc,phases   ] GC(3)   Evacuate Collection Set: 2.6ms
[2021-10-28T16:00:58.831-0700][gc,phases   ] GC(3)   Post Evacuate Collection Set: 0.3ms
[2021-10-28T16:00:58.831-0700][gc,phases   ] GC(3)   Other: 0.3ms
[2021-10-28T16:00:58.831-0700][gc,heap     ] GC(3) Eden regions: 50->0(45)
[2021-10-28T16:00:58.831-0700][gc,heap     ] GC(3) Survivor regions: 1->6(7)
[2021-10-28T16:00:58.831-0700][gc,heap     ] GC(3) Old regions: 7->7
[2021-10-28T16:00:58.831-0700][gc,heap     ] GC(3) Archive regions: 2->2
[2021-10-28T16:00:58.831-0700][gc,heap     ] GC(3) Humongous regions: 129->129
[2021-10-28T16:00:58.831-0700][gc,metaspace] GC(3) Metaspace: 32689K(33024K)->32689K(33024K) NonClass: 28661K(28864K)->28661K(28864K) Class: 4027K(4160K)->4027K(4160K)
[2021-10-28T16:00:58.831-0700][gc          ] GC(3) Pause Young (Normal) (G1 Evacuation Pause) 187M->142M(1024M) 3.427ms
[2021-10-28T16:00:58.831-0700][gc,cpu      ] GC(3) User=0.02s Sys=0.00s Real=0.01s
[2021-10-28T16:00:59.078-0700][gc,start    ] GC(4) Pause Young (Concurrent Start) (Metadata GC Threshold)
[2021-10-28T16:00:59.078-0700][gc,task     ] GC(4) Using 8 workers of 8 for evacuation
[2021-10-28T16:00:59.082-0700][gc,phases   ] GC(4)   Pre Evacuate Collection Set: 0.1ms
[2021-10-28T16:00:59.082-0700][gc,phases   ] GC(4)   Merge Heap Roots: 0.0ms
[2021-10-28T16:00:59.082-0700][gc,phases   ] GC(4)   Evacuate Collection Set: 3.3ms
[2021-10-28T16:00:59.082-0700][gc,phases   ] GC(4)   Post Evacuate Collection Set: 0.3ms
[2021-10-28T16:00:59.082-0700][gc,phases   ] GC(4)   Other: 0.2ms
[2021-10-28T16:00:59.082-0700][gc,heap     ] GC(4) Eden regions: 15->0(49)
[2021-10-28T16:00:59.082-0700][gc,heap     ] GC(4) Survivor regions: 6->2(7)
[2021-10-28T16:00:59.082-0700][gc,heap     ] GC(4) Old regions: 7->13
[2021-10-28T16:00:59.082-0700][gc,heap     ] GC(4) Archive regions: 2->2
[2021-10-28T16:00:59.082-0700][gc,heap     ] GC(4) Humongous regions: 129->129
[2021-10-28T16:00:59.082-0700][gc,metaspace] GC(4) Metaspace: 35705K(35968K)->35705K(35968K) NonClass: 31223K(31360K)->31223K(31360K) Class: 4481K(4608K)->4481K(4608K)
[2021-10-28T16:00:59.082-0700][gc          ] GC(4) Pause Young (Concurrent Start) (Metadata GC Threshold) 156M->143M(1024M) 4.033ms
[2021-10-28T16:00:59.082-0700][gc,cpu      ] GC(4) User=0.02s Sys=0.00s Real=0.01s
[2021-10-28T16:00:59.082-0700][gc          ] GC(5) Concurrent Mark Cycle
[2021-10-28T16:00:59.082-0700][gc,marking  ] GC(5) Concurrent Clear Claimed Marks
[2021-10-28T16:00:59.082-0700][gc,marking  ] GC(5) Concurrent Clear Claimed Marks 0.020ms
[2021-10-28T16:00:59.082-0700][gc,marking  ] GC(5) Concurrent Scan Root Regions
[2021-10-28T16:00:59.084-0700][gc,marking  ] GC(5) Concurrent Scan Root Regions 1.782ms
[2021-10-28T16:00:59.084-0700][gc,marking  ] GC(5) Concurrent Mark
[2021-10-28T16:00:59.084-0700][gc,marking  ] GC(5) Concurrent Mark From Roots
[2021-10-28T16:00:59.084-0700][gc,task     ] GC(5) Using 2 workers of 2 for marking
[2021-10-28T16:00:59.087-0700][gc,marking  ] GC(5) Concurrent Mark From Roots 3.515ms
[2021-10-28T16:00:59.087-0700][gc,marking  ] GC(5) Concurrent Preclean
[2021-10-28T16:00:59.088-0700][gc,marking  ] GC(5) Concurrent Preclean 0.049ms
[2021-10-28T16:00:59.088-0700][gc,start    ] GC(5) Pause Remark
[2021-10-28T16:00:59.100-0700][gc          ] GC(5) Pause Remark 143M->143M(1024M) 12.187ms
[2021-10-28T16:00:59.100-0700][gc,cpu      ] GC(5) User=0.02s Sys=0.01s Real=0.02s
[2021-10-28T16:00:59.100-0700][gc,marking  ] GC(5) Concurrent Mark 16.077ms
[2021-10-28T16:00:59.100-0700][gc,marking  ] GC(5) Concurrent Rebuild Remembered Sets
[2021-10-28T16:00:59.104-0700][gc,marking  ] GC(5) Concurrent Rebuild Remembered Sets 3.606ms
[2021-10-28T16:00:59.104-0700][gc,start    ] GC(5) Pause Cleanup
[2021-10-28T16:00:59.104-0700][gc          ] GC(5) Pause Cleanup 143M->143M(1024M) 0.094ms
[2021-10-28T16:00:59.104-0700][gc,cpu      ] GC(5) User=0.00s Sys=0.00s Real=0.00s
[2021-10-28T16:00:59.104-0700][gc,marking  ] GC(5) Concurrent Cleanup for Next Mark
[2021-10-28T16:00:59.107-0700][gc,marking  ] GC(5) Concurrent Cleanup for Next Mark 2.909ms
[2021-10-28T16:00:59.107-0700][gc          ] GC(5) Concurrent Mark Cycle 24.977ms
[2021-10-28T16:02:04.243-0700][gc,start    ] GC(6) Pause Young (Prepare Mixed) (G1 Evacuation Pause)
[2021-10-28T16:02:04.259-0700][gc,task     ] GC(6) Using 8 workers of 8 for evacuation
[2021-10-28T16:02:04.287-0700][gc,mmu      ] GC(6) MMU target violated: 21.0ms (20.0ms/21.0ms)
[2021-10-28T16:02:04.287-0700][gc,phases   ] GC(6)   Pre Evacuate Collection Set: 1.1ms
[2021-10-28T16:02:04.288-0700][gc,phases   ] GC(6)   Merge Heap Roots: 1.3ms
[2021-10-28T16:02:04.288-0700][gc,phases   ] GC(6)   Evacuate Collection Set: 24.5ms
[2021-10-28T16:02:04.288-0700][gc,phases   ] GC(6)   Post Evacuate Collection Set: 1.2ms
[2021-10-28T16:02:04.288-0700][gc,phases   ] GC(6)   Other: 16.8ms
[2021-10-28T16:02:04.288-0700][gc,heap     ] GC(6) Eden regions: 49->0(46)
[2021-10-28T16:02:04.288-0700][gc,heap     ] GC(6) Survivor regions: 2->5(7)
[2021-10-28T16:02:04.288-0700][gc,heap     ] GC(6) Old regions: 13->13
[2021-10-28T16:02:04.288-0700][gc,heap     ] GC(6) Archive regions: 2->2
[2021-10-28T16:02:04.288-0700][gc,heap     ] GC(6) Humongous regions: 129->129
[2021-10-28T16:02:04.288-0700][gc,metaspace] GC(6) Metaspace: 39328K(39936K)->39328K(39936K) NonClass: 34243K(34624K)->34243K(34624K) Class: 5084K(5312K)->5084K(5312K)
[2021-10-28T16:02:04.288-0700][gc          ] GC(6) Pause Young (Prepare Mixed) (G1 Evacuation Pause) 192M->146M(1024M) 44.374ms
[2021-10-28T16:02:04.288-0700][gc,cpu      ] GC(6) User=0.04s Sys=0.02s Real=0.04s
[2021-10-28T16:02:35.719-0700][gc,start    ] GC(7) Pause Young (Mixed) (G1 Evacuation Pause)
[2021-10-28T16:02:35.720-0700][gc,task     ] GC(7) Using 8 workers of 8 for evacuation
[2021-10-28T16:02:35.803-0700][gc,mmu      ] GC(7) MMU target violated: 21.0ms (20.0ms/21.0ms)
[2021-10-28T16:02:35.803-0700][gc,phases   ] GC(7)   Pre Evacuate Collection Set: 0.9ms
[2021-10-28T16:02:35.803-0700][gc,phases   ] GC(7)   Merge Heap Roots: 1.0ms
[2021-10-28T16:02:35.803-0700][gc,phases   ] GC(7)   Evacuate Collection Set: 79.8ms
[2021-10-28T16:02:35.803-0700][gc,phases   ] GC(7)   Post Evacuate Collection Set: 1.5ms
[2021-10-28T16:02:35.803-0700][gc,phases   ] GC(7)   Other: 1.0ms
[2021-10-28T16:02:35.803-0700][gc,heap     ] GC(7) Eden regions: 46->0(46)
[2021-10-28T16:02:35.803-0700][gc,heap     ] GC(7) Survivor regions: 5->5(7)
[2021-10-28T16:02:35.803-0700][gc,heap     ] GC(7) Old regions: 13->13
[2021-10-28T16:02:35.803-0700][gc,heap     ] GC(7) Archive regions: 2->2
[2021-10-28T16:02:35.803-0700][gc,heap     ] GC(7) Humongous regions: 129->129
[2021-10-28T16:02:35.803-0700][gc,metaspace] GC(7) Metaspace: 39359K(39936K)->39359K(39936K) NonClass: 34272K(34624K)->34272K(34624K) Class: 5086K(5312K)->5086K(5312K)
[2021-10-28T16:02:35.803-0700][gc          ] GC(7) Pause Young (Mixed) (G1 Evacuation Pause) 192M->147M(1024M) 84.152ms
[2021-10-28T16:02:35.803-0700][gc,cpu      ] GC(7) User=0.11s Sys=0.06s Real=0.09s
[2021-10-28T16:03:11.841-0700][gc,start    ] GC(8) Pause Young (Normal) (G1 Evacuation Pause)
[2021-10-28T16:03:11.841-0700][gc,task     ] GC(8) Using 8 workers of 8 for evacuation
[2021-10-28T16:03:11.858-0700][gc,phases   ] GC(8)   Pre Evacuate Collection Set: 0.5ms
[2021-10-28T16:03:11.858-0700][gc,phases   ] GC(8)   Merge Heap Roots: 0.2ms
[2021-10-28T16:03:11.858-0700][gc,phases   ] GC(8)   Evacuate Collection Set: 15.1ms
[2021-10-28T16:03:11.858-0700][gc,phases   ] GC(8)   Post Evacuate Collection Set: 1.1ms
[2021-10-28T16:03:11.858-0700][gc,phases   ] GC(8)   Other: 0.9ms
[2021-10-28T16:03:11.858-0700][gc,heap     ] GC(8) Eden regions: 46->0(48)
[2021-10-28T16:03:11.858-0700][gc,heap     ] GC(8) Survivor regions: 5->3(7)
[2021-10-28T16:03:11.858-0700][gc,heap     ] GC(8) Old regions: 13->15
[2021-10-28T16:03:11.858-0700][gc,heap     ] GC(8) Archive regions: 2->2
[2021-10-28T16:03:11.858-0700][gc,heap     ] GC(8) Humongous regions: 129->129
[2021-10-28T16:03:11.858-0700][gc,metaspace] GC(8) Metaspace: 39445K(40000K)->39445K(40000K) NonClass: 34358K(34688K)->34358K(34688K) Class: 5086K(5312K)->5086K(5312K)
[2021-10-28T16:03:11.859-0700][gc          ] GC(8) Pause Young (Normal) (G1 Evacuation Pause) 193M->146M(1024M) 17.918ms
[2021-10-28T16:03:11.859-0700][gc,cpu      ] GC(8) User=0.04s Sys=0.01s Real=0.01s
[2021-10-28T16:03:50.245-0700][gc,start    ] GC(9) Pause Young (Normal) (G1 Evacuation Pause)
[2021-10-28T16:03:50.246-0700][gc,task     ] GC(9) Using 8 workers of 8 for evacuation
[2021-10-28T16:03:50.258-0700][gc,phases   ] GC(9)   Pre Evacuate Collection Set: 0.3ms
[2021-10-28T16:03:50.258-0700][gc,phases   ] GC(9)   Merge Heap Roots: 0.1ms
[2021-10-28T16:03:50.258-0700][gc,phases   ] GC(9)   Evacuate Collection Set: 11.1ms
[2021-10-28T16:03:50.258-0700][gc,phases   ] GC(9)   Post Evacuate Collection Set: 0.6ms
[2021-10-28T16:03:50.258-0700][gc,phases   ] GC(9)   Other: 0.8ms
[2021-10-28T16:03:50.258-0700][gc,heap     ] GC(9) Eden regions: 48->0(47)
[2021-10-28T16:03:50.258-0700][gc,heap     ] GC(9) Survivor regions: 3->4(7)
[2021-10-28T16:03:50.258-0700][gc,heap     ] GC(9) Old regions: 15->15
[2021-10-28T16:03:50.258-0700][gc,heap     ] GC(9) Archive regions: 2->2
[2021-10-28T16:03:50.258-0700][gc,heap     ] GC(9) Humongous regions: 129->129
[2021-10-28T16:03:50.258-0700][gc,metaspace] GC(9) Metaspace: 39567K(40192K)->39567K(40192K) NonClass: 34480K(34880K)->34480K(34880K) Class: 5086K(5312K)->5086K(5312K)
[2021-10-28T16:03:50.258-0700][gc          ] GC(9) Pause Young (Normal) (G1 Evacuation Pause) 194M->147M(1024M) 13.204ms
[2021-10-28T16:03:50.258-0700][gc,cpu      ] GC(9) User=0.02s Sys=0.01s Real=0.01s
[2021-10-28T16:04:28.222-0700][gc,start    ] GC(10) Pause Young (Normal) (G1 Evacuation Pause)
[2021-10-28T16:04:28.222-0700][gc,task     ] GC(10) Using 8 workers of 8 for evacuation
[2021-10-28T16:04:28.240-0700][gc,phases   ] GC(10)   Pre Evacuate Collection Set: 0.3ms
[2021-10-28T16:04:28.240-0700][gc,phases   ] GC(10)   Merge Heap Roots: 0.1ms
[2021-10-28T16:04:28.240-0700][gc,phases   ] GC(10)   Evacuate Collection Set: 16.2ms
[2021-10-28T16:04:28.240-0700][gc,phases   ] GC(10)   Post Evacuate Collection Set: 0.6ms
[2021-10-28T16:04:28.240-0700][gc,phases   ] GC(10)   Other: 1.3ms
[2021-10-28T16:04:28.240-0700][gc,heap     ] GC(10) Eden regions: 47->0(46)
[2021-10-28T16:04:28.240-0700][gc,heap     ] GC(10) Survivor regions: 4->5(7)
[2021-10-28T16:04:28.240-0700][gc,heap     ] GC(10) Old regions: 15->15
[2021-10-28T16:04:28.240-0700][gc,heap     ] GC(10) Archive regions: 2->2
[2021-10-28T16:04:28.240-0700][gc,heap     ] GC(10) Humongous regions: 129->129
[2021-10-28T16:04:28.240-0700][gc,metaspace] GC(10) Metaspace: 39574K(40192K)->39574K(40192K) NonClass: 34487K(34880K)->34487K(34880K) Class: 5086K(5312K)->5086K(5312K)
[2021-10-28T16:04:28.240-0700][gc          ] GC(10) Pause Young (Normal) (G1 Evacuation Pause) 194M->149M(1024M) 18.082ms
[2021-10-28T16:04:28.240-0700][gc,cpu      ] GC(10) User=0.04s Sys=0.02s Real=0.02s
[2021-10-28T16:05:05.561-0700][gc,start    ] GC(11) Pause Young (Normal) (G1 Evacuation Pause)
[2021-10-28T16:05:05.562-0700][gc,task     ] GC(11) Using 8 workers of 8 for evacuation
[2021-10-28T16:05:05.585-0700][gc,mmu      ] GC(11) MMU target violated: 21.0ms (20.0ms/21.0ms)
[2021-10-28T16:05:05.585-0700][gc,phases   ] GC(11)   Pre Evacuate Collection Set: 1.1ms
[2021-10-28T16:05:05.585-0700][gc,phases   ] GC(11)   Merge Heap Roots: 0.1ms
[2021-10-28T16:05:05.585-0700][gc,phases   ] GC(11)   Evacuate Collection Set: 18.4ms
[2021-10-28T16:05:05.585-0700][gc,phases   ] GC(11)   Post Evacuate Collection Set: 3.0ms
[2021-10-28T16:05:05.585-0700][gc,phases   ] GC(11)   Other: 1.2ms
[2021-10-28T16:05:05.585-0700][gc,heap     ] GC(11) Eden regions: 46->0(51)
[2021-10-28T16:05:05.585-0700][gc,heap     ] GC(11) Survivor regions: 5->5(7)
[2021-10-28T16:05:05.585-0700][gc,heap     ] GC(11) Old regions: 15->16
[2021-10-28T16:05:05.585-0700][gc,heap     ] GC(11) Archive regions: 2->2
[2021-10-28T16:05:05.585-0700][gc,heap     ] GC(11) Humongous regions: 129->129
[2021-10-28T16:05:05.585-0700][gc,metaspace] GC(11) Metaspace: 39588K(40192K)->39588K(40192K) NonClass: 34502K(34880K)->34502K(34880K) Class: 5086K(5312K)->5086K(5312K)
[2021-10-28T16:05:05.585-0700][gc          ] GC(11) Pause Young (Normal) (G1 Evacuation Pause) 195M->150M(1024M) 23.725ms
[2021-10-28T16:05:05.585-0700][gc,cpu      ] GC(11) User=0.02s Sys=0.03s Real=0.02s
[2021-10-28T16:05:43.021-0700][gc,start    ] GC(12) Pause Young (Normal) (G1 Evacuation Pause)
[2021-10-28T16:05:43.021-0700][gc,task     ] GC(12) Using 8 workers of 8 for evacuation
[2021-10-28T16:05:43.036-0700][gc,phases   ] GC(12)   Pre Evacuate Collection Set: 0.3ms
[2021-10-28T16:05:43.036-0700][gc,phases   ] GC(12)   Merge Heap Roots: 0.1ms
[2021-10-28T16:05:43.036-0700][gc,phases   ] GC(12)   Evacuate Collection Set: 14.0ms
[2021-10-28T16:05:43.036-0700][gc,phases   ] GC(12)   Post Evacuate Collection Set: 0.4ms
[2021-10-28T16:05:43.036-0700][gc,phases   ] GC(12)   Other: 2.2ms
[2021-10-28T16:05:43.036-0700][gc,heap     ] GC(12) Eden regions: 46->0(72)
[2021-10-28T16:05:43.036-0700][gc,heap     ] GC(12) Survivor regions: 5->5(7)
[2021-10-28T16:05:43.037-0700][gc,heap     ] GC(12) Old regions: 16->17
[2021-10-28T16:05:43.037-0700][gc,heap     ] GC(12) Archive regions: 2->2
[2021-10-28T16:05:43.037-0700][gc,heap     ] GC(12) Humongous regions: 129->129
[2021-10-28T16:05:43.037-0700][gc,metaspace] GC(12) Metaspace: 39594K(40192K)->39594K(40192K) NonClass: 34507K(34880K)->34507K(34880K) Class: 5086K(5312K)->5086K(5312K)
[2021-10-28T16:05:43.037-0700][gc          ] GC(12) Pause Young (Normal) (G1 Evacuation Pause) 196M->150M(1024M) 15.887ms
[2021-10-28T16:05:43.037-0700][gc,cpu      ] GC(12) User=0.03s Sys=0.01s Real=0.01s
[2021-10-28T16:06:35.434-0700][gc,start    ] GC(13) Pause Young (Normal) (G1 Evacuation Pause)
[2021-10-28T16:06:35.435-0700][gc,task     ] GC(13) Using 8 workers of 8 for evacuation
[2021-10-28T16:06:35.454-0700][gc,phases   ] GC(13)   Pre Evacuate Collection Set: 0.3ms
[2021-10-28T16:06:35.454-0700][gc,phases   ] GC(13)   Merge Heap Roots: 0.2ms
[2021-10-28T16:06:35.454-0700][gc,phases   ] GC(13)   Evacuate Collection Set: 17.4ms
[2021-10-28T16:06:35.454-0700][gc,phases   ] GC(13)   Post Evacuate Collection Set: 0.7ms
[2021-10-28T16:06:35.454-0700][gc,phases   ] GC(13)   Other: 1.5ms
[2021-10-28T16:06:35.454-0700][gc,heap     ] GC(13) Eden regions: 65->0(89)
[2021-10-28T16:06:35.454-0700][gc,heap     ] GC(13) Survivor regions: 5->5(9)
[2021-10-28T16:06:35.454-0700][gc,heap     ] GC(13) Old regions: 17->17
[2021-10-28T16:06:35.454-0700][gc,heap     ] GC(13) Archive regions: 2->2
[2021-10-28T16:06:35.454-0700][gc,heap     ] GC(13) Humongous regions: 129->129
[2021-10-28T16:06:35.455-0700][gc,metaspace] GC(13) Metaspace: 39632K(40256K)->39632K(40256K) NonClass: 34545K(34944K)->34545K(34944K) Class: 5086K(5312K)->5086K(5312K)
[2021-10-28T16:06:35.455-0700][gc          ] GC(13) Pause Young (Normal) (G1 Evacuation Pause) 215M->151M(1024M) 20.385ms
[2021-10-28T16:06:35.455-0700][gc,cpu      ] GC(13) User=0.05s Sys=0.01s Real=0.02s
[2021-10-28T16:07:47.585-0700][gc,start    ] GC(14) Pause Young (Normal) (G1 Evacuation Pause)
[2021-10-28T16:07:47.586-0700][gc,task     ] GC(14) Using 8 workers of 8 for evacuation
[2021-10-28T16:07:47.602-0700][gc,phases   ] GC(14)   Pre Evacuate Collection Set: 0.3ms
[2021-10-28T16:07:47.602-0700][gc,phases   ] GC(14)   Merge Heap Roots: 0.1ms
[2021-10-28T16:07:47.602-0700][gc,phases   ] GC(14)   Evacuate Collection Set: 13.8ms
[2021-10-28T16:07:47.602-0700][gc,phases   ] GC(14)   Post Evacuate Collection Set: 0.7ms
[2021-10-28T16:07:47.602-0700][gc,phases   ] GC(14)   Other: 1.4ms
[2021-10-28T16:07:47.602-0700][gc,heap     ] GC(14) Eden regions: 89->0(82)
[2021-10-28T16:07:47.602-0700][gc,heap     ] GC(14) Survivor regions: 5->8(12)
[2021-10-28T16:07:47.602-0700][gc,heap     ] GC(14) Old regions: 17->17
[2021-10-28T16:07:47.602-0700][gc,heap     ] GC(14) Archive regions: 2->2
[2021-10-28T16:07:47.602-0700][gc,heap     ] GC(14) Humongous regions: 129->129
[2021-10-28T16:07:47.602-0700][gc,metaspace] GC(14) Metaspace: 39635K(40256K)->39635K(40256K) NonClass: 34548K(34944K)->34548K(34944K) Class: 5086K(5312K)->5086K(5312K)
[2021-10-28T16:07:47.602-0700][gc          ] GC(14) Pause Young (Normal) (G1 Evacuation Pause) 240M->153M(1024M) 16.652ms
[2021-10-28T16:07:47.602-0700][gc,cpu      ] GC(14) User=0.04s Sys=0.00s Real=0.02s
[2021-10-28T16:08:53.767-0700][gc,start    ] GC(15) Pause Young (Normal) (G1 Evacuation Pause)
[2021-10-28T16:08:53.768-0700][gc,task     ] GC(15) Using 8 workers of 8 for evacuation
[2021-10-28T16:08:53.792-0700][gc,mmu      ] GC(15) MMU target violated: 21.0ms (20.0ms/21.0ms)
[2021-10-28T16:08:53.792-0700][gc,phases   ] GC(15)   Pre Evacuate Collection Set: 0.8ms
[2021-10-28T16:08:53.792-0700][gc,phases   ] GC(15)   Merge Heap Roots: 0.2ms
[2021-10-28T16:08:53.792-0700][gc,phases   ] GC(15)   Evacuate Collection Set: 19.3ms
[2021-10-28T16:08:53.792-0700][gc,phases   ] GC(15)   Post Evacuate Collection Set: 2.5ms
[2021-10-28T16:08:53.792-0700][gc,phases   ] GC(15)   Other: 1.5ms
[2021-10-28T16:08:53.792-0700][gc,heap     ] GC(15) Eden regions: 82->0(66)
[2021-10-28T16:08:53.792-0700][gc,heap     ] GC(15) Survivor regions: 8->8(12)
[2021-10-28T16:08:53.792-0700][gc,heap     ] GC(15) Old regions: 17->19
[2021-10-28T16:08:53.792-0700][gc,heap     ] GC(15) Archive regions: 2->2
[2021-10-28T16:08:53.792-0700][gc,heap     ] GC(15) Humongous regions: 129->129
[2021-10-28T16:08:53.792-0700][gc,metaspace] GC(15) Metaspace: 39648K(40256K)->39648K(40256K) NonClass: 34561K(34944K)->34561K(34944K) Class: 5086K(5312K)->5086K(5312K)
[2021-10-28T16:08:53.792-0700][gc          ] GC(15) Pause Young (Normal) (G1 Evacuation Pause) 235M->155M(1024M) 24.377ms
[2021-10-28T16:08:53.792-0700][gc,cpu      ] GC(15) User=0.05s Sys=0.01s Real=0.03s
[2021-10-28T16:09:37.696-0700][gc,start    ] GC(16) Pause Young (Normal) (G1 Evacuation Pause)
[2021-10-28T16:09:37.696-0700][gc,task     ] GC(16) Using 8 workers of 8 for evacuation
[2021-10-28T16:09:37.712-0700][gc,phases   ] GC(16)   Pre Evacuate Collection Set: 0.3ms
[2021-10-28T16:09:37.712-0700][gc,phases   ] GC(16)   Merge Heap Roots: 0.1ms
[2021-10-28T16:09:37.712-0700][gc,phases   ] GC(16)   Evacuate Collection Set: 13.4ms
[2021-10-28T16:09:37.712-0700][gc,phases   ] GC(16)   Post Evacuate Collection Set: 1.1ms
[2021-10-28T16:09:37.712-0700][gc,phases   ] GC(16)   Other: 0.7ms
[2021-10-28T16:09:37.712-0700][gc,heap     ] GC(16) Eden regions: 55->0(203)
[2021-10-28T16:09:37.712-0700][gc,heap     ] GC(16) Survivor regions: 8->4(8)
[2021-10-28T16:09:37.712-0700][gc,heap     ] GC(16) Old regions: 19->23
[2021-10-28T16:09:37.712-0700][gc,heap     ] GC(16) Archive regions: 2->2
[2021-10-28T16:09:37.712-0700][gc,heap     ] GC(16) Humongous regions: 129->129
[2021-10-28T16:09:37.712-0700][gc,metaspace] GC(16) Metaspace: 39662K(40256K)->39662K(40256K) NonClass: 34575K(34944K)->34575K(34944K) Class: 5086K(5312K)->5086K(5312K)
[2021-10-28T16:09:37.712-0700][gc          ] GC(16) Pause Young (Normal) (G1 Evacuation Pause) 210M->156M(1024M) 15.768ms
[2021-10-28T16:09:37.712-0700][gc,cpu      ] GC(16) User=0.04s Sys=0.01s Real=0.02s
[2021-10-28T16:12:15.674-0700][gc,start    ] GC(17) Pause Young (Normal) (G1 Evacuation Pause)
[2021-10-28T16:12:15.674-0700][gc,task     ] GC(17) Using 8 workers of 8 for evacuation
[2021-10-28T16:12:15.709-0700][gc,mmu      ] GC(17) MMU target violated: 21.0ms (20.0ms/21.0ms)
[2021-10-28T16:12:15.709-0700][gc,phases   ] GC(17)   Pre Evacuate Collection Set: 2.4ms
[2021-10-28T16:12:15.709-0700][gc,phases   ] GC(17)   Merge Heap Roots: 0.6ms
[2021-10-28T16:12:15.709-0700][gc,phases   ] GC(17)   Evacuate Collection Set: 30.5ms
[2021-10-28T16:12:15.709-0700][gc,phases   ] GC(17)   Post Evacuate Collection Set: 1.0ms
[2021-10-28T16:12:15.709-0700][gc,phases   ] GC(17)   Other: 2.0ms
[2021-10-28T16:12:15.709-0700][gc,heap     ] GC(17) Eden regions: 193->0(42)
[2021-10-28T16:12:15.709-0700][gc,heap     ] GC(17) Survivor regions: 4->9(25)
[2021-10-28T16:12:15.709-0700][gc,heap     ] GC(17) Old regions: 23->23
[2021-10-28T16:12:15.709-0700][gc,heap     ] GC(17) Archive regions: 2->2
[2021-10-28T16:12:15.709-0700][gc,heap     ] GC(17) Humongous regions: 129->129
[2021-10-28T16:12:15.709-0700][gc,metaspace] GC(17) Metaspace: 39742K(40384K)->39742K(40384K) NonClass: 34642K(35008K)->34642K(35008K) Class: 5099K(5376K)->5099K(5376K)
[2021-10-28T16:12:15.709-0700][gc          ] GC(17) Pause Young (Normal) (G1 Evacuation Pause) 349M->160M(1024M) 35.419ms
[2021-10-28T16:12:15.709-0700][gc,cpu      ] GC(17) User=0.05s Sys=0.04s Real=0.03s
[2021-10-28T16:12:49.236-0700][gc,start    ] GC(18) Pause Young (Normal) (G1 Evacuation Pause)
[2021-10-28T16:12:49.236-0700][gc,task     ] GC(18) Using 8 workers of 8 for evacuation
[2021-10-28T16:12:49.253-0700][gc,phases   ] GC(18)   Pre Evacuate Collection Set: 0.3ms
[2021-10-28T16:12:49.253-0700][gc,phases   ] GC(18)   Merge Heap Roots: 0.1ms
[2021-10-28T16:12:49.253-0700][gc,phases   ] GC(18)   Evacuate Collection Set: 15.3ms
[2021-10-28T16:12:49.253-0700][gc,phases   ] GC(18)   Post Evacuate Collection Set: 1.0ms
[2021-10-28T16:12:49.253-0700][gc,phases   ] GC(18)   Other: 0.7ms
[2021-10-28T16:12:49.253-0700][gc,heap     ] GC(18) Eden regions: 42->0(190)
[2021-10-28T16:12:49.254-0700][gc,heap     ] GC(18) Survivor regions: 9->3(7)
[2021-10-28T16:12:49.254-0700][gc,heap     ] GC(18) Old regions: 23->29
[2021-10-28T16:12:49.254-0700][gc,heap     ] GC(18) Archive regions: 2->2
[2021-10-28T16:12:49.254-0700][gc,heap     ] GC(18) Humongous regions: 129->129
[2021-10-28T16:12:49.254-0700][gc,metaspace] GC(18) Metaspace: 39742K(40384K)->39742K(40384K) NonClass: 34642K(35008K)->34642K(35008K) Class: 5099K(5376K)->5099K(5376K)
[2021-10-28T16:12:49.254-0700][gc          ] GC(18) Pause Young (Normal) (G1 Evacuation Pause) 202M->161M(1024M) 17.581ms
[2021-10-28T16:12:49.254-0700][gc,cpu      ] GC(18) User=0.05s Sys=0.02s Real=0.02s
[2021-10-28T16:15:23.680-0700][gc,start    ] GC(19) Pause Young (Normal) (G1 Evacuation Pause)
[2021-10-28T16:15:23.681-0700][gc,task     ] GC(19) Using 8 workers of 8 for evacuation
[2021-10-28T16:15:23.703-0700][gc,mmu      ] GC(19) MMU target violated: 21.0ms (20.0ms/21.0ms)
[2021-10-28T16:15:23.703-0700][gc,phases   ] GC(19)   Pre Evacuate Collection Set: 0.3ms
[2021-10-28T16:15:23.703-0700][gc,phases   ] GC(19)   Merge Heap Roots: 0.2ms
[2021-10-28T16:15:23.703-0700][gc,phases   ] GC(19)   Evacuate Collection Set: 20.7ms
[2021-10-28T16:15:23.703-0700][gc,phases   ] GC(19)   Post Evacuate Collection Set: 1.1ms
[2021-10-28T16:15:23.703-0700][gc,phases   ] GC(19)   Other: 0.8ms
[2021-10-28T16:15:23.703-0700][gc,heap     ] GC(19) Eden regions: 190->0(151)
[2021-10-28T16:15:23.703-0700][gc,heap     ] GC(19) Survivor regions: 3->6(25)
[2021-10-28T16:15:23.703-0700][gc,heap     ] GC(19) Old regions: 29->29
[2021-10-28T16:15:23.703-0700][gc,heap     ] GC(19) Archive regions: 2->2
[2021-10-28T16:15:23.703-0700][gc,heap     ] GC(19) Humongous regions: 129->129
[2021-10-28T16:15:23.703-0700][gc,metaspace] GC(19) Metaspace: 39758K(40384K)->39758K(40384K) NonClass: 34658K(35008K)->34658K(35008K) Class: 5099K(5376K)->5099K(5376K)
[2021-10-28T16:15:23.703-0700][gc          ] GC(19) Pause Young (Normal) (G1 Evacuation Pause) 351M->164M(1024M) 23.193ms
[2021-10-28T16:15:23.703-0700][gc,cpu      ] GC(19) User=0.05s Sys=0.01s Real=0.02s
[2021-10-28T16:17:26.542-0700][gc,start    ] GC(20) Pause Young (Normal) (G1 Evacuation Pause)
[2021-10-28T16:17:26.543-0700][gc,task     ] GC(20) Using 8 workers of 8 for evacuation
[2021-10-28T16:17:26.589-0700][gc,mmu      ] GC(20) MMU target violated: 21.0ms (20.0ms/21.0ms)
[2021-10-28T16:17:26.589-0700][gc,phases   ] GC(20)   Pre Evacuate Collection Set: 3.3ms
[2021-10-28T16:17:26.589-0700][gc,phases   ] GC(20)   Merge Heap Roots: 0.2ms
[2021-10-28T16:17:26.589-0700][gc,phases   ] GC(20)   Evacuate Collection Set: 22.9ms
[2021-10-28T16:17:26.589-0700][gc,phases   ] GC(20)   Post Evacuate Collection Set: 1.7ms
[2021-10-28T16:17:26.589-0700][gc,phases   ] GC(20)   Other: 20.4ms
[2021-10-28T16:17:26.589-0700][gc,heap     ] GC(20) Eden regions: 151->0(63)
[2021-10-28T16:17:26.589-0700][gc,heap     ] GC(20) Survivor regions: 6->10(20)
[2021-10-28T16:17:26.589-0700][gc,heap     ] GC(20) Old regions: 29->29
[2021-10-28T16:17:26.589-0700][gc,heap     ] GC(20) Archive regions: 2->2
[2021-10-28T16:17:26.589-0700][gc,heap     ] GC(20) Humongous regions: 129->129
[2021-10-28T16:17:26.589-0700][gc,metaspace] GC(20) Metaspace: 39774K(40448K)->39774K(40448K) NonClass: 34675K(35072K)->34675K(35072K) Class: 5099K(5376K)->5099K(5376K)
[2021-10-28T16:17:26.589-0700][gc          ] GC(20) Pause Young (Normal) (G1 Evacuation Pause) 315M->167M(1024M) 47.309ms
[2021-10-28T16:17:26.589-0700][gc,cpu      ] GC(20) User=0.06s Sys=0.03s Real=0.04s
[2021-10-28T16:18:17.330-0700][gc,start    ] GC(21) Pause Young (Normal) (G1 Evacuation Pause)
[2021-10-28T16:18:17.333-0700][gc,task     ] GC(21) Using 8 workers of 8 for evacuation
[2021-10-28T16:18:17.364-0700][gc,mmu      ] GC(21) MMU target violated: 21.0ms (20.0ms/21.0ms)
[2021-10-28T16:18:17.364-0700][gc,phases   ] GC(21)   Pre Evacuate Collection Set: 0.3ms
[2021-10-28T16:18:17.364-0700][gc,phases   ] GC(21)   Merge Heap Roots: 0.1ms
[2021-10-28T16:18:17.364-0700][gc,phases   ] GC(21)   Evacuate Collection Set: 26.1ms
[2021-10-28T16:18:17.364-0700][gc,phases   ] GC(21)   Post Evacuate Collection Set: 4.3ms
[2021-10-28T16:18:17.364-0700][gc,phases   ] GC(21)   Other: 3.5ms
[2021-10-28T16:18:17.364-0700][gc,heap     ] GC(21) Eden regions: 63->0(198)
[2021-10-28T16:18:17.364-0700][gc,heap     ] GC(21) Survivor regions: 10->5(10)
[2021-10-28T16:18:17.364-0700][gc,heap     ] GC(21) Old regions: 29->34
[2021-10-28T16:18:17.364-0700][gc,heap     ] GC(21) Archive regions: 2->2
[2021-10-28T16:18:17.364-0700][gc,heap     ] GC(21) Humongous regions: 129->129
[2021-10-28T16:18:17.364-0700][gc,metaspace] GC(21) Metaspace: 39807K(40448K)->39807K(40448K) NonClass: 34707K(35072K)->34707K(35072K) Class: 5099K(5376K)->5099K(5376K)
[2021-10-28T16:18:17.364-0700][gc          ] GC(21) Pause Young (Normal) (G1 Evacuation Pause) 230M->168M(1024M) 34.556ms
[2021-10-28T16:18:17.364-0700][gc,cpu      ] GC(21) User=0.06s Sys=0.01s Real=0.03s
[2021-10-28T16:20:58.669-0700][gc,start    ] GC(22) Pause Young (Normal) (G1 Evacuation Pause)
[2021-10-28T16:20:58.669-0700][gc,task     ] GC(22) Using 8 workers of 8 for evacuation
[2021-10-28T16:20:58.700-0700][gc,mmu      ] GC(22) MMU target violated: 21.0ms (20.0ms/21.0ms)
[2021-10-28T16:20:58.700-0700][gc,phases   ] GC(22)   Pre Evacuate Collection Set: 2.9ms
[2021-10-28T16:20:58.701-0700][gc,phases   ] GC(22)   Merge Heap Roots: 1.0ms
[2021-10-28T16:20:58.701-0700][gc,phases   ] GC(22)   Evacuate Collection Set: 25.0ms
[2021-10-28T16:20:58.701-0700][gc,phases   ] GC(22)   Post Evacuate Collection Set: 1.8ms
[2021-10-28T16:20:58.701-0700][gc,phases   ] GC(22)   Other: 1.6ms
[2021-10-28T16:20:58.701-0700][gc,heap     ] GC(22) Eden regions: 198->0(63)
[2021-10-28T16:20:58.701-0700][gc,heap     ] GC(22) Survivor regions: 5->9(26)
[2021-10-28T16:20:58.701-0700][gc,heap     ] GC(22) Old regions: 34->34
[2021-10-28T16:20:58.701-0700][gc,heap     ] GC(22) Archive regions: 2->2
[2021-10-28T16:20:58.701-0700][gc,heap     ] GC(22) Humongous regions: 129->129
[2021-10-28T16:20:58.701-0700][gc,metaspace] GC(22) Metaspace: 39822K(40448K)->39822K(40448K) NonClass: 34722K(35072K)->34722K(35072K) Class: 5099K(5376K)->5099K(5376K)
[2021-10-28T16:20:58.701-0700][gc          ] GC(22) Pause Young (Normal) (G1 Evacuation Pause) 366M->171M(1024M) 31.623ms
[2021-10-28T16:20:58.701-0700][gc,cpu      ] GC(22) User=0.05s Sys=0.04s Real=0.04s
[2021-10-28T16:21:49.643-0700][gc,start    ] GC(23) Pause Young (Normal) (G1 Evacuation Pause)
[2021-10-28T16:21:49.644-0700][gc,task     ] GC(23) Using 8 workers of 8 for evacuation
[2021-10-28T16:21:49.664-0700][gc,phases   ] GC(23)   Pre Evacuate Collection Set: 1.1ms
[2021-10-28T16:21:49.664-0700][gc,phases   ] GC(23)   Merge Heap Roots: 0.2ms
[2021-10-28T16:21:49.664-0700][gc,phases   ] GC(23)   Evacuate Collection Set: 17.6ms
[2021-10-28T16:21:49.664-0700][gc,phases   ] GC(23)   Post Evacuate Collection Set: 0.9ms
[2021-10-28T16:21:49.664-0700][gc,phases   ] GC(23)   Other: 1.2ms
[2021-10-28T16:21:49.664-0700][gc,heap     ] GC(23) Eden regions: 63->0(156)
[2021-10-28T16:21:49.664-0700][gc,heap     ] GC(23) Survivor regions: 9->7(9)
[2021-10-28T16:21:49.664-0700][gc,heap     ] GC(23) Old regions: 34->38
[2021-10-28T16:21:49.664-0700][gc,heap     ] GC(23) Archive regions: 2->2
[2021-10-28T16:21:49.664-0700][gc,heap     ] GC(23) Humongous regions: 129->129
[2021-10-28T16:21:49.664-0700][gc,metaspace] GC(23) Metaspace: 39829K(40448K)->39829K(40448K) NonClass: 34730K(35072K)->34730K(35072K) Class: 5099K(5376K)->5099K(5376K)
[2021-10-28T16:21:49.664-0700][gc          ] GC(23) Pause Young (Normal) (G1 Evacuation Pause) 234M->173M(1024M) 21.170ms
[2021-10-28T16:21:49.664-0700][gc,cpu      ] GC(23) User=0.06s Sys=0.01s Real=0.02s
[2021-10-28T16:23:56.850-0700][gc,start    ] GC(24) Pause Young (Normal) (G1 Evacuation Pause)
[2021-10-28T16:23:56.851-0700][gc,task     ] GC(24) Using 8 workers of 8 for evacuation
[2021-10-28T16:23:56.875-0700][gc,mmu      ] GC(24) MMU target violated: 21.0ms (20.0ms/21.0ms)
[2021-10-28T16:23:56.875-0700][gc,phases   ] GC(24)   Pre Evacuate Collection Set: 0.6ms
[2021-10-28T16:23:56.875-0700][gc,phases   ] GC(24)   Merge Heap Roots: 1.3ms
[2021-10-28T16:23:56.875-0700][gc,phases   ] GC(24)   Evacuate Collection Set: 21.1ms
[2021-10-28T16:23:56.875-0700][gc,phases   ] GC(24)   Post Evacuate Collection Set: 0.6ms
[2021-10-28T16:23:56.875-0700][gc,phases   ] GC(24)   Other: 2.1ms
[2021-10-28T16:23:56.875-0700][gc,heap     ] GC(24) Eden regions: 156->0(80)
[2021-10-28T16:23:56.875-0700][gc,heap     ] GC(24) Survivor regions: 7->11(21)
[2021-10-28T16:23:56.875-0700][gc,heap     ] GC(24) Old regions: 38->38
[2021-10-28T16:23:56.875-0700][gc,heap     ] GC(24) Archive regions: 2->2
[2021-10-28T16:23:56.875-0700][gc,heap     ] GC(24) Humongous regions: 129->129
[2021-10-28T16:23:56.875-0700][gc,metaspace] GC(24) Metaspace: 39842K(40448K)->39842K(40448K) NonClass: 34742K(35072K)->34742K(35072K) Class: 5099K(5376K)->5099K(5376K)
[2021-10-28T16:23:56.875-0700][gc          ] GC(24) Pause Young (Normal) (G1 Evacuation Pause) 329M->177M(1024M) 25.892ms
[2021-10-28T16:23:56.875-0700][gc,cpu      ] GC(24) User=0.07s Sys=0.01s Real=0.03s
[2021-10-28T16:25:01.600-0700][gc,start    ] GC(25) Pause Young (Normal) (G1 Evacuation Pause)
[2021-10-28T16:25:01.601-0700][gc,task     ] GC(25) Using 8 workers of 8 for evacuation
[2021-10-28T16:25:01.623-0700][gc,mmu      ] GC(25) MMU target violated: 21.0ms (20.0ms/21.0ms)
[2021-10-28T16:25:01.623-0700][gc,phases   ] GC(25)   Pre Evacuate Collection Set: 0.7ms
[2021-10-28T16:25:01.623-0700][gc,phases   ] GC(25)   Merge Heap Roots: 0.3ms
[2021-10-28T16:25:01.623-0700][gc,phases   ] GC(25)   Evacuate Collection Set: 19.7ms
[2021-10-28T16:25:01.623-0700][gc,phases   ] GC(25)   Post Evacuate Collection Set: 1.1ms
[2021-10-28T16:25:01.623-0700][gc,phases   ] GC(25)   Other: 1.0ms
[2021-10-28T16:25:01.623-0700][gc,heap     ] GC(25) Eden regions: 80->0(171)
[2021-10-28T16:25:01.623-0700][gc,heap     ] GC(25) Survivor regions: 11->8(12)
[2021-10-28T16:25:01.623-0700][gc,heap     ] GC(25) Old regions: 38->42
[2021-10-28T16:25:01.623-0700][gc,heap     ] GC(25) Archive regions: 2->2
[2021-10-28T16:25:01.623-0700][gc,heap     ] GC(25) Humongous regions: 129->129
[2021-10-28T16:25:01.623-0700][gc,metaspace] GC(25) Metaspace: 39846K(40512K)->39846K(40512K) NonClass: 34746K(35136K)->34746K(35136K) Class: 5099K(5376K)->5099K(5376K)
[2021-10-28T16:25:01.623-0700][gc          ] GC(25) Pause Young (Normal) (G1 Evacuation Pause) 257M->179M(1024M) 22.845ms
[2021-10-28T16:25:01.623-0700][gc,cpu      ] GC(25) User=0.06s Sys=0.01s Real=0.02s
[2021-10-28T16:27:08.607-0700][gc,start    ] GC(26) Pause Young (Normal) (G1 Evacuation Pause)
[2021-10-28T16:27:08.607-0700][gc,task     ] GC(26) Using 8 workers of 8 for evacuation
[2021-10-28T16:27:08.624-0700][gc,phases   ] GC(26)   Pre Evacuate Collection Set: 0.3ms
[2021-10-28T16:27:08.624-0700][gc,phases   ] GC(26)   Merge Heap Roots: 0.1ms
[2021-10-28T16:27:08.624-0700][gc,phases   ] GC(26)   Evacuate Collection Set: 14.9ms
[2021-10-28T16:27:08.624-0700][gc,phases   ] GC(26)   Post Evacuate Collection Set: 1.4ms
[2021-10-28T16:27:08.624-0700][gc,phases   ] GC(26)   Other: 0.8ms
[2021-10-28T16:27:08.624-0700][gc,heap     ] GC(26) Eden regions: 154->0(155)
[2021-10-28T16:27:08.624-0700][gc,heap     ] GC(26) Survivor regions: 8->10(21)
[2021-10-28T16:27:08.624-0700][gc,heap     ] GC(26) Old regions: 42->42
[2021-10-28T16:27:08.624-0700][gc,heap     ] GC(26) Archive regions: 2->2
[2021-10-28T16:27:08.624-0700][gc,heap     ] GC(26) Humongous regions: 129->129
[2021-10-28T16:27:08.624-0700][gc,metaspace] GC(26) Metaspace: 39853K(40512K)->39853K(40512K) NonClass: 34753K(35136K)->34753K(35136K) Class: 5099K(5376K)->5099K(5376K)
[2021-10-28T16:27:08.624-0700][gc          ] GC(26) Pause Young (Normal) (G1 Evacuation Pause) 333M->181M(1024M) 17.651ms
[2021-10-28T16:27:08.624-0700][gc,cpu      ] GC(26) User=0.05s Sys=0.01s Real=0.02s
[2021-10-28T16:29:17.157-0700][gc,start    ] GC(27) Pause Young (Normal) (G1 Evacuation Pause)
[2021-10-28T16:29:17.158-0700][gc,task     ] GC(27) Using 8 workers of 8 for evacuation
[2021-10-28T16:29:17.184-0700][gc,mmu      ] GC(27) MMU target violated: 21.0ms (20.0ms/21.0ms)
[2021-10-28T16:29:17.185-0700][gc,phases   ] GC(27)   Pre Evacuate Collection Set: 0.4ms
[2021-10-28T16:29:17.185-0700][gc,phases   ] GC(27)   Merge Heap Roots: 0.3ms
[2021-10-28T16:29:17.185-0700][gc,phases   ] GC(27)   Evacuate Collection Set: 24.8ms
[2021-10-28T16:29:17.185-0700][gc,phases   ] GC(27)   Post Evacuate Collection Set: 0.5ms
[2021-10-28T16:29:17.185-0700][gc,phases   ] GC(27)   Other: 1.8ms
[2021-10-28T16:29:17.185-0700][gc,heap     ] GC(27) Eden regions: 155->0(134)
[2021-10-28T16:29:17.185-0700][gc,heap     ] GC(27) Survivor regions: 10->14(21)
[2021-10-28T16:29:17.185-0700][gc,heap     ] GC(27) Old regions: 42->42
[2021-10-28T16:29:17.185-0700][gc,heap     ] GC(27) Archive regions: 2->2
[2021-10-28T16:29:17.185-0700][gc,heap     ] GC(27) Humongous regions: 129->129
[2021-10-28T16:29:17.185-0700][gc,metaspace] GC(27) Metaspace: 39860K(40512K)->39860K(40512K) NonClass: 34761K(35136K)->34761K(35136K) Class: 5099K(5376K)->5099K(5376K)
[2021-10-28T16:29:17.185-0700][gc          ] GC(27) Pause Young (Normal) (G1 Evacuation Pause) 336M->184M(1024M) 27.981ms
[2021-10-28T16:29:17.185-0700][gc,cpu      ] GC(27) User=0.07s Sys=0.02s Real=0.03s
[2021-10-28T16:31:07.395-0700][gc,start    ] GC(28) Pause Young (Normal) (G1 Evacuation Pause)
[2021-10-28T16:31:07.395-0700][gc,task     ] GC(28) Using 8 workers of 8 for evacuation
[2021-10-28T16:31:07.459-0700][gc,mmu      ] GC(28) MMU target violated: 21.0ms (20.0ms/21.0ms)
[2021-10-28T16:31:07.459-0700][gc,phases   ] GC(28)   Pre Evacuate Collection Set: 0.5ms
[2021-10-28T16:31:07.459-0700][gc,phases   ] GC(28)   Merge Heap Roots: 0.2ms
[2021-10-28T16:31:07.459-0700][gc,phases   ] GC(28)   Evacuate Collection Set: 61.3ms
[2021-10-28T16:31:07.459-0700][gc,phases   ] GC(28)   Post Evacuate Collection Set: 1.4ms
[2021-10-28T16:31:07.459-0700][gc,phases   ] GC(28)   Other: 0.9ms
[2021-10-28T16:31:07.459-0700][gc,heap     ] GC(28) Eden regions: 134->0(115)
[2021-10-28T16:31:07.459-0700][gc,heap     ] GC(28) Survivor regions: 14->13(19)
[2021-10-28T16:31:07.459-0700][gc,heap     ] GC(28) Old regions: 42->46
[2021-10-28T16:31:07.459-0700][gc,heap     ] GC(28) Archive regions: 2->2
[2021-10-28T16:31:07.459-0700][gc,heap     ] GC(28) Humongous regions: 129->129
[2021-10-28T16:31:07.459-0700][gc,metaspace] GC(28) Metaspace: 39863K(40512K)->39863K(40512K) NonClass: 34764K(35136K)->34764K(35136K) Class: 5099K(5376K)->5099K(5376K)
[2021-10-28T16:31:07.459-0700][gc          ] GC(28) Pause Young (Normal) (G1 Evacuation Pause) 318M->188M(1024M) 64.377ms
[2021-10-28T16:31:07.459-0700][gc,cpu      ] GC(28) User=0.07s Sys=0.02s Real=0.06s
[2021-10-28T16:32:25.496-0700][gc,start    ] GC(29) Pause Young (Normal) (G1 Evacuation Pause)
[2021-10-28T16:32:25.497-0700][gc,task     ] GC(29) Using 8 workers of 8 for evacuation
[2021-10-28T16:32:25.518-0700][gc,mmu      ] GC(29) MMU target violated: 21.0ms (20.0ms/21.0ms)
[2021-10-28T16:32:25.519-0700][gc,phases   ] GC(29)   Pre Evacuate Collection Set: 0.4ms
[2021-10-28T16:32:25.519-0700][gc,phases   ] GC(29)   Merge Heap Roots: 0.2ms
[2021-10-28T16:32:25.519-0700][gc,phases   ] GC(29)   Evacuate Collection Set: 19.5ms
[2021-10-28T16:32:25.519-0700][gc,phases   ] GC(29)   Post Evacuate Collection Set: 1.3ms
[2021-10-28T16:32:25.519-0700][gc,phases   ] GC(29)   Other: 1.7ms
[2021-10-28T16:32:25.519-0700][gc,heap     ] GC(29) Eden regions: 95->0(295)
[2021-10-28T16:32:25.519-0700][gc,heap     ] GC(29) Survivor regions: 13->6(14)
[2021-10-28T16:32:25.519-0700][gc,heap     ] GC(29) Old regions: 46->54
[2021-10-28T16:32:25.519-0700][gc,heap     ] GC(29) Archive regions: 2->2
[2021-10-28T16:32:25.519-0700][gc,heap     ] GC(29) Humongous regions: 129->129
[2021-10-28T16:32:25.519-0700][gc,metaspace] GC(29) Metaspace: 39866K(40512K)->39866K(40512K) NonClass: 34766K(35136K)->34766K(35136K) Class: 5099K(5376K)->5099K(5376K)
[2021-10-28T16:32:25.519-0700][gc          ] GC(29) Pause Young (Normal) (G1 Evacuation Pause) 283M->188M(1024M) 23.352ms
[2021-10-28T16:32:25.519-0700][gc,cpu      ] GC(29) User=0.07s Sys=0.01s Real=0.02s
[2021-10-28T16:36:27.829-0700][gc,start    ] GC(30) Pause Young (Normal) (G1 Evacuation Pause)
[2021-10-28T16:36:27.842-0700][gc,task     ] GC(30) Using 8 workers of 8 for evacuation
[2021-10-28T16:36:27.968-0700][gc,mmu      ] GC(30) MMU target violated: 21.0ms (20.0ms/21.0ms)
[2021-10-28T16:36:27.968-0700][gc,phases   ] GC(30)   Pre Evacuate Collection Set: 4.2ms
[2021-10-28T16:36:27.968-0700][gc,phases   ] GC(30)   Merge Heap Roots: 2.6ms
[2021-10-28T16:36:27.968-0700][gc,phases   ] GC(30)   Evacuate Collection Set: 111.1ms
[2021-10-28T16:36:27.968-0700][gc,phases   ] GC(30)   Post Evacuate Collection Set: 4.7ms
[2021-10-28T16:36:27.968-0700][gc,phases   ] GC(30)   Other: 18.3ms
[2021-10-28T16:36:27.968-0700][gc,heap     ] GC(30) Eden regions: 295->0(39)
[2021-10-28T16:36:27.968-0700][gc,heap     ] GC(30) Survivor regions: 6->12(38)
[2021-10-28T16:36:27.968-0700][gc,heap     ] GC(30) Old regions: 54->54
[2021-10-28T16:36:27.968-0700][gc,heap     ] GC(30) Archive regions: 2->2
[2021-10-28T16:36:27.968-0700][gc,heap     ] GC(30) Humongous regions: 129->129
[2021-10-28T16:36:27.968-0700][gc,metaspace] GC(30) Metaspace: 39874K(40512K)->39874K(40512K) NonClass: 34774K(35136K)->34774K(35136K) Class: 5099K(5376K)->5099K(5376K)
[2021-10-28T16:36:27.968-0700][gc          ] GC(30) Pause Young (Normal) (G1 Evacuation Pause) 483M->195M(1024M) 138.787ms
[2021-10-28T16:36:27.968-0700][gc,cpu      ] GC(30) User=0.04s Sys=0.08s Real=0.14s
[2021-10-28T16:36:59.494-0700][gc,start    ] GC(31) Pause Young (Normal) (G1 Evacuation Pause)
[2021-10-28T16:36:59.495-0700][gc,task     ] GC(31) Using 8 workers of 8 for evacuation
[2021-10-28T16:36:59.520-0700][gc,mmu      ] GC(31) MMU target violated: 21.0ms (20.0ms/21.0ms)
[2021-10-28T16:36:59.520-0700][gc,phases   ] GC(31)   Pre Evacuate Collection Set: 0.3ms
[2021-10-28T16:36:59.520-0700][gc,phases   ] GC(31)   Merge Heap Roots: 0.1ms
[2021-10-28T16:36:59.520-0700][gc,phases   ] GC(31)   Evacuate Collection Set: 23.6ms
[2021-10-28T16:36:59.520-0700][gc,phases   ] GC(31)   Post Evacuate Collection Set: 1.0ms
[2021-10-28T16:36:59.520-0700][gc,phases   ] GC(31)   Other: 1.0ms
[2021-10-28T16:36:59.520-0700][gc,heap     ] GC(31) Eden regions: 39->0(105)
[2021-10-28T16:36:59.520-0700][gc,heap     ] GC(31) Survivor regions: 12->4(7)
[2021-10-28T16:36:59.520-0700][gc,heap     ] GC(31) Old regions: 54->64
[2021-10-28T16:36:59.520-0700][gc,heap     ] GC(31) Archive regions: 2->2
[2021-10-28T16:36:59.520-0700][gc,heap     ] GC(31) Humongous regions: 129->129
[2021-10-28T16:36:59.520-0700][gc,metaspace] GC(31) Metaspace: 39877K(40512K)->39877K(40512K) NonClass: 34777K(35136K)->34777K(35136K) Class: 5099K(5376K)->5099K(5376K)
[2021-10-28T16:36:59.520-0700][gc          ] GC(31) Pause Young (Normal) (G1 Evacuation Pause) 234M->197M(1024M) 26.065ms
[2021-10-28T16:36:59.520-0700][gc,cpu      ] GC(31) User=0.07s Sys=0.03s Real=0.03s
[2021-10-28T16:38:24.702-0700][gc,start    ] GC(32) Pause Young (Normal) (G1 Evacuation Pause)
[2021-10-28T16:38:24.703-0700][gc,task     ] GC(32) Using 8 workers of 8 for evacuation
[2021-10-28T16:38:24.721-0700][gc,phases   ] GC(32)   Pre Evacuate Collection Set: 0.3ms
[2021-10-28T16:38:24.721-0700][gc,phases   ] GC(32)   Merge Heap Roots: 0.1ms
[2021-10-28T16:38:24.721-0700][gc,phases   ] GC(32)   Evacuate Collection Set: 16.5ms
[2021-10-28T16:38:24.721-0700][gc,phases   ] GC(32)   Post Evacuate Collection Set: 0.8ms
[2021-10-28T16:38:24.721-0700][gc,phases   ] GC(32)   Other: 0.8ms
[2021-10-28T16:38:24.721-0700][gc,heap     ] GC(32) Eden regions: 105->0(90)
[2021-10-28T16:38:24.721-0700][gc,heap     ] GC(32) Survivor regions: 4->5(14)
[2021-10-28T16:38:24.721-0700][gc,heap     ] GC(32) Old regions: 64->64
[2021-10-28T16:38:24.721-0700][gc,heap     ] GC(32) Archive regions: 2->2
[2021-10-28T16:38:24.721-0700][gc,heap     ] GC(32) Humongous regions: 129->129
[2021-10-28T16:38:24.721-0700][gc,metaspace] GC(32) Metaspace: 39878K(40512K)->39878K(40512K) NonClass: 34779K(35136K)->34779K(35136K) Class: 5099K(5376K)->5099K(5376K)
[2021-10-28T16:38:24.721-0700][gc          ] GC(32) Pause Young (Normal) (G1 Evacuation Pause) 302M->198M(1024M) 18.911ms
[2021-10-28T16:38:24.721-0700][gc,cpu      ] GC(32) User=0.03s Sys=0.02s Real=0.02s
[2021-10-28T17:47:45.676-0700][gc,start    ] GC(33) Pause Young (Normal) (G1 Evacuation Pause)
[2021-10-28T17:47:45.682-0700][gc,task     ] GC(33) Using 8 workers of 8 for evacuation
[2021-10-28T17:47:46.424-0700][gc,mmu      ] GC(33) MMU target violated: 21.0ms (20.0ms/21.0ms)
[2021-10-28T17:47:46.425-0700][gc,phases   ] GC(33)   Pre Evacuate Collection Set: 22.8ms
[2021-10-28T17:47:46.425-0700][gc,phases   ] GC(33)   Merge Heap Roots: 10.8ms
[2021-10-28T17:47:46.425-0700][gc,phases   ] GC(33)   Evacuate Collection Set: 669.9ms
[2021-10-28T17:47:46.425-0700][gc,phases   ] GC(33)   Post Evacuate Collection Set: 36.4ms
[2021-10-28T17:47:46.425-0700][gc,phases   ] GC(33)   Other: 10.6ms
[2021-10-28T17:47:46.425-0700][gc,heap     ] GC(33) Eden regions: 90->0(45)
[2021-10-28T17:47:46.425-0700][gc,heap     ] GC(33) Survivor regions: 5->6(12)
[2021-10-28T17:47:46.425-0700][gc,heap     ] GC(33) Old regions: 64->64
[2021-10-28T17:47:46.425-0700][gc,heap     ] GC(33) Archive regions: 2->2
[2021-10-28T17:47:46.425-0700][gc,heap     ] GC(33) Humongous regions: 129->129
[2021-10-28T17:47:46.425-0700][gc,metaspace] GC(33) Metaspace: 40045K(40640K)->40045K(40640K) NonClass: 34940K(35264K)->34940K(35264K) Class: 5104K(5376K)->5104K(5376K)
[2021-10-28T17:47:46.425-0700][gc          ] GC(33) Pause Young (Normal) (G1 Evacuation Pause) 288M->199M(1024M) 749.091ms
[2021-10-28T17:47:46.425-0700][gc,cpu      ] GC(33) User=0.31s Sys=0.20s Real=0.75s
[2021-10-28T21:09:38.861-0700][gc,start    ] GC(34) Pause Young (Normal) (G1 Evacuation Pause)
[2021-10-28T21:09:38.864-0700][gc,task     ] GC(34) Using 8 workers of 8 for evacuation
[2021-10-28T21:09:39.458-0700][gc,mmu      ] GC(34) MMU target violated: 21.0ms (20.0ms/21.0ms)
[2021-10-28T21:09:39.459-0700][gc,phases   ] GC(34)   Pre Evacuate Collection Set: 14.9ms
[2021-10-28T21:09:39.459-0700][gc,phases   ] GC(34)   Merge Heap Roots: 3.4ms
[2021-10-28T21:09:39.459-0700][gc,phases   ] GC(34)   Evacuate Collection Set: 561.6ms
[2021-10-28T21:09:39.459-0700][gc,phases   ] GC(34)   Post Evacuate Collection Set: 11.3ms
[2021-10-28T21:09:39.459-0700][gc,phases   ] GC(34)   Other: 7.4ms
[2021-10-28T21:09:39.459-0700][gc,heap     ] GC(34) Eden regions: 45->0(48)
[2021-10-28T21:09:39.459-0700][gc,heap     ] GC(34) Survivor regions: 6->3(7)
[2021-10-28T21:09:39.459-0700][gc,heap     ] GC(34) Old regions: 64->67
[2021-10-28T21:09:39.459-0700][gc,heap     ] GC(34) Archive regions: 2->2
[2021-10-28T21:09:39.459-0700][gc,heap     ] GC(34) Humongous regions: 129->129
[2021-10-28T21:09:39.459-0700][gc,metaspace] GC(34) Metaspace: 40078K(40704K)->40078K(40704K) NonClass: 34973K(35328K)->34973K(35328K) Class: 5104K(5376K)->5104K(5376K)
[2021-10-28T21:09:39.459-0700][gc          ] GC(34) Pause Young (Normal) (G1 Evacuation Pause) 244M->199M(1024M) 598.383ms
[2021-10-28T21:09:39.459-0700][gc,cpu      ] GC(34) User=0.26s Sys=0.17s Real=0.59s
[2021-10-28T22:11:36.414-0700][gc,start    ] GC(35) Pause Young (Normal) (G1 Evacuation Pause)
[2021-10-28T22:11:36.417-0700][gc,task     ] GC(35) Using 8 workers of 8 for evacuation
[2021-10-28T22:11:36.954-0700][gc,mmu      ] GC(35) MMU target violated: 21.0ms (20.0ms/21.0ms)
[2021-10-28T22:11:36.954-0700][gc,phases   ] GC(35)   Pre Evacuate Collection Set: 16.1ms
[2021-10-28T22:11:36.954-0700][gc,phases   ] GC(35)   Merge Heap Roots: 3.6ms
[2021-10-28T22:11:36.954-0700][gc,phases   ] GC(35)   Evacuate Collection Set: 472.0ms
[2021-10-28T22:11:36.954-0700][gc,phases   ] GC(35)   Post Evacuate Collection Set: 42.4ms
[2021-10-28T22:11:36.954-0700][gc,phases   ] GC(35)   Other: 7.1ms
[2021-10-28T22:11:36.954-0700][gc,heap     ] GC(35) Eden regions: 48->0(48)
[2021-10-28T22:11:36.954-0700][gc,heap     ] GC(35) Survivor regions: 3->3(7)
[2021-10-28T22:11:36.954-0700][gc,heap     ] GC(35) Old regions: 67->67
[2021-10-28T22:11:36.954-0700][gc,heap     ] GC(35) Archive regions: 2->2
[2021-10-28T22:11:36.954-0700][gc,heap     ] GC(35) Humongous regions: 129->129
[2021-10-28T22:11:36.954-0700][gc,metaspace] GC(35) Metaspace: 40113K(40704K)->40113K(40704K) NonClass: 35008K(35328K)->35008K(35328K) Class: 5104K(5376K)->5104K(5376K)
[2021-10-28T22:11:36.954-0700][gc          ] GC(35) Pause Young (Normal) (G1 Evacuation Pause) 247M->199M(1024M) 540.187ms
[2021-10-28T22:11:36.954-0700][gc,cpu      ] GC(35) User=0.30s Sys=0.14s Real=0.54s
[2021-10-28T23:13:48.586-0700][gc,start    ] GC(36) Pause Young (Normal) (G1 Evacuation Pause)
[2021-10-28T23:13:48.591-0700][gc,task     ] GC(36) Using 8 workers of 8 for evacuation
[2021-10-28T23:13:49.240-0700][gc,mmu      ] GC(36) MMU target violated: 21.0ms (20.0ms/21.0ms)
[2021-10-28T23:13:49.240-0700][gc,phases   ] GC(36)   Pre Evacuate Collection Set: 13.7ms
[2021-10-28T23:13:49.240-0700][gc,phases   ] GC(36)   Merge Heap Roots: 1.2ms
[2021-10-28T23:13:49.240-0700][gc,phases   ] GC(36)   Evacuate Collection Set: 621.0ms
[2021-10-28T23:13:49.240-0700][gc,phases   ] GC(36)   Post Evacuate Collection Set: 9.8ms
[2021-10-28T23:13:49.240-0700][gc,phases   ] GC(36)   Other: 9.0ms
[2021-10-28T23:13:49.240-0700][gc,heap     ] GC(36) Eden regions: 48->0(48)
[2021-10-28T23:13:49.240-0700][gc,heap     ] GC(36) Survivor regions: 3->3(7)
[2021-10-28T23:13:49.240-0700][gc,heap     ] GC(36) Old regions: 67->67
[2021-10-28T23:13:49.240-0700][gc,heap     ] GC(36) Archive regions: 2->2
[2021-10-28T23:13:49.240-0700][gc,heap     ] GC(36) Humongous regions: 129->129
[2021-10-28T23:13:49.240-0700][gc,metaspace] GC(36) Metaspace: 40132K(40768K)->40132K(40768K) NonClass: 35027K(35392K)->35027K(35392K) Class: 5104K(5376K)->5104K(5376K)
[2021-10-28T23:13:49.240-0700][gc          ] GC(36) Pause Young (Normal) (G1 Evacuation Pause) 247M->199M(1024M) 654.284ms
[2021-10-28T23:13:49.240-0700][gc,cpu      ] GC(36) User=0.32s Sys=0.13s Real=0.66s
[2021-10-29T10:27:01.704-0700][gc,start    ] GC(37) Pause Young (Normal) (G1 Evacuation Pause)
[2021-10-29T10:27:01.710-0700][gc,task     ] GC(37) Using 8 workers of 8 for evacuation
[2021-10-29T10:27:02.200-0700][gc,mmu      ] GC(37) MMU target violated: 21.0ms (20.0ms/21.0ms)
[2021-10-29T10:27:02.201-0700][gc,phases   ] GC(37)   Pre Evacuate Collection Set: 13.3ms
[2021-10-29T10:27:02.201-0700][gc,phases   ] GC(37)   Merge Heap Roots: 1.6ms
[2021-10-29T10:27:02.201-0700][gc,phases   ] GC(37)   Evacuate Collection Set: 464.2ms
[2021-10-29T10:27:02.201-0700][gc,phases   ] GC(37)   Post Evacuate Collection Set: 8.6ms
[2021-10-29T10:27:02.201-0700][gc,phases   ] GC(37)   Other: 12.2ms
[2021-10-29T10:27:02.201-0700][gc,heap     ] GC(37) Eden regions: 48->0(48)
[2021-10-29T10:27:02.201-0700][gc,heap     ] GC(37) Survivor regions: 3->3(7)
[2021-10-29T10:27:02.201-0700][gc,heap     ] GC(37) Old regions: 67->67
[2021-10-29T10:27:02.201-0700][gc,heap     ] GC(37) Archive regions: 2->2
[2021-10-29T10:27:02.201-0700][gc,heap     ] GC(37) Humongous regions: 129->129
[2021-10-29T10:27:02.201-0700][gc,metaspace] GC(37) Metaspace: 40149K(40768K)->40149K(40768K) NonClass: 35044K(35392K)->35044K(35392K) Class: 5104K(5376K)->5104K(5376K)
[2021-10-29T10:27:02.201-0700][gc          ] GC(37) Pause Young (Normal) (G1 Evacuation Pause) 247M->199M(1024M) 498.150ms
[2021-10-29T10:27:02.201-0700][gc,cpu      ] GC(37) User=0.29s Sys=0.14s Real=0.50s
[2021-10-29T11:33:07.284-0700][gc,start    ] GC(38) Pause Young (Normal) (G1 Evacuation Pause)
[2021-10-29T11:33:07.288-0700][gc,task     ] GC(38) Using 8 workers of 8 for evacuation
[2021-10-29T11:33:07.856-0700][gc,mmu      ] GC(38) MMU target violated: 21.0ms (20.0ms/21.0ms)
[2021-10-29T11:33:07.858-0700][gc,phases   ] GC(38)   Pre Evacuate Collection Set: 12.1ms
[2021-10-29T11:33:07.858-0700][gc,phases   ] GC(38)   Merge Heap Roots: 2.9ms
[2021-10-29T11:33:07.858-0700][gc,phases   ] GC(38)   Evacuate Collection Set: 523.4ms
[2021-10-29T11:33:07.858-0700][gc,phases   ] GC(38)   Post Evacuate Collection Set: 26.9ms
[2021-10-29T11:33:07.858-0700][gc,phases   ] GC(38)   Other: 11.3ms
[2021-10-29T11:33:07.858-0700][gc,heap     ] GC(38) Eden regions: 48->0(48)
[2021-10-29T11:33:07.858-0700][gc,heap     ] GC(38) Survivor regions: 3->3(7)
[2021-10-29T11:33:07.858-0700][gc,heap     ] GC(38) Old regions: 67->67
[2021-10-29T11:33:07.858-0700][gc,heap     ] GC(38) Archive regions: 2->2
[2021-10-29T11:33:07.858-0700][gc,heap     ] GC(38) Humongous regions: 129->129
[2021-10-29T11:33:07.859-0700][gc,metaspace] GC(38) Metaspace: 40163K(40768K)->40163K(40768K) NonClass: 35058K(35392K)->35058K(35392K) Class: 5104K(5376K)->5104K(5376K)
[2021-10-29T11:33:07.859-0700][gc          ] GC(38) Pause Young (Normal) (G1 Evacuation Pause) 247M->199M(1024M) 576.390ms
[2021-10-29T11:33:07.859-0700][gc,cpu      ] GC(38) User=0.33s Sys=0.12s Real=0.57s
[2021-10-29T12:52:00.241-0700][gc,start    ] GC(39) Pause Young (Normal) (G1 Evacuation Pause)
[2021-10-29T12:52:00.426-0700][gc,task     ] GC(39) Using 8 workers of 8 for evacuation
[2021-10-29T12:52:04.088-0700][gc,mmu      ] GC(39) MMU target violated: 21.0ms (20.0ms/21.0ms)
[2021-10-29T12:52:04.206-0700][gc,phases   ] GC(39)   Pre Evacuate Collection Set: 97.5ms
[2021-10-29T12:52:04.206-0700][gc,phases   ] GC(39)   Merge Heap Roots: 75.3ms
[2021-10-29T12:52:04.206-0700][gc,phases   ] GC(39)   Evacuate Collection Set: 2910.6ms
[2021-10-29T12:52:04.210-0700][gc,phases   ] GC(39)   Post Evacuate Collection Set: 337.4ms
[2021-10-29T12:52:04.231-0700][gc,phases   ] GC(39)   Other: 645.5ms
[2021-10-29T12:52:04.235-0700][gc,heap     ] GC(39) Eden regions: 48->0(48)
[2021-10-29T12:52:04.235-0700][gc,heap     ] GC(39) Survivor regions: 3->3(7)
[2021-10-29T12:52:04.235-0700][gc,heap     ] GC(39) Old regions: 67->67
[2021-10-29T12:52:04.235-0700][gc,heap     ] GC(39) Archive regions: 2->2
[2021-10-29T12:52:04.235-0700][gc,heap     ] GC(39) Humongous regions: 129->129
[2021-10-29T12:52:04.241-0700][gc,metaspace] GC(39) Metaspace: 40165K(40768K)->40165K(40768K) NonClass: 35060K(35392K)->35060K(35392K) Class: 5104K(5376K)->5104K(5376K)
[2021-10-29T12:52:04.260-0700][gc          ] GC(39) Pause Young (Normal) (G1 Evacuation Pause) 247M->199M(1024M) 4038.968ms
[2021-10-29T12:52:04.268-0700][gc,cpu      ] GC(39) User=0.52s Sys=0.40s Real=4.04s
[2021-10-29T15:50:50.630-0700][gc,start    ] GC(40) Pause Young (Normal) (G1 Evacuation Pause)
[2021-10-29T15:50:50.635-0700][gc,task     ] GC(40) Using 8 workers of 8 for evacuation
[2021-10-29T15:50:51.156-0700][gc,mmu      ] GC(40) MMU target violated: 21.0ms (20.0ms/21.0ms)
[2021-10-29T15:50:51.157-0700][gc,phases   ] GC(40)   Pre Evacuate Collection Set: 13.7ms
[2021-10-29T15:50:51.157-0700][gc,phases   ] GC(40)   Merge Heap Roots: 4.2ms
[2021-10-29T15:50:51.157-0700][gc,phases   ] GC(40)   Evacuate Collection Set: 480.0ms
[2021-10-29T15:50:51.157-0700][gc,phases   ] GC(40)   Post Evacuate Collection Set: 20.8ms
[2021-10-29T15:50:51.159-0700][gc,phases   ] GC(40)   Other: 13.1ms
[2021-10-29T15:50:51.159-0700][gc,heap     ] GC(40) Eden regions: 48->0(47)
[2021-10-29T15:50:51.159-0700][gc,heap     ] GC(40) Survivor regions: 3->4(7)
[2021-10-29T15:50:51.159-0700][gc,heap     ] GC(40) Old regions: 67->67
[2021-10-29T15:50:51.159-0700][gc,heap     ] GC(40) Archive regions: 2->2
[2021-10-29T15:50:51.159-0700][gc,heap     ] GC(40) Humongous regions: 129->129
[2021-10-29T15:50:51.159-0700][gc,metaspace] GC(40) Metaspace: 40175K(40768K)->40175K(40768K) NonClass: 35070K(35392K)->35070K(35392K) Class: 5104K(5376K)->5104K(5376K)
[2021-10-29T15:50:51.160-0700][gc          ] GC(40) Pause Young (Normal) (G1 Evacuation Pause) 247M->199M(1024M) 530.883ms
[2021-10-29T15:50:51.160-0700][gc,cpu      ] GC(40) User=0.22s Sys=0.14s Real=0.54s
[2021-10-29T16:58:09.759-0700][gc,start    ] GC(41) Pause Young (Normal) (G1 Evacuation Pause)
[2021-10-29T16:58:09.762-0700][gc,task     ] GC(41) Using 8 workers of 8 for evacuation
[2021-10-29T16:58:10.347-0700][gc,mmu      ] GC(41) MMU target violated: 21.0ms (20.0ms/21.0ms)
[2021-10-29T16:58:10.348-0700][gc,phases   ] GC(41)   Pre Evacuate Collection Set: 14.8ms
[2021-10-29T16:58:10.348-0700][gc,phases   ] GC(41)   Merge Heap Roots: 1.5ms
[2021-10-29T16:58:10.348-0700][gc,phases   ] GC(41)   Evacuate Collection Set: 552.7ms
[2021-10-29T16:58:10.348-0700][gc,phases   ] GC(41)   Post Evacuate Collection Set: 12.2ms
[2021-10-29T16:58:10.348-0700][gc,phases   ] GC(41)   Other: 10.9ms
[2021-10-29T16:58:10.348-0700][gc,heap     ] GC(41) Eden regions: 47->0(47)
[2021-10-29T16:58:10.348-0700][gc,heap     ] GC(41) Survivor regions: 4->4(7)
[2021-10-29T16:58:10.348-0700][gc,heap     ] GC(41) Old regions: 67->67
[2021-10-29T16:58:10.348-0700][gc,heap     ] GC(41) Archive regions: 2->2
[2021-10-29T16:58:10.348-0700][gc,heap     ] GC(41) Humongous regions: 129->129
[2021-10-29T16:58:10.348-0700][gc,metaspace] GC(41) Metaspace: 40176K(40768K)->40176K(40768K) NonClass: 35071K(35392K)->35071K(35392K) Class: 5104K(5376K)->5104K(5376K)
[2021-10-29T16:58:10.349-0700][gc          ] GC(41) Pause Young (Normal) (G1 Evacuation Pause) 246M->199M(1024M) 590.937ms
[2021-10-29T16:58:10.349-0700][gc,cpu      ] GC(41) User=0.32s Sys=0.15s Real=0.59s
[2021-10-29T18:05:31.686-0700][gc,start    ] GC(42) Pause Young (Normal) (G1 Evacuation Pause)
[2021-10-29T18:05:31.689-0700][gc,task     ] GC(42) Using 8 workers of 8 for evacuation
[2021-10-29T18:05:32.007-0700][gc,mmu      ] GC(42) MMU target violated: 21.0ms (20.0ms/21.0ms)
[2021-10-29T18:05:32.007-0700][gc,phases   ] GC(42)   Pre Evacuate Collection Set: 2.1ms
[2021-10-29T18:05:32.007-0700][gc,phases   ] GC(42)   Merge Heap Roots: 0.1ms
[2021-10-29T18:05:32.007-0700][gc,phases   ] GC(42)   Evacuate Collection Set: 304.5ms
[2021-10-29T18:05:32.007-0700][gc,phases   ] GC(42)   Post Evacuate Collection Set: 10.5ms
[2021-10-29T18:05:32.007-0700][gc,phases   ] GC(42)   Other: 5.7ms
[2021-10-29T18:05:32.007-0700][gc,heap     ] GC(42) Eden regions: 47->0(47)
[2021-10-29T18:05:32.007-0700][gc,heap     ] GC(42) Survivor regions: 4->4(7)
[2021-10-29T18:05:32.007-0700][gc,heap     ] GC(42) Old regions: 67->67
[2021-10-29T18:05:32.007-0700][gc,heap     ] GC(42) Archive regions: 2->2
[2021-10-29T18:05:32.007-0700][gc,heap     ] GC(42) Humongous regions: 129->129
[2021-10-29T18:05:32.007-0700][gc,metaspace] GC(42) Metaspace: 40647K(41280K)->40647K(41280K) NonClass: 35415K(35776K)->35415K(35776K) Class: 5232K(5504K)->5232K(5504K)
[2021-10-29T18:05:32.008-0700][gc          ] GC(42) Pause Young (Normal) (G1 Evacuation Pause) 246M->200M(1024M) 322.766ms
[2021-10-29T18:05:32.008-0700][gc,cpu      ] GC(42) User=0.26s Sys=0.08s Real=0.32s
[2021-10-29T18:05:43.107-0700][gc,heap,exit] Heap
[2021-10-29T18:05:43.108-0700][gc,heap,exit]  garbage-first heap   total 1048576K, used 208468K [0x00000007c0000000, 0x0000000800000000)
[2021-10-29T18:05:43.108-0700][gc,heap,exit]   region size 1024K, 8 young (8192K), 4 survivors (4096K)
[2021-10-29T18:05:43.108-0700][gc,heap,exit]  Metaspace       used 40697K, committed 41280K, reserved 1089536K
[2021-10-29T18:05:43.108-0700][gc,heap,exit]   class space    used 5245K, committed 5504K, reserved 1048576K
