[2021-11-01T21:55:13.099-0700][gc] Using G1
[2021-11-01T21:55:13.104-0700][gc,init] Version: 17+35-2724 (release)
[2021-11-01T21:55:13.104-0700][gc,init] CPUs: 8 total, 8 available
[2021-11-01T21:55:13.104-0700][gc,init] Memory: 8192M
[2021-11-01T21:55:13.104-0700][gc,init] Large Page Support: Disabled
[2021-11-01T21:55:13.104-0700][gc,init] NUMA Support: Disabled
[2021-11-01T21:55:13.104-0700][gc,init] Compressed Oops: Enabled (Zero based)
[2021-11-01T21:55:13.104-0700][gc,init] Heap Region Size: 1M
[2021-11-01T21:55:13.104-0700][gc,init] Heap Min Capacity: 1G
[2021-11-01T21:55:13.104-0700][gc,init] Heap Initial Capacity: 1G
[2021-11-01T21:55:13.104-0700][gc,init] Heap Max Capacity: 1G
[2021-11-01T21:55:13.104-0700][gc,init] Pre-touch: Disabled
[2021-11-01T21:55:13.104-0700][gc,init] Parallel Workers: 8
[2021-11-01T21:55:13.104-0700][gc,init] Concurrent Workers: 2
[2021-11-01T21:55:13.104-0700][gc,init] Concurrent Refinement Workers: 8
[2021-11-01T21:55:13.104-0700][gc,init] Periodic GC: Disabled
[2021-11-01T21:55:13.104-0700][gc,metaspace] CDS archive(s) mapped at: [0x0000000800000000-0x0000000800bd0000-0x0000000800bd0000), size 12386304, SharedBaseAddress: 0x0000000800000000, ArchiveRelocationMode: 0.
[2021-11-01T21:55:13.104-0700][gc,metaspace] Compressed class space mapped at: 0x0000000800c00000-0x0000000840c00000, reserved size: 1073741824
[2021-11-01T21:55:13.104-0700][gc,metaspace] Narrow klass base: 0x0000000800000000, Narrow klass shift: 0, Narrow klass range: 0x100000000
[2021-11-01T21:55:19.850-0700][gc,start    ] GC(0) Pause Young (Normal) (G1 Evacuation Pause)
[2021-11-01T21:55:19.851-0700][gc,task     ] GC(0) Using 8 workers of 8 for evacuation
[2021-11-01T21:55:19.861-0700][gc,phases   ] GC(0)   Pre Evacuate Collection Set: 0.1ms
[2021-11-01T21:55:19.861-0700][gc,phases   ] GC(0)   Merge Heap Roots: 0.0ms
[2021-11-01T21:55:19.861-0700][gc,phases   ] GC(0)   Evacuate Collection Set: 9.8ms
[2021-11-01T21:55:19.861-0700][gc,phases   ] GC(0)   Post Evacuate Collection Set: 0.4ms
[2021-11-01T21:55:19.861-0700][gc,phases   ] GC(0)   Other: 0.6ms
[2021-11-01T21:55:19.861-0700][gc,heap     ] GC(0) Eden regions: 51->0(44)
[2021-11-01T21:55:19.861-0700][gc,heap     ] GC(0) Survivor regions: 0->7(7)
[2021-11-01T21:55:19.861-0700][gc,heap     ] GC(0) Old regions: 0->1
[2021-11-01T21:55:19.861-0700][gc,heap     ] GC(0) Archive regions: 2->2
[2021-11-01T21:55:19.861-0700][gc,heap     ] GC(0) Humongous regions: 0->0
[2021-11-01T21:55:19.861-0700][gc,metaspace] GC(0) Metaspace: 19006K(19200K)->19006K(19200K) NonClass: 16462K(16576K)->16462K(16576K) Class: 2543K(2624K)->2543K(2624K)
[2021-11-01T21:55:19.861-0700][gc          ] GC(0) Pause Young (Normal) (G1 Evacuation Pause) 51M->8M(1024M) 11.008ms
[2021-11-01T21:55:19.861-0700][gc,cpu      ] GC(0) User=0.02s Sys=0.01s Real=0.01s
[2021-11-01T21:55:20.089-0700][gc,start    ] GC(1) Pause Young (Concurrent Start) (Metadata GC Threshold)
[2021-11-01T21:55:20.089-0700][gc,task     ] GC(1) Using 8 workers of 8 for evacuation
[2021-11-01T21:55:20.097-0700][gc,phases   ] GC(1)   Pre Evacuate Collection Set: 0.1ms
[2021-11-01T21:55:20.112-0700][gc,phases   ] GC(1)   Merge Heap Roots: 0.0ms
[2021-11-01T21:55:20.112-0700][gc,phases   ] GC(1)   Evacuate Collection Set: 8.1ms
[2021-11-01T21:55:20.112-0700][gc,phases   ] GC(1)   Post Evacuate Collection Set: 0.2ms
[2021-11-01T21:55:20.112-0700][gc,phases   ] GC(1)   Other: 0.2ms
[2021-11-01T21:55:20.112-0700][gc,heap     ] GC(1) Eden regions: 9->0(50)
[2021-11-01T21:55:20.112-0700][gc,heap     ] GC(1) Survivor regions: 7->1(7)
[2021-11-01T21:55:20.112-0700][gc,heap     ] GC(1) Old regions: 1->8
[2021-11-01T21:55:20.112-0700][gc,heap     ] GC(1) Archive regions: 2->2
[2021-11-01T21:55:20.112-0700][gc,heap     ] GC(1) Humongous regions: 0->0
[2021-11-01T21:55:20.112-0700][gc,metaspace] GC(1) Metaspace: 21259K(21504K)->21259K(21504K) NonClass: 18406K(18496K)->18406K(18496K) Class: 2853K(3008K)->2853K(3008K)
[2021-11-01T21:55:20.112-0700][gc          ] GC(1) Pause Young (Concurrent Start) (Metadata GC Threshold) 16M->8M(1024M) 23.138ms
[2021-11-01T21:55:20.112-0700][gc,cpu      ] GC(1) User=0.02s Sys=0.01s Real=0.03s
[2021-11-01T21:55:20.112-0700][gc          ] GC(2) Concurrent Mark Cycle
[2021-11-01T21:55:20.112-0700][gc,marking  ] GC(2) Concurrent Clear Claimed Marks
[2021-11-01T21:55:20.112-0700][gc,marking  ] GC(2) Concurrent Clear Claimed Marks 0.022ms
[2021-11-01T21:55:20.112-0700][gc,marking  ] GC(2) Concurrent Scan Root Regions
[2021-11-01T21:55:20.116-0700][gc,marking  ] GC(2) Concurrent Scan Root Regions 3.567ms
[2021-11-01T21:55:20.116-0700][gc,marking  ] GC(2) Concurrent Mark
[2021-11-01T21:55:20.116-0700][gc,marking  ] GC(2) Concurrent Mark From Roots
[2021-11-01T21:55:20.116-0700][gc,task     ] GC(2) Using 2 workers of 2 for marking
[2021-11-01T21:55:20.117-0700][gc,marking  ] GC(2) Concurrent Mark From Roots 0.971ms
[2021-11-01T21:55:20.117-0700][gc,marking  ] GC(2) Concurrent Preclean
[2021-11-01T21:55:20.117-0700][gc,marking  ] GC(2) Concurrent Preclean 0.023ms
[2021-11-01T21:55:20.117-0700][gc,start    ] GC(2) Pause Remark
[2021-11-01T21:55:20.123-0700][gc          ] GC(2) Pause Remark 9M->9M(1024M) 6.237ms
[2021-11-01T21:55:20.123-0700][gc,cpu      ] GC(2) User=0.00s Sys=0.01s Real=0.01s
[2021-11-01T21:55:20.124-0700][gc,marking  ] GC(2) Concurrent Mark 7.634ms
[2021-11-01T21:55:20.124-0700][gc,marking  ] GC(2) Concurrent Rebuild Remembered Sets
[2021-11-01T21:55:20.126-0700][gc,marking  ] GC(2) Concurrent Rebuild Remembered Sets 1.959ms
[2021-11-01T21:55:20.126-0700][gc,start    ] GC(2) Pause Cleanup
[2021-11-01T21:55:20.126-0700][gc          ] GC(2) Pause Cleanup 9M->9M(1024M) 0.082ms
[2021-11-01T21:55:20.126-0700][gc,cpu      ] GC(2) User=0.00s Sys=0.00s Real=0.00s
[2021-11-01T21:55:20.126-0700][gc,marking  ] GC(2) Concurrent Cleanup for Next Mark
[2021-11-01T21:55:20.129-0700][gc,marking  ] GC(2) Concurrent Cleanup for Next Mark 2.928ms
[2021-11-01T21:55:20.131-0700][gc          ] GC(2) Concurrent Mark Cycle 18.663ms
[2021-11-01T21:55:21.647-0700][gc,start    ] GC(3) Pause Young (Normal) (G1 Evacuation Pause)
[2021-11-01T21:55:21.648-0700][gc,task     ] GC(3) Using 8 workers of 8 for evacuation
[2021-11-01T21:55:21.651-0700][gc,phases   ] GC(3)   Pre Evacuate Collection Set: 0.1ms
[2021-11-01T21:55:21.651-0700][gc,phases   ] GC(3)   Merge Heap Roots: 0.0ms
[2021-11-01T21:55:21.651-0700][gc,phases   ] GC(3)   Evacuate Collection Set: 3.1ms
[2021-11-01T21:55:21.651-0700][gc,phases   ] GC(3)   Post Evacuate Collection Set: 0.3ms
[2021-11-01T21:55:21.651-0700][gc,phases   ] GC(3)   Other: 0.8ms
[2021-11-01T21:55:21.651-0700][gc,heap     ] GC(3) Eden regions: 50->0(45)
[2021-11-01T21:55:21.651-0700][gc,heap     ] GC(3) Survivor regions: 1->6(7)
[2021-11-01T21:55:21.651-0700][gc,heap     ] GC(3) Old regions: 8->8
[2021-11-01T21:55:21.652-0700][gc,heap     ] GC(3) Archive regions: 2->2
[2021-11-01T21:55:21.652-0700][gc,heap     ] GC(3) Humongous regions: 129->129
[2021-11-01T21:55:21.652-0700][gc,metaspace] GC(3) Metaspace: 32705K(33024K)->32705K(33024K) NonClass: 28672K(28864K)->28672K(28864K) Class: 4033K(4160K)->4033K(4160K)
[2021-11-01T21:55:21.652-0700][gc          ] GC(3) Pause Young (Normal) (G1 Evacuation Pause) 187M->142M(1024M) 4.437ms
[2021-11-01T21:55:21.652-0700][gc,cpu      ] GC(3) User=0.01s Sys=0.01s Real=0.01s
[2021-11-01T21:55:21.896-0700][gc,start    ] GC(4) Pause Young (Concurrent Start) (GCLocker Initiated GC)
[2021-11-01T21:55:21.896-0700][gc,task     ] GC(4) Using 8 workers of 8 for evacuation
[2021-11-01T21:55:21.900-0700][gc,phases   ] GC(4)   Pre Evacuate Collection Set: 0.1ms
[2021-11-01T21:55:21.900-0700][gc,phases   ] GC(4)   Merge Heap Roots: 0.0ms
[2021-11-01T21:55:21.900-0700][gc,phases   ] GC(4)   Evacuate Collection Set: 3.5ms
[2021-11-01T21:55:21.900-0700][gc,phases   ] GC(4)   Post Evacuate Collection Set: 0.2ms
[2021-11-01T21:55:21.900-0700][gc,phases   ] GC(4)   Other: 0.1ms
[2021-11-01T21:55:21.900-0700][gc,heap     ] GC(4) Eden regions: 14->0(49)
[2021-11-01T21:55:21.900-0700][gc,heap     ] GC(4) Survivor regions: 6->2(7)
[2021-11-01T21:55:21.900-0700][gc,heap     ] GC(4) Old regions: 8->13
[2021-11-01T21:55:21.900-0700][gc,heap     ] GC(4) Archive regions: 2->2
[2021-11-01T21:55:21.900-0700][gc,heap     ] GC(4) Humongous regions: 129->129
[2021-11-01T21:55:21.900-0700][gc,metaspace] GC(4) Metaspace: 35669K(36032K)->35669K(36032K) NonClass: 31193K(31424K)->31193K(31424K) Class: 4476K(4608K)->4476K(4608K)
[2021-11-01T21:55:21.900-0700][gc          ] GC(4) Pause Young (Concurrent Start) (GCLocker Initiated GC) 155M->143M(1024M) 4.098ms
[2021-11-01T21:55:21.900-0700][gc,cpu      ] GC(4) User=0.02s Sys=0.01s Real=0.01s
[2021-11-01T21:55:21.900-0700][gc          ] GC(5) Concurrent Mark Cycle
[2021-11-01T21:55:21.900-0700][gc,marking  ] GC(5) Concurrent Clear Claimed Marks
[2021-11-01T21:55:21.900-0700][gc,marking  ] GC(5) Concurrent Clear Claimed Marks 0.020ms
[2021-11-01T21:55:21.900-0700][gc,marking  ] GC(5) Concurrent Scan Root Regions
[2021-11-01T21:55:21.902-0700][gc,marking  ] GC(5) Concurrent Scan Root Regions 1.808ms
[2021-11-01T21:55:21.902-0700][gc,marking  ] GC(5) Concurrent Mark
[2021-11-01T21:55:21.902-0700][gc,marking  ] GC(5) Concurrent Mark From Roots
[2021-11-01T21:55:21.902-0700][gc,task     ] GC(5) Using 2 workers of 2 for marking
[2021-11-01T21:55:21.905-0700][gc,marking  ] GC(5) Concurrent Mark From Roots 3.591ms
[2021-11-01T21:55:21.908-0700][gc,marking  ] GC(5) Concurrent Preclean
[2021-11-01T21:55:21.908-0700][gc,marking  ] GC(5) Concurrent Preclean 0.059ms
[2021-11-01T21:55:21.908-0700][gc,start    ] GC(5) Pause Remark
[2021-11-01T21:55:21.920-0700][gc          ] GC(5) Pause Remark 143M->143M(1024M) 12.096ms
[2021-11-01T21:55:21.920-0700][gc,cpu      ] GC(5) User=0.01s Sys=0.01s Real=0.02s
[2021-11-01T21:55:21.920-0700][gc,marking  ] GC(5) Concurrent Mark 18.589ms
[2021-11-01T21:55:21.920-0700][gc,marking  ] GC(5) Concurrent Rebuild Remembered Sets
[2021-11-01T21:55:21.923-0700][gc,marking  ] GC(5) Concurrent Rebuild Remembered Sets 3.114ms
[2021-11-01T21:55:21.923-0700][gc,start    ] GC(5) Pause Cleanup
[2021-11-01T21:55:21.924-0700][gc          ] GC(5) Pause Cleanup 143M->143M(1024M) 0.103ms
[2021-11-01T21:55:21.924-0700][gc,cpu      ] GC(5) User=0.00s Sys=0.00s Real=0.00s
[2021-11-01T21:55:21.924-0700][gc,marking  ] GC(5) Concurrent Cleanup for Next Mark
[2021-11-01T21:55:21.927-0700][gc,marking  ] GC(5) Concurrent Cleanup for Next Mark 2.944ms
[2021-11-01T21:55:21.927-0700][gc          ] GC(5) Concurrent Mark Cycle 26.919ms
[2021-11-01T21:57:17.043-0700][gc,start    ] GC(6) Pause Young (Prepare Mixed) (G1 Evacuation Pause)
[2021-11-01T21:57:17.048-0700][gc,task     ] GC(6) Using 8 workers of 8 for evacuation
[2021-11-01T21:57:17.071-0700][gc,mmu      ] GC(6) MMU target violated: 21.0ms (20.0ms/21.0ms)
[2021-11-01T21:57:17.071-0700][gc,phases   ] GC(6)   Pre Evacuate Collection Set: 1.0ms
[2021-11-01T21:57:17.071-0700][gc,phases   ] GC(6)   Merge Heap Roots: 0.1ms
[2021-11-01T21:57:17.071-0700][gc,phases   ] GC(6)   Evacuate Collection Set: 20.4ms
[2021-11-01T21:57:17.071-0700][gc,phases   ] GC(6)   Post Evacuate Collection Set: 1.1ms
[2021-11-01T21:57:17.071-0700][gc,phases   ] GC(6)   Other: 5.2ms
[2021-11-01T21:57:17.071-0700][gc,heap     ] GC(6) Eden regions: 49->0(46)
[2021-11-01T21:57:17.071-0700][gc,heap     ] GC(6) Survivor regions: 2->5(7)
[2021-11-01T21:57:17.071-0700][gc,heap     ] GC(6) Old regions: 13->13
[2021-11-01T21:57:17.071-0700][gc,heap     ] GC(6) Archive regions: 2->2
[2021-11-01T21:57:17.071-0700][gc,heap     ] GC(6) Humongous regions: 129->129
[2021-11-01T21:57:17.071-0700][gc,metaspace] GC(6) Metaspace: 39518K(40128K)->39518K(40128K) NonClass: 34386K(34752K)->34386K(34752K) Class: 5131K(5376K)->5131K(5376K)
[2021-11-01T21:57:17.071-0700][gc          ] GC(6) Pause Young (Prepare Mixed) (G1 Evacuation Pause) 192M->146M(1024M) 27.916ms
[2021-11-01T21:57:17.071-0700][gc,cpu      ] GC(6) User=0.05s Sys=0.03s Real=0.03s
[2021-11-01T21:57:47.284-0700][gc,start    ] GC(7) Pause Young (Mixed) (G1 Evacuation Pause)
[2021-11-01T21:57:47.284-0700][gc,task     ] GC(7) Using 8 workers of 8 for evacuation
[2021-11-01T21:57:47.316-0700][gc,mmu      ] GC(7) MMU target violated: 21.0ms (20.0ms/21.0ms)
[2021-11-01T21:57:47.316-0700][gc,phases   ] GC(7)   Pre Evacuate Collection Set: 0.2ms
[2021-11-01T21:57:47.316-0700][gc,phases   ] GC(7)   Merge Heap Roots: 0.9ms
[2021-11-01T21:57:47.316-0700][gc,phases   ] GC(7)   Evacuate Collection Set: 30.1ms
[2021-11-01T21:57:47.316-0700][gc,phases   ] GC(7)   Post Evacuate Collection Set: 0.4ms
[2021-11-01T21:57:47.316-0700][gc,phases   ] GC(7)   Other: 0.7ms
[2021-11-01T21:57:47.316-0700][gc,heap     ] GC(7) Eden regions: 46->0(47)
[2021-11-01T21:57:47.316-0700][gc,heap     ] GC(7) Survivor regions: 5->4(7)
[2021-11-01T21:57:47.316-0700][gc,heap     ] GC(7) Old regions: 13->13
[2021-11-01T21:57:47.316-0700][gc,heap     ] GC(7) Archive regions: 2->2
[2021-11-01T21:57:47.316-0700][gc,heap     ] GC(7) Humongous regions: 129->129
[2021-11-01T21:57:47.316-0700][gc,metaspace] GC(7) Metaspace: 39598K(40256K)->39598K(40256K) NonClass: 34456K(34816K)->34456K(34816K) Class: 5142K(5440K)->5142K(5440K)
[2021-11-01T21:57:47.316-0700][gc          ] GC(7) Pause Young (Mixed) (G1 Evacuation Pause) 192M->146M(1024M) 32.285ms
[2021-11-01T21:57:47.316-0700][gc,cpu      ] GC(7) User=0.04s Sys=0.03s Real=0.03s
[2021-11-01T21:58:17.499-0700][gc,start    ] GC(8) Pause Young (Normal) (G1 Evacuation Pause)
[2021-11-01T21:58:17.500-0700][gc,task     ] GC(8) Using 8 workers of 8 for evacuation
[2021-11-01T21:58:17.531-0700][gc,mmu      ] GC(8) MMU target violated: 21.0ms (20.0ms/21.0ms)
[2021-11-01T21:58:17.531-0700][gc,phases   ] GC(8)   Pre Evacuate Collection Set: 4.4ms
[2021-11-01T21:58:17.531-0700][gc,phases   ] GC(8)   Merge Heap Roots: 2.1ms
[2021-11-01T21:58:17.531-0700][gc,phases   ] GC(8)   Evacuate Collection Set: 23.1ms
[2021-11-01T21:58:17.531-0700][gc,phases   ] GC(8)   Post Evacuate Collection Set: 1.0ms
[2021-11-01T21:58:17.531-0700][gc,phases   ] GC(8)   Other: 1.5ms
[2021-11-01T21:58:17.531-0700][gc,heap     ] GC(8) Eden regions: 47->0(48)
[2021-11-01T21:58:17.531-0700][gc,heap     ] GC(8) Survivor regions: 4->3(7)
[2021-11-01T21:58:17.531-0700][gc,heap     ] GC(8) Old regions: 13->13
[2021-11-01T21:58:17.531-0700][gc,heap     ] GC(8) Archive regions: 2->2
[2021-11-01T21:58:17.531-0700][gc,heap     ] GC(8) Humongous regions: 129->129
[2021-11-01T21:58:17.531-0700][gc,metaspace] GC(8) Metaspace: 40531K(41280K)->40531K(41280K) NonClass: 35257K(35712K)->35257K(35712K) Class: 5274K(5568K)->5274K(5568K)
[2021-11-01T21:58:17.531-0700][gc          ] GC(8) Pause Young (Normal) (G1 Evacuation Pause) 193M->145M(1024M) 32.114ms
[2021-11-01T21:58:17.531-0700][gc,cpu      ] GC(8) User=0.03s Sys=0.04s Real=0.04s
[2021-11-01T21:58:52.236-0700][gc,start    ] GC(9) Pause Young (Normal) (G1 Evacuation Pause)
[2021-11-01T21:58:52.240-0700][gc,task     ] GC(9) Using 8 workers of 8 for evacuation
[2021-11-01T21:58:52.302-0700][gc,mmu      ] GC(9) MMU target violated: 21.0ms (20.0ms/21.0ms)
[2021-11-01T21:58:52.302-0700][gc,phases   ] GC(9)   Pre Evacuate Collection Set: 0.3ms
[2021-11-01T21:58:52.302-0700][gc,phases   ] GC(9)   Merge Heap Roots: 0.1ms
[2021-11-01T21:58:52.302-0700][gc,phases   ] GC(9)   Evacuate Collection Set: 41.1ms
[2021-11-01T21:58:52.302-0700][gc,phases   ] GC(9)   Post Evacuate Collection Set: 20.0ms
[2021-11-01T21:58:52.302-0700][gc,phases   ] GC(9)   Other: 4.9ms
[2021-11-01T21:58:52.302-0700][gc,heap     ] GC(9) Eden regions: 48->0(48)
[2021-11-01T21:58:52.302-0700][gc,heap     ] GC(9) Survivor regions: 3->3(7)
[2021-11-01T21:58:52.302-0700][gc,heap     ] GC(9) Old regions: 13->13
[2021-11-01T21:58:52.303-0700][gc,heap     ] GC(9) Archive regions: 2->2
[2021-11-01T21:58:52.303-0700][gc,heap     ] GC(9) Humongous regions: 129->129
[2021-11-01T21:58:52.303-0700][gc,metaspace] GC(9) Metaspace: 40604K(41280K)->40604K(41280K) NonClass: 35330K(35712K)->35330K(35712K) Class: 5274K(5568K)->5274K(5568K)
[2021-11-01T21:58:52.303-0700][gc          ] GC(9) Pause Young (Normal) (G1 Evacuation Pause) 193M->145M(1024M) 66.557ms
[2021-11-01T21:58:52.303-0700][gc,cpu      ] GC(9) User=0.04s Sys=0.02s Real=0.07s
[2021-11-01T21:59:27.363-0700][gc,start    ] GC(10) Pause Young (Normal) (G1 Evacuation Pause)
[2021-11-01T21:59:27.363-0700][gc,task     ] GC(10) Using 8 workers of 8 for evacuation
[2021-11-01T21:59:27.382-0700][gc,phases   ] GC(10)   Pre Evacuate Collection Set: 2.4ms
[2021-11-01T21:59:27.382-0700][gc,phases   ] GC(10)   Merge Heap Roots: 0.1ms
[2021-11-01T21:59:27.382-0700][gc,phases   ] GC(10)   Evacuate Collection Set: 15.3ms
[2021-11-01T21:59:27.382-0700][gc,phases   ] GC(10)   Post Evacuate Collection Set: 0.8ms
[2021-11-01T21:59:27.382-0700][gc,phases   ] GC(10)   Other: 1.0ms
[2021-11-01T21:59:27.382-0700][gc,heap     ] GC(10) Eden regions: 48->0(47)
[2021-11-01T21:59:27.382-0700][gc,heap     ] GC(10) Survivor regions: 3->4(7)
[2021-11-01T21:59:27.382-0700][gc,heap     ] GC(10) Old regions: 13->13
[2021-11-01T21:59:27.383-0700][gc,heap     ] GC(10) Archive regions: 2->2
[2021-11-01T21:59:27.383-0700][gc,heap     ] GC(10) Humongous regions: 129->129
[2021-11-01T21:59:27.383-0700][gc,metaspace] GC(10) Metaspace: 40638K(41344K)->40638K(41344K) NonClass: 35363K(35776K)->35363K(35776K) Class: 5274K(5568K)->5274K(5568K)
[2021-11-01T21:59:27.383-0700][gc          ] GC(10) Pause Young (Normal) (G1 Evacuation Pause) 193M->146M(1024M) 19.948ms
[2021-11-01T21:59:27.383-0700][gc,cpu      ] GC(10) User=0.04s Sys=0.01s Real=0.02s
[2021-11-01T22:00:01.991-0700][gc,start    ] GC(11) Pause Young (Normal) (G1 Evacuation Pause)
[2021-11-01T22:00:01.992-0700][gc,task     ] GC(11) Using 8 workers of 8 for evacuation
[2021-11-01T22:00:02.019-0700][gc,mmu      ] GC(11) MMU target violated: 21.0ms (20.0ms/21.0ms)
[2021-11-01T22:00:02.019-0700][gc,phases   ] GC(11)   Pre Evacuate Collection Set: 2.3ms
[2021-11-01T22:00:02.019-0700][gc,phases   ] GC(11)   Merge Heap Roots: 0.1ms
[2021-11-01T22:00:02.019-0700][gc,phases   ] GC(11)   Evacuate Collection Set: 23.2ms
[2021-11-01T22:00:02.019-0700][gc,phases   ] GC(11)   Post Evacuate Collection Set: 1.1ms
[2021-11-01T22:00:02.019-0700][gc,phases   ] GC(11)   Other: 1.0ms
[2021-11-01T22:00:02.019-0700][gc,heap     ] GC(11) Eden regions: 47->0(48)
[2021-11-01T22:00:02.019-0700][gc,heap     ] GC(11) Survivor regions: 4->3(7)
[2021-11-01T22:00:02.019-0700][gc,heap     ] GC(11) Old regions: 13->13
[2021-11-01T22:00:02.019-0700][gc,heap     ] GC(11) Archive regions: 2->2
[2021-11-01T22:00:02.019-0700][gc,heap     ] GC(11) Humongous regions: 129->129
[2021-11-01T22:00:02.019-0700][gc,metaspace] GC(11) Metaspace: 40657K(41344K)->40657K(41344K) NonClass: 35383K(35776K)->35383K(35776K) Class: 5274K(5568K)->5274K(5568K)
[2021-11-01T22:00:02.019-0700][gc          ] GC(11) Pause Young (Normal) (G1 Evacuation Pause) 193M->145M(1024M) 27.851ms
[2021-11-01T22:00:02.019-0700][gc,cpu      ] GC(11) User=0.04s Sys=0.03s Real=0.02s
[2021-11-01T22:00:37.424-0700][gc,start    ] GC(12) Pause Young (Normal) (G1 Evacuation Pause)
[2021-11-01T22:00:37.425-0700][gc,task     ] GC(12) Using 8 workers of 8 for evacuation
[2021-11-01T22:00:37.445-0700][gc,phases   ] GC(12)   Pre Evacuate Collection Set: 1.5ms
[2021-11-01T22:00:37.445-0700][gc,phases   ] GC(12)   Merge Heap Roots: 0.1ms
[2021-11-01T22:00:37.445-0700][gc,phases   ] GC(12)   Evacuate Collection Set: 17.0ms
[2021-11-01T22:00:37.445-0700][gc,phases   ] GC(12)   Post Evacuate Collection Set: 1.4ms
[2021-11-01T22:00:37.445-0700][gc,phases   ] GC(12)   Other: 1.5ms
[2021-11-01T22:00:37.445-0700][gc,heap     ] GC(12) Eden regions: 48->0(63)
[2021-11-01T22:00:37.445-0700][gc,heap     ] GC(12) Survivor regions: 3->4(7)
[2021-11-01T22:00:37.446-0700][gc,heap     ] GC(12) Old regions: 13->13
[2021-11-01T22:00:37.446-0700][gc,heap     ] GC(12) Archive regions: 2->2
[2021-11-01T22:00:37.446-0700][gc,heap     ] GC(12) Humongous regions: 129->129
[2021-11-01T22:00:37.446-0700][gc,metaspace] GC(12) Metaspace: 40674K(41344K)->40674K(41344K) NonClass: 35399K(35776K)->35399K(35776K) Class: 5274K(5568K)->5274K(5568K)
[2021-11-01T22:00:37.446-0700][gc          ] GC(12) Pause Young (Normal) (G1 Evacuation Pause) 193M->146M(1024M) 21.724ms
[2021-11-01T22:00:37.446-0700][gc,cpu      ] GC(12) User=0.04s Sys=0.02s Real=0.02s
[2021-11-01T22:01:23.377-0700][gc,start    ] GC(13) Pause Young (Normal) (G1 Evacuation Pause)
[2021-11-01T22:01:23.378-0700][gc,task     ] GC(13) Using 8 workers of 8 for evacuation
[2021-11-01T22:01:23.397-0700][gc,phases   ] GC(13)   Pre Evacuate Collection Set: 1.0ms
[2021-11-01T22:01:23.397-0700][gc,phases   ] GC(13)   Merge Heap Roots: 0.2ms
[2021-11-01T22:01:23.397-0700][gc,phases   ] GC(13)   Evacuate Collection Set: 16.8ms
[2021-11-01T22:01:23.397-0700][gc,phases   ] GC(13)   Post Evacuate Collection Set: 1.1ms
[2021-11-01T22:01:23.397-0700][gc,phases   ] GC(13)   Other: 0.8ms
[2021-11-01T22:01:23.397-0700][gc,heap     ] GC(13) Eden regions: 63->0(176)
[2021-11-01T22:01:23.397-0700][gc,heap     ] GC(13) Survivor regions: 4->4(9)
[2021-11-01T22:01:23.397-0700][gc,heap     ] GC(13) Old regions: 13->13
[2021-11-01T22:01:23.397-0700][gc,heap     ] GC(13) Archive regions: 2->2
[2021-11-01T22:01:23.397-0700][gc,heap     ] GC(13) Humongous regions: 129->129
[2021-11-01T22:01:23.397-0700][gc,metaspace] GC(13) Metaspace: 40679K(41344K)->40679K(41344K) NonClass: 35405K(35776K)->35405K(35776K) Class: 5274K(5568K)->5274K(5568K)
[2021-11-01T22:01:23.398-0700][gc          ] GC(13) Pause Young (Normal) (G1 Evacuation Pause) 209M->146M(1024M) 20.171ms
[2021-11-01T22:01:23.398-0700][gc,cpu      ] GC(13) User=0.03s Sys=0.02s Real=0.02s
[2021-11-01T22:03:33.385-0700][gc,start    ] GC(14) Pause Young (Normal) (G1 Evacuation Pause)
[2021-11-01T22:03:33.387-0700][gc,task     ] GC(14) Using 8 workers of 8 for evacuation
[2021-11-01T22:03:33.436-0700][gc,mmu      ] GC(14) MMU target violated: 21.0ms (20.0ms/21.0ms)
[2021-11-01T22:03:33.437-0700][gc,phases   ] GC(14)   Pre Evacuate Collection Set: 2.5ms
[2021-11-01T22:03:33.437-0700][gc,phases   ] GC(14)   Merge Heap Roots: 2.0ms
[2021-11-01T22:03:33.437-0700][gc,phases   ] GC(14)   Evacuate Collection Set: 43.7ms
[2021-11-01T22:03:33.437-0700][gc,phases   ] GC(14)   Post Evacuate Collection Set: 1.2ms
[2021-11-01T22:03:33.437-0700][gc,phases   ] GC(14)   Other: 2.5ms
[2021-11-01T22:03:33.437-0700][gc,heap     ] GC(14) Eden regions: 176->0(526)
[2021-11-01T22:03:33.437-0700][gc,heap     ] GC(14) Survivor regions: 4->4(23)
[2021-11-01T22:03:33.437-0700][gc,heap     ] GC(14) Old regions: 13->13
[2021-11-01T22:03:33.437-0700][gc,heap     ] GC(14) Archive regions: 2->2
[2021-11-01T22:03:33.437-0700][gc,heap     ] GC(14) Humongous regions: 129->129
[2021-11-01T22:03:33.437-0700][gc,metaspace] GC(14) Metaspace: 40697K(41344K)->40697K(41344K) NonClass: 35422K(35776K)->35422K(35776K) Class: 5274K(5568K)->5274K(5568K)
[2021-11-01T22:03:33.437-0700][gc          ] GC(14) Pause Young (Normal) (G1 Evacuation Pause) 322M->146M(1024M) 52.066ms
[2021-11-01T22:03:33.437-0700][gc,cpu      ] GC(14) User=0.02s Sys=0.05s Real=0.05s
[2021-11-01T22:06:44.438-0700][gc,start    ] GC(15) Pause Young (Normal) (G1 Evacuation Pause)
[2021-11-01T22:06:44.440-0700][gc,task     ] GC(15) Using 8 workers of 8 for evacuation
[2021-11-01T22:06:44.551-0700][gc,mmu      ] GC(15) MMU target violated: 21.0ms (20.0ms/21.0ms)
[2021-11-01T22:06:44.551-0700][gc,phases   ] GC(15)   Pre Evacuate Collection Set: 9.8ms
[2021-11-01T22:06:44.551-0700][gc,phases   ] GC(15)   Merge Heap Roots: 1.2ms
[2021-11-01T22:06:44.551-0700][gc,phases   ] GC(15)   Evacuate Collection Set: 96.4ms
[2021-11-01T22:06:44.551-0700][gc,phases   ] GC(15)   Post Evacuate Collection Set: 1.4ms
[2021-11-01T22:06:44.551-0700][gc,phases   ] GC(15)   Other: 4.0ms
[2021-11-01T22:06:44.551-0700][gc,heap     ] GC(15) Eden regions: 526->0(47)
[2021-11-01T22:06:44.551-0700][gc,heap     ] GC(15) Survivor regions: 4->4(67)
[2021-11-01T22:06:44.551-0700][gc,heap     ] GC(15) Old regions: 13->13
[2021-11-01T22:06:44.551-0700][gc,heap     ] GC(15) Archive regions: 2->2
[2021-11-01T22:06:44.551-0700][gc,heap     ] GC(15) Humongous regions: 129->129
[2021-11-01T22:06:44.551-0700][gc,metaspace] GC(15) Metaspace: 40971K(41600K)->40971K(41600K) NonClass: 35669K(36032K)->35669K(36032K) Class: 5302K(5568K)->5302K(5568K)
[2021-11-01T22:06:44.551-0700][gc          ] GC(15) Pause Young (Normal) (G1 Evacuation Pause) 672M->146M(1024M) 112.803ms
[2021-11-01T22:06:44.551-0700][gc,cpu      ] GC(15) User=0.06s Sys=0.10s Real=0.12s
[2021-11-01T22:07:01.413-0700][gc,start    ] GC(16) Pause Young (Normal) (G1 Evacuation Pause)
[2021-11-01T22:07:01.414-0700][gc,task     ] GC(16) Using 8 workers of 8 for evacuation
[2021-11-01T22:07:01.431-0700][gc,phases   ] GC(16)   Pre Evacuate Collection Set: 0.4ms
[2021-11-01T22:07:01.431-0700][gc,phases   ] GC(16)   Merge Heap Roots: 0.1ms
[2021-11-01T22:07:01.431-0700][gc,phases   ] GC(16)   Evacuate Collection Set: 15.5ms
[2021-11-01T22:07:01.431-0700][gc,phases   ] GC(16)   Post Evacuate Collection Set: 0.9ms
[2021-11-01T22:07:01.431-0700][gc,phases   ] GC(16)   Other: 0.8ms
[2021-11-01T22:07:01.431-0700][gc,heap     ] GC(16) Eden regions: 47->0(47)
[2021-11-01T22:07:01.431-0700][gc,heap     ] GC(16) Survivor regions: 4->4(7)
[2021-11-01T22:07:01.431-0700][gc,heap     ] GC(16) Old regions: 13->13
[2021-11-01T22:07:01.431-0700][gc,heap     ] GC(16) Archive regions: 2->2
[2021-11-01T22:07:01.431-0700][gc,heap     ] GC(16) Humongous regions: 129->129
[2021-11-01T22:07:01.431-0700][gc,metaspace] GC(16) Metaspace: 40973K(41600K)->40973K(41600K) NonClass: 35671K(36032K)->35671K(36032K) Class: 5302K(5568K)->5302K(5568K)
[2021-11-01T22:07:01.431-0700][gc          ] GC(16) Pause Young (Normal) (G1 Evacuation Pause) 193M->146M(1024M) 18.009ms
[2021-11-01T22:07:01.431-0700][gc,cpu      ] GC(16) User=0.03s Sys=0.02s Real=0.02s
[2021-11-01T22:07:17.936-0700][gc,start    ] GC(17) Pause Young (Normal) (G1 Evacuation Pause)
[2021-11-01T22:07:17.938-0700][gc,task     ] GC(17) Using 8 workers of 8 for evacuation
[2021-11-01T22:07:17.974-0700][gc,mmu      ] GC(17) MMU target violated: 21.0ms (20.0ms/21.0ms)
[2021-11-01T22:07:17.974-0700][gc,phases   ] GC(17)   Pre Evacuate Collection Set: 0.9ms
[2021-11-01T22:07:17.974-0700][gc,phases   ] GC(17)   Merge Heap Roots: 0.2ms
[2021-11-01T22:07:17.974-0700][gc,phases   ] GC(17)   Evacuate Collection Set: 32.8ms
[2021-11-01T22:07:17.974-0700][gc,phases   ] GC(17)   Post Evacuate Collection Set: 1.8ms
[2021-11-01T22:07:17.974-0700][gc,phases   ] GC(17)   Other: 2.3ms
[2021-11-01T22:07:17.974-0700][gc,heap     ] GC(17) Eden regions: 47->0(45)
[2021-11-01T22:07:17.975-0700][gc,heap     ] GC(17) Survivor regions: 4->6(7)
[2021-11-01T22:07:17.975-0700][gc,heap     ] GC(17) Old regions: 13->13
[2021-11-01T22:07:17.975-0700][gc,heap     ] GC(17) Archive regions: 2->2
[2021-11-01T22:07:17.975-0700][gc,heap     ] GC(17) Humongous regions: 129->129
[2021-11-01T22:07:17.975-0700][gc,metaspace] GC(17) Metaspace: 41020K(41728K)->41020K(41728K) NonClass: 35717K(36160K)->35717K(36160K) Class: 5302K(5568K)->5302K(5568K)
[2021-11-01T22:07:17.975-0700][gc          ] GC(17) Pause Young (Normal) (G1 Evacuation Pause) 193M->147M(1024M) 38.221ms
[2021-11-01T22:07:17.975-0700][gc,cpu      ] GC(17) User=0.05s Sys=0.07s Real=0.04s
[2021-11-01T22:07:35.050-0700][gc,start    ] GC(18) Pause Young (Normal) (G1 Evacuation Pause)
[2021-11-01T22:07:35.052-0700][gc,task     ] GC(18) Using 8 workers of 8 for evacuation
[2021-11-01T22:07:35.133-0700][gc,mmu      ] GC(18) MMU target violated: 21.0ms (20.0ms/21.0ms)
[2021-11-01T22:07:35.133-0700][gc,phases   ] GC(18)   Pre Evacuate Collection Set: 4.5ms
[2021-11-01T22:07:35.133-0700][gc,phases   ] GC(18)   Merge Heap Roots: 0.1ms
[2021-11-01T22:07:35.133-0700][gc,phases   ] GC(18)   Evacuate Collection Set: 74.5ms
[2021-11-01T22:07:35.133-0700][gc,phases   ] GC(18)   Post Evacuate Collection Set: 1.7ms
[2021-11-01T22:07:35.133-0700][gc,phases   ] GC(18)   Other: 2.4ms
[2021-11-01T22:07:35.133-0700][gc,heap     ] GC(18) Eden regions: 45->0(47)
[2021-11-01T22:07:35.133-0700][gc,heap     ] GC(18) Survivor regions: 6->4(7)
[2021-11-01T22:07:35.133-0700][gc,heap     ] GC(18) Old regions: 13->15
[2021-11-01T22:07:35.133-0700][gc,heap     ] GC(18) Archive regions: 2->2
[2021-11-01T22:07:35.133-0700][gc,heap     ] GC(18) Humongous regions: 129->129
[2021-11-01T22:07:35.133-0700][gc,metaspace] GC(18) Metaspace: 41028K(41728K)->41028K(41728K) NonClass: 35725K(36160K)->35725K(36160K) Class: 5303K(5568K)->5303K(5568K)
[2021-11-01T22:07:35.134-0700][gc          ] GC(18) Pause Young (Normal) (G1 Evacuation Pause) 192M->147M(1024M) 83.214ms
[2021-11-01T22:07:35.134-0700][gc,cpu      ] GC(18) User=0.03s Sys=0.05s Real=0.08s
[2021-11-01T22:07:52.248-0700][gc,start    ] GC(19) Pause Young (Normal) (G1 Evacuation Pause)
[2021-11-01T22:07:52.250-0700][gc,task     ] GC(19) Using 8 workers of 8 for evacuation
[2021-11-01T22:07:52.266-0700][gc,phases   ] GC(19)   Pre Evacuate Collection Set: 0.3ms
[2021-11-01T22:07:52.266-0700][gc,phases   ] GC(19)   Merge Heap Roots: 0.1ms
[2021-11-01T22:07:52.266-0700][gc,phases   ] GC(19)   Evacuate Collection Set: 14.7ms
[2021-11-01T22:07:52.266-0700][gc,phases   ] GC(19)   Post Evacuate Collection Set: 0.7ms
[2021-11-01T22:07:52.266-0700][gc,phases   ] GC(19)   Other: 2.1ms
[2021-11-01T22:07:52.266-0700][gc,heap     ] GC(19) Eden regions: 47->0(47)
[2021-11-01T22:07:52.266-0700][gc,heap     ] GC(19) Survivor regions: 4->4(7)
[2021-11-01T22:07:52.266-0700][gc,heap     ] GC(19) Old regions: 15->15
[2021-11-01T22:07:52.266-0700][gc,heap     ] GC(19) Archive regions: 2->2
[2021-11-01T22:07:52.266-0700][gc,heap     ] GC(19) Humongous regions: 129->129
[2021-11-01T22:07:52.266-0700][gc,metaspace] GC(19) Metaspace: 41040K(41728K)->41040K(41728K) NonClass: 35736K(36160K)->35736K(36160K) Class: 5303K(5568K)->5303K(5568K)
[2021-11-01T22:07:52.266-0700][gc          ] GC(19) Pause Young (Normal) (G1 Evacuation Pause) 194M->147M(1024M) 18.220ms
[2021-11-01T22:07:52.266-0700][gc,cpu      ] GC(19) User=0.02s Sys=0.01s Real=0.02s
[2021-11-01T22:08:09.107-0700][gc,start    ] GC(20) Pause Young (Normal) (G1 Evacuation Pause)
[2021-11-01T22:08:09.108-0700][gc,task     ] GC(20) Using 8 workers of 8 for evacuation
[2021-11-01T22:08:09.119-0700][gc,phases   ] GC(20)   Pre Evacuate Collection Set: 1.3ms
[2021-11-01T22:08:09.119-0700][gc,phases   ] GC(20)   Merge Heap Roots: 0.6ms
[2021-11-01T22:08:09.119-0700][gc,phases   ] GC(20)   Evacuate Collection Set: 8.5ms
[2021-11-01T22:08:09.119-0700][gc,phases   ] GC(20)   Post Evacuate Collection Set: 0.6ms
[2021-11-01T22:08:09.119-0700][gc,phases   ] GC(20)   Other: 0.7ms
[2021-11-01T22:08:09.119-0700][gc,heap     ] GC(20) Eden regions: 47->0(73)
[2021-11-01T22:08:09.119-0700][gc,heap     ] GC(20) Survivor regions: 4->4(7)
[2021-11-01T22:08:09.119-0700][gc,heap     ] GC(20) Old regions: 15->15
[2021-11-01T22:08:09.119-0700][gc,heap     ] GC(20) Archive regions: 2->2
[2021-11-01T22:08:09.119-0700][gc,heap     ] GC(20) Humongous regions: 129->129
[2021-11-01T22:08:09.119-0700][gc,metaspace] GC(20) Metaspace: 41047K(41728K)->41047K(41728K) NonClass: 35744K(36160K)->35744K(36160K) Class: 5303K(5568K)->5303K(5568K)
[2021-11-01T22:08:09.119-0700][gc          ] GC(20) Pause Young (Normal) (G1 Evacuation Pause) 194M->148M(1024M) 11.827ms
[2021-11-01T22:08:09.119-0700][gc,cpu      ] GC(20) User=0.02s Sys=0.01s Real=0.01s
[2021-11-01T22:08:35.181-0700][gc,start    ] GC(21) Pause Young (Normal) (G1 Evacuation Pause)
[2021-11-01T22:08:35.182-0700][gc,task     ] GC(21) Using 8 workers of 8 for evacuation
[2021-11-01T22:08:35.199-0700][gc,phases   ] GC(21)   Pre Evacuate Collection Set: 1.7ms
[2021-11-01T22:08:35.200-0700][gc,phases   ] GC(21)   Merge Heap Roots: 0.1ms
[2021-11-01T22:08:35.200-0700][gc,phases   ] GC(21)   Evacuate Collection Set: 15.2ms
[2021-11-01T22:08:35.200-0700][gc,phases   ] GC(21)   Post Evacuate Collection Set: 0.6ms
[2021-11-01T22:08:35.200-0700][gc,phases   ] GC(21)   Other: 1.4ms
[2021-11-01T22:08:35.200-0700][gc,heap     ] GC(21) Eden regions: 73->0(70)
[2021-11-01T22:08:35.200-0700][gc,heap     ] GC(21) Survivor regions: 4->5(10)
[2021-11-01T22:08:35.200-0700][gc,heap     ] GC(21) Old regions: 15->15
[2021-11-01T22:08:35.200-0700][gc,heap     ] GC(21) Archive regions: 2->2
[2021-11-01T22:08:35.200-0700][gc,heap     ] GC(21) Humongous regions: 129->129
[2021-11-01T22:08:35.200-0700][gc,metaspace] GC(21) Metaspace: 41049K(41728K)->41049K(41728K) NonClass: 35746K(36160K)->35746K(36160K) Class: 5303K(5568K)->5303K(5568K)
[2021-11-01T22:08:35.200-0700][gc          ] GC(21) Pause Young (Normal) (G1 Evacuation Pause) 221M->148M(1024M) 19.342ms
[2021-11-01T22:08:35.200-0700][gc,cpu      ] GC(21) User=0.03s Sys=0.02s Real=0.02s
[2021-11-01T22:09:00.122-0700][gc,start    ] GC(22) Pause Young (Normal) (G1 Evacuation Pause)
[2021-11-01T22:09:00.123-0700][gc,task     ] GC(22) Using 8 workers of 8 for evacuation
[2021-11-01T22:09:00.144-0700][gc,phases   ] GC(22)   Pre Evacuate Collection Set: 1.8ms
[2021-11-01T22:09:00.144-0700][gc,phases   ] GC(22)   Merge Heap Roots: 1.4ms
[2021-11-01T22:09:00.144-0700][gc,phases   ] GC(22)   Evacuate Collection Set: 16.4ms
[2021-11-01T22:09:00.144-0700][gc,phases   ] GC(22)   Post Evacuate Collection Set: 0.8ms
[2021-11-01T22:09:00.144-0700][gc,phases   ] GC(22)   Other: 1.4ms
[2021-11-01T22:09:00.144-0700][gc,heap     ] GC(22) Eden regions: 70->0(161)
[2021-11-01T22:09:00.144-0700][gc,heap     ] GC(22) Survivor regions: 5->5(10)
[2021-11-01T22:09:00.144-0700][gc,heap     ] GC(22) Old regions: 15->15
[2021-11-01T22:09:00.144-0700][gc,heap     ] GC(22) Archive regions: 2->2
[2021-11-01T22:09:00.144-0700][gc,heap     ] GC(22) Humongous regions: 129->129
[2021-11-01T22:09:00.144-0700][gc,metaspace] GC(22) Metaspace: 41051K(41728K)->41051K(41728K) NonClass: 35747K(36160K)->35747K(36160K) Class: 5303K(5568K)->5303K(5568K)
[2021-11-01T22:09:00.144-0700][gc          ] GC(22) Pause Young (Normal) (G1 Evacuation Pause) 218M->148M(1024M) 22.052ms
[2021-11-01T22:09:00.144-0700][gc,cpu      ] GC(22) User=0.02s Sys=0.02s Real=0.02s
[2021-11-01T22:09:58.053-0700][gc,start    ] GC(23) Pause Young (Normal) (G1 Evacuation Pause)
[2021-11-01T22:09:58.054-0700][gc,task     ] GC(23) Using 8 workers of 8 for evacuation
[2021-11-01T22:09:58.104-0700][gc,mmu      ] GC(23) MMU target violated: 21.0ms (20.0ms/21.0ms)
[2021-11-01T22:09:58.104-0700][gc,phases   ] GC(23)   Pre Evacuate Collection Set: 2.9ms
[2021-11-01T22:09:58.104-0700][gc,phases   ] GC(23)   Merge Heap Roots: 0.9ms
[2021-11-01T22:09:58.104-0700][gc,phases   ] GC(23)   Evacuate Collection Set: 44.8ms
[2021-11-01T22:09:58.104-0700][gc,phases   ] GC(23)   Post Evacuate Collection Set: 1.1ms
[2021-11-01T22:09:58.104-0700][gc,phases   ] GC(23)   Other: 1.4ms
[2021-11-01T22:09:58.104-0700][gc,heap     ] GC(23) Eden regions: 161->0(61)
[2021-11-01T22:09:58.104-0700][gc,heap     ] GC(23) Survivor regions: 5->5(21)
[2021-11-01T22:09:58.104-0700][gc,heap     ] GC(23) Old regions: 15->15
[2021-11-01T22:09:58.104-0700][gc,heap     ] GC(23) Archive regions: 2->2
[2021-11-01T22:09:58.104-0700][gc,heap     ] GC(23) Humongous regions: 129->129
[2021-11-01T22:09:58.104-0700][gc,metaspace] GC(23) Metaspace: 41052K(41728K)->41052K(41728K) NonClass: 35748K(36160K)->35748K(36160K) Class: 5303K(5568K)->5303K(5568K)
[2021-11-01T22:09:58.104-0700][gc          ] GC(23) Pause Young (Normal) (G1 Evacuation Pause) 309M->148M(1024M) 51.134ms
[2021-11-01T22:09:58.105-0700][gc,cpu      ] GC(23) User=0.03s Sys=0.06s Real=0.05s
[2021-11-01T22:10:19.807-0700][gc,start    ] GC(24) Pause Young (Normal) (G1 Evacuation Pause)
[2021-11-01T22:10:19.807-0700][gc,task     ] GC(24) Using 8 workers of 8 for evacuation
[2021-11-01T22:10:19.817-0700][gc,phases   ] GC(24)   Pre Evacuate Collection Set: 1.1ms
[2021-11-01T22:10:19.817-0700][gc,phases   ] GC(24)   Merge Heap Roots: 0.1ms
[2021-11-01T22:10:19.817-0700][gc,phases   ] GC(24)   Evacuate Collection Set: 7.0ms
[2021-11-01T22:10:19.817-0700][gc,phases   ] GC(24)   Post Evacuate Collection Set: 0.6ms
[2021-11-01T22:10:19.817-0700][gc,phases   ] GC(24)   Other: 1.2ms
[2021-11-01T22:10:19.817-0700][gc,heap     ] GC(24) Eden regions: 61->0(364)
[2021-11-01T22:10:19.817-0700][gc,heap     ] GC(24) Survivor regions: 5->3(9)
[2021-11-01T22:10:19.817-0700][gc,heap     ] GC(24) Old regions: 15->15
[2021-11-01T22:10:19.817-0700][gc,heap     ] GC(24) Archive regions: 2->2
[2021-11-01T22:10:19.817-0700][gc,heap     ] GC(24) Humongous regions: 129->129
[2021-11-01T22:10:19.817-0700][gc,metaspace] GC(24) Metaspace: 41052K(41728K)->41052K(41728K) NonClass: 35748K(36160K)->35748K(36160K) Class: 5303K(5568K)->5303K(5568K)
[2021-11-01T22:10:19.818-0700][gc          ] GC(24) Pause Young (Normal) (G1 Evacuation Pause) 209M->147M(1024M) 10.190ms
[2021-11-01T22:10:19.818-0700][gc,cpu      ] GC(24) User=0.02s Sys=0.00s Real=0.01s
[2021-11-01T22:12:31.025-0700][gc,start    ] GC(25) Pause Young (Normal) (G1 Evacuation Pause)
[2021-11-01T22:12:31.040-0700][gc,task     ] GC(25) Using 8 workers of 8 for evacuation
[2021-11-01T22:12:31.089-0700][gc,mmu      ] GC(25) MMU target violated: 21.0ms (20.0ms/21.0ms)
[2021-11-01T22:12:31.089-0700][gc,phases   ] GC(25)   Pre Evacuate Collection Set: 3.1ms
[2021-11-01T22:12:31.089-0700][gc,phases   ] GC(25)   Merge Heap Roots: 0.9ms
[2021-11-01T22:12:31.089-0700][gc,phases   ] GC(25)   Evacuate Collection Set: 42.1ms
[2021-11-01T22:12:31.089-0700][gc,phases   ] GC(25)   Post Evacuate Collection Set: 1.4ms
[2021-11-01T22:12:31.089-0700][gc,phases   ] GC(25)   Other: 16.8ms
[2021-11-01T22:12:31.089-0700][gc,heap     ] GC(25) Eden regions: 364->0(102)
[2021-11-01T22:12:31.089-0700][gc,heap     ] GC(25) Survivor regions: 3->4(46)
[2021-11-01T22:12:31.089-0700][gc,heap     ] GC(25) Old regions: 15->15
[2021-11-01T22:12:31.089-0700][gc,heap     ] GC(25) Archive regions: 2->2
[2021-11-01T22:12:31.089-0700][gc,heap     ] GC(25) Humongous regions: 129->129
[2021-11-01T22:12:31.089-0700][gc,metaspace] GC(25) Metaspace: 41071K(41728K)->41071K(41728K) NonClass: 35767K(36160K)->35767K(36160K) Class: 5303K(5568K)->5303K(5568K)
[2021-11-01T22:12:31.089-0700][gc          ] GC(25) Pause Young (Normal) (G1 Evacuation Pause) 511M->147M(1024M) 64.311ms
[2021-11-01T22:12:31.089-0700][gc,cpu      ] GC(25) User=0.03s Sys=0.06s Real=0.06s
[2021-11-01T22:13:07.276-0700][gc,start    ] GC(26) Pause Young (Normal) (G1 Evacuation Pause)
[2021-11-01T22:13:07.277-0700][gc,task     ] GC(26) Using 8 workers of 8 for evacuation
[2021-11-01T22:13:07.298-0700][gc,mmu      ] GC(26) MMU target violated: 21.0ms (20.0ms/21.0ms)
[2021-11-01T22:13:07.298-0700][gc,phases   ] GC(26)   Pre Evacuate Collection Set: 0.4ms
[2021-11-01T22:13:07.298-0700][gc,phases   ] GC(26)   Merge Heap Roots: 0.1ms
[2021-11-01T22:13:07.298-0700][gc,phases   ] GC(26)   Evacuate Collection Set: 20.4ms
[2021-11-01T22:13:07.298-0700][gc,phases   ] GC(26)   Post Evacuate Collection Set: 0.4ms
[2021-11-01T22:13:07.298-0700][gc,phases   ] GC(26)   Other: 0.7ms
[2021-11-01T22:13:07.298-0700][gc,heap     ] GC(26) Eden regions: 102->0(320)
[2021-11-01T22:13:07.298-0700][gc,heap     ] GC(26) Survivor regions: 4->3(14)
[2021-11-01T22:13:07.298-0700][gc,heap     ] GC(26) Old regions: 15->15
[2021-11-01T22:13:07.298-0700][gc,heap     ] GC(26) Archive regions: 2->2
[2021-11-01T22:13:07.298-0700][gc,heap     ] GC(26) Humongous regions: 129->129
[2021-11-01T22:13:07.298-0700][gc,metaspace] GC(26) Metaspace: 41087K(41728K)->41087K(41728K) NonClass: 35783K(36160K)->35783K(36160K) Class: 5303K(5568K)->5303K(5568K)
[2021-11-01T22:13:07.298-0700][gc          ] GC(26) Pause Young (Normal) (G1 Evacuation Pause) 249M->147M(1024M) 21.973ms
[2021-11-01T22:13:07.298-0700][gc,cpu      ] GC(26) User=0.03s Sys=0.02s Real=0.02s
[2021-11-01T22:15:02.309-0700][gc,start    ] GC(27) Pause Young (Normal) (G1 Evacuation Pause)
[2021-11-01T22:15:02.311-0700][gc,task     ] GC(27) Using 8 workers of 8 for evacuation
[2021-11-01T22:15:02.367-0700][gc,mmu      ] GC(27) MMU target violated: 21.0ms (20.0ms/21.0ms)
[2021-11-01T22:15:02.367-0700][gc,phases   ] GC(27)   Pre Evacuate Collection Set: 4.2ms
[2021-11-01T22:15:02.367-0700][gc,phases   ] GC(27)   Merge Heap Roots: 0.7ms
[2021-11-01T22:15:02.367-0700][gc,phases   ] GC(27)   Evacuate Collection Set: 48.5ms
[2021-11-01T22:15:02.367-0700][gc,phases   ] GC(27)   Post Evacuate Collection Set: 2.4ms
[2021-11-01T22:15:02.367-0700][gc,phases   ] GC(27)   Other: 3.0ms
[2021-11-01T22:15:02.367-0700][gc,heap     ] GC(27) Eden regions: 320->0(134)
[2021-11-01T22:15:02.367-0700][gc,heap     ] GC(27) Survivor regions: 3->4(41)
[2021-11-01T22:15:02.368-0700][gc,heap     ] GC(27) Old regions: 15->15
[2021-11-01T22:15:02.368-0700][gc,heap     ] GC(27) Archive regions: 2->2
[2021-11-01T22:15:02.368-0700][gc,heap     ] GC(27) Humongous regions: 129->129
[2021-11-01T22:15:02.368-0700][gc,metaspace] GC(27) Metaspace: 41096K(41728K)->41096K(41728K) NonClass: 35793K(36160K)->35793K(36160K) Class: 5303K(5568K)->5303K(5568K)
[2021-11-01T22:15:02.368-0700][gc          ] GC(27) Pause Young (Normal) (G1 Evacuation Pause) 467M->148M(1024M) 58.291ms
[2021-11-01T22:15:02.368-0700][gc,cpu      ] GC(27) User=0.02s Sys=0.07s Real=0.06s
[2021-11-01T22:15:50.254-0700][gc,start    ] GC(28) Pause Young (Normal) (G1 Evacuation Pause)
[2021-11-01T22:15:50.255-0700][gc,task     ] GC(28) Using 8 workers of 8 for evacuation
[2021-11-01T22:15:50.272-0700][gc,phases   ] GC(28)   Pre Evacuate Collection Set: 0.9ms
[2021-11-01T22:15:50.272-0700][gc,phases   ] GC(28)   Merge Heap Roots: 0.7ms
[2021-11-01T22:15:50.272-0700][gc,phases   ] GC(28)   Evacuate Collection Set: 14.6ms
[2021-11-01T22:15:50.272-0700][gc,phases   ] GC(28)   Post Evacuate Collection Set: 1.0ms
[2021-11-01T22:15:50.273-0700][gc,phases   ] GC(28)   Other: 0.7ms
[2021-11-01T22:15:50.273-0700][gc,heap     ] GC(28) Eden regions: 134->0(246)
[2021-11-01T22:15:50.273-0700][gc,heap     ] GC(28) Survivor regions: 4->4(18)
[2021-11-01T22:15:50.273-0700][gc,heap     ] GC(28) Old regions: 15->15
[2021-11-01T22:15:50.273-0700][gc,heap     ] GC(28) Archive regions: 2->2
[2021-11-01T22:15:50.273-0700][gc,heap     ] GC(28) Humongous regions: 129->129
[2021-11-01T22:15:50.273-0700][gc,metaspace] GC(28) Metaspace: 41097K(41728K)->41097K(41728K) NonClass: 35793K(36160K)->35793K(36160K) Class: 5303K(5568K)->5303K(5568K)
[2021-11-01T22:15:50.273-0700][gc          ] GC(28) Pause Young (Normal) (G1 Evacuation Pause) 282M->147M(1024M) 18.570ms
[2021-11-01T22:15:50.273-0700][gc,cpu      ] GC(28) User=0.02s Sys=0.02s Real=0.02s
[2021-11-01T22:17:18.643-0700][gc,start    ] GC(29) Pause Young (Normal) (G1 Evacuation Pause)
[2021-11-01T22:17:18.644-0700][gc,task     ] GC(29) Using 8 workers of 8 for evacuation
[2021-11-01T22:17:18.671-0700][gc,mmu      ] GC(29) MMU target violated: 21.0ms (20.0ms/21.0ms)
[2021-11-01T22:17:18.672-0700][gc,phases   ] GC(29)   Pre Evacuate Collection Set: 2.8ms
[2021-11-01T22:17:18.672-0700][gc,phases   ] GC(29)   Merge Heap Roots: 0.2ms
[2021-11-01T22:17:18.672-0700][gc,phases   ] GC(29)   Evacuate Collection Set: 21.2ms
[2021-11-01T22:17:18.672-0700][gc,phases   ] GC(29)   Post Evacuate Collection Set: 1.9ms
[2021-11-01T22:17:18.672-0700][gc,phases   ] GC(29)   Other: 2.7ms
[2021-11-01T22:17:18.672-0700][gc,heap     ] GC(29) Eden regions: 246->0(265)
[2021-11-01T22:17:18.672-0700][gc,heap     ] GC(29) Survivor regions: 4->4(32)
[2021-11-01T22:17:18.672-0700][gc,heap     ] GC(29) Old regions: 15->15
[2021-11-01T22:17:18.672-0700][gc,heap     ] GC(29) Archive regions: 2->2
[2021-11-01T22:17:18.672-0700][gc,heap     ] GC(29) Humongous regions: 129->129
[2021-11-01T22:17:18.672-0700][gc,metaspace] GC(29) Metaspace: 41115K(41792K)->41115K(41792K) NonClass: 35812K(36224K)->35812K(36224K) Class: 5303K(5568K)->5303K(5568K)
[2021-11-01T22:17:18.672-0700][gc          ] GC(29) Pause Young (Normal) (G1 Evacuation Pause) 393M->147M(1024M) 28.798ms
[2021-11-01T22:17:18.672-0700][gc,cpu      ] GC(29) User=0.02s Sys=0.04s Real=0.03s
[2021-11-01T22:18:54.169-0700][gc,start    ] GC(30) Pause Young (Normal) (G1 Evacuation Pause)
[2021-11-01T22:18:54.170-0700][gc,task     ] GC(30) Using 8 workers of 8 for evacuation
[2021-11-01T22:18:54.210-0700][gc,mmu      ] GC(30) MMU target violated: 21.0ms (20.0ms/21.0ms)
[2021-11-01T22:18:54.210-0700][gc,phases   ] GC(30)   Pre Evacuate Collection Set: 6.8ms
[2021-11-01T22:18:54.210-0700][gc,phases   ] GC(30)   Merge Heap Roots: 1.4ms
[2021-11-01T22:18:54.210-0700][gc,phases   ] GC(30)   Evacuate Collection Set: 30.0ms
[2021-11-01T22:18:54.210-0700][gc,phases   ] GC(30)   Post Evacuate Collection Set: 2.0ms
[2021-11-01T22:18:54.210-0700][gc,phases   ] GC(30)   Other: 0.9ms
[2021-11-01T22:18:54.210-0700][gc,heap     ] GC(30) Eden regions: 265->0(149)
[2021-11-01T22:18:54.210-0700][gc,heap     ] GC(30) Survivor regions: 4->3(34)
[2021-11-01T22:18:54.210-0700][gc,heap     ] GC(30) Old regions: 15->15
[2021-11-01T22:18:54.210-0700][gc,heap     ] GC(30) Archive regions: 2->2
[2021-11-01T22:18:54.210-0700][gc,heap     ] GC(30) Humongous regions: 129->129
[2021-11-01T22:18:54.210-0700][gc,metaspace] GC(30) Metaspace: 41127K(41856K)->41127K(41856K) NonClass: 35824K(36288K)->35824K(36288K) Class: 5303K(5568K)->5303K(5568K)
[2021-11-01T22:18:54.210-0700][gc          ] GC(30) Pause Young (Normal) (G1 Evacuation Pause) 412M->147M(1024M) 41.109ms
[2021-11-01T22:18:54.210-0700][gc,cpu      ] GC(30) User=0.01s Sys=0.04s Real=0.05s
[2021-11-01T22:19:47.707-0700][gc,start    ] GC(31) Pause Young (Normal) (G1 Evacuation Pause)
[2021-11-01T22:19:47.708-0700][gc,task     ] GC(31) Using 8 workers of 8 for evacuation
[2021-11-01T22:19:47.740-0700][gc,mmu      ] GC(31) MMU target violated: 21.0ms (20.0ms/21.0ms)
[2021-11-01T22:19:47.740-0700][gc,phases   ] GC(31)   Pre Evacuate Collection Set: 5.0ms
[2021-11-01T22:19:47.740-0700][gc,phases   ] GC(31)   Merge Heap Roots: 1.5ms
[2021-11-01T22:19:47.740-0700][gc,phases   ] GC(31)   Evacuate Collection Set: 23.4ms
[2021-11-01T22:19:47.740-0700][gc,phases   ] GC(31)   Post Evacuate Collection Set: 1.5ms
[2021-11-01T22:19:47.740-0700][gc,phases   ] GC(31)   Other: 2.4ms
[2021-11-01T22:19:47.740-0700][gc,heap     ] GC(31) Eden regions: 149->0(51)
[2021-11-01T22:19:47.740-0700][gc,heap     ] GC(31) Survivor regions: 3->4(19)
[2021-11-01T22:19:47.740-0700][gc,heap     ] GC(31) Old regions: 15->15
[2021-11-01T22:19:47.740-0700][gc,heap     ] GC(31) Archive regions: 2->2
[2021-11-01T22:19:47.740-0700][gc,heap     ] GC(31) Humongous regions: 129->129
[2021-11-01T22:19:47.740-0700][gc,metaspace] GC(31) Metaspace: 41127K(41856K)->41127K(41856K) NonClass: 35824K(36288K)->35824K(36288K) Class: 5303K(5568K)->5303K(5568K)
[2021-11-01T22:19:47.741-0700][gc          ] GC(31) Pause Young (Normal) (G1 Evacuation Pause) 296M->148M(1024M) 33.789ms
[2021-11-01T22:19:47.741-0700][gc,cpu      ] GC(31) User=0.01s Sys=0.03s Real=0.04s
[2021-11-01T22:20:05.649-0700][gc,start    ] GC(32) Pause Young (Normal) (G1 Evacuation Pause)
[2021-11-01T22:20:05.660-0700][gc,task     ] GC(32) Using 8 workers of 8 for evacuation
[2021-11-01T22:20:05.680-0700][gc,phases   ] GC(32)   Pre Evacuate Collection Set: 0.5ms
[2021-11-01T22:20:05.680-0700][gc,phases   ] GC(32)   Merge Heap Roots: 0.2ms
[2021-11-01T22:20:05.680-0700][gc,phases   ] GC(32)   Evacuate Collection Set: 16.9ms
[2021-11-01T22:20:05.680-0700][gc,phases   ] GC(32)   Post Evacuate Collection Set: 1.5ms
[2021-11-01T22:20:05.680-0700][gc,phases   ] GC(32)   Other: 12.7ms
[2021-11-01T22:20:05.680-0700][gc,heap     ] GC(32) Eden regions: 51->0(208)
[2021-11-01T22:20:05.680-0700][gc,heap     ] GC(32) Survivor regions: 4->3(7)
[2021-11-01T22:20:05.680-0700][gc,heap     ] GC(32) Old regions: 15->15
[2021-11-01T22:20:05.680-0700][gc,heap     ] GC(32) Archive regions: 2->2
[2021-11-01T22:20:05.681-0700][gc,heap     ] GC(32) Humongous regions: 129->129
[2021-11-01T22:20:05.681-0700][gc,metaspace] GC(32) Metaspace: 41127K(41856K)->41127K(41856K) NonClass: 35824K(36288K)->35824K(36288K) Class: 5303K(5568K)->5303K(5568K)
[2021-11-01T22:20:05.681-0700][gc          ] GC(32) Pause Young (Normal) (G1 Evacuation Pause) 199M->147M(1024M) 32.027ms
[2021-11-01T22:20:05.681-0700][gc,cpu      ] GC(32) User=0.03s Sys=0.02s Real=0.04s
[2021-11-01T22:21:20.807-0700][gc,start    ] GC(33) Pause Young (Normal) (G1 Evacuation Pause)
[2021-11-01T22:21:20.811-0700][gc,task     ] GC(33) Using 8 workers of 8 for evacuation
[2021-11-01T22:21:20.835-0700][gc,mmu      ] GC(33) MMU target violated: 21.0ms (20.0ms/21.0ms)
[2021-11-01T22:21:20.835-0700][gc,phases   ] GC(33)   Pre Evacuate Collection Set: 3.4ms
[2021-11-01T22:21:20.835-0700][gc,phases   ] GC(33)   Merge Heap Roots: 1.0ms
[2021-11-01T22:21:20.835-0700][gc,phases   ] GC(33)   Evacuate Collection Set: 15.5ms
[2021-11-01T22:21:20.835-0700][gc,phases   ] GC(33)   Post Evacuate Collection Set: 2.0ms
[2021-11-01T22:21:20.835-0700][gc,phases   ] GC(33)   Other: 6.1ms
[2021-11-01T22:21:20.835-0700][gc,heap     ] GC(33) Eden regions: 208->0(240)
[2021-11-01T22:21:20.835-0700][gc,heap     ] GC(33) Survivor regions: 3->3(27)
[2021-11-01T22:21:20.835-0700][gc,heap     ] GC(33) Old regions: 15->15
[2021-11-01T22:21:20.835-0700][gc,heap     ] GC(33) Archive regions: 2->2
[2021-11-01T22:21:20.835-0700][gc,heap     ] GC(33) Humongous regions: 129->129
[2021-11-01T22:21:20.835-0700][gc,metaspace] GC(33) Metaspace: 41131K(41856K)->41131K(41856K) NonClass: 35828K(36288K)->35828K(36288K) Class: 5303K(5568K)->5303K(5568K)
[2021-11-01T22:21:20.835-0700][gc          ] GC(33) Pause Young (Normal) (G1 Evacuation Pause) 355M->147M(1024M) 28.173ms
[2021-11-01T22:21:20.835-0700][gc,cpu      ] GC(33) User=0.03s Sys=0.04s Real=0.03s
[2021-11-01T22:22:47.285-0700][gc,start    ] GC(34) Pause Young (Normal) (G1 Evacuation Pause)
[2021-11-01T22:22:47.285-0700][gc,task     ] GC(34) Using 8 workers of 8 for evacuation
[2021-11-01T22:22:47.335-0700][gc,mmu      ] GC(34) MMU target violated: 21.0ms (20.0ms/21.0ms)
[2021-11-01T22:22:47.336-0700][gc,phases   ] GC(34)   Pre Evacuate Collection Set: 2.9ms
[2021-11-01T22:22:47.336-0700][gc,phases   ] GC(34)   Merge Heap Roots: 2.5ms
[2021-11-01T22:22:47.336-0700][gc,phases   ] GC(34)   Evacuate Collection Set: 40.7ms
[2021-11-01T22:22:47.336-0700][gc,phases   ] GC(34)   Post Evacuate Collection Set: 3.4ms
[2021-11-01T22:22:47.336-0700][gc,phases   ] GC(34)   Other: 2.0ms
[2021-11-01T22:22:47.336-0700][gc,heap     ] GC(34) Eden regions: 240->0(47)
[2021-11-01T22:22:47.336-0700][gc,heap     ] GC(34) Survivor regions: 3->4(31)
[2021-11-01T22:22:47.336-0700][gc,heap     ] GC(34) Old regions: 15->15
[2021-11-01T22:22:47.336-0700][gc,heap     ] GC(34) Archive regions: 2->2
[2021-11-01T22:22:47.336-0700][gc,heap     ] GC(34) Humongous regions: 129->129
[2021-11-01T22:22:47.336-0700][gc,metaspace] GC(34) Metaspace: 41141K(41856K)->41141K(41856K) NonClass: 35837K(36288K)->35837K(36288K) Class: 5303K(5568K)->5303K(5568K)
[2021-11-01T22:22:47.336-0700][gc          ] GC(34) Pause Young (Normal) (G1 Evacuation Pause) 387M->148M(1024M) 51.181ms
[2021-11-01T22:22:47.336-0700][gc,cpu      ] GC(34) User=0.02s Sys=0.06s Real=0.05s
[2021-11-01T22:23:04.129-0700][gc,start    ] GC(35) Pause Young (Normal) (G1 Evacuation Pause)
[2021-11-01T22:23:04.129-0700][gc,task     ] GC(35) Using 8 workers of 8 for evacuation
[2021-11-01T22:23:04.154-0700][gc,mmu      ] GC(35) MMU target violated: 21.0ms (20.0ms/21.0ms)
[2021-11-01T22:23:04.154-0700][gc,phases   ] GC(35)   Pre Evacuate Collection Set: 0.8ms
[2021-11-01T22:23:04.154-0700][gc,phases   ] GC(35)   Merge Heap Roots: 0.1ms
[2021-11-01T22:23:04.154-0700][gc,phases   ] GC(35)   Evacuate Collection Set: 21.7ms
[2021-11-01T22:23:04.154-0700][gc,phases   ] GC(35)   Post Evacuate Collection Set: 1.9ms
[2021-11-01T22:23:04.154-0700][gc,phases   ] GC(35)   Other: 1.0ms
[2021-11-01T22:23:04.154-0700][gc,heap     ] GC(35) Eden regions: 47->0(47)
[2021-11-01T22:23:04.154-0700][gc,heap     ] GC(35) Survivor regions: 4->4(7)
[2021-11-01T22:23:04.154-0700][gc,heap     ] GC(35) Old regions: 15->16
[2021-11-01T22:23:04.154-0700][gc,heap     ] GC(35) Archive regions: 2->2
[2021-11-01T22:23:04.154-0700][gc,heap     ] GC(35) Humongous regions: 129->129
[2021-11-01T22:23:04.154-0700][gc,metaspace] GC(35) Metaspace: 41145K(41856K)->41145K(41856K) NonClass: 35841K(36288K)->35841K(36288K) Class: 5303K(5568K)->5303K(5568K)
[2021-11-01T22:23:04.154-0700][gc          ] GC(35) Pause Young (Normal) (G1 Evacuation Pause) 195M->148M(1024M) 25.728ms
[2021-11-01T22:23:04.154-0700][gc,cpu      ] GC(35) User=0.02s Sys=0.01s Real=0.03s
[2021-11-01T22:23:21.238-0700][gc,start    ] GC(36) Pause Young (Normal) (G1 Evacuation Pause)
[2021-11-01T22:23:21.239-0700][gc,task     ] GC(36) Using 8 workers of 8 for evacuation
[2021-11-01T22:23:21.255-0700][gc,phases   ] GC(36)   Pre Evacuate Collection Set: 0.4ms
[2021-11-01T22:23:21.255-0700][gc,phases   ] GC(36)   Merge Heap Roots: 0.1ms
[2021-11-01T22:23:21.255-0700][gc,phases   ] GC(36)   Evacuate Collection Set: 14.9ms
[2021-11-01T22:23:21.256-0700][gc,phases   ] GC(36)   Post Evacuate Collection Set: 1.1ms
[2021-11-01T22:23:21.256-0700][gc,phases   ] GC(36)   Other: 0.9ms
[2021-11-01T22:23:21.256-0700][gc,heap     ] GC(36) Eden regions: 47->0(92)
[2021-11-01T22:23:21.256-0700][gc,heap     ] GC(36) Survivor regions: 4->4(7)
[2021-11-01T22:23:21.256-0700][gc,heap     ] GC(36) Old regions: 16->16
[2021-11-01T22:23:21.256-0700][gc,heap     ] GC(36) Archive regions: 2->2
[2021-11-01T22:23:21.256-0700][gc,heap     ] GC(36) Humongous regions: 129->129
[2021-11-01T22:23:21.256-0700][gc,metaspace] GC(36) Metaspace: 41145K(41856K)->41145K(41856K) NonClass: 35841K(36288K)->35841K(36288K) Class: 5303K(5568K)->5303K(5568K)
[2021-11-01T22:23:21.256-0700][gc          ] GC(36) Pause Young (Normal) (G1 Evacuation Pause) 195M->149M(1024M) 17.663ms
[2021-11-01T22:23:21.256-0700][gc,cpu      ] GC(36) User=0.03s Sys=0.02s Real=0.02s
[2021-11-01T22:23:54.290-0700][gc,start    ] GC(37) Pause Young (Normal) (G1 Evacuation Pause)
[2021-11-01T22:23:54.291-0700][gc,task     ] GC(37) Using 8 workers of 8 for evacuation
[2021-11-01T22:23:54.322-0700][gc,mmu      ] GC(37) MMU target violated: 21.0ms (20.0ms/21.0ms)
[2021-11-01T22:23:54.323-0700][gc,phases   ] GC(37)   Pre Evacuate Collection Set: 1.7ms
[2021-11-01T22:23:54.323-0700][gc,phases   ] GC(37)   Merge Heap Roots: 0.3ms
[2021-11-01T22:23:54.323-0700][gc,phases   ] GC(37)   Evacuate Collection Set: 26.3ms
[2021-11-01T22:23:54.323-0700][gc,phases   ] GC(37)   Post Evacuate Collection Set: 1.7ms
[2021-11-01T22:23:54.323-0700][gc,phases   ] GC(37)   Other: 2.5ms
[2021-11-01T22:23:54.323-0700][gc,heap     ] GC(37) Eden regions: 92->0(163)
[2021-11-01T22:23:54.323-0700][gc,heap     ] GC(37) Survivor regions: 4->4(12)
[2021-11-01T22:23:54.323-0700][gc,heap     ] GC(37) Old regions: 16->16
[2021-11-01T22:23:54.323-0700][gc,heap     ] GC(37) Archive regions: 2->2
[2021-11-01T22:23:54.323-0700][gc,heap     ] GC(37) Humongous regions: 129->129
[2021-11-01T22:23:54.323-0700][gc,metaspace] GC(37) Metaspace: 41145K(41856K)->41145K(41856K) NonClass: 35841K(36288K)->35841K(36288K) Class: 5303K(5568K)->5303K(5568K)
[2021-11-01T22:23:54.323-0700][gc          ] GC(37) Pause Young (Normal) (G1 Evacuation Pause) 241M->148M(1024M) 32.653ms
[2021-11-01T22:23:54.323-0700][gc,cpu      ] GC(37) User=0.02s Sys=0.04s Real=0.03s
[2021-11-01T22:24:52.831-0700][gc,start    ] GC(38) Pause Young (Normal) (G1 Evacuation Pause)
[2021-11-01T22:24:52.831-0700][gc,task     ] GC(38) Using 8 workers of 8 for evacuation
[2021-11-01T22:24:52.865-0700][gc,mmu      ] GC(38) MMU target violated: 21.0ms (20.0ms/21.0ms)
[2021-11-01T22:24:52.865-0700][gc,phases   ] GC(38)   Pre Evacuate Collection Set: 3.1ms
[2021-11-01T22:24:52.865-0700][gc,phases   ] GC(38)   Merge Heap Roots: 1.2ms
[2021-11-01T22:24:52.865-0700][gc,phases   ] GC(38)   Evacuate Collection Set: 27.9ms
[2021-11-01T22:24:52.865-0700][gc,phases   ] GC(38)   Post Evacuate Collection Set: 1.2ms
[2021-11-01T22:24:52.865-0700][gc,phases   ] GC(38)   Other: 0.9ms
[2021-11-01T22:24:52.865-0700][gc,heap     ] GC(38) Eden regions: 163->0(50)
[2021-11-01T22:24:52.865-0700][gc,heap     ] GC(38) Survivor regions: 4->4(21)
[2021-11-01T22:24:52.865-0700][gc,heap     ] GC(38) Old regions: 16->16
[2021-11-01T22:24:52.865-0700][gc,heap     ] GC(38) Archive regions: 2->2
[2021-11-01T22:24:52.865-0700][gc,heap     ] GC(38) Humongous regions: 129->129
[2021-11-01T22:24:52.865-0700][gc,metaspace] GC(38) Metaspace: 41148K(41856K)->41148K(41856K) NonClass: 35844K(36288K)->35844K(36288K) Class: 5303K(5568K)->5303K(5568K)
[2021-11-01T22:24:52.865-0700][gc          ] GC(38) Pause Young (Normal) (G1 Evacuation Pause) 311M->149M(1024M) 34.217ms
[2021-11-01T22:24:52.865-0700][gc,cpu      ] GC(38) User=0.02s Sys=0.04s Real=0.03s
[2021-11-01T22:25:10.529-0700][gc,start    ] GC(39) Pause Young (Normal) (G1 Evacuation Pause)
[2021-11-01T22:25:10.529-0700][gc,task     ] GC(39) Using 8 workers of 8 for evacuation
[2021-11-01T22:25:10.544-0700][gc,phases   ] GC(39)   Pre Evacuate Collection Set: 0.4ms
[2021-11-01T22:25:10.545-0700][gc,phases   ] GC(39)   Merge Heap Roots: 0.1ms
[2021-11-01T22:25:10.545-0700][gc,phases   ] GC(39)   Evacuate Collection Set: 13.8ms
[2021-11-01T22:25:10.545-0700][gc,phases   ] GC(39)   Post Evacuate Collection Set: 0.7ms
[2021-11-01T22:25:10.545-0700][gc,phases   ] GC(39)   Other: 0.9ms
[2021-11-01T22:25:10.545-0700][gc,heap     ] GC(39) Eden regions: 50->0(273)
[2021-11-01T22:25:10.545-0700][gc,heap     ] GC(39) Survivor regions: 4->3(7)
[2021-11-01T22:25:10.545-0700][gc,heap     ] GC(39) Old regions: 16->16
[2021-11-01T22:25:10.545-0700][gc,heap     ] GC(39) Archive regions: 2->2
[2021-11-01T22:25:10.545-0700][gc,heap     ] GC(39) Humongous regions: 129->129
[2021-11-01T22:25:10.545-0700][gc,metaspace] GC(39) Metaspace: 41148K(41856K)->41148K(41856K) NonClass: 35844K(36288K)->35844K(36288K) Class: 5303K(5568K)->5303K(5568K)
[2021-11-01T22:25:10.545-0700][gc          ] GC(39) Pause Young (Normal) (G1 Evacuation Pause) 199M->147M(1024M) 16.076ms
[2021-11-01T22:25:10.545-0700][gc,cpu      ] GC(39) User=0.03s Sys=0.02s Real=0.02s
[2021-11-01T22:26:48.850-0700][gc,start    ] GC(40) Pause Young (Normal) (G1 Evacuation Pause)
[2021-11-01T22:26:48.855-0700][gc,task     ] GC(40) Using 8 workers of 8 for evacuation
[2021-11-01T22:26:48.920-0700][gc,mmu      ] GC(40) MMU target violated: 21.0ms (20.0ms/21.0ms)
[2021-11-01T22:26:48.920-0700][gc,phases   ] GC(40)   Pre Evacuate Collection Set: 7.7ms
[2021-11-01T22:26:48.920-0700][gc,phases   ] GC(40)   Merge Heap Roots: 0.5ms
[2021-11-01T22:26:48.920-0700][gc,phases   ] GC(40)   Evacuate Collection Set: 53.4ms
[2021-11-01T22:26:48.921-0700][gc,phases   ] GC(40)   Post Evacuate Collection Set: 2.3ms
[2021-11-01T22:26:48.921-0700][gc,phases   ] GC(40)   Other: 8.4ms
[2021-11-01T22:26:48.921-0700][gc,heap     ] GC(40) Eden regions: 273->0(47)
[2021-11-01T22:26:48.921-0700][gc,heap     ] GC(40) Survivor regions: 3->4(35)
[2021-11-01T22:26:48.921-0700][gc,heap     ] GC(40) Old regions: 16->16
[2021-11-01T22:26:48.921-0700][gc,heap     ] GC(40) Archive regions: 2->2
[2021-11-01T22:26:48.921-0700][gc,heap     ] GC(40) Humongous regions: 129->129
[2021-11-01T22:26:48.921-0700][gc,metaspace] GC(40) Metaspace: 41152K(41856K)->41152K(41856K) NonClass: 35848K(36288K)->35848K(36288K) Class: 5303K(5568K)->5303K(5568K)
[2021-11-01T22:26:48.921-0700][gc          ] GC(40) Pause Young (Normal) (G1 Evacuation Pause) 420M->148M(1024M) 72.278ms
[2021-11-01T22:26:48.921-0700][gc,cpu      ] GC(40) User=0.02s Sys=0.08s Real=0.08s
[2021-11-01T22:27:05.689-0700][gc,start    ] GC(41) Pause Young (Normal) (G1 Evacuation Pause)
[2021-11-01T22:27:05.689-0700][gc,task     ] GC(41) Using 8 workers of 8 for evacuation
[2021-11-01T22:27:05.751-0700][gc,mmu      ] GC(41) MMU target violated: 21.0ms (20.0ms/21.0ms)
[2021-11-01T22:27:05.751-0700][gc,phases   ] GC(41)   Pre Evacuate Collection Set: 0.6ms
[2021-11-01T22:27:05.751-0700][gc,phases   ] GC(41)   Merge Heap Roots: 0.1ms
[2021-11-01T22:27:05.751-0700][gc,phases   ] GC(41)   Evacuate Collection Set: 61.2ms
[2021-11-01T22:27:05.751-0700][gc,phases   ] GC(41)   Post Evacuate Collection Set: 0.3ms
[2021-11-01T22:27:05.751-0700][gc,phases   ] GC(41)   Other: 0.4ms
[2021-11-01T22:27:05.751-0700][gc,heap     ] GC(41) Eden regions: 47->0(47)
[2021-11-01T22:27:05.751-0700][gc,heap     ] GC(41) Survivor regions: 4->4(7)
[2021-11-01T22:27:05.751-0700][gc,heap     ] GC(41) Old regions: 16->16
[2021-11-01T22:27:05.751-0700][gc,heap     ] GC(41) Archive regions: 2->2
[2021-11-01T22:27:05.751-0700][gc,heap     ] GC(41) Humongous regions: 129->129
[2021-11-01T22:27:05.751-0700][gc,metaspace] GC(41) Metaspace: 41152K(41856K)->41152K(41856K) NonClass: 35848K(36288K)->35848K(36288K) Class: 5303K(5568K)->5303K(5568K)
[2021-11-01T22:27:05.752-0700][gc          ] GC(41) Pause Young (Normal) (G1 Evacuation Pause) 195M->148M(1024M) 62.752ms
[2021-11-01T22:27:05.752-0700][gc,cpu      ] GC(41) User=0.05s Sys=0.04s Real=0.07s
[2021-11-01T22:27:22.494-0700][gc,start    ] GC(42) Pause Young (Normal) (G1 Evacuation Pause)
[2021-11-01T22:27:22.495-0700][gc,task     ] GC(42) Using 8 workers of 8 for evacuation
[2021-11-01T22:27:22.504-0700][gc,phases   ] GC(42)   Pre Evacuate Collection Set: 0.4ms
[2021-11-01T22:27:22.504-0700][gc,phases   ] GC(42)   Merge Heap Roots: 0.1ms
[2021-11-01T22:27:22.504-0700][gc,phases   ] GC(42)   Evacuate Collection Set: 8.3ms
[2021-11-01T22:27:22.504-0700][gc,phases   ] GC(42)   Post Evacuate Collection Set: 0.6ms
[2021-11-01T22:27:22.504-0700][gc,phases   ] GC(42)   Other: 0.5ms
[2021-11-01T22:27:22.504-0700][gc,heap     ] GC(42) Eden regions: 47->0(80)
[2021-11-01T22:27:22.504-0700][gc,heap     ] GC(42) Survivor regions: 4->4(7)
[2021-11-01T22:27:22.505-0700][gc,heap     ] GC(42) Old regions: 16->16
[2021-11-01T22:27:22.505-0700][gc,heap     ] GC(42) Archive regions: 2->2
[2021-11-01T22:27:22.505-0700][gc,heap     ] GC(42) Humongous regions: 129->129
[2021-11-01T22:27:22.505-0700][gc,metaspace] GC(42) Metaspace: 41155K(41856K)->41155K(41856K) NonClass: 35851K(36288K)->35851K(36288K) Class: 5303K(5568K)->5303K(5568K)
[2021-11-01T22:27:22.505-0700][gc          ] GC(42) Pause Young (Normal) (G1 Evacuation Pause) 195M->148M(1024M) 10.274ms
[2021-11-01T22:27:22.505-0700][gc,cpu      ] GC(42) User=0.02s Sys=0.01s Real=0.01s
[2021-11-01T22:27:51.277-0700][gc,start    ] GC(43) Pause Young (Normal) (G1 Evacuation Pause)
[2021-11-01T22:27:51.294-0700][gc,task     ] GC(43) Using 8 workers of 8 for evacuation
[2021-11-01T22:27:51.309-0700][gc,phases   ] GC(43)   Pre Evacuate Collection Set: 0.4ms
[2021-11-01T22:27:51.313-0700][gc,phases   ] GC(43)   Merge Heap Roots: 0.1ms
[2021-11-01T22:27:51.313-0700][gc,phases   ] GC(43)   Evacuate Collection Set: 13.7ms
[2021-11-01T22:27:51.313-0700][gc,phases   ] GC(43)   Post Evacuate Collection Set: 0.6ms
[2021-11-01T22:27:51.313-0700][gc,phases   ] GC(43)   Other: 17.5ms
[2021-11-01T22:27:51.313-0700][gc,heap     ] GC(43) Eden regions: 80->0(191)
[2021-11-01T22:27:51.313-0700][gc,heap     ] GC(43) Survivor regions: 4->4(11)
[2021-11-01T22:27:51.313-0700][gc,heap     ] GC(43) Old regions: 16->16
[2021-11-01T22:27:51.313-0700][gc,heap     ] GC(43) Archive regions: 2->2
[2021-11-01T22:27:51.313-0700][gc,heap     ] GC(43) Humongous regions: 129->129
[2021-11-01T22:27:51.313-0700][gc,metaspace] GC(43) Metaspace: 41155K(41856K)->41155K(41856K) NonClass: 35851K(36288K)->35851K(36288K) Class: 5303K(5568K)->5303K(5568K)
[2021-11-01T22:27:51.313-0700][gc          ] GC(43) Pause Young (Normal) (G1 Evacuation Pause) 228M->148M(1024M) 36.337ms
[2021-11-01T22:27:51.313-0700][gc,cpu      ] GC(43) User=0.03s Sys=0.01s Real=0.04s
[2021-11-01T22:28:59.946-0700][gc,start    ] GC(44) Pause Young (Normal) (G1 Evacuation Pause)
[2021-11-01T22:28:59.949-0700][gc,task     ] GC(44) Using 8 workers of 8 for evacuation
[2021-11-01T22:28:59.984-0700][gc,mmu      ] GC(44) MMU target violated: 21.0ms (20.0ms/21.0ms)
[2021-11-01T22:28:59.985-0700][gc,phases   ] GC(44)   Pre Evacuate Collection Set: 4.7ms
[2021-11-01T22:28:59.985-0700][gc,phases   ] GC(44)   Merge Heap Roots: 0.6ms
[2021-11-01T22:28:59.985-0700][gc,phases   ] GC(44)   Evacuate Collection Set: 27.5ms
[2021-11-01T22:28:59.985-0700][gc,phases   ] GC(44)   Post Evacuate Collection Set: 2.2ms
[2021-11-01T22:28:59.985-0700][gc,phases   ] GC(44)   Other: 3.6ms
[2021-11-01T22:28:59.985-0700][gc,heap     ] GC(44) Eden regions: 191->0(240)
[2021-11-01T22:28:59.985-0700][gc,heap     ] GC(44) Survivor regions: 4->3(25)
[2021-11-01T22:28:59.985-0700][gc,heap     ] GC(44) Old regions: 16->16
[2021-11-01T22:28:59.985-0700][gc,heap     ] GC(44) Archive regions: 2->2
[2021-11-01T22:28:59.985-0700][gc,heap     ] GC(44) Humongous regions: 129->129
[2021-11-01T22:28:59.985-0700][gc,metaspace] GC(44) Metaspace: 41157K(41856K)->41157K(41856K) NonClass: 35853K(36288K)->35853K(36288K) Class: 5303K(5568K)->5303K(5568K)
[2021-11-01T22:28:59.985-0700][gc          ] GC(44) Pause Young (Normal) (G1 Evacuation Pause) 339M->147M(1024M) 38.768ms
[2021-11-01T22:28:59.985-0700][gc,cpu      ] GC(44) User=0.01s Sys=0.04s Real=0.04s
[2021-11-01T22:30:26.126-0700][gc,start    ] GC(45) Pause Young (Normal) (G1 Evacuation Pause)
[2021-11-01T22:30:26.127-0700][gc,task     ] GC(45) Using 8 workers of 8 for evacuation
[2021-11-01T22:30:26.174-0700][gc,mmu      ] GC(45) MMU target violated: 21.0ms (20.0ms/21.0ms)
[2021-11-01T22:30:26.174-0700][gc,phases   ] GC(45)   Pre Evacuate Collection Set: 5.1ms
[2021-11-01T22:30:26.174-0700][gc,phases   ] GC(45)   Merge Heap Roots: 0.1ms
[2021-11-01T22:30:26.174-0700][gc,phases   ] GC(45)   Evacuate Collection Set: 34.1ms
[2021-11-01T22:30:26.174-0700][gc,phases   ] GC(45)   Post Evacuate Collection Set: 7.1ms
[2021-11-01T22:30:26.174-0700][gc,phases   ] GC(45)   Other: 1.5ms
[2021-11-01T22:30:26.174-0700][gc,heap     ] GC(45) Eden regions: 240->0(47)
[2021-11-01T22:30:26.174-0700][gc,heap     ] GC(45) Survivor regions: 3->4(31)
[2021-11-01T22:30:26.174-0700][gc,heap     ] GC(45) Old regions: 16->16
[2021-11-01T22:30:26.174-0700][gc,heap     ] GC(45) Archive regions: 2->2
[2021-11-01T22:30:26.174-0700][gc,heap     ] GC(45) Humongous regions: 129->129
[2021-11-01T22:30:26.174-0700][gc,metaspace] GC(45) Metaspace: 41159K(41856K)->41159K(41856K) NonClass: 35855K(36288K)->35855K(36288K) Class: 5303K(5568K)->5303K(5568K)
[2021-11-01T22:30:26.174-0700][gc          ] GC(45) Pause Young (Normal) (G1 Evacuation Pause) 387M->149M(1024M) 47.943ms
[2021-11-01T22:30:26.174-0700][gc,cpu      ] GC(45) User=0.01s Sys=0.02s Real=0.05s
[2021-11-01T22:30:42.762-0700][gc,start    ] GC(46) Pause Young (Normal) (G1 Evacuation Pause)
[2021-11-01T22:30:42.763-0700][gc,task     ] GC(46) Using 8 workers of 8 for evacuation
[2021-11-01T22:30:42.798-0700][gc,mmu      ] GC(46) MMU target violated: 21.0ms (20.0ms/21.0ms)
[2021-11-01T22:30:42.798-0700][gc,phases   ] GC(46)   Pre Evacuate Collection Set: 1.2ms
[2021-11-01T22:30:42.798-0700][gc,phases   ] GC(46)   Merge Heap Roots: 0.1ms
[2021-11-01T22:30:42.798-0700][gc,phases   ] GC(46)   Evacuate Collection Set: 32.8ms
[2021-11-01T22:30:42.798-0700][gc,phases   ] GC(46)   Post Evacuate Collection Set: 0.9ms
[2021-11-01T22:30:42.798-0700][gc,phases   ] GC(46)   Other: 0.9ms
[2021-11-01T22:30:42.798-0700][gc,heap     ] GC(46) Eden regions: 47->0(69)
[2021-11-01T22:30:42.798-0700][gc,heap     ] GC(46) Survivor regions: 4->4(7)
[2021-11-01T22:30:42.798-0700][gc,heap     ] GC(46) Old regions: 16->16
[2021-11-01T22:30:42.798-0700][gc,heap     ] GC(46) Archive regions: 2->2
[2021-11-01T22:30:42.799-0700][gc,heap     ] GC(46) Humongous regions: 129->129
[2021-11-01T22:30:42.799-0700][gc,metaspace] GC(46) Metaspace: 41162K(41856K)->41162K(41856K) NonClass: 35859K(36288K)->35859K(36288K) Class: 5303K(5568K)->5303K(5568K)
[2021-11-01T22:30:42.799-0700][gc          ] GC(46) Pause Young (Normal) (G1 Evacuation Pause) 196M->149M(1024M) 36.229ms
[2021-11-01T22:30:42.799-0700][gc,cpu      ] GC(46) User=0.02s Sys=0.03s Real=0.03s
[2021-11-01T22:31:07.267-0700][gc,start    ] GC(47) Pause Young (Normal) (G1 Evacuation Pause)
[2021-11-01T22:31:07.268-0700][gc,task     ] GC(47) Using 8 workers of 8 for evacuation
[2021-11-01T22:31:07.286-0700][gc,phases   ] GC(47)   Pre Evacuate Collection Set: 2.9ms
[2021-11-01T22:31:07.286-0700][gc,phases   ] GC(47)   Merge Heap Roots: 0.1ms
[2021-11-01T22:31:07.286-0700][gc,phases   ] GC(47)   Evacuate Collection Set: 13.8ms
[2021-11-01T22:31:07.286-0700][gc,phases   ] GC(47)   Post Evacuate Collection Set: 0.8ms
[2021-11-01T22:31:07.286-0700][gc,phases   ] GC(47)   Other: 0.6ms
[2021-11-01T22:31:07.286-0700][gc,heap     ] GC(47) Eden regions: 69->0(156)
[2021-11-01T22:31:07.286-0700][gc,heap     ] GC(47) Survivor regions: 4->4(10)
[2021-11-01T22:31:07.286-0700][gc,heap     ] GC(47) Old regions: 16->16
[2021-11-01T22:31:07.286-0700][gc,heap     ] GC(47) Archive regions: 2->2
[2021-11-01T22:31:07.286-0700][gc,heap     ] GC(47) Humongous regions: 129->129
[2021-11-01T22:31:07.286-0700][gc,metaspace] GC(47) Metaspace: 41177K(41856K)->41177K(41856K) NonClass: 35873K(36288K)->35873K(36288K) Class: 5303K(5568K)->5303K(5568K)
[2021-11-01T22:31:07.286-0700][gc          ] GC(47) Pause Young (Normal) (G1 Evacuation Pause) 218M->148M(1024M) 18.517ms
[2021-11-01T22:31:07.286-0700][gc,cpu      ] GC(47) User=0.03s Sys=0.02s Real=0.02s
[2021-11-01T22:32:03.383-0700][gc,start    ] GC(48) Pause Young (Normal) (G1 Evacuation Pause)
[2021-11-01T22:32:03.384-0700][gc,task     ] GC(48) Using 8 workers of 8 for evacuation
[2021-11-01T22:32:03.429-0700][gc,mmu      ] GC(48) MMU target violated: 21.0ms (20.0ms/21.0ms)
[2021-11-01T22:32:03.429-0700][gc,phases   ] GC(48)   Pre Evacuate Collection Set: 1.3ms
[2021-11-01T22:32:03.429-0700][gc,phases   ] GC(48)   Merge Heap Roots: 0.6ms
[2021-11-01T22:32:03.429-0700][gc,phases   ] GC(48)   Evacuate Collection Set: 40.8ms
[2021-11-01T22:32:03.429-0700][gc,phases   ] GC(48)   Post Evacuate Collection Set: 2.7ms
[2021-11-01T22:32:03.430-0700][gc,phases   ] GC(48)   Other: 1.8ms
[2021-11-01T22:32:03.430-0700][gc,heap     ] GC(48) Eden regions: 156->0(47)
[2021-11-01T22:32:03.430-0700][gc,heap     ] GC(48) Survivor regions: 4->4(20)
[2021-11-01T22:32:03.430-0700][gc,heap     ] GC(48) Old regions: 16->16
[2021-11-01T22:32:03.430-0700][gc,heap     ] GC(48) Archive regions: 2->2
[2021-11-01T22:32:03.430-0700][gc,heap     ] GC(48) Humongous regions: 129->129
[2021-11-01T22:32:03.430-0700][gc,metaspace] GC(48) Metaspace: 41177K(41856K)->41177K(41856K) NonClass: 35873K(36288K)->35873K(36288K) Class: 5303K(5568K)->5303K(5568K)
[2021-11-01T22:32:03.430-0700][gc          ] GC(48) Pause Young (Normal) (G1 Evacuation Pause) 304M->149M(1024M) 47.432ms
[2021-11-01T22:32:03.430-0700][gc,cpu      ] GC(48) User=0.02s Sys=0.06s Real=0.05s
[2021-11-01T22:32:20.103-0700][gc,start    ] GC(49) Pause Young (Normal) (G1 Evacuation Pause)
[2021-11-01T22:32:20.148-0700][gc,task     ] GC(49) Using 8 workers of 8 for evacuation
[2021-11-01T22:32:20.165-0700][gc,phases   ] GC(49)   Pre Evacuate Collection Set: 0.3ms
[2021-11-01T22:32:20.166-0700][gc,phases   ] GC(49)   Merge Heap Roots: 0.1ms
[2021-11-01T22:32:20.166-0700][gc,phases   ] GC(49)   Evacuate Collection Set: 16.1ms
[2021-11-01T22:32:20.166-0700][gc,phases   ] GC(49)   Post Evacuate Collection Set: 0.4ms
[2021-11-01T22:32:20.166-0700][gc,phases   ] GC(49)   Other: 45.6ms
[2021-11-01T22:32:20.166-0700][gc,heap     ] GC(49) Eden regions: 47->0(229)
[2021-11-01T22:32:20.166-0700][gc,heap     ] GC(49) Survivor regions: 4->3(7)
[2021-11-01T22:32:20.166-0700][gc,heap     ] GC(49) Old regions: 16->16
[2021-11-01T22:32:20.166-0700][gc,heap     ] GC(49) Archive regions: 2->2
[2021-11-01T22:32:20.166-0700][gc,heap     ] GC(49) Humongous regions: 129->129
[2021-11-01T22:32:20.166-0700][gc,metaspace] GC(49) Metaspace: 41177K(41856K)->41177K(41856K) NonClass: 35873K(36288K)->35873K(36288K) Class: 5303K(5568K)->5303K(5568K)
[2021-11-01T22:32:20.166-0700][gc          ] GC(49) Pause Young (Normal) (G1 Evacuation Pause) 196M->148M(1024M) 62.688ms
[2021-11-01T22:32:20.166-0700][gc,cpu      ] GC(49) User=0.02s Sys=0.02s Real=0.06s
[2021-11-01T22:33:42.788-0700][gc,start    ] GC(50) Pause Young (Normal) (G1 Evacuation Pause)
[2021-11-01T22:33:42.790-0700][gc,task     ] GC(50) Using 8 workers of 8 for evacuation
[2021-11-01T22:33:42.826-0700][gc,mmu      ] GC(50) MMU target violated: 21.0ms (20.0ms/21.0ms)
[2021-11-01T22:33:42.826-0700][gc,phases   ] GC(50)   Pre Evacuate Collection Set: 3.4ms
[2021-11-01T22:33:42.827-0700][gc,phases   ] GC(50)   Merge Heap Roots: 0.8ms
[2021-11-01T22:33:42.827-0700][gc,phases   ] GC(50)   Evacuate Collection Set: 29.2ms
[2021-11-01T22:33:42.827-0700][gc,phases   ] GC(50)   Post Evacuate Collection Set: 2.7ms
[2021-11-01T22:33:42.827-0700][gc,phases   ] GC(50)   Other: 3.3ms
[2021-11-01T22:33:42.827-0700][gc,heap     ] GC(50) Eden regions: 229->0(46)
[2021-11-01T22:33:42.827-0700][gc,heap     ] GC(50) Survivor regions: 3->5(29)
[2021-11-01T22:33:42.827-0700][gc,heap     ] GC(50) Old regions: 16->16
[2021-11-01T22:33:42.827-0700][gc,heap     ] GC(50) Archive regions: 2->2
[2021-11-01T22:33:42.827-0700][gc,heap     ] GC(50) Humongous regions: 129->129
[2021-11-01T22:33:42.827-0700][gc,metaspace] GC(50) Metaspace: 41180K(41856K)->41180K(41856K) NonClass: 35876K(36288K)->35876K(36288K) Class: 5303K(5568K)->5303K(5568K)
[2021-11-01T22:33:42.827-0700][gc          ] GC(50) Pause Young (Normal) (G1 Evacuation Pause) 377M->149M(1024M) 39.167ms
[2021-11-01T22:33:42.827-0700][gc,cpu      ] GC(50) User=0.03s Sys=0.05s Real=0.04s
[2021-11-01T22:33:59.184-0700][gc,start    ] GC(51) Pause Young (Normal) (G1 Evacuation Pause)
[2021-11-01T22:33:59.185-0700][gc,task     ] GC(51) Using 8 workers of 8 for evacuation
[2021-11-01T22:33:59.196-0700][gc,phases   ] GC(51)   Pre Evacuate Collection Set: 0.2ms
[2021-11-01T22:33:59.196-0700][gc,phases   ] GC(51)   Merge Heap Roots: 0.1ms
[2021-11-01T22:33:59.196-0700][gc,phases   ] GC(51)   Evacuate Collection Set: 10.0ms
[2021-11-01T22:33:59.196-0700][gc,phases   ] GC(51)   Post Evacuate Collection Set: 1.1ms
[2021-11-01T22:33:59.197-0700][gc,phases   ] GC(51)   Other: 1.2ms
[2021-11-01T22:33:59.197-0700][gc,heap     ] GC(51) Eden regions: 46->0(243)
[2021-11-01T22:33:59.197-0700][gc,heap     ] GC(51) Survivor regions: 5->4(7)
[2021-11-01T22:33:59.197-0700][gc,heap     ] GC(51) Old regions: 16->17
[2021-11-01T22:33:59.197-0700][gc,heap     ] GC(51) Archive regions: 2->2
[2021-11-01T22:33:59.197-0700][gc,heap     ] GC(51) Humongous regions: 129->129
[2021-11-01T22:33:59.197-0700][gc,metaspace] GC(51) Metaspace: 41192K(41856K)->41192K(41856K) NonClass: 35888K(36288K)->35888K(36288K) Class: 5303K(5568K)->5303K(5568K)
[2021-11-01T22:33:59.197-0700][gc          ] GC(51) Pause Young (Normal) (G1 Evacuation Pause) 195M->150M(1024M) 13.013ms
[2021-11-01T22:33:59.197-0700][gc,cpu      ] GC(51) User=0.02s Sys=0.01s Real=0.01s
[2021-11-01T22:35:27.017-0700][gc,start    ] GC(52) Pause Young (Normal) (G1 Evacuation Pause)
[2021-11-01T22:35:27.034-0700][gc,task     ] GC(52) Using 8 workers of 8 for evacuation
[2021-11-01T22:35:27.062-0700][gc,mmu      ] GC(52) MMU target violated: 21.0ms (20.0ms/21.0ms)
[2021-11-01T22:35:27.062-0700][gc,phases   ] GC(52)   Pre Evacuate Collection Set: 0.2ms
[2021-11-01T22:35:27.062-0700][gc,phases   ] GC(52)   Merge Heap Roots: 0.1ms
[2021-11-01T22:35:27.062-0700][gc,phases   ] GC(52)   Evacuate Collection Set: 26.6ms
[2021-11-01T22:35:27.062-0700][gc,phases   ] GC(52)   Post Evacuate Collection Set: 0.7ms
[2021-11-01T22:35:27.062-0700][gc,phases   ] GC(52)   Other: 17.3ms
[2021-11-01T22:35:27.062-0700][gc,heap     ] GC(52) Eden regions: 243->0(45)
[2021-11-01T22:35:27.062-0700][gc,heap     ] GC(52) Survivor regions: 4->6(31)
[2021-11-01T22:35:27.062-0700][gc,heap     ] GC(52) Old regions: 17->17
[2021-11-01T22:35:27.062-0700][gc,heap     ] GC(52) Archive regions: 2->2
[2021-11-01T22:35:27.062-0700][gc,heap     ] GC(52) Humongous regions: 129->129
[2021-11-01T22:35:27.062-0700][gc,metaspace] GC(52) Metaspace: 41205K(41856K)->41205K(41856K) NonClass: 35901K(36288K)->35901K(36288K) Class: 5303K(5568K)->5303K(5568K)
[2021-11-01T22:35:27.062-0700][gc          ] GC(52) Pause Young (Normal) (G1 Evacuation Pause) 393M->152M(1024M) 44.970ms
[2021-11-01T22:35:27.062-0700][gc,cpu      ] GC(52) User=0.03s Sys=0.04s Real=0.05s
[2021-11-01T22:35:43.046-0700][gc,start    ] GC(53) Pause Young (Normal) (G1 Evacuation Pause)
[2021-11-01T22:35:43.047-0700][gc,task     ] GC(53) Using 8 workers of 8 for evacuation
[2021-11-01T22:35:43.059-0700][gc,phases   ] GC(53)   Pre Evacuate Collection Set: 0.7ms
[2021-11-01T22:35:43.064-0700][gc,phases   ] GC(53)   Merge Heap Roots: 0.1ms
[2021-11-01T22:35:43.064-0700][gc,phases   ] GC(53)   Evacuate Collection Set: 8.9ms
[2021-11-01T22:35:43.065-0700][gc,phases   ] GC(53)   Post Evacuate Collection Set: 2.1ms
[2021-11-01T22:35:43.065-0700][gc,phases   ] GC(53)   Other: 0.9ms
[2021-11-01T22:35:43.065-0700][gc,heap     ] GC(53) Eden regions: 45->0(121)
[2021-11-01T22:35:43.065-0700][gc,heap     ] GC(53) Survivor regions: 6->5(7)
[2021-11-01T22:35:43.065-0700][gc,heap     ] GC(53) Old regions: 17->19
[2021-11-01T22:35:43.065-0700][gc,heap     ] GC(53) Archive regions: 2->2
[2021-11-01T22:35:43.065-0700][gc,heap     ] GC(53) Humongous regions: 129->129
[2021-11-01T22:35:43.065-0700][gc,metaspace] GC(53) Metaspace: 41206K(41856K)->41206K(41856K) NonClass: 35902K(36288K)->35902K(36288K) Class: 5303K(5568K)->5303K(5568K)
[2021-11-01T22:35:43.065-0700][gc          ] GC(53) Pause Young (Normal) (G1 Evacuation Pause) 197M->152M(1024M) 18.343ms
[2021-11-01T22:35:43.065-0700][gc,cpu      ] GC(53) User=0.02s Sys=0.01s Real=0.02s
[2021-11-01T22:36:22.433-0700][gc,start    ] GC(54) Pause Young (Normal) (G1 Evacuation Pause)
[2021-11-01T22:36:22.433-0700][gc,task     ] GC(54) Using 8 workers of 8 for evacuation
[2021-11-01T22:36:22.451-0700][gc,phases   ] GC(54)   Pre Evacuate Collection Set: 0.7ms
[2021-11-01T22:36:22.451-0700][gc,phases   ] GC(54)   Merge Heap Roots: 0.2ms
[2021-11-01T22:36:22.451-0700][gc,phases   ] GC(54)   Evacuate Collection Set: 15.6ms
[2021-11-01T22:36:22.451-0700][gc,phases   ] GC(54)   Post Evacuate Collection Set: 0.8ms
[2021-11-01T22:36:22.451-0700][gc,phases   ] GC(54)   Other: 1.1ms
[2021-11-01T22:36:22.451-0700][gc,heap     ] GC(54) Eden regions: 110->0(74)
[2021-11-01T22:36:22.451-0700][gc,heap     ] GC(54) Survivor regions: 5->6(15)
[2021-11-01T22:36:22.451-0700][gc,heap     ] GC(54) Old regions: 19->19
[2021-11-01T22:36:22.451-0700][gc,heap     ] GC(54) Archive regions: 2->2
[2021-11-01T22:36:22.451-0700][gc,heap     ] GC(54) Humongous regions: 129->129
[2021-11-01T22:36:22.451-0700][gc,metaspace] GC(54) Metaspace: 41213K(41856K)->41213K(41856K) NonClass: 35909K(36288K)->35909K(36288K) Class: 5303K(5568K)->5303K(5568K)
[2021-11-01T22:36:22.451-0700][gc          ] GC(54) Pause Young (Normal) (G1 Evacuation Pause) 262M->153M(1024M) 18.596ms
[2021-11-01T22:36:22.451-0700][gc,cpu      ] GC(54) User=0.04s Sys=0.02s Real=0.02s
[2021-11-01T22:36:43.328-0700][gc,start    ] GC(55) Pause Young (Normal) (G1 Evacuation Pause)
[2021-11-01T22:36:43.329-0700][gc,task     ] GC(55) Using 8 workers of 8 for evacuation
[2021-11-01T22:36:43.348-0700][gc,phases   ] GC(55)   Pre Evacuate Collection Set: 1.0ms
[2021-11-01T22:36:43.348-0700][gc,phases   ] GC(55)   Merge Heap Roots: 0.8ms
[2021-11-01T22:36:43.348-0700][gc,phases   ] GC(55)   Evacuate Collection Set: 15.7ms
[2021-11-01T22:36:43.348-0700][gc,phases   ] GC(55)   Post Evacuate Collection Set: 1.8ms
[2021-11-01T22:36:43.348-0700][gc,phases   ] GC(55)   Other: 0.8ms
[2021-11-01T22:36:43.348-0700][gc,heap     ] GC(55) Eden regions: 58->0(235)
[2021-11-01T22:36:43.348-0700][gc,heap     ] GC(55) Survivor regions: 6->4(8)
[2021-11-01T22:36:43.348-0700][gc,heap     ] GC(55) Old regions: 19->21
[2021-11-01T22:36:43.348-0700][gc,heap     ] GC(55) Archive regions: 2->2
[2021-11-01T22:36:43.348-0700][gc,heap     ] GC(55) Humongous regions: 129->129
[2021-11-01T22:36:43.348-0700][gc,metaspace] GC(55) Metaspace: 41213K(41856K)->41213K(41856K) NonClass: 35909K(36288K)->35909K(36288K) Class: 5303K(5568K)->5303K(5568K)
[2021-11-01T22:36:43.349-0700][gc          ] GC(55) Pause Young (Normal) (G1 Evacuation Pause) 211M->154M(1024M) 20.380ms
[2021-11-01T22:36:43.349-0700][gc,cpu      ] GC(55) User=0.04s Sys=0.01s Real=0.02s
[2021-11-01T22:37:54.525-0700][gc,start    ] GC(56) Pause Young (Normal) (G1 Evacuation Pause)
[2021-11-01T22:37:54.526-0700][gc,task     ] GC(56) Using 8 workers of 8 for evacuation
[2021-11-01T22:37:54.563-0700][gc,mmu      ] GC(56) MMU target violated: 21.0ms (20.0ms/21.0ms)
[2021-11-01T22:37:54.563-0700][gc,phases   ] GC(56)   Pre Evacuate Collection Set: 2.9ms
[2021-11-01T22:37:54.563-0700][gc,phases   ] GC(56)   Merge Heap Roots: 1.0ms
[2021-11-01T22:37:54.563-0700][gc,phases   ] GC(56)   Evacuate Collection Set: 27.6ms
[2021-11-01T22:37:54.563-0700][gc,phases   ] GC(56)   Post Evacuate Collection Set: 3.7ms
[2021-11-01T22:37:54.563-0700][gc,phases   ] GC(56)   Other: 3.8ms
[2021-11-01T22:37:54.563-0700][gc,heap     ] GC(56) Eden regions: 198->0(45)
[2021-11-01T22:37:54.563-0700][gc,heap     ] GC(56) Survivor regions: 4->6(26)
[2021-11-01T22:37:54.563-0700][gc,heap     ] GC(56) Old regions: 21->21
[2021-11-01T22:37:54.563-0700][gc,heap     ] GC(56) Archive regions: 2->2
[2021-11-01T22:37:54.563-0700][gc,heap     ] GC(56) Humongous regions: 129->129
[2021-11-01T22:37:54.563-0700][gc,metaspace] GC(56) Metaspace: 41215K(41856K)->41215K(41856K) NonClass: 35911K(36288K)->35911K(36288K) Class: 5303K(5568K)->5303K(5568K)
[2021-11-01T22:37:54.563-0700][gc          ] GC(56) Pause Young (Normal) (G1 Evacuation Pause) 352M->156M(1024M) 39.146ms
[2021-11-01T22:37:54.563-0700][gc,cpu      ] GC(56) User=0.04s Sys=0.06s Real=0.04s
[2021-11-01T22:38:10.598-0700][gc,start    ] GC(57) Pause Young (Normal) (G1 Evacuation Pause)
[2021-11-01T22:38:10.599-0700][gc,task     ] GC(57) Using 8 workers of 8 for evacuation
[2021-11-01T22:38:10.617-0700][gc,phases   ] GC(57)   Pre Evacuate Collection Set: 0.3ms
[2021-11-01T22:38:10.617-0700][gc,phases   ] GC(57)   Merge Heap Roots: 0.1ms
[2021-11-01T22:38:10.617-0700][gc,phases   ] GC(57)   Evacuate Collection Set: 15.4ms
[2021-11-01T22:38:10.617-0700][gc,phases   ] GC(57)   Post Evacuate Collection Set: 2.0ms
[2021-11-01T22:38:10.617-0700][gc,phases   ] GC(57)   Other: 0.5ms
[2021-11-01T22:38:10.617-0700][gc,heap     ] GC(57) Eden regions: 45->0(183)
[2021-11-01T22:38:10.617-0700][gc,heap     ] GC(57) Survivor regions: 6->4(7)
[2021-11-01T22:38:10.617-0700][gc,heap     ] GC(57) Old regions: 21->23
[2021-11-01T22:38:10.617-0700][gc,heap     ] GC(57) Archive regions: 2->2
[2021-11-01T22:38:10.617-0700][gc,heap     ] GC(57) Humongous regions: 129->129
[2021-11-01T22:38:10.617-0700][gc,metaspace] GC(57) Metaspace: 41218K(41856K)->41218K(41856K) NonClass: 35914K(36288K)->35914K(36288K) Class: 5303K(5568K)->5303K(5568K)
[2021-11-01T22:38:10.617-0700][gc          ] GC(57) Pause Young (Normal) (G1 Evacuation Pause) 201M->156M(1024M) 18.681ms
[2021-11-01T22:38:10.617-0700][gc,cpu      ] GC(57) User=0.03s Sys=0.01s Real=0.02s
[2021-11-01T22:39:01.532-0700][gc,start    ] GC(58) Pause Young (Normal) (G1 Evacuation Pause)
[2021-11-01T22:39:01.533-0700][gc,task     ] GC(58) Using 8 workers of 8 for evacuation
[2021-11-01T22:39:01.599-0700][gc,mmu      ] GC(58) MMU target violated: 21.0ms (20.0ms/21.0ms)
[2021-11-01T22:39:01.599-0700][gc,phases   ] GC(58)   Pre Evacuate Collection Set: 6.6ms
[2021-11-01T22:39:01.599-0700][gc,phases   ] GC(58)   Merge Heap Roots: 0.8ms
[2021-11-01T22:39:01.599-0700][gc,phases   ] GC(58)   Evacuate Collection Set: 52.8ms
[2021-11-01T22:39:01.599-0700][gc,phases   ] GC(58)   Post Evacuate Collection Set: 2.4ms
[2021-11-01T22:39:01.599-0700][gc,phases   ] GC(58)   Other: 5.6ms
[2021-11-01T22:39:01.599-0700][gc,heap     ] GC(58) Eden regions: 142->0(45)
[2021-11-01T22:39:01.599-0700][gc,heap     ] GC(58) Survivor regions: 4->6(19)
[2021-11-01T22:39:01.599-0700][gc,heap     ] GC(58) Old regions: 23->23
[2021-11-01T22:39:01.599-0700][gc,heap     ] GC(58) Archive regions: 2->2
[2021-11-01T22:39:01.599-0700][gc,heap     ] GC(58) Humongous regions: 129->129
[2021-11-01T22:39:01.599-0700][gc,metaspace] GC(58) Metaspace: 41218K(41856K)->41218K(41856K) NonClass: 35914K(36288K)->35914K(36288K) Class: 5303K(5568K)->5303K(5568K)
[2021-11-01T22:39:01.599-0700][gc          ] GC(58) Pause Young (Normal) (G1 Evacuation Pause) 298M->158M(1024M) 68.152ms
[2021-11-01T22:39:01.599-0700][gc,cpu      ] GC(58) User=0.02s Sys=0.03s Real=0.06s
[2021-11-01T22:39:17.696-0700][gc,start    ] GC(59) Pause Young (Normal) (G1 Evacuation Pause)
[2021-11-01T22:39:17.696-0700][gc,task     ] GC(59) Using 8 workers of 8 for evacuation
[2021-11-01T22:39:17.716-0700][gc,phases   ] GC(59)   Pre Evacuate Collection Set: 0.3ms
[2021-11-01T22:39:17.716-0700][gc,phases   ] GC(59)   Merge Heap Roots: 0.1ms
[2021-11-01T22:39:17.716-0700][gc,phases   ] GC(59)   Evacuate Collection Set: 17.7ms
[2021-11-01T22:39:17.716-0700][gc,phases   ] GC(59)   Post Evacuate Collection Set: 1.4ms
[2021-11-01T22:39:17.716-0700][gc,phases   ] GC(59)   Other: 0.5ms
[2021-11-01T22:39:17.716-0700][gc,heap     ] GC(59) Eden regions: 45->0(173)
[2021-11-01T22:39:17.716-0700][gc,heap     ] GC(59) Survivor regions: 6->4(7)
[2021-11-01T22:39:17.716-0700][gc,heap     ] GC(59) Old regions: 23->25
[2021-11-01T22:39:17.716-0700][gc,heap     ] GC(59) Archive regions: 2->2
[2021-11-01T22:39:17.716-0700][gc,heap     ] GC(59) Humongous regions: 129->129
[2021-11-01T22:39:17.716-0700][gc,metaspace] GC(59) Metaspace: 41218K(41856K)->41218K(41856K) NonClass: 35914K(36288K)->35914K(36288K) Class: 5303K(5568K)->5303K(5568K)
[2021-11-01T22:39:17.716-0700][gc          ] GC(59) Pause Young (Normal) (G1 Evacuation Pause) 203M->158M(1024M) 20.247ms
[2021-11-01T22:39:17.716-0700][gc,cpu      ] GC(59) User=0.03s Sys=0.02s Real=0.02s
[2021-11-01T22:40:05.767-0700][gc,start    ] GC(60) Pause Young (Normal) (G1 Evacuation Pause)
[2021-11-01T22:40:05.781-0700][gc,task     ] GC(60) Using 8 workers of 8 for evacuation
[2021-11-01T22:40:05.824-0700][gc,mmu      ] GC(60) MMU target violated: 21.0ms (20.0ms/21.0ms)
[2021-11-01T22:40:05.824-0700][gc,phases   ] GC(60)   Pre Evacuate Collection Set: 3.7ms
[2021-11-01T22:40:05.824-0700][gc,phases   ] GC(60)   Merge Heap Roots: 0.2ms
[2021-11-01T22:40:05.824-0700][gc,phases   ] GC(60)   Evacuate Collection Set: 33.4ms
[2021-11-01T22:40:05.824-0700][gc,phases   ] GC(60)   Post Evacuate Collection Set: 3.6ms
[2021-11-01T22:40:05.824-0700][gc,phases   ] GC(60)   Other: 15.7ms
[2021-11-01T22:40:05.824-0700][gc,heap     ] GC(60) Eden regions: 134->0(133)
[2021-11-01T22:40:05.824-0700][gc,heap     ] GC(60) Survivor regions: 4->5(18)
[2021-11-01T22:40:05.824-0700][gc,heap     ] GC(60) Old regions: 25->25
[2021-11-01T22:40:05.824-0700][gc,heap     ] GC(60) Archive regions: 2->2
[2021-11-01T22:40:05.824-0700][gc,heap     ] GC(60) Humongous regions: 129->129
[2021-11-01T22:40:05.824-0700][gc,metaspace] GC(60) Metaspace: 41218K(41856K)->41218K(41856K) NonClass: 35914K(36288K)->35914K(36288K) Class: 5303K(5568K)->5303K(5568K)
[2021-11-01T22:40:05.824-0700][gc          ] GC(60) Pause Young (Normal) (G1 Evacuation Pause) 292M->158M(1024M) 56.727ms
[2021-11-01T22:40:05.824-0700][gc,cpu      ] GC(60) User=0.04s Sys=0.06s Real=0.06s
[2021-11-01T22:40:53.557-0700][gc,start    ] GC(61) Pause Young (Normal) (G1 Evacuation Pause)
[2021-11-01T22:40:53.558-0700][gc,task     ] GC(61) Using 8 workers of 8 for evacuation
[2021-11-01T22:40:53.593-0700][gc,mmu      ] GC(61) MMU target violated: 21.0ms (20.0ms/21.0ms)
[2021-11-01T22:40:53.593-0700][gc,phases   ] GC(61)   Pre Evacuate Collection Set: 3.9ms
[2021-11-01T22:40:53.593-0700][gc,phases   ] GC(61)   Merge Heap Roots: 2.0ms
[2021-11-01T22:40:53.593-0700][gc,phases   ] GC(61)   Evacuate Collection Set: 24.5ms
[2021-11-01T22:40:53.593-0700][gc,phases   ] GC(61)   Post Evacuate Collection Set: 3.3ms
[2021-11-01T22:40:53.593-0700][gc,phases   ] GC(61)   Other: 2.5ms
[2021-11-01T22:40:53.593-0700][gc,heap     ] GC(61) Eden regions: 133->0(44)
[2021-11-01T22:40:53.593-0700][gc,heap     ] GC(61) Survivor regions: 5->7(18)
[2021-11-01T22:40:53.593-0700][gc,heap     ] GC(61) Old regions: 25->25
[2021-11-01T22:40:53.593-0700][gc,heap     ] GC(61) Archive regions: 2->2
[2021-11-01T22:40:53.593-0700][gc,heap     ] GC(61) Humongous regions: 129->129
[2021-11-01T22:40:53.593-0700][gc,metaspace] GC(61) Metaspace: 41221K(41856K)->41221K(41856K) NonClass: 35917K(36288K)->35917K(36288K) Class: 5303K(5568K)->5303K(5568K)
[2021-11-01T22:40:53.593-0700][gc          ] GC(61) Pause Young (Normal) (G1 Evacuation Pause) 291M->160M(1024M) 35.892ms
[2021-11-01T22:40:53.593-0700][gc,cpu      ] GC(61) User=0.04s Sys=0.05s Real=0.04s
[2021-11-01T22:41:09.289-0700][gc,start    ] GC(62) Pause Young (Normal) (G1 Evacuation Pause)
[2021-11-01T22:41:09.290-0700][gc,task     ] GC(62) Using 8 workers of 8 for evacuation
[2021-11-01T22:41:09.308-0700][gc,phases   ] GC(62)   Pre Evacuate Collection Set: 0.7ms
[2021-11-01T22:41:09.308-0700][gc,phases   ] GC(62)   Merge Heap Roots: 0.1ms
[2021-11-01T22:41:09.308-0700][gc,phases   ] GC(62)   Evacuate Collection Set: 15.5ms
[2021-11-01T22:41:09.308-0700][gc,phases   ] GC(62)   Post Evacuate Collection Set: 2.0ms
[2021-11-01T22:41:09.308-0700][gc,phases   ] GC(62)   Other: 0.6ms
[2021-11-01T22:41:09.308-0700][gc,heap     ] GC(62) Eden regions: 44->0(268)
[2021-11-01T22:41:09.308-0700][gc,heap     ] GC(62) Survivor regions: 7->3(7)
[2021-11-01T22:41:09.308-0700][gc,heap     ] GC(62) Old regions: 25->29
[2021-11-01T22:41:09.308-0700][gc,heap     ] GC(62) Archive regions: 2->2
[2021-11-01T22:41:09.308-0700][gc,heap     ] GC(62) Humongous regions: 129->129
[2021-11-01T22:41:09.308-0700][gc,metaspace] GC(62) Metaspace: 41221K(41856K)->41221K(41856K) NonClass: 35917K(36288K)->35917K(36288K) Class: 5303K(5568K)->5303K(5568K)
[2021-11-01T22:41:09.309-0700][gc          ] GC(62) Pause Young (Normal) (G1 Evacuation Pause) 204M->160M(1024M) 19.225ms
[2021-11-01T22:41:09.309-0700][gc,cpu      ] GC(62) User=0.04s Sys=0.02s Real=0.02s
[2021-11-01T22:42:27.060-0700][gc,start    ] GC(63) Pause Young (Normal) (G1 Evacuation Pause)
[2021-11-01T22:42:27.061-0700][gc,task     ] GC(63) Using 8 workers of 8 for evacuation
[2021-11-01T22:42:27.160-0700][gc,mmu      ] GC(63) MMU target violated: 21.0ms (20.0ms/21.0ms)
[2021-11-01T22:42:27.160-0700][gc,phases   ] GC(63)   Pre Evacuate Collection Set: 9.8ms
[2021-11-01T22:42:27.160-0700][gc,phases   ] GC(63)   Merge Heap Roots: 2.5ms
[2021-11-01T22:42:27.160-0700][gc,phases   ] GC(63)   Evacuate Collection Set: 81.9ms
[2021-11-01T22:42:27.160-0700][gc,phases   ] GC(63)   Post Evacuate Collection Set: 4.3ms
[2021-11-01T22:42:27.160-0700][gc,phases   ] GC(63)   Other: 1.8ms
[2021-11-01T22:42:27.160-0700][gc,heap     ] GC(63) Eden regions: 216->0(46)
[2021-11-01T22:42:27.160-0700][gc,heap     ] GC(63) Survivor regions: 3->5(28)
[2021-11-01T22:42:27.160-0700][gc,heap     ] GC(63) Old regions: 29->29
[2021-11-01T22:42:27.160-0700][gc,heap     ] GC(63) Archive regions: 2->2
[2021-11-01T22:42:27.160-0700][gc,heap     ] GC(63) Humongous regions: 129->129
[2021-11-01T22:42:27.160-0700][gc,metaspace] GC(63) Metaspace: 41223K(41856K)->41223K(41856K) NonClass: 35919K(36288K)->35919K(36288K) Class: 5303K(5568K)->5303K(5568K)
[2021-11-01T22:42:27.160-0700][gc          ] GC(63) Pause Young (Normal) (G1 Evacuation Pause) 376M->162M(1024M) 100.394ms
[2021-11-01T22:42:27.160-0700][gc,cpu      ] GC(63) User=0.04s Sys=0.10s Real=0.10s
[2021-11-01T22:42:43.559-0700][gc,start    ] GC(64) Pause Young (Normal) (G1 Evacuation Pause)
[2021-11-01T22:42:43.560-0700][gc,task     ] GC(64) Using 8 workers of 8 for evacuation
[2021-11-01T22:42:43.582-0700][gc,mmu      ] GC(64) MMU target violated: 21.0ms (20.0ms/21.0ms)
[2021-11-01T22:42:43.582-0700][gc,phases   ] GC(64)   Pre Evacuate Collection Set: 0.3ms
[2021-11-01T22:42:43.582-0700][gc,phases   ] GC(64)   Merge Heap Roots: 0.1ms
[2021-11-01T22:42:43.583-0700][gc,phases   ] GC(64)   Evacuate Collection Set: 21.4ms
[2021-11-01T22:42:43.583-0700][gc,phases   ] GC(64)   Post Evacuate Collection Set: 0.9ms
[2021-11-01T22:42:43.583-0700][gc,phases   ] GC(64)   Other: 0.4ms
[2021-11-01T22:42:43.583-0700][gc,heap     ] GC(64) Eden regions: 46->0(47)
[2021-11-01T22:42:43.583-0700][gc,heap     ] GC(64) Survivor regions: 5->4(7)
[2021-11-01T22:42:43.583-0700][gc,heap     ] GC(64) Old regions: 29->30
[2021-11-01T22:42:43.583-0700][gc,heap     ] GC(64) Archive regions: 2->2
[2021-11-01T22:42:43.583-0700][gc,heap     ] GC(64) Humongous regions: 129->129
[2021-11-01T22:42:43.583-0700][gc,metaspace] GC(64) Metaspace: 41223K(41856K)->41223K(41856K) NonClass: 35919K(36288K)->35919K(36288K) Class: 5303K(5568K)->5303K(5568K)
[2021-11-01T22:42:43.583-0700][gc          ] GC(64) Pause Young (Normal) (G1 Evacuation Pause) 208M->163M(1024M) 23.315ms
[2021-11-01T22:42:43.583-0700][gc,cpu      ] GC(64) User=0.03s Sys=0.02s Real=0.03s
[2021-11-01T22:43:01.008-0700][gc,start    ] GC(65) Pause Young (Normal) (G1 Evacuation Pause)
[2021-11-01T22:43:01.008-0700][gc,task     ] GC(65) Using 8 workers of 8 for evacuation
[2021-11-01T22:43:01.089-0700][gc,mmu      ] GC(65) MMU target violated: 21.0ms (20.0ms/21.0ms)
[2021-11-01T22:43:01.089-0700][gc,phases   ] GC(65)   Pre Evacuate Collection Set: 4.6ms
[2021-11-01T22:43:01.089-0700][gc,phases   ] GC(65)   Merge Heap Roots: 0.2ms
[2021-11-01T22:43:01.089-0700][gc,phases   ] GC(65)   Evacuate Collection Set: 73.7ms
[2021-11-01T22:43:01.089-0700][gc,phases   ] GC(65)   Post Evacuate Collection Set: 0.9ms
[2021-11-01T22:43:01.089-0700][gc,phases   ] GC(65)   Other: 1.6ms
[2021-11-01T22:43:01.089-0700][gc,heap     ] GC(65) Eden regions: 47->0(47)
[2021-11-01T22:43:01.089-0700][gc,heap     ] GC(65) Survivor regions: 4->4(7)
[2021-11-01T22:43:01.089-0700][gc,heap     ] GC(65) Old regions: 30->30
[2021-11-01T22:43:01.089-0700][gc,heap     ] GC(65) Archive regions: 2->2
[2021-11-01T22:43:01.089-0700][gc,heap     ] GC(65) Humongous regions: 129->129
[2021-11-01T22:43:01.089-0700][gc,metaspace] GC(65) Metaspace: 41225K(41920K)->41225K(41920K) NonClass: 35921K(36352K)->35921K(36352K) Class: 5303K(5568K)->5303K(5568K)
[2021-11-01T22:43:01.089-0700][gc          ] GC(65) Pause Young (Normal) (G1 Evacuation Pause) 210M->163M(1024M) 80.921ms
[2021-11-01T22:43:01.089-0700][gc,cpu      ] GC(65) User=0.02s Sys=0.05s Real=0.08s
[2021-11-01T22:43:17.844-0700][gc,start    ] GC(66) Pause Young (Normal) (G1 Evacuation Pause)
[2021-11-01T22:43:17.844-0700][gc,task     ] GC(66) Using 8 workers of 8 for evacuation
[2021-11-01T22:43:17.857-0700][gc,phases   ] GC(66)   Pre Evacuate Collection Set: 1.0ms
[2021-11-01T22:43:17.857-0700][gc,phases   ] GC(66)   Merge Heap Roots: 0.1ms
[2021-11-01T22:43:17.857-0700][gc,phases   ] GC(66)   Evacuate Collection Set: 10.7ms
[2021-11-01T22:43:17.857-0700][gc,phases   ] GC(66)   Post Evacuate Collection Set: 1.4ms
[2021-11-01T22:43:17.857-0700][gc,phases   ] GC(66)   Other: 0.3ms
[2021-11-01T22:43:17.857-0700][gc,heap     ] GC(66) Eden regions: 47->0(46)
[2021-11-01T22:43:17.857-0700][gc,heap     ] GC(66) Survivor regions: 4->5(7)
[2021-11-01T22:43:17.857-0700][gc,heap     ] GC(66) Old regions: 30->30
[2021-11-01T22:43:17.858-0700][gc,heap     ] GC(66) Archive regions: 2->2
[2021-11-01T22:43:17.858-0700][gc,heap     ] GC(66) Humongous regions: 129->129
[2021-11-01T22:43:17.858-0700][gc,metaspace] GC(66) Metaspace: 41225K(41920K)->41225K(41920K) NonClass: 35921K(36352K)->35921K(36352K) Class: 5303K(5568K)->5303K(5568K)
[2021-11-01T22:43:17.858-0700][gc          ] GC(66) Pause Young (Normal) (G1 Evacuation Pause) 210M->163M(1024M) 13.871ms
[2021-11-01T22:43:17.858-0700][gc,cpu      ] GC(66) User=0.03s Sys=0.00s Real=0.01s
[2021-11-01T22:43:34.217-0700][gc,start    ] GC(67) Pause Young (Normal) (G1 Evacuation Pause)
[2021-11-01T22:43:34.217-0700][gc,task     ] GC(67) Using 8 workers of 8 for evacuation
[2021-11-01T22:43:34.232-0700][gc,phases   ] GC(67)   Pre Evacuate Collection Set: 0.4ms
[2021-11-01T22:43:34.232-0700][gc,phases   ] GC(67)   Merge Heap Roots: 0.2ms
[2021-11-01T22:43:34.232-0700][gc,phases   ] GC(67)   Evacuate Collection Set: 13.2ms
[2021-11-01T22:43:34.232-0700][gc,phases   ] GC(67)   Post Evacuate Collection Set: 0.4ms
[2021-11-01T22:43:34.232-0700][gc,phases   ] GC(67)   Other: 1.0ms
[2021-11-01T22:43:34.232-0700][gc,heap     ] GC(67) Eden regions: 46->0(45)
[2021-11-01T22:43:34.232-0700][gc,heap     ] GC(67) Survivor regions: 5->6(7)
[2021-11-01T22:43:34.232-0700][gc,heap     ] GC(67) Old regions: 30->30
[2021-11-01T22:43:34.232-0700][gc,heap     ] GC(67) Archive regions: 2->2
[2021-11-01T22:43:34.232-0700][gc,heap     ] GC(67) Humongous regions: 129->129
[2021-11-01T22:43:34.232-0700][gc,metaspace] GC(67) Metaspace: 41225K(41920K)->41225K(41920K) NonClass: 35921K(36352K)->35921K(36352K) Class: 5303K(5568K)->5303K(5568K)
[2021-11-01T22:43:34.232-0700][gc          ] GC(67) Pause Young (Normal) (G1 Evacuation Pause) 209M->165M(1024M) 15.461ms
[2021-11-01T22:43:34.232-0700][gc,cpu      ] GC(67) User=0.04s Sys=0.01s Real=0.02s
[2021-11-01T22:43:50.374-0700][gc,start    ] GC(68) Pause Young (Normal) (G1 Evacuation Pause)
[2021-11-01T22:43:50.374-0700][gc,task     ] GC(68) Using 8 workers of 8 for evacuation
[2021-11-01T22:43:50.401-0700][gc,mmu      ] GC(68) MMU target violated: 21.0ms (20.0ms/21.0ms)
[2021-11-01T22:43:50.401-0700][gc,phases   ] GC(68)   Pre Evacuate Collection Set: 0.7ms
[2021-11-01T22:43:50.401-0700][gc,phases   ] GC(68)   Merge Heap Roots: 0.2ms
[2021-11-01T22:43:50.401-0700][gc,phases   ] GC(68)   Evacuate Collection Set: 23.8ms
[2021-11-01T22:43:50.401-0700][gc,phases   ] GC(68)   Post Evacuate Collection Set: 1.3ms
[2021-11-01T22:43:50.401-0700][gc,phases   ] GC(68)   Other: 1.6ms
[2021-11-01T22:43:50.401-0700][gc,heap     ] GC(68) Eden regions: 45->0(46)
[2021-11-01T22:43:50.401-0700][gc,heap     ] GC(68) Survivor regions: 6->5(7)
[2021-11-01T22:43:50.401-0700][gc,heap     ] GC(68) Old regions: 30->32
[2021-11-01T22:43:50.401-0700][gc,heap     ] GC(68) Archive regions: 2->2
[2021-11-01T22:43:50.401-0700][gc,heap     ] GC(68) Humongous regions: 129->129
[2021-11-01T22:43:50.401-0700][gc,metaspace] GC(68) Metaspace: 41225K(41920K)->41225K(41920K) NonClass: 35921K(36352K)->35921K(36352K) Class: 5303K(5568K)->5303K(5568K)
[2021-11-01T22:43:50.401-0700][gc          ] GC(68) Pause Young (Normal) (G1 Evacuation Pause) 210M->165M(1024M) 27.687ms
[2021-11-01T22:43:50.401-0700][gc,cpu      ] GC(68) User=0.05s Sys=0.02s Real=0.03s
[2021-11-01T22:44:06.910-0700][gc,start    ] GC(69) Pause Young (Normal) (G1 Evacuation Pause)
[2021-11-01T22:44:06.910-0700][gc,task     ] GC(69) Using 8 workers of 8 for evacuation
[2021-11-01T22:44:06.925-0700][gc,phases   ] GC(69)   Pre Evacuate Collection Set: 0.5ms
[2021-11-01T22:44:06.925-0700][gc,phases   ] GC(69)   Merge Heap Roots: 0.2ms
[2021-11-01T22:44:06.925-0700][gc,phases   ] GC(69)   Evacuate Collection Set: 11.7ms
[2021-11-01T22:44:06.925-0700][gc,phases   ] GC(69)   Post Evacuate Collection Set: 2.1ms
[2021-11-01T22:44:06.925-0700][gc,phases   ] GC(69)   Other: 0.5ms
[2021-11-01T22:44:06.925-0700][gc,heap     ] GC(69) Eden regions: 46->0(126)
[2021-11-01T22:44:06.925-0700][gc,heap     ] GC(69) Survivor regions: 5->5(7)
[2021-11-01T22:44:06.925-0700][gc,heap     ] GC(69) Old regions: 32->32
[2021-11-01T22:44:06.925-0700][gc,heap     ] GC(69) Archive regions: 2->2
[2021-11-01T22:44:06.925-0700][gc,heap     ] GC(69) Humongous regions: 129->129
[2021-11-01T22:44:06.925-0700][gc,metaspace] GC(69) Metaspace: 41225K(41920K)->41225K(41920K) NonClass: 35921K(36352K)->35921K(36352K) Class: 5303K(5568K)->5303K(5568K)
[2021-11-01T22:44:06.925-0700][gc          ] GC(69) Pause Young (Normal) (G1 Evacuation Pause) 211M->166M(1024M) 15.250ms
[2021-11-01T22:44:06.925-0700][gc,cpu      ] GC(69) User=0.02s Sys=0.01s Real=0.01s
[2021-11-01T22:44:52.334-0700][gc,start    ] GC(70) Pause Young (Normal) (G1 Evacuation Pause)
[2021-11-01T22:44:52.335-0700][gc,task     ] GC(70) Using 8 workers of 8 for evacuation
[2021-11-01T22:44:52.366-0700][gc,mmu      ] GC(70) MMU target violated: 21.0ms (20.0ms/21.0ms)
[2021-11-01T22:44:52.366-0700][gc,phases   ] GC(70)   Pre Evacuate Collection Set: 0.9ms
[2021-11-01T22:44:52.366-0700][gc,phases   ] GC(70)   Merge Heap Roots: 0.1ms
[2021-11-01T22:44:52.367-0700][gc,phases   ] GC(70)   Evacuate Collection Set: 29.3ms
[2021-11-01T22:44:52.367-0700][gc,phases   ] GC(70)   Post Evacuate Collection Set: 0.8ms
[2021-11-01T22:44:52.367-0700][gc,phases   ] GC(70)   Other: 1.1ms
[2021-11-01T22:44:52.367-0700][gc,heap     ] GC(70) Eden regions: 126->0(46)
[2021-11-01T22:44:52.367-0700][gc,heap     ] GC(70) Survivor regions: 5->5(17)
[2021-11-01T22:44:52.367-0700][gc,heap     ] GC(70) Old regions: 32->32
[2021-11-01T22:44:52.367-0700][gc,heap     ] GC(70) Archive regions: 2->2
[2021-11-01T22:44:52.367-0700][gc,heap     ] GC(70) Humongous regions: 129->129
[2021-11-01T22:44:52.367-0700][gc,metaspace] GC(70) Metaspace: 41225K(41920K)->41225K(41920K) NonClass: 35921K(36352K)->35921K(36352K) Class: 5303K(5568K)->5303K(5568K)
[2021-11-01T22:44:52.367-0700][gc          ] GC(70) Pause Young (Normal) (G1 Evacuation Pause) 292M->166M(1024M) 32.374ms
[2021-11-01T22:44:52.367-0700][gc,cpu      ] GC(70) User=0.04s Sys=0.03s Real=0.03s
[2021-11-01T22:45:08.815-0700][gc,start    ] GC(71) Pause Young (Normal) (G1 Evacuation Pause)
[2021-11-01T22:45:08.815-0700][gc,task     ] GC(71) Using 8 workers of 8 for evacuation
[2021-11-01T22:45:08.830-0700][gc,phases   ] GC(71)   Pre Evacuate Collection Set: 0.3ms
[2021-11-01T22:45:08.832-0700][gc,phases   ] GC(71)   Merge Heap Roots: 0.1ms
[2021-11-01T22:45:08.832-0700][gc,phases   ] GC(71)   Evacuate Collection Set: 13.2ms
[2021-11-01T22:45:08.832-0700][gc,phases   ] GC(71)   Post Evacuate Collection Set: 1.1ms
[2021-11-01T22:45:08.832-0700][gc,phases   ] GC(71)   Other: 0.8ms
[2021-11-01T22:45:08.832-0700][gc,heap     ] GC(71) Eden regions: 46->0(86)
[2021-11-01T22:45:08.832-0700][gc,heap     ] GC(71) Survivor regions: 5->5(7)
[2021-11-01T22:45:08.832-0700][gc,heap     ] GC(71) Old regions: 32->34
[2021-11-01T22:45:08.832-0700][gc,heap     ] GC(71) Archive regions: 2->2
[2021-11-01T22:45:08.832-0700][gc,heap     ] GC(71) Humongous regions: 129->129
[2021-11-01T22:45:08.832-0700][gc,metaspace] GC(71) Metaspace: 41225K(41920K)->41225K(41920K) NonClass: 35921K(36352K)->35921K(36352K) Class: 5303K(5568K)->5303K(5568K)
[2021-11-01T22:45:08.832-0700][gc          ] GC(71) Pause Young (Normal) (G1 Evacuation Pause) 212M->167M(1024M) 17.708ms
[2021-11-01T22:45:08.832-0700][gc,cpu      ] GC(71) User=0.03s Sys=0.01s Real=0.02s
[2021-11-01T22:45:31.338-0700][gc,start    ] GC(72) Pause Young (Normal) (G1 Evacuation Pause)
[2021-11-01T22:45:31.338-0700][gc,task     ] GC(72) Using 8 workers of 8 for evacuation
[2021-11-01T22:45:31.360-0700][gc,mmu      ] GC(72) MMU target violated: 21.0ms (20.0ms/21.0ms)
[2021-11-01T22:45:31.360-0700][gc,phases   ] GC(72)   Pre Evacuate Collection Set: 0.5ms
[2021-11-01T22:45:31.360-0700][gc,phases   ] GC(72)   Merge Heap Roots: 0.3ms
[2021-11-01T22:45:31.360-0700][gc,phases   ] GC(72)   Evacuate Collection Set: 18.8ms
[2021-11-01T22:45:31.361-0700][gc,phases   ] GC(72)   Post Evacuate Collection Set: 1.0ms
[2021-11-01T22:45:31.361-0700][gc,phases   ] GC(72)   Other: 1.7ms
[2021-11-01T22:45:31.361-0700][gc,heap     ] GC(72) Eden regions: 63->0(45)
[2021-11-01T22:45:31.361-0700][gc,heap     ] GC(72) Survivor regions: 5->6(9)
[2021-11-01T22:45:31.361-0700][gc,heap     ] GC(72) Old regions: 34->34
[2021-11-01T22:45:31.361-0700][gc,heap     ] GC(72) Archive regions: 2->2
[2021-11-01T22:45:31.361-0700][gc,heap     ] GC(72) Humongous regions: 129->129
[2021-11-01T22:45:31.361-0700][gc,metaspace] GC(72) Metaspace: 41233K(41920K)->41233K(41920K) NonClass: 35929K(36352K)->35929K(36352K) Class: 5303K(5568K)->5303K(5568K)
[2021-11-01T22:45:31.361-0700][gc          ] GC(72) Pause Young (Normal) (G1 Evacuation Pause) 230M->168M(1024M) 22.464ms
[2021-11-01T22:45:31.361-0700][gc,cpu      ] GC(72) User=0.05s Sys=0.02s Real=0.03s
[2021-11-01T22:45:47.503-0700][gc,start    ] GC(73) Pause Young (Normal) (G1 Evacuation Pause)
[2021-11-01T22:45:47.504-0700][gc,task     ] GC(73) Using 8 workers of 8 for evacuation
[2021-11-01T22:45:47.595-0700][gc,mmu      ] GC(73) MMU target violated: 21.0ms (20.0ms/21.0ms)
[2021-11-01T22:45:47.595-0700][gc,phases   ] GC(73)   Pre Evacuate Collection Set: 0.2ms
[2021-11-01T22:45:47.595-0700][gc,phases   ] GC(73)   Merge Heap Roots: 0.1ms
[2021-11-01T22:45:47.595-0700][gc,phases   ] GC(73)   Evacuate Collection Set: 86.4ms
[2021-11-01T22:45:47.595-0700][gc,phases   ] GC(73)   Post Evacuate Collection Set: 3.6ms
[2021-11-01T22:45:47.595-0700][gc,phases   ] GC(73)   Other: 1.6ms
[2021-11-01T22:45:47.595-0700][gc,heap     ] GC(73) Eden regions: 45->0(203)
[2021-11-01T22:45:47.595-0700][gc,heap     ] GC(73) Survivor regions: 6->4(7)
[2021-11-01T22:45:47.595-0700][gc,heap     ] GC(73) Old regions: 34->36
[2021-11-01T22:45:47.595-0700][gc,heap     ] GC(73) Archive regions: 2->2
[2021-11-01T22:45:47.595-0700][gc,heap     ] GC(73) Humongous regions: 129->129
[2021-11-01T22:45:47.595-0700][gc,metaspace] GC(73) Metaspace: 41233K(41920K)->41233K(41920K) NonClass: 35929K(36352K)->35929K(36352K) Class: 5303K(5568K)->5303K(5568K)
[2021-11-01T22:45:47.595-0700][gc          ] GC(73) Pause Young (Normal) (G1 Evacuation Pause) 213M->168M(1024M) 91.995ms
[2021-11-01T22:45:47.595-0700][gc,cpu      ] GC(73) User=0.07s Sys=0.02s Real=0.09s
[2021-11-01T22:46:55.703-0700][gc,start    ] GC(74) Pause Young (Normal) (G1 Evacuation Pause)
[2021-11-01T22:46:55.703-0700][gc,task     ] GC(74) Using 8 workers of 8 for evacuation
[2021-11-01T22:46:55.732-0700][gc,mmu      ] GC(74) MMU target violated: 21.0ms (20.0ms/21.0ms)
[2021-11-01T22:46:55.732-0700][gc,phases   ] GC(74)   Pre Evacuate Collection Set: 1.0ms
[2021-11-01T22:46:55.732-0700][gc,phases   ] GC(74)   Merge Heap Roots: 0.8ms
[2021-11-01T22:46:55.732-0700][gc,phases   ] GC(74)   Evacuate Collection Set: 25.4ms
[2021-11-01T22:46:55.732-0700][gc,phases   ] GC(74)   Post Evacuate Collection Set: 1.2ms
[2021-11-01T22:46:55.732-0700][gc,phases   ] GC(74)   Other: 0.7ms
[2021-11-01T22:46:55.732-0700][gc,heap     ] GC(74) Eden regions: 189->0(194)
[2021-11-01T22:46:55.732-0700][gc,heap     ] GC(74) Survivor regions: 4->4(25)
[2021-11-01T22:46:55.732-0700][gc,heap     ] GC(74) Old regions: 36->36
[2021-11-01T22:46:55.732-0700][gc,heap     ] GC(74) Archive regions: 2->2
[2021-11-01T22:46:55.732-0700][gc,heap     ] GC(74) Humongous regions: 129->129
[2021-11-01T22:46:55.732-0700][gc,metaspace] GC(74) Metaspace: 41236K(41920K)->41236K(41920K) NonClass: 35932K(36352K)->35932K(36352K) Class: 5303K(5568K)->5303K(5568K)
[2021-11-01T22:46:55.732-0700][gc          ] GC(74) Pause Young (Normal) (G1 Evacuation Pause) 357M->169M(1024M) 29.201ms
[2021-11-01T22:46:55.732-0700][gc,cpu      ] GC(74) User=0.04s Sys=0.04s Real=0.03s
[2021-11-01T22:48:06.399-0700][gc,start    ] GC(75) Pause Young (Normal) (G1 Evacuation Pause)
[2021-11-01T22:48:06.422-0700][gc,task     ] GC(75) Using 8 workers of 8 for evacuation
[2021-11-01T22:48:06.572-0700][gc,mmu      ] GC(75) MMU target violated: 21.0ms (20.0ms/21.0ms)
[2021-11-01T22:48:06.572-0700][gc,phases   ] GC(75)   Pre Evacuate Collection Set: 0.7ms
[2021-11-01T22:48:06.572-0700][gc,phases   ] GC(75)   Merge Heap Roots: 5.5ms
[2021-11-01T22:48:06.572-0700][gc,phases   ] GC(75)   Evacuate Collection Set: 120.7ms
[2021-11-01T22:48:06.572-0700][gc,phases   ] GC(75)   Post Evacuate Collection Set: 10.6ms
[2021-11-01T22:48:06.572-0700][gc,phases   ] GC(75)   Other: 36.2ms
[2021-11-01T22:48:06.572-0700][gc,heap     ] GC(75) Eden regions: 194->0(44)
[2021-11-01T22:48:06.572-0700][gc,heap     ] GC(75) Survivor regions: 4->7(25)
[2021-11-01T22:48:06.572-0700][gc,heap     ] GC(75) Old regions: 36->36
[2021-11-01T22:48:06.572-0700][gc,heap     ] GC(75) Archive regions: 2->2
[2021-11-01T22:48:06.572-0700][gc,heap     ] GC(75) Humongous regions: 129->129
[2021-11-01T22:48:06.572-0700][gc,metaspace] GC(75) Metaspace: 41236K(41920K)->41236K(41920K) NonClass: 35932K(36352K)->35932K(36352K) Class: 5303K(5568K)->5303K(5568K)
[2021-11-01T22:48:06.572-0700][gc          ] GC(75) Pause Young (Normal) (G1 Evacuation Pause) 363M->172M(1024M) 173.679ms
[2021-11-01T22:48:06.572-0700][gc,cpu      ] GC(75) User=0.02s Sys=0.04s Real=0.18s
[2021-11-01T22:48:22.261-0700][gc,start    ] GC(76) Pause Young (Normal) (G1 Evacuation Pause)
[2021-11-01T22:48:22.261-0700][gc,task     ] GC(76) Using 8 workers of 8 for evacuation
[2021-11-01T22:48:22.282-0700][gc,mmu      ] GC(76) MMU target violated: 20.3ms (20.0ms/21.0ms)
[2021-11-01T22:48:22.282-0700][gc,phases   ] GC(76)   Pre Evacuate Collection Set: 0.5ms
[2021-11-01T22:48:22.282-0700][gc,phases   ] GC(76)   Merge Heap Roots: 0.2ms
[2021-11-01T22:48:22.282-0700][gc,phases   ] GC(76)   Evacuate Collection Set: 18.0ms
[2021-11-01T22:48:22.282-0700][gc,phases   ] GC(76)   Post Evacuate Collection Set: 1.6ms
[2021-11-01T22:48:22.282-0700][gc,phases   ] GC(76)   Other: 0.8ms
[2021-11-01T22:48:22.282-0700][gc,heap     ] GC(76) Eden regions: 44->0(47)
[2021-11-01T22:48:22.282-0700][gc,heap     ] GC(76) Survivor regions: 7->4(7)
[2021-11-01T22:48:22.282-0700][gc,heap     ] GC(76) Old regions: 36->39
[2021-11-01T22:48:22.282-0700][gc,heap     ] GC(76) Archive regions: 2->2
[2021-11-01T22:48:22.282-0700][gc,heap     ] GC(76) Humongous regions: 129->129
[2021-11-01T22:48:22.282-0700][gc,metaspace] GC(76) Metaspace: 41237K(41920K)->41237K(41920K) NonClass: 35933K(36352K)->35933K(36352K) Class: 5303K(5568K)->5303K(5568K)
[2021-11-01T22:48:22.282-0700][gc          ] GC(76) Pause Young (Normal) (G1 Evacuation Pause) 216M->172M(1024M) 21.344ms
[2021-11-01T22:48:22.282-0700][gc,cpu      ] GC(76) User=0.05s Sys=0.02s Real=0.02s
[2021-11-01T22:48:39.013-0700][gc,start    ] GC(77) Pause Young (Normal) (G1 Evacuation Pause)
[2021-11-01T22:48:39.013-0700][gc,task     ] GC(77) Using 8 workers of 8 for evacuation
[2021-11-01T22:48:39.028-0700][gc,phases   ] GC(77)   Pre Evacuate Collection Set: 0.3ms
[2021-11-01T22:48:39.028-0700][gc,phases   ] GC(77)   Merge Heap Roots: 0.1ms
[2021-11-01T22:48:39.028-0700][gc,phases   ] GC(77)   Evacuate Collection Set: 13.8ms
[2021-11-01T22:48:39.028-0700][gc,phases   ] GC(77)   Post Evacuate Collection Set: 0.4ms
[2021-11-01T22:48:39.028-0700][gc,phases   ] GC(77)   Other: 0.6ms
[2021-11-01T22:48:39.028-0700][gc,heap     ] GC(77) Eden regions: 47->0(47)
[2021-11-01T22:48:39.028-0700][gc,heap     ] GC(77) Survivor regions: 4->4(7)
[2021-11-01T22:48:39.028-0700][gc,heap     ] GC(77) Old regions: 39->39
[2021-11-01T22:48:39.028-0700][gc,heap     ] GC(77) Archive regions: 2->2
[2021-11-01T22:48:39.028-0700][gc,heap     ] GC(77) Humongous regions: 129->129
[2021-11-01T22:48:39.028-0700][gc,metaspace] GC(77) Metaspace: 41238K(41920K)->41238K(41920K) NonClass: 35934K(36352K)->35934K(36352K) Class: 5303K(5568K)->5303K(5568K)
[2021-11-01T22:48:39.028-0700][gc          ] GC(77) Pause Young (Normal) (G1 Evacuation Pause) 219M->172M(1024M) 15.439ms
[2021-11-01T22:48:39.028-0700][gc,cpu      ] GC(77) User=0.03s Sys=0.02s Real=0.01s
[2021-11-01T22:48:55.761-0700][gc,start    ] GC(78) Pause Young (Normal) (G1 Evacuation Pause)
[2021-11-01T22:48:55.761-0700][gc,task     ] GC(78) Using 8 workers of 8 for evacuation
[2021-11-01T22:48:55.774-0700][gc,phases   ] GC(78)   Pre Evacuate Collection Set: 0.7ms
[2021-11-01T22:48:55.774-0700][gc,phases   ] GC(78)   Merge Heap Roots: 0.1ms
[2021-11-01T22:48:55.774-0700][gc,phases   ] GC(78)   Evacuate Collection Set: 10.0ms
[2021-11-01T22:48:55.774-0700][gc,phases   ] GC(78)   Post Evacuate Collection Set: 1.7ms
[2021-11-01T22:48:55.774-0700][gc,phases   ] GC(78)   Other: 0.7ms
[2021-11-01T22:48:55.774-0700][gc,heap     ] GC(78) Eden regions: 47->0(48)
[2021-11-01T22:48:55.774-0700][gc,heap     ] GC(78) Survivor regions: 4->3(7)
[2021-11-01T22:48:55.774-0700][gc,heap     ] GC(78) Old regions: 39->41
[2021-11-01T22:48:55.774-0700][gc,heap     ] GC(78) Archive regions: 2->2
[2021-11-01T22:48:55.774-0700][gc,heap     ] GC(78) Humongous regions: 129->129
[2021-11-01T22:48:55.775-0700][gc,metaspace] GC(78) Metaspace: 41238K(41920K)->41238K(41920K) NonClass: 35934K(36352K)->35934K(36352K) Class: 5303K(5568K)->5303K(5568K)
[2021-11-01T22:48:55.775-0700][gc          ] GC(78) Pause Young (Normal) (G1 Evacuation Pause) 219M->173M(1024M) 13.523ms
[2021-11-01T22:48:55.775-0700][gc,cpu      ] GC(78) User=0.03s Sys=0.01s Real=0.01s
[2021-11-01T22:49:12.806-0700][gc,start    ] GC(79) Pause Young (Normal) (G1 Evacuation Pause)
[2021-11-01T22:49:12.806-0700][gc,task     ] GC(79) Using 8 workers of 8 for evacuation
[2021-11-01T22:49:12.821-0700][gc,phases   ] GC(79)   Pre Evacuate Collection Set: 0.5ms
[2021-11-01T22:49:12.824-0700][gc,phases   ] GC(79)   Merge Heap Roots: 0.3ms
[2021-11-01T22:49:12.824-0700][gc,phases   ] GC(79)   Evacuate Collection Set: 12.3ms
[2021-11-01T22:49:12.824-0700][gc,phases   ] GC(79)   Post Evacuate Collection Set: 1.2ms
[2021-11-01T22:49:12.824-0700][gc,phases   ] GC(79)   Other: 0.5ms
[2021-11-01T22:49:12.825-0700][gc,heap     ] GC(79) Eden regions: 48->0(80)
[2021-11-01T22:49:12.825-0700][gc,heap     ] GC(79) Survivor regions: 3->4(7)
[2021-11-01T22:49:12.825-0700][gc,heap     ] GC(79) Old regions: 41->41
[2021-11-01T22:49:12.825-0700][gc,heap     ] GC(79) Archive regions: 2->2
[2021-11-01T22:49:12.825-0700][gc,heap     ] GC(79) Humongous regions: 129->129
[2021-11-01T22:49:12.825-0700][gc,metaspace] GC(79) Metaspace: 41238K(41920K)->41238K(41920K) NonClass: 35934K(36352K)->35934K(36352K) Class: 5303K(5568K)->5303K(5568K)
[2021-11-01T22:49:12.825-0700][gc          ] GC(79) Pause Young (Normal) (G1 Evacuation Pause) 221M->173M(1024M) 18.422ms
[2021-11-01T22:49:12.825-0700][gc,cpu      ] GC(79) User=0.03s Sys=0.01s Real=0.02s
[2021-11-01T22:49:41.146-0700][gc,start    ] GC(80) Pause Young (Normal) (G1 Evacuation Pause)
[2021-11-01T22:49:41.147-0700][gc,task     ] GC(80) Using 8 workers of 8 for evacuation
[2021-11-01T22:49:41.160-0700][gc,phases   ] GC(80)   Pre Evacuate Collection Set: 0.3ms
[2021-11-01T22:49:41.160-0700][gc,phases   ] GC(80)   Merge Heap Roots: 0.1ms
[2021-11-01T22:49:41.160-0700][gc,phases   ] GC(80)   Evacuate Collection Set: 12.2ms
[2021-11-01T22:49:41.160-0700][gc,phases   ] GC(80)   Post Evacuate Collection Set: 0.5ms
[2021-11-01T22:49:41.160-0700][gc,phases   ] GC(80)   Other: 0.7ms
[2021-11-01T22:49:41.160-0700][gc,heap     ] GC(80) Eden regions: 80->0(143)
[2021-11-01T22:49:41.160-0700][gc,heap     ] GC(80) Survivor regions: 4->4(11)
[2021-11-01T22:49:41.160-0700][gc,heap     ] GC(80) Old regions: 41->41
[2021-11-01T22:49:41.160-0700][gc,heap     ] GC(80) Archive regions: 2->2
[2021-11-01T22:49:41.160-0700][gc,heap     ] GC(80) Humongous regions: 129->129
[2021-11-01T22:49:41.160-0700][gc,metaspace] GC(80) Metaspace: 41241K(41920K)->41241K(41920K) NonClass: 35937K(36352K)->35937K(36352K) Class: 5303K(5568K)->5303K(5568K)
[2021-11-01T22:49:41.160-0700][gc          ] GC(80) Pause Young (Normal) (G1 Evacuation Pause) 253M->174M(1024M) 14.125ms
[2021-11-01T22:49:41.160-0700][gc,cpu      ] GC(80) User=0.03s Sys=0.02s Real=0.02s
[2021-11-01T22:50:32.517-0700][gc,start    ] GC(81) Pause Young (Normal) (G1 Evacuation Pause)
[2021-11-01T22:50:32.526-0700][gc,task     ] GC(81) Using 8 workers of 8 for evacuation
[2021-11-01T22:50:32.614-0700][gc,mmu      ] GC(81) MMU target violated: 21.0ms (20.0ms/21.0ms)
[2021-11-01T22:50:32.614-0700][gc,phases   ] GC(81)   Pre Evacuate Collection Set: 26.8ms
[2021-11-01T22:50:32.614-0700][gc,phases   ] GC(81)   Merge Heap Roots: 1.7ms
[2021-11-01T22:50:32.614-0700][gc,phases   ] GC(81)   Evacuate Collection Set: 55.9ms
[2021-11-01T22:50:32.614-0700][gc,phases   ] GC(81)   Post Evacuate Collection Set: 2.2ms
[2021-11-01T22:50:32.614-0700][gc,phases   ] GC(81)   Other: 11.1ms
[2021-11-01T22:50:32.614-0700][gc,heap     ] GC(81) Eden regions: 143->0(45)
[2021-11-01T22:50:32.614-0700][gc,heap     ] GC(81) Survivor regions: 4->6(19)
[2021-11-01T22:50:32.614-0700][gc,heap     ] GC(81) Old regions: 41->41
[2021-11-01T22:50:32.614-0700][gc,heap     ] GC(81) Archive regions: 2->2
[2021-11-01T22:50:32.614-0700][gc,heap     ] GC(81) Humongous regions: 129->129
[2021-11-01T22:50:32.614-0700][gc,metaspace] GC(81) Metaspace: 41246K(41920K)->41246K(41920K) NonClass: 35942K(36352K)->35942K(36352K) Class: 5303K(5568K)->5303K(5568K)
[2021-11-01T22:50:32.614-0700][gc          ] GC(81) Pause Young (Normal) (G1 Evacuation Pause) 317M->176M(1024M) 97.696ms
[2021-11-01T22:50:32.614-0700][gc,cpu      ] GC(81) User=0.03s Sys=0.05s Real=0.10s
[2021-11-01T22:50:48.577-0700][gc,start    ] GC(82) Pause Young (Normal) (G1 Evacuation Pause)
[2021-11-01T22:50:48.612-0700][gc,task     ] GC(82) Using 8 workers of 8 for evacuation
[2021-11-01T22:50:48.765-0700][gc,mmu      ] GC(82) MMU target violated: 21.0ms (20.0ms/21.0ms)
[2021-11-01T22:50:48.765-0700][gc,phases   ] GC(82)   Pre Evacuate Collection Set: 20.3ms
[2021-11-01T22:50:48.765-0700][gc,phases   ] GC(82)   Merge Heap Roots: 9.2ms
[2021-11-01T22:50:48.765-0700][gc,phases   ] GC(82)   Evacuate Collection Set: 111.2ms
[2021-11-01T22:50:48.765-0700][gc,phases   ] GC(82)   Post Evacuate Collection Set: 10.1ms
[2021-11-01T22:50:48.765-0700][gc,phases   ] GC(82)   Other: 37.1ms
[2021-11-01T22:50:48.765-0700][gc,heap     ] GC(82) Eden regions: 45->0(47)
[2021-11-01T22:50:48.765-0700][gc,heap     ] GC(82) Survivor regions: 6->4(7)
[2021-11-01T22:50:48.765-0700][gc,heap     ] GC(82) Old regions: 41->44
[2021-11-01T22:50:48.765-0700][gc,heap     ] GC(82) Archive regions: 2->2
[2021-11-01T22:50:48.765-0700][gc,heap     ] GC(82) Humongous regions: 129->129
[2021-11-01T22:50:48.765-0700][gc,metaspace] GC(82) Metaspace: 41247K(41920K)->41247K(41920K) NonClass: 35943K(36352K)->35943K(36352K) Class: 5303K(5568K)->5303K(5568K)
[2021-11-01T22:50:48.765-0700][gc          ] GC(82) Pause Young (Normal) (G1 Evacuation Pause) 221M->176M(1024M) 187.879ms
[2021-11-01T22:50:48.765-0700][gc,cpu      ] GC(82) User=0.02s Sys=0.04s Real=0.19s
[2021-11-01T22:51:05.593-0700][gc,start    ] GC(83) Pause Young (Normal) (G1 Evacuation Pause)
[2021-11-01T22:51:05.594-0700][gc,task     ] GC(83) Using 8 workers of 8 for evacuation
[2021-11-01T22:51:05.629-0700][gc,mmu      ] GC(83) MMU target violated: 21.0ms (20.0ms/21.0ms)
[2021-11-01T22:51:05.629-0700][gc,phases   ] GC(83)   Pre Evacuate Collection Set: 2.2ms
[2021-11-01T22:51:05.629-0700][gc,phases   ] GC(83)   Merge Heap Roots: 2.4ms
[2021-11-01T22:51:05.629-0700][gc,phases   ] GC(83)   Evacuate Collection Set: 24.5ms
[2021-11-01T22:51:05.629-0700][gc,phases   ] GC(83)   Post Evacuate Collection Set: 4.7ms
[2021-11-01T22:51:05.629-0700][gc,phases   ] GC(83)   Other: 2.3ms
[2021-11-01T22:51:05.629-0700][gc,heap     ] GC(83) Eden regions: 47->0(47)
[2021-11-01T22:51:05.629-0700][gc,heap     ] GC(83) Survivor regions: 4->4(7)
[2021-11-01T22:51:05.629-0700][gc,heap     ] GC(83) Old regions: 44->44
[2021-11-01T22:51:05.629-0700][gc,heap     ] GC(83) Archive regions: 2->2
[2021-11-01T22:51:05.629-0700][gc,heap     ] GC(83) Humongous regions: 129->129
[2021-11-01T22:51:05.629-0700][gc,metaspace] GC(83) Metaspace: 41248K(41920K)->41248K(41920K) NonClass: 35944K(36352K)->35944K(36352K) Class: 5303K(5568K)->5303K(5568K)
[2021-11-01T22:51:05.629-0700][gc          ] GC(83) Pause Young (Normal) (G1 Evacuation Pause) 223M->177M(1024M) 35.369ms
[2021-11-01T22:51:05.629-0700][gc,cpu      ] GC(83) User=0.01s Sys=0.03s Real=0.03s
[2021-11-01T22:51:22.277-0700][gc,start    ] GC(84) Pause Young (Normal) (G1 Evacuation Pause)
[2021-11-01T22:51:22.277-0700][gc,task     ] GC(84) Using 8 workers of 8 for evacuation
[2021-11-01T22:51:22.357-0700][gc,mmu      ] GC(84) MMU target violated: 21.0ms (20.0ms/21.0ms)
[2021-11-01T22:51:22.357-0700][gc,phases   ] GC(84)   Pre Evacuate Collection Set: 2.8ms
[2021-11-01T22:51:22.357-0700][gc,phases   ] GC(84)   Merge Heap Roots: 1.5ms
[2021-11-01T22:51:22.357-0700][gc,phases   ] GC(84)   Evacuate Collection Set: 74.1ms
[2021-11-01T22:51:22.357-0700][gc,phases   ] GC(84)   Post Evacuate Collection Set: 1.2ms
[2021-11-01T22:51:22.357-0700][gc,phases   ] GC(84)   Other: 0.9ms
[2021-11-01T22:51:22.357-0700][gc,heap     ] GC(84) Eden regions: 47->0(46)
[2021-11-01T22:51:22.357-0700][gc,heap     ] GC(84) Survivor regions: 4->5(7)
[2021-11-01T22:51:22.357-0700][gc,heap     ] GC(84) Old regions: 44->44
[2021-11-01T22:51:22.357-0700][gc,heap     ] GC(84) Archive regions: 2->2
[2021-11-01T22:51:22.357-0700][gc,heap     ] GC(84) Humongous regions: 129->129
[2021-11-01T22:51:22.357-0700][gc,metaspace] GC(84) Metaspace: 41250K(41920K)->41250K(41920K) NonClass: 35946K(36352K)->35946K(36352K) Class: 5303K(5568K)->5303K(5568K)
[2021-11-01T22:51:22.357-0700][gc          ] GC(84) Pause Young (Normal) (G1 Evacuation Pause) 224M->177M(1024M) 80.650ms
[2021-11-01T22:51:22.357-0700][gc,cpu      ] GC(84) User=0.06s Sys=0.05s Real=0.08s
[2021-11-01T22:51:38.795-0700][gc,start    ] GC(85) Pause Young (Normal) (G1 Evacuation Pause)
[2021-11-01T22:51:38.799-0700][gc,task     ] GC(85) Using 8 workers of 8 for evacuation
[2021-11-01T22:51:38.903-0700][gc,mmu      ] GC(85) MMU target violated: 21.0ms (20.0ms/21.0ms)
[2021-11-01T22:51:38.904-0700][gc,phases   ] GC(85)   Pre Evacuate Collection Set: 9.0ms
[2021-11-01T22:51:38.904-0700][gc,phases   ] GC(85)   Merge Heap Roots: 4.3ms
[2021-11-01T22:51:38.904-0700][gc,phases   ] GC(85)   Evacuate Collection Set: 74.2ms
[2021-11-01T22:51:38.904-0700][gc,phases   ] GC(85)   Post Evacuate Collection Set: 17.0ms
[2021-11-01T22:51:38.904-0700][gc,phases   ] GC(85)   Other: 4.2ms
[2021-11-01T22:51:38.904-0700][gc,heap     ] GC(85) Eden regions: 46->0(47)
[2021-11-01T22:51:38.904-0700][gc,heap     ] GC(85) Survivor regions: 5->4(7)
[2021-11-01T22:51:38.904-0700][gc,heap     ] GC(85) Old regions: 44->45
[2021-11-01T22:51:38.904-0700][gc,heap     ] GC(85) Archive regions: 2->2
[2021-11-01T22:51:38.904-0700][gc,heap     ] GC(85) Humongous regions: 129->129
[2021-11-01T22:51:38.904-0700][gc,metaspace] GC(85) Metaspace: 41253K(41920K)->41253K(41920K) NonClass: 35949K(36352K)->35949K(36352K) Class: 5303K(5568K)->5303K(5568K)
[2021-11-01T22:51:38.904-0700][gc          ] GC(85) Pause Young (Normal) (G1 Evacuation Pause) 223M->177M(1024M) 108.577ms
[2021-11-01T22:51:38.904-0700][gc,cpu      ] GC(85) User=0.04s Sys=0.04s Real=0.11s
[2021-11-01T22:51:55.647-0700][gc,start    ] GC(86) Pause Young (Normal) (G1 Evacuation Pause)
[2021-11-01T22:51:55.647-0700][gc,task     ] GC(86) Using 8 workers of 8 for evacuation
[2021-11-01T22:51:55.664-0700][gc,phases   ] GC(86)   Pre Evacuate Collection Set: 0.4ms
[2021-11-01T22:51:55.664-0700][gc,phases   ] GC(86)   Merge Heap Roots: 0.2ms
[2021-11-01T22:51:55.665-0700][gc,phases   ] GC(86)   Evacuate Collection Set: 15.1ms
[2021-11-01T22:51:55.665-0700][gc,phases   ] GC(86)   Post Evacuate Collection Set: 1.4ms
[2021-11-01T22:51:55.665-0700][gc,phases   ] GC(86)   Other: 0.8ms
[2021-11-01T22:51:55.665-0700][gc,heap     ] GC(86) Eden regions: 47->0(47)
[2021-11-01T22:51:55.665-0700][gc,heap     ] GC(86) Survivor regions: 4->4(7)
[2021-11-01T22:51:55.665-0700][gc,heap     ] GC(86) Old regions: 45->45
[2021-11-01T22:51:55.665-0700][gc,heap     ] GC(86) Archive regions: 2->2
[2021-11-01T22:51:55.665-0700][gc,heap     ] GC(86) Humongous regions: 129->129
[2021-11-01T22:51:55.665-0700][gc,metaspace] GC(86) Metaspace: 41256K(41920K)->41256K(41920K) NonClass: 35952K(36352K)->35952K(36352K) Class: 5303K(5568K)->5303K(5568K)
[2021-11-01T22:51:55.665-0700][gc          ] GC(86) Pause Young (Normal) (G1 Evacuation Pause) 224M->178M(1024M) 18.095ms
[2021-11-01T22:51:55.665-0700][gc,cpu      ] GC(86) User=0.02s Sys=0.02s Real=0.02s
[2021-11-01T22:52:12.514-0700][gc,start    ] GC(87) Pause Young (Normal) (G1 Evacuation Pause)
[2021-11-01T22:52:12.514-0700][gc,task     ] GC(87) Using 8 workers of 8 for evacuation
[2021-11-01T22:52:12.532-0700][gc,phases   ] GC(87)   Pre Evacuate Collection Set: 0.3ms
[2021-11-01T22:52:12.532-0700][gc,phases   ] GC(87)   Merge Heap Roots: 0.2ms
[2021-11-01T22:52:12.532-0700][gc,phases   ] GC(87)   Evacuate Collection Set: 15.8ms
[2021-11-01T22:52:12.532-0700][gc,phases   ] GC(87)   Post Evacuate Collection Set: 0.4ms
[2021-11-01T22:52:12.532-0700][gc,phases   ] GC(87)   Other: 1.2ms
[2021-11-01T22:52:12.532-0700][gc,heap     ] GC(87) Eden regions: 47->0(46)
[2021-11-01T22:52:12.532-0700][gc,heap     ] GC(87) Survivor regions: 4->5(7)
[2021-11-01T22:52:12.532-0700][gc,heap     ] GC(87) Old regions: 45->45
[2021-11-01T22:52:12.532-0700][gc,heap     ] GC(87) Archive regions: 2->2
[2021-11-01T22:52:12.532-0700][gc,heap     ] GC(87) Humongous regions: 129->129
[2021-11-01T22:52:12.532-0700][gc,metaspace] GC(87) Metaspace: 41256K(41920K)->41256K(41920K) NonClass: 35952K(36352K)->35952K(36352K) Class: 5303K(5568K)->5303K(5568K)
[2021-11-01T22:52:12.532-0700][gc          ] GC(87) Pause Young (Normal) (G1 Evacuation Pause) 225M->178M(1024M) 18.186ms
[2021-11-01T22:52:12.532-0700][gc,cpu      ] GC(87) User=0.03s Sys=0.02s Real=0.02s
[2021-11-01T22:52:28.843-0700][gc,start    ] GC(88) Pause Young (Normal) (G1 Evacuation Pause)
[2021-11-01T22:52:28.843-0700][gc,task     ] GC(88) Using 8 workers of 8 for evacuation
[2021-11-01T22:52:28.881-0700][gc,mmu      ] GC(88) MMU target violated: 21.0ms (20.0ms/21.0ms)
[2021-11-01T22:52:28.881-0700][gc,phases   ] GC(88)   Pre Evacuate Collection Set: 2.8ms
[2021-11-01T22:52:28.881-0700][gc,phases   ] GC(88)   Merge Heap Roots: 0.3ms
[2021-11-01T22:52:28.881-0700][gc,phases   ] GC(88)   Evacuate Collection Set: 31.7ms
[2021-11-01T22:52:28.881-0700][gc,phases   ] GC(88)   Post Evacuate Collection Set: 3.5ms
[2021-11-01T22:52:28.881-0700][gc,phases   ] GC(88)   Other: 0.6ms
[2021-11-01T22:52:28.881-0700][gc,heap     ] GC(88) Eden regions: 46->0(46)
[2021-11-01T22:52:28.881-0700][gc,heap     ] GC(88) Survivor regions: 5->5(7)
[2021-11-01T22:52:28.881-0700][gc,heap     ] GC(88) Old regions: 45->45
[2021-11-01T22:52:28.881-0700][gc,heap     ] GC(88) Archive regions: 2->2
[2021-11-01T22:52:28.881-0700][gc,heap     ] GC(88) Humongous regions: 129->129
[2021-11-01T22:52:28.881-0700][gc,metaspace] GC(88) Metaspace: 41256K(41920K)->41256K(41920K) NonClass: 35952K(36352K)->35952K(36352K) Class: 5303K(5568K)->5303K(5568K)
[2021-11-01T22:52:28.881-0700][gc          ] GC(88) Pause Young (Normal) (G1 Evacuation Pause) 224M->179M(1024M) 38.799ms
[2021-11-01T22:52:28.882-0700][gc,cpu      ] GC(88) User=0.04s Sys=0.02s Real=0.04s
[2021-11-01T22:52:45.285-0700][gc,start    ] GC(89) Pause Young (Normal) (G1 Evacuation Pause)
[2021-11-01T22:52:45.293-0700][gc,task     ] GC(89) Using 8 workers of 8 for evacuation
[2021-11-01T22:52:45.322-0700][gc,mmu      ] GC(89) MMU target violated: 21.0ms (20.0ms/21.0ms)
[2021-11-01T22:52:45.322-0700][gc,phases   ] GC(89)   Pre Evacuate Collection Set: 0.9ms
[2021-11-01T22:52:45.322-0700][gc,phases   ] GC(89)   Merge Heap Roots: 1.1ms
[2021-11-01T22:52:45.322-0700][gc,phases   ] GC(89)   Evacuate Collection Set: 24.8ms
[2021-11-01T22:52:45.322-0700][gc,phases   ] GC(89)   Post Evacuate Collection Set: 2.1ms
[2021-11-01T22:52:45.322-0700][gc,phases   ] GC(89)   Other: 8.0ms
[2021-11-01T22:52:45.322-0700][gc,heap     ] GC(89) Eden regions: 46->0(46)
[2021-11-01T22:52:45.322-0700][gc,heap     ] GC(89) Survivor regions: 5->5(7)
[2021-11-01T22:52:45.322-0700][gc,heap     ] GC(89) Old regions: 45->46
[2021-11-01T22:52:45.322-0700][gc,heap     ] GC(89) Archive regions: 2->2
[2021-11-01T22:52:45.322-0700][gc,heap     ] GC(89) Humongous regions: 129->129
[2021-11-01T22:52:45.322-0700][gc,metaspace] GC(89) Metaspace: 41273K(41920K)->41273K(41920K) NonClass: 35969K(36352K)->35969K(36352K) Class: 5303K(5568K)->5303K(5568K)
[2021-11-01T22:52:45.322-0700][gc          ] GC(89) Pause Young (Normal) (G1 Evacuation Pause) 225M->179M(1024M) 37.211ms
[2021-11-01T22:52:45.322-0700][gc,cpu      ] GC(89) User=0.04s Sys=0.03s Real=0.04s
[2021-11-01T22:53:01.669-0700][gc,start    ] GC(90) Pause Young (Normal) (G1 Evacuation Pause)
[2021-11-01T22:53:01.670-0700][gc,task     ] GC(90) Using 8 workers of 8 for evacuation
[2021-11-01T22:53:01.683-0700][gc,phases   ] GC(90)   Pre Evacuate Collection Set: 0.3ms
[2021-11-01T22:53:01.684-0700][gc,phases   ] GC(90)   Merge Heap Roots: 0.1ms
[2021-11-01T22:53:01.684-0700][gc,phases   ] GC(90)   Evacuate Collection Set: 11.1ms
[2021-11-01T22:53:01.684-0700][gc,phases   ] GC(90)   Post Evacuate Collection Set: 1.3ms
[2021-11-01T22:53:01.684-0700][gc,phases   ] GC(90)   Other: 2.1ms
[2021-11-01T22:53:01.684-0700][gc,heap     ] GC(90) Eden regions: 46->0(54)
[2021-11-01T22:53:01.684-0700][gc,heap     ] GC(90) Survivor regions: 5->4(7)
[2021-11-01T22:53:01.684-0700][gc,heap     ] GC(90) Old regions: 46->46
[2021-11-01T22:53:01.684-0700][gc,heap     ] GC(90) Archive regions: 2->2
[2021-11-01T22:53:01.684-0700][gc,heap     ] GC(90) Humongous regions: 129->129
[2021-11-01T22:53:01.684-0700][gc,metaspace] GC(90) Metaspace: 41273K(41920K)->41273K(41920K) NonClass: 35969K(36352K)->35969K(36352K) Class: 5303K(5568K)->5303K(5568K)
[2021-11-01T22:53:01.684-0700][gc          ] GC(90) Pause Young (Normal) (G1 Evacuation Pause) 225M->179M(1024M) 15.232ms
[2021-11-01T22:53:01.684-0700][gc,cpu      ] GC(90) User=0.03s Sys=0.00s Real=0.02s
[2021-11-01T22:53:18.310-0700][gc,start    ] GC(91) Pause Young (Normal) (G1 Evacuation Pause)
[2021-11-01T22:53:18.314-0700][gc,task     ] GC(91) Using 8 workers of 8 for evacuation
[2021-11-01T22:53:18.397-0700][gc,mmu      ] GC(91) MMU target violated: 21.0ms (20.0ms/21.0ms)
[2021-11-01T22:53:18.397-0700][gc,phases   ] GC(91)   Pre Evacuate Collection Set: 1.3ms
[2021-11-01T22:53:18.397-0700][gc,phases   ] GC(91)   Merge Heap Roots: 0.5ms
[2021-11-01T22:53:18.397-0700][gc,phases   ] GC(91)   Evacuate Collection Set: 79.9ms
[2021-11-01T22:53:18.397-0700][gc,phases   ] GC(91)   Post Evacuate Collection Set: 0.7ms
[2021-11-01T22:53:18.397-0700][gc,phases   ] GC(91)   Other: 4.5ms
[2021-11-01T22:53:18.397-0700][gc,heap     ] GC(91) Eden regions: 47->0(46)
[2021-11-01T22:53:18.397-0700][gc,heap     ] GC(91) Survivor regions: 4->5(7)
[2021-11-01T22:53:18.397-0700][gc,heap     ] GC(91) Old regions: 46->46
[2021-11-01T22:53:18.397-0700][gc,heap     ] GC(91) Archive regions: 2->2
[2021-11-01T22:53:18.397-0700][gc,heap     ] GC(91) Humongous regions: 129->129
[2021-11-01T22:53:18.397-0700][gc,metaspace] GC(91) Metaspace: 41275K(41984K)->41275K(41984K) NonClass: 35971K(36416K)->35971K(36416K) Class: 5303K(5568K)->5303K(5568K)
[2021-11-01T22:53:18.397-0700][gc          ] GC(91) Pause Young (Normal) (G1 Evacuation Pause) 226M->180M(1024M) 86.931ms
[2021-11-01T22:53:18.397-0700][gc,cpu      ] GC(91) User=0.02s Sys=0.03s Real=0.08s
[2021-11-01T22:53:34.800-0700][gc,start    ] GC(92) Pause Young (Normal) (G1 Evacuation Pause)
[2021-11-01T22:53:34.803-0700][gc,task     ] GC(92) Using 8 workers of 8 for evacuation
[2021-11-01T22:53:34.833-0700][gc,mmu      ] GC(92) MMU target violated: 21.0ms (20.0ms/21.0ms)
[2021-11-01T22:53:34.833-0700][gc,phases   ] GC(92)   Pre Evacuate Collection Set: 0.6ms
[2021-11-01T22:53:34.833-0700][gc,phases   ] GC(92)   Merge Heap Roots: 0.2ms
[2021-11-01T22:53:34.833-0700][gc,phases   ] GC(92)   Evacuate Collection Set: 28.3ms
[2021-11-01T22:53:34.833-0700][gc,phases   ] GC(92)   Post Evacuate Collection Set: 0.7ms
[2021-11-01T22:53:34.833-0700][gc,phases   ] GC(92)   Other: 3.6ms
[2021-11-01T22:53:34.833-0700][gc,heap     ] GC(92) Eden regions: 46->0(46)
[2021-11-01T22:53:34.833-0700][gc,heap     ] GC(92) Survivor regions: 5->5(7)
[2021-11-01T22:53:34.833-0700][gc,heap     ] GC(92) Old regions: 46->47
[2021-11-01T22:53:34.833-0700][gc,heap     ] GC(92) Archive regions: 2->2
[2021-11-01T22:53:34.833-0700][gc,heap     ] GC(92) Humongous regions: 129->129
[2021-11-01T22:53:34.833-0700][gc,metaspace] GC(92) Metaspace: 41277K(41984K)->41277K(41984K) NonClass: 35973K(36416K)->35973K(36416K) Class: 5303K(5568K)->5303K(5568K)
[2021-11-01T22:53:34.833-0700][gc          ] GC(92) Pause Young (Normal) (G1 Evacuation Pause) 226M->180M(1024M) 33.456ms
[2021-11-01T22:53:34.833-0700][gc,cpu      ] GC(92) User=0.02s Sys=0.03s Real=0.03s
[2021-11-01T22:53:51.279-0700][gc,start    ] GC(93) Pause Young (Normal) (G1 Evacuation Pause)
[2021-11-01T22:53:51.280-0700][gc,task     ] GC(93) Using 8 workers of 8 for evacuation
[2021-11-01T22:53:51.297-0700][gc,phases   ] GC(93)   Pre Evacuate Collection Set: 0.5ms
[2021-11-01T22:53:51.297-0700][gc,phases   ] GC(93)   Merge Heap Roots: 0.5ms
[2021-11-01T22:53:51.297-0700][gc,phases   ] GC(93)   Evacuate Collection Set: 14.0ms
[2021-11-01T22:53:51.297-0700][gc,phases   ] GC(93)   Post Evacuate Collection Set: 1.2ms
[2021-11-01T22:53:51.297-0700][gc,phases   ] GC(93)   Other: 1.6ms
[2021-11-01T22:53:51.297-0700][gc,heap     ] GC(93) Eden regions: 46->0(46)
[2021-11-01T22:53:51.297-0700][gc,heap     ] GC(93) Survivor regions: 5->5(7)
[2021-11-01T22:53:51.297-0700][gc,heap     ] GC(93) Old regions: 47->47
[2021-11-01T22:53:51.297-0700][gc,heap     ] GC(93) Archive regions: 2->2
[2021-11-01T22:53:51.297-0700][gc,heap     ] GC(93) Humongous regions: 129->129
[2021-11-01T22:53:51.297-0700][gc,metaspace] GC(93) Metaspace: 41278K(41984K)->41278K(41984K) NonClass: 35974K(36416K)->35974K(36416K) Class: 5303K(5568K)->5303K(5568K)
[2021-11-01T22:53:51.297-0700][gc          ] GC(93) Pause Young (Normal) (G1 Evacuation Pause) 226M->180M(1024M) 17.996ms
[2021-11-01T22:53:51.297-0700][gc,cpu      ] GC(93) User=0.04s Sys=0.01s Real=0.02s
[2021-11-01T22:54:07.671-0700][gc,start    ] GC(94) Pause Young (Normal) (G1 Evacuation Pause)
[2021-11-01T22:54:07.672-0700][gc,task     ] GC(94) Using 8 workers of 8 for evacuation
[2021-11-01T22:54:07.692-0700][gc,mmu      ] GC(94) MMU target violated: 20.2ms (20.0ms/21.0ms)
[2021-11-01T22:54:07.692-0700][gc,phases   ] GC(94)   Pre Evacuate Collection Set: 1.2ms
[2021-11-01T22:54:07.692-0700][gc,phases   ] GC(94)   Merge Heap Roots: 1.2ms
[2021-11-01T22:54:07.692-0700][gc,phases   ] GC(94)   Evacuate Collection Set: 15.2ms
[2021-11-01T22:54:07.692-0700][gc,phases   ] GC(94)   Post Evacuate Collection Set: 1.4ms
[2021-11-01T22:54:07.692-0700][gc,phases   ] GC(94)   Other: 1.9ms
[2021-11-01T22:54:07.692-0700][gc,heap     ] GC(94) Eden regions: 46->0(92)
[2021-11-01T22:54:07.692-0700][gc,heap     ] GC(94) Survivor regions: 5->4(7)
[2021-11-01T22:54:07.692-0700][gc,heap     ] GC(94) Old regions: 47->48
[2021-11-01T22:54:07.692-0700][gc,heap     ] GC(94) Archive regions: 2->2
[2021-11-01T22:54:07.692-0700][gc,heap     ] GC(94) Humongous regions: 129->129
[2021-11-01T22:54:07.692-0700][gc,metaspace] GC(94) Metaspace: 41278K(41984K)->41278K(41984K) NonClass: 35974K(36416K)->35974K(36416K) Class: 5303K(5568K)->5303K(5568K)
[2021-11-01T22:54:07.692-0700][gc          ] GC(94) Pause Young (Normal) (G1 Evacuation Pause) 226M->181M(1024M) 20.939ms
[2021-11-01T22:54:07.692-0700][gc,cpu      ] GC(94) User=0.04s Sys=0.01s Real=0.02s
[2021-11-01T22:54:35.682-0700][gc,start    ] GC(95) Pause Young (Normal) (G1 Evacuation Pause)
[2021-11-01T22:54:35.757-0700][gc,task     ] GC(95) Using 8 workers of 8 for evacuation
[2021-11-01T22:54:35.805-0700][gc,mmu      ] GC(95) MMU target violated: 21.0ms (20.0ms/21.0ms)
[2021-11-01T22:54:35.805-0700][gc,phases   ] GC(95)   Pre Evacuate Collection Set: 0.8ms
[2021-11-01T22:54:35.805-0700][gc,phases   ] GC(95)   Merge Heap Roots: 2.9ms
[2021-11-01T22:54:35.805-0700][gc,phases   ] GC(95)   Evacuate Collection Set: 42.8ms
[2021-11-01T22:54:35.805-0700][gc,phases   ] GC(95)   Post Evacuate Collection Set: 1.1ms
[2021-11-01T22:54:35.805-0700][gc,phases   ] GC(95)   Other: 75.0ms
[2021-11-01T22:54:35.805-0700][gc,heap     ] GC(95) Eden regions: 78->0(45)
[2021-11-01T22:54:35.805-0700][gc,heap     ] GC(95) Survivor regions: 4->6(11)
[2021-11-01T22:54:35.805-0700][gc,heap     ] GC(95) Old regions: 48->48
[2021-11-01T22:54:35.805-0700][gc,heap     ] GC(95) Archive regions: 2->2
[2021-11-01T22:54:35.805-0700][gc,heap     ] GC(95) Humongous regions: 129->129
[2021-11-01T22:54:35.805-0700][gc,metaspace] GC(95) Metaspace: 41278K(41984K)->41278K(41984K) NonClass: 35974K(36416K)->35974K(36416K) Class: 5303K(5568K)->5303K(5568K)
[2021-11-01T22:54:35.805-0700][gc          ] GC(95) Pause Young (Normal) (G1 Evacuation Pause) 259M->182M(1024M) 122.572ms
[2021-11-01T22:54:35.805-0700][gc,cpu      ] GC(95) User=0.02s Sys=0.04s Real=0.12s
[2021-11-01T22:54:51.828-0700][gc,start    ] GC(96) Pause Young (Normal) (G1 Evacuation Pause)
[2021-11-01T22:54:51.828-0700][gc,task     ] GC(96) Using 8 workers of 8 for evacuation
[2021-11-01T22:54:51.864-0700][gc,mmu      ] GC(96) MMU target violated: 21.0ms (20.0ms/21.0ms)
[2021-11-01T22:54:51.864-0700][gc,phases   ] GC(96)   Pre Evacuate Collection Set: 2.2ms
[2021-11-01T22:54:51.864-0700][gc,phases   ] GC(96)   Merge Heap Roots: 0.6ms
[2021-11-01T22:54:51.864-0700][gc,phases   ] GC(96)   Evacuate Collection Set: 30.8ms
[2021-11-01T22:54:51.864-0700][gc,phases   ] GC(96)   Post Evacuate Collection Set: 2.4ms
[2021-11-01T22:54:51.864-0700][gc,phases   ] GC(96)   Other: 0.8ms
[2021-11-01T22:54:51.864-0700][gc,heap     ] GC(96) Eden regions: 45->0(47)
[2021-11-01T22:54:51.864-0700][gc,heap     ] GC(96) Survivor regions: 6->4(7)
[2021-11-01T22:54:51.864-0700][gc,heap     ] GC(96) Old regions: 48->50
[2021-11-01T22:54:51.864-0700][gc,heap     ] GC(96) Archive regions: 2->2
[2021-11-01T22:54:51.864-0700][gc,heap     ] GC(96) Humongous regions: 129->129
[2021-11-01T22:54:51.865-0700][gc,metaspace] GC(96) Metaspace: 41278K(41984K)->41278K(41984K) NonClass: 35974K(36416K)->35974K(36416K) Class: 5303K(5568K)->5303K(5568K)
[2021-11-01T22:54:51.865-0700][gc          ] GC(96) Pause Young (Normal) (G1 Evacuation Pause) 227M->183M(1024M) 36.819ms
[2021-11-01T22:54:51.865-0700][gc,cpu      ] GC(96) User=0.04s Sys=0.04s Real=0.04s
[2021-11-01T22:55:08.661-0700][gc,start    ] GC(97) Pause Young (Normal) (G1 Evacuation Pause)
[2021-11-01T22:55:08.661-0700][gc,task     ] GC(97) Using 8 workers of 8 for evacuation
[2021-11-01T22:55:08.691-0700][gc,mmu      ] GC(97) MMU target violated: 21.0ms (20.0ms/21.0ms)
[2021-11-01T22:55:08.691-0700][gc,phases   ] GC(97)   Pre Evacuate Collection Set: 2.1ms
[2021-11-01T22:55:08.691-0700][gc,phases   ] GC(97)   Merge Heap Roots: 0.5ms
[2021-11-01T22:55:08.691-0700][gc,phases   ] GC(97)   Evacuate Collection Set: 25.5ms
[2021-11-01T22:55:08.691-0700][gc,phases   ] GC(97)   Post Evacuate Collection Set: 1.5ms
[2021-11-01T22:55:08.691-0700][gc,phases   ] GC(97)   Other: 1.0ms
[2021-11-01T22:55:08.691-0700][gc,heap     ] GC(97) Eden regions: 47->0(46)
[2021-11-01T22:55:08.691-0700][gc,heap     ] GC(97) Survivor regions: 4->5(7)
[2021-11-01T22:55:08.691-0700][gc,heap     ] GC(97) Old regions: 50->50
[2021-11-01T22:55:08.691-0700][gc,heap     ] GC(97) Archive regions: 2->2
[2021-11-01T22:55:08.691-0700][gc,heap     ] GC(97) Humongous regions: 129->129
[2021-11-01T22:55:08.691-0700][gc,metaspace] GC(97) Metaspace: 41288K(41984K)->41288K(41984K) NonClass: 35984K(36416K)->35984K(36416K) Class: 5303K(5568K)->5303K(5568K)
[2021-11-01T22:55:08.691-0700][gc          ] GC(97) Pause Young (Normal) (G1 Evacuation Pause) 230M->183M(1024M) 30.803ms
[2021-11-01T22:55:08.691-0700][gc,cpu      ] GC(97) User=0.03s Sys=0.06s Real=0.03s
[2021-11-01T22:55:24.343-0700][gc,start    ] GC(98) Pause Young (Normal) (G1 Evacuation Pause)
[2021-11-01T22:55:24.344-0700][gc,task     ] GC(98) Using 8 workers of 8 for evacuation
[2021-11-01T22:55:24.365-0700][gc,mmu      ] GC(98) MMU target violated: 21.0ms (20.0ms/21.0ms)
[2021-11-01T22:55:24.366-0700][gc,phases   ] GC(98)   Pre Evacuate Collection Set: 0.5ms
[2021-11-01T22:55:24.366-0700][gc,phases   ] GC(98)   Merge Heap Roots: 0.9ms
[2021-11-01T22:55:24.366-0700][gc,phases   ] GC(98)   Evacuate Collection Set: 18.3ms
[2021-11-01T22:55:24.366-0700][gc,phases   ] GC(98)   Post Evacuate Collection Set: 0.6ms
[2021-11-01T22:55:24.366-0700][gc,phases   ] GC(98)   Other: 1.8ms
[2021-11-01T22:55:24.366-0700][gc,heap     ] GC(98) Eden regions: 46->0(45)
[2021-11-01T22:55:24.366-0700][gc,heap     ] GC(98) Survivor regions: 5->6(7)
[2021-11-01T22:55:24.366-0700][gc,heap     ] GC(98) Old regions: 50->50
[2021-11-01T22:55:24.366-0700][gc,heap     ] GC(98) Archive regions: 2->2
[2021-11-01T22:55:24.366-0700][gc,heap     ] GC(98) Humongous regions: 129->129
[2021-11-01T22:55:24.366-0700][gc,metaspace] GC(98) Metaspace: 41313K(42048K)->41313K(42048K) NonClass: 36005K(36480K)->36005K(36480K) Class: 5307K(5568K)->5307K(5568K)
[2021-11-01T22:55:24.366-0700][gc          ] GC(98) Pause Young (Normal) (G1 Evacuation Pause) 229M->185M(1024M) 22.308ms
[2021-11-01T22:55:24.366-0700][gc,cpu      ] GC(98) User=0.04s Sys=0.01s Real=0.02s
[2021-11-01T22:55:40.541-0700][gc,start    ] GC(99) Pause Young (Normal) (G1 Evacuation Pause)
[2021-11-01T22:55:40.542-0700][gc,task     ] GC(99) Using 8 workers of 8 for evacuation
[2021-11-01T22:55:40.570-0700][gc,mmu      ] GC(99) MMU target violated: 21.0ms (20.0ms/21.0ms)
[2021-11-01T22:55:40.570-0700][gc,phases   ] GC(99)   Pre Evacuate Collection Set: 0.6ms
[2021-11-01T22:55:40.570-0700][gc,phases   ] GC(99)   Merge Heap Roots: 2.1ms
[2021-11-01T22:55:40.570-0700][gc,phases   ] GC(99)   Evacuate Collection Set: 23.9ms
[2021-11-01T22:55:40.570-0700][gc,phases   ] GC(99)   Post Evacuate Collection Set: 1.1ms
[2021-11-01T22:55:40.570-0700][gc,phases   ] GC(99)   Other: 1.1ms
[2021-11-01T22:55:40.570-0700][gc,heap     ] GC(99) Eden regions: 45->0(88)
[2021-11-01T22:55:40.570-0700][gc,heap     ] GC(99) Survivor regions: 6->4(7)
[2021-11-01T22:55:40.570-0700][gc,heap     ] GC(99) Old regions: 50->52
[2021-11-01T22:55:40.570-0700][gc,heap     ] GC(99) Archive regions: 2->2
[2021-11-01T22:55:40.570-0700][gc,heap     ] GC(99) Humongous regions: 129->129
[2021-11-01T22:55:40.570-0700][gc,metaspace] GC(99) Metaspace: 41313K(42048K)->41313K(42048K) NonClass: 36006K(36480K)->36006K(36480K) Class: 5307K(5568K)->5307K(5568K)
[2021-11-01T22:55:40.570-0700][gc          ] GC(99) Pause Young (Normal) (G1 Evacuation Pause) 230M->185M(1024M) 28.854ms
[2021-11-01T22:55:40.570-0700][gc,cpu      ] GC(99) User=0.03s Sys=0.03s Real=0.03s
[2021-11-01T22:55:57.141-0700][gc,start    ] GC(100) Pause Young (Normal) (G1 Evacuation Pause)
[2021-11-01T22:55:57.141-0700][gc,task     ] GC(100) Using 8 workers of 8 for evacuation
[2021-11-01T22:55:57.156-0700][gc,phases   ] GC(100)   Pre Evacuate Collection Set: 0.3ms
[2021-11-01T22:55:57.156-0700][gc,phases   ] GC(100)   Merge Heap Roots: 0.1ms
[2021-11-01T22:55:57.156-0700][gc,phases   ] GC(100)   Evacuate Collection Set: 14.2ms
[2021-11-01T22:55:57.156-0700][gc,phases   ] GC(100)   Post Evacuate Collection Set: 0.4ms
[2021-11-01T22:55:57.156-0700][gc,phases   ] GC(100)   Other: 0.6ms
[2021-11-01T22:55:57.156-0700][gc,heap     ] GC(100) Eden regions: 47->0(250)
[2021-11-01T22:55:57.156-0700][gc,heap     ] GC(100) Survivor regions: 4->4(7)
[2021-11-01T22:55:57.156-0700][gc,heap     ] GC(100) Old regions: 52->52
[2021-11-01T22:55:57.156-0700][gc,heap     ] GC(100) Archive regions: 2->2
[2021-11-01T22:55:57.156-0700][gc,heap     ] GC(100) Humongous regions: 129->129
[2021-11-01T22:55:57.156-0700][gc,metaspace] GC(100) Metaspace: 41317K(42048K)->41317K(42048K) NonClass: 36009K(36480K)->36009K(36480K) Class: 5307K(5568K)->5307K(5568K)
[2021-11-01T22:55:57.156-0700][gc          ] GC(100) Pause Young (Normal) (G1 Evacuation Pause) 232M->185M(1024M) 15.672ms
[2021-11-01T22:55:57.156-0700][gc,cpu      ] GC(100) User=0.04s Sys=0.00s Real=0.01s
[2021-11-01T22:57:27.681-0700][gc,start    ] GC(101) Pause Young (Normal) (G1 Evacuation Pause)
[2021-11-01T22:57:27.692-0700][gc,task     ] GC(101) Using 8 workers of 8 for evacuation
[2021-11-01T22:57:27.733-0700][gc,mmu      ] GC(101) MMU target violated: 21.0ms (20.0ms/21.0ms)
[2021-11-01T22:57:27.733-0700][gc,phases   ] GC(101)   Pre Evacuate Collection Set: 1.3ms
[2021-11-01T22:57:27.733-0700][gc,phases   ] GC(101)   Merge Heap Roots: 1.5ms
[2021-11-01T22:57:27.733-0700][gc,phases   ] GC(101)   Evacuate Collection Set: 37.2ms
[2021-11-01T22:57:27.733-0700][gc,phases   ] GC(101)   Post Evacuate Collection Set: 0.7ms
[2021-11-01T22:57:27.733-0700][gc,phases   ] GC(101)   Other: 11.4ms
[2021-11-01T22:57:27.733-0700][gc,heap     ] GC(101) Eden regions: 250->0(46)
[2021-11-01T22:57:27.733-0700][gc,heap     ] GC(101) Survivor regions: 4->5(32)
[2021-11-01T22:57:27.733-0700][gc,heap     ] GC(101) Old regions: 52->52
[2021-11-01T22:57:27.733-0700][gc,heap     ] GC(101) Archive regions: 2->2
[2021-11-01T22:57:27.733-0700][gc,heap     ] GC(101) Humongous regions: 129->129
[2021-11-01T22:57:27.733-0700][gc,metaspace] GC(101) Metaspace: 41323K(42048K)->41323K(42048K) NonClass: 36016K(36480K)->36016K(36480K) Class: 5307K(5568K)->5307K(5568K)
[2021-11-01T22:57:27.733-0700][gc          ] GC(101) Pause Young (Normal) (G1 Evacuation Pause) 435M->186M(1024M) 52.252ms
[2021-11-01T22:57:27.733-0700][gc,cpu      ] GC(101) User=0.04s Sys=0.07s Real=0.05s
[2021-11-01T22:57:44.263-0700][gc,start    ] GC(102) Pause Young (Normal) (G1 Evacuation Pause)
[2021-11-01T22:57:44.263-0700][gc,task     ] GC(102) Using 8 workers of 8 for evacuation
[2021-11-01T22:57:44.278-0700][gc,phases   ] GC(102)   Pre Evacuate Collection Set: 0.4ms
[2021-11-01T22:57:44.278-0700][gc,phases   ] GC(102)   Merge Heap Roots: 0.1ms
[2021-11-01T22:57:44.278-0700][gc,phases   ] GC(102)   Evacuate Collection Set: 13.7ms
[2021-11-01T22:57:44.278-0700][gc,phases   ] GC(102)   Post Evacuate Collection Set: 0.8ms
[2021-11-01T22:57:44.278-0700][gc,phases   ] GC(102)   Other: 0.4ms
[2021-11-01T22:57:44.278-0700][gc,heap     ] GC(102) Eden regions: 46->0(128)
[2021-11-01T22:57:44.278-0700][gc,heap     ] GC(102) Survivor regions: 5->4(7)
[2021-11-01T22:57:44.278-0700][gc,heap     ] GC(102) Old regions: 52->54
[2021-11-01T22:57:44.278-0700][gc,heap     ] GC(102) Archive regions: 2->2
[2021-11-01T22:57:44.278-0700][gc,heap     ] GC(102) Humongous regions: 129->129
[2021-11-01T22:57:44.278-0700][gc,metaspace] GC(102) Metaspace: 41323K(42048K)->41323K(42048K) NonClass: 36016K(36480K)->36016K(36480K) Class: 5307K(5568K)->5307K(5568K)
[2021-11-01T22:57:44.278-0700][gc          ] GC(102) Pause Young (Normal) (G1 Evacuation Pause) 232M->186M(1024M) 15.482ms
[2021-11-01T22:57:44.278-0700][gc,cpu      ] GC(102) User=0.04s Sys=0.01s Real=0.01s
[2021-11-01T22:58:30.481-0700][gc,start    ] GC(103) Pause Young (Normal) (G1 Evacuation Pause)
[2021-11-01T22:58:30.481-0700][gc,task     ] GC(103) Using 8 workers of 8 for evacuation
[2021-11-01T22:58:30.492-0700][gc,phases   ] GC(103)   Pre Evacuate Collection Set: 0.4ms
[2021-11-01T22:58:30.492-0700][gc,phases   ] GC(103)   Merge Heap Roots: 0.1ms
[2021-11-01T22:58:30.492-0700][gc,phases   ] GC(103)   Evacuate Collection Set: 9.0ms
[2021-11-01T22:58:30.492-0700][gc,phases   ] GC(103)   Post Evacuate Collection Set: 0.7ms
[2021-11-01T22:58:30.492-0700][gc,phases   ] GC(103)   Other: 0.8ms
[2021-11-01T22:58:30.492-0700][gc,heap     ] GC(103) Eden regions: 128->0(174)
[2021-11-01T22:58:30.492-0700][gc,heap     ] GC(103) Survivor regions: 4->5(17)
[2021-11-01T22:58:30.492-0700][gc,heap     ] GC(103) Old regions: 54->54
[2021-11-01T22:58:30.492-0700][gc,heap     ] GC(103) Archive regions: 2->2
[2021-11-01T22:58:30.492-0700][gc,heap     ] GC(103) Humongous regions: 129->129
[2021-11-01T22:58:30.492-0700][gc,metaspace] GC(103) Metaspace: 41325K(42048K)->41325K(42048K) NonClass: 36018K(36480K)->36018K(36480K) Class: 5307K(5568K)->5307K(5568K)
[2021-11-01T22:58:30.492-0700][gc          ] GC(103) Pause Young (Normal) (G1 Evacuation Pause) 314M->187M(1024M) 11.324ms
[2021-11-01T22:58:30.492-0700][gc,cpu      ] GC(103) User=0.03s Sys=0.01s Real=0.01s
[2021-11-01T22:59:33.169-0700][gc,start    ] GC(104) Pause Young (Normal) (G1 Evacuation Pause)
[2021-11-01T22:59:33.170-0700][gc,task     ] GC(104) Using 8 workers of 8 for evacuation
[2021-11-01T22:59:33.192-0700][gc,mmu      ] GC(104) MMU target violated: 21.0ms (20.0ms/21.0ms)
[2021-11-01T22:59:33.192-0700][gc,phases   ] GC(104)   Pre Evacuate Collection Set: 1.2ms
[2021-11-01T22:59:33.192-0700][gc,phases   ] GC(104)   Merge Heap Roots: 1.0ms
[2021-11-01T22:59:33.192-0700][gc,phases   ] GC(104)   Evacuate Collection Set: 19.9ms
[2021-11-01T22:59:33.193-0700][gc,phases   ] GC(104)   Post Evacuate Collection Set: 0.6ms
[2021-11-01T22:59:33.193-0700][gc,phases   ] GC(104)   Other: 1.0ms
[2021-11-01T22:59:33.193-0700][gc,heap     ] GC(104) Eden regions: 174->0(122)
[2021-11-01T22:59:33.193-0700][gc,heap     ] GC(104) Survivor regions: 5->6(23)
[2021-11-01T22:59:33.193-0700][gc,heap     ] GC(104) Old regions: 54->54
[2021-11-01T22:59:33.193-0700][gc,heap     ] GC(104) Archive regions: 2->2
[2021-11-01T22:59:33.193-0700][gc,heap     ] GC(104) Humongous regions: 129->129
[2021-11-01T22:59:33.193-0700][gc,metaspace] GC(104) Metaspace: 41339K(42048K)->41339K(42048K) NonClass: 36031K(36480K)->36031K(36480K) Class: 5307K(5568K)->5307K(5568K)
[2021-11-01T22:59:33.193-0700][gc          ] GC(104) Pause Young (Normal) (G1 Evacuation Pause) 361M->189M(1024M) 23.747ms
[2021-11-01T22:59:33.193-0700][gc,cpu      ] GC(104) User=0.04s Sys=0.03s Real=0.03s
[2021-11-01T23:00:16.908-0700][gc,start    ] GC(105) Pause Young (Normal) (G1 Evacuation Pause)
[2021-11-01T23:00:16.925-0700][gc,task     ] GC(105) Using 8 workers of 8 for evacuation
[2021-11-01T23:00:16.958-0700][gc,mmu      ] GC(105) MMU target violated: 21.0ms (20.0ms/21.0ms)
[2021-11-01T23:00:16.958-0700][gc,phases   ] GC(105)   Pre Evacuate Collection Set: 0.4ms
[2021-11-01T23:00:16.958-0700][gc,phases   ] GC(105)   Merge Heap Roots: 0.2ms
[2021-11-01T23:00:16.958-0700][gc,phases   ] GC(105)   Evacuate Collection Set: 31.0ms
[2021-11-01T23:00:16.958-0700][gc,phases   ] GC(105)   Post Evacuate Collection Set: 1.1ms
[2021-11-01T23:00:16.958-0700][gc,phases   ] GC(105)   Other: 17.7ms
[2021-11-01T23:00:16.958-0700][gc,heap     ] GC(105) Eden regions: 122->0(158)
[2021-11-01T23:00:16.958-0700][gc,heap     ] GC(105) Survivor regions: 6->7(16)
[2021-11-01T23:00:16.958-0700][gc,heap     ] GC(105) Old regions: 54->54
[2021-11-01T23:00:16.958-0700][gc,heap     ] GC(105) Archive regions: 2->2
[2021-11-01T23:00:16.958-0700][gc,heap     ] GC(105) Humongous regions: 129->129
[2021-11-01T23:00:16.958-0700][gc,metaspace] GC(105) Metaspace: 41339K(42048K)->41339K(42048K) NonClass: 36031K(36480K)->36031K(36480K) Class: 5307K(5568K)->5307K(5568K)
[2021-11-01T23:00:16.958-0700][gc          ] GC(105) Pause Young (Normal) (G1 Evacuation Pause) 311M->189M(1024M) 50.569ms
[2021-11-01T23:00:16.958-0700][gc,cpu      ] GC(105) User=0.06s Sys=0.02s Real=0.05s
[2021-11-01T23:01:14.066-0700][gc,start    ] GC(106) Pause Young (Normal) (G1 Evacuation Pause)
[2021-11-01T23:01:14.067-0700][gc,task     ] GC(106) Using 8 workers of 8 for evacuation
[2021-11-01T23:01:14.086-0700][gc,phases   ] GC(106)   Pre Evacuate Collection Set: 0.4ms
[2021-11-01T23:01:14.086-0700][gc,phases   ] GC(106)   Merge Heap Roots: 0.1ms
[2021-11-01T23:01:14.086-0700][gc,phases   ] GC(106)   Evacuate Collection Set: 17.2ms
[2021-11-01T23:01:14.086-0700][gc,phases   ] GC(106)   Post Evacuate Collection Set: 0.4ms
[2021-11-01T23:01:14.086-0700][gc,phases   ] GC(106)   Other: 1.4ms
[2021-11-01T23:01:14.086-0700][gc,heap     ] GC(106) Eden regions: 158->0(219)
[2021-11-01T23:01:14.086-0700][gc,heap     ] GC(106) Survivor regions: 7->9(21)
[2021-11-01T23:01:14.086-0700][gc,heap     ] GC(106) Old regions: 54->54
[2021-11-01T23:01:14.086-0700][gc,heap     ] GC(106) Archive regions: 2->2
[2021-11-01T23:01:14.086-0700][gc,heap     ] GC(106) Humongous regions: 129->129
[2021-11-01T23:01:14.086-0700][gc,metaspace] GC(106) Metaspace: 41344K(42048K)->41344K(42048K) NonClass: 36037K(36480K)->36037K(36480K) Class: 5307K(5568K)->5307K(5568K)
[2021-11-01T23:01:14.086-0700][gc          ] GC(106) Pause Young (Normal) (G1 Evacuation Pause) 347M->192M(1024M) 19.673ms
[2021-11-01T23:01:14.086-0700][gc,cpu      ] GC(106) User=0.05s Sys=0.00s Real=0.02s
[2021-11-01T23:02:33.028-0700][gc,start    ] GC(107) Pause Young (Normal) (G1 Evacuation Pause)
[2021-11-01T23:02:33.029-0700][gc,task     ] GC(107) Using 8 workers of 8 for evacuation
[2021-11-01T23:02:33.061-0700][gc,mmu      ] GC(107) MMU target violated: 21.0ms (20.0ms/21.0ms)
[2021-11-01T23:02:33.061-0700][gc,phases   ] GC(107)   Pre Evacuate Collection Set: 0.3ms
[2021-11-01T23:02:33.061-0700][gc,phases   ] GC(107)   Merge Heap Roots: 0.1ms
[2021-11-01T23:02:33.061-0700][gc,phases   ] GC(107)   Evacuate Collection Set: 31.1ms
[2021-11-01T23:02:33.062-0700][gc,phases   ] GC(107)   Post Evacuate Collection Set: 0.7ms
[2021-11-01T23:02:33.062-0700][gc,phases   ] GC(107)   Other: 1.2ms
[2021-11-01T23:02:33.062-0700][gc,heap     ] GC(107) Eden regions: 219->0(40)
[2021-11-01T23:02:33.062-0700][gc,heap     ] GC(107) Survivor regions: 9->11(29)
[2021-11-01T23:02:33.062-0700][gc,heap     ] GC(107) Old regions: 54->54
[2021-11-01T23:02:33.062-0700][gc,heap     ] GC(107) Archive regions: 2->2
[2021-11-01T23:02:33.062-0700][gc,heap     ] GC(107) Humongous regions: 129->129
[2021-11-01T23:02:33.062-0700][gc,metaspace] GC(107) Metaspace: 41345K(42048K)->41345K(42048K) NonClass: 36037K(36480K)->36037K(36480K) Class: 5307K(5568K)->5307K(5568K)
[2021-11-01T23:02:33.062-0700][gc          ] GC(107) Pause Young (Normal) (G1 Evacuation Pause) 411M->194M(1024M) 33.619ms
[2021-11-01T23:02:33.062-0700][gc,cpu      ] GC(107) User=0.05s Sys=0.04s Real=0.04s
[2021-11-01T23:02:47.214-0700][gc,start    ] GC(108) Pause Young (Normal) (G1 Evacuation Pause)
[2021-11-01T23:02:47.215-0700][gc,task     ] GC(108) Using 8 workers of 8 for evacuation
[2021-11-01T23:02:47.249-0700][gc,mmu      ] GC(108) MMU target violated: 21.0ms (20.0ms/21.0ms)
[2021-11-01T23:02:47.249-0700][gc,phases   ] GC(108)   Pre Evacuate Collection Set: 0.3ms
[2021-11-01T23:02:47.249-0700][gc,phases   ] GC(108)   Merge Heap Roots: 0.1ms
[2021-11-01T23:02:47.249-0700][gc,phases   ] GC(108)   Evacuate Collection Set: 32.9ms
[2021-11-01T23:02:47.249-0700][gc,phases   ] GC(108)   Post Evacuate Collection Set: 0.6ms
[2021-11-01T23:02:47.249-0700][gc,phases   ] GC(108)   Other: 0.7ms
[2021-11-01T23:02:47.249-0700][gc,heap     ] GC(108) Eden regions: 40->0(425)
[2021-11-01T23:02:47.249-0700][gc,heap     ] GC(108) Survivor regions: 11->4(7)
[2021-11-01T23:02:47.249-0700][gc,heap     ] GC(108) Old regions: 54->60
[2021-11-01T23:02:47.249-0700][gc,heap     ] GC(108) Archive regions: 2->2
[2021-11-01T23:02:47.249-0700][gc,heap     ] GC(108) Humongous regions: 129->129
[2021-11-01T23:02:47.249-0700][gc,metaspace] GC(108) Metaspace: 41345K(42048K)->41345K(42048K) NonClass: 36037K(36480K)->36037K(36480K) Class: 5307K(5568K)->5307K(5568K)
[2021-11-01T23:02:47.249-0700][gc          ] GC(108) Pause Young (Normal) (G1 Evacuation Pause) 234M->193M(1024M) 34.611ms
[2021-11-01T23:02:47.249-0700][gc,cpu      ] GC(108) User=0.05s Sys=0.02s Real=0.03s
[2021-11-01T23:05:20.247-0700][gc,start    ] GC(109) Pause Young (Normal) (G1 Evacuation Pause)
[2021-11-01T23:05:20.248-0700][gc,task     ] GC(109) Using 8 workers of 8 for evacuation
[2021-11-01T23:05:20.331-0700][gc,mmu      ] GC(109) MMU target violated: 21.0ms (20.0ms/21.0ms)
[2021-11-01T23:05:20.331-0700][gc,phases   ] GC(109)   Pre Evacuate Collection Set: 3.2ms
[2021-11-01T23:05:20.331-0700][gc,phases   ] GC(109)   Merge Heap Roots: 1.7ms
[2021-11-01T23:05:20.331-0700][gc,phases   ] GC(109)   Evacuate Collection Set: 70.4ms
[2021-11-01T23:05:20.331-0700][gc,phases   ] GC(109)   Post Evacuate Collection Set: 5.9ms
[2021-11-01T23:05:20.331-0700][gc,phases   ] GC(109)   Other: 3.6ms
[2021-11-01T23:05:20.331-0700][gc,heap     ] GC(109) Eden regions: 425->0(42)
[2021-11-01T23:05:20.331-0700][gc,heap     ] GC(109) Survivor regions: 4->9(54)
[2021-11-01T23:05:20.331-0700][gc,heap     ] GC(109) Old regions: 60->60
[2021-11-01T23:05:20.331-0700][gc,heap     ] GC(109) Archive regions: 2->2
[2021-11-01T23:05:20.331-0700][gc,heap     ] GC(109) Humongous regions: 129->129
[2021-11-01T23:05:20.331-0700][gc,metaspace] GC(109) Metaspace: 41345K(42048K)->41345K(42048K) NonClass: 36038K(36480K)->36038K(36480K) Class: 5307K(5568K)->5307K(5568K)
[2021-11-01T23:05:20.331-0700][gc          ] GC(109) Pause Young (Normal) (G1 Evacuation Pause) 618M->198M(1024M) 84.880ms
[2021-11-01T23:05:20.331-0700][gc,cpu      ] GC(109) User=0.03s Sys=0.06s Real=0.09s
[2021-11-01T23:05:35.239-0700][gc,start    ] GC(110) Pause Young (Normal) (G1 Evacuation Pause)
[2021-11-01T23:05:35.239-0700][gc,task     ] GC(110) Using 8 workers of 8 for evacuation
[2021-11-01T23:05:35.259-0700][gc,phases   ] GC(110)   Pre Evacuate Collection Set: 0.4ms
[2021-11-01T23:05:35.259-0700][gc,phases   ] GC(110)   Merge Heap Roots: 0.1ms
[2021-11-01T23:05:35.259-0700][gc,phases   ] GC(110)   Evacuate Collection Set: 17.8ms
[2021-11-01T23:05:35.259-0700][gc,phases   ] GC(110)   Post Evacuate Collection Set: 1.0ms
[2021-11-01T23:05:35.259-0700][gc,phases   ] GC(110)   Other: 1.4ms
[2021-11-01T23:05:35.259-0700][gc,heap     ] GC(110) Eden regions: 42->0(190)
[2021-11-01T23:05:35.259-0700][gc,heap     ] GC(110) Survivor regions: 9->2(7)
[2021-11-01T23:05:35.259-0700][gc,heap     ] GC(110) Old regions: 60->67
[2021-11-01T23:05:35.259-0700][gc,heap     ] GC(110) Archive regions: 2->2
[2021-11-01T23:05:35.259-0700][gc,heap     ] GC(110) Humongous regions: 129->129
[2021-11-01T23:05:35.260-0700][gc,metaspace] GC(110) Metaspace: 41345K(42048K)->41345K(42048K) NonClass: 36038K(36480K)->36038K(36480K) Class: 5307K(5568K)->5307K(5568K)
[2021-11-01T23:05:35.260-0700][gc          ] GC(110) Pause Young (Normal) (G1 Evacuation Pause) 240M->198M(1024M) 20.888ms
[2021-11-01T23:05:35.260-0700][gc,cpu      ] GC(110) User=0.05s Sys=0.02s Real=0.03s
[2021-11-01T23:06:43.362-0700][gc,start    ] GC(111) Pause Young (Normal) (G1 Evacuation Pause)
[2021-11-01T23:06:43.364-0700][gc,task     ] GC(111) Using 8 workers of 8 for evacuation
[2021-11-01T23:06:43.422-0700][gc,mmu      ] GC(111) MMU target violated: 21.0ms (20.0ms/21.0ms)
[2021-11-01T23:06:43.422-0700][gc,phases   ] GC(111)   Pre Evacuate Collection Set: 3.3ms
[2021-11-01T23:06:43.422-0700][gc,phases   ] GC(111)   Merge Heap Roots: 0.8ms
[2021-11-01T23:06:43.422-0700][gc,phases   ] GC(111)   Evacuate Collection Set: 49.2ms
[2021-11-01T23:06:43.422-0700][gc,phases   ] GC(111)   Post Evacuate Collection Set: 3.3ms
[2021-11-01T23:06:43.423-0700][gc,phases   ] GC(111)   Other: 4.2ms
[2021-11-01T23:06:43.423-0700][gc,heap     ] GC(111) Eden regions: 190->0(47)
[2021-11-01T23:06:43.423-0700][gc,heap     ] GC(111) Survivor regions: 2->4(24)
[2021-11-01T23:06:43.423-0700][gc,heap     ] GC(111) Old regions: 67->67
[2021-11-01T23:06:43.423-0700][gc,heap     ] GC(111) Archive regions: 2->2
[2021-11-01T23:06:43.423-0700][gc,heap     ] GC(111) Humongous regions: 129->129
[2021-11-01T23:06:43.423-0700][gc,metaspace] GC(111) Metaspace: 41345K(42048K)->41345K(42048K) NonClass: 36038K(36480K)->36038K(36480K) Class: 5307K(5568K)->5307K(5568K)
[2021-11-01T23:06:43.423-0700][gc          ] GC(111) Pause Young (Normal) (G1 Evacuation Pause) 388M->200M(1024M) 60.120ms
[2021-11-01T23:06:43.423-0700][gc,cpu      ] GC(111) User=0.03s Sys=0.06s Real=0.06s
[2021-11-01T23:07:00.275-0700][gc,start    ] GC(112) Pause Young (Normal) (G1 Evacuation Pause)
[2021-11-01T23:07:00.275-0700][gc,task     ] GC(112) Using 8 workers of 8 for evacuation
[2021-11-01T23:07:00.295-0700][gc,phases   ] GC(112)   Pre Evacuate Collection Set: 0.3ms
[2021-11-01T23:07:00.295-0700][gc,phases   ] GC(112)   Merge Heap Roots: 0.1ms
[2021-11-01T23:07:00.295-0700][gc,phases   ] GC(112)   Evacuate Collection Set: 17.9ms
[2021-11-01T23:07:00.295-0700][gc,phases   ] GC(112)   Post Evacuate Collection Set: 1.1ms
[2021-11-01T23:07:00.295-0700][gc,phases   ] GC(112)   Other: 0.9ms
[2021-11-01T23:07:00.295-0700][gc,heap     ] GC(112) Eden regions: 47->0(46)
[2021-11-01T23:07:00.295-0700][gc,heap     ] GC(112) Survivor regions: 4->5(7)
[2021-11-01T23:07:00.295-0700][gc,heap     ] GC(112) Old regions: 67->67
[2021-11-01T23:07:00.295-0700][gc,heap     ] GC(112) Archive regions: 2->2
[2021-11-01T23:07:00.295-0700][gc,heap     ] GC(112) Humongous regions: 129->129
[2021-11-01T23:07:00.295-0700][gc,metaspace] GC(112) Metaspace: 41345K(42048K)->41345K(42048K) NonClass: 36038K(36480K)->36038K(36480K) Class: 5307K(5568K)->5307K(5568K)
[2021-11-01T23:07:00.295-0700][gc          ] GC(112) Pause Young (Normal) (G1 Evacuation Pause) 247M->200M(1024M) 20.720ms
[2021-11-01T23:07:00.295-0700][gc,cpu      ] GC(112) User=0.04s Sys=0.02s Real=0.02s
[2021-11-01T23:07:17.617-0700][gc,start    ] GC(113) Pause Young (Normal) (G1 Evacuation Pause)
[2021-11-01T23:07:17.618-0700][gc,task     ] GC(113) Using 8 workers of 8 for evacuation
[2021-11-01T23:07:17.634-0700][gc,phases   ] GC(113)   Pre Evacuate Collection Set: 0.2ms
[2021-11-01T23:07:17.634-0700][gc,phases   ] GC(113)   Merge Heap Roots: 0.1ms
[2021-11-01T23:07:17.634-0700][gc,phases   ] GC(113)   Evacuate Collection Set: 14.6ms
[2021-11-01T23:07:17.634-0700][gc,phases   ] GC(113)   Post Evacuate Collection Set: 1.0ms
[2021-11-01T23:07:17.634-0700][gc,phases   ] GC(113)   Other: 0.9ms
[2021-11-01T23:07:17.634-0700][gc,heap     ] GC(113) Eden regions: 46->0(47)
[2021-11-01T23:07:17.634-0700][gc,heap     ] GC(113) Survivor regions: 5->5(7)
[2021-11-01T23:07:17.634-0700][gc,heap     ] GC(113) Old regions: 67->68
[2021-11-01T23:07:17.634-0700][gc,heap     ] GC(113) Archive regions: 2->2
[2021-11-01T23:07:17.634-0700][gc,heap     ] GC(113) Humongous regions: 129->129
[2021-11-01T23:07:17.634-0700][gc,metaspace] GC(113) Metaspace: 41345K(42048K)->41345K(42048K) NonClass: 36038K(36480K)->36038K(36480K) Class: 5307K(5568K)->5307K(5568K)
[2021-11-01T23:07:17.634-0700][gc          ] GC(113) Pause Young (Normal) (G1 Evacuation Pause) 246M->201M(1024M) 17.041ms
[2021-11-01T23:07:17.634-0700][gc,cpu      ] GC(113) User=0.04s Sys=0.01s Real=0.02s
[2021-11-01T23:07:34.096-0700][gc,start    ] GC(114) Pause Young (Normal) (G1 Evacuation Pause)
[2021-11-01T23:07:34.097-0700][gc,task     ] GC(114) Using 8 workers of 8 for evacuation
[2021-11-01T23:07:34.114-0700][gc,phases   ] GC(114)   Pre Evacuate Collection Set: 0.3ms
[2021-11-01T23:07:34.114-0700][gc,phases   ] GC(114)   Merge Heap Roots: 1.1ms
[2021-11-01T23:07:34.114-0700][gc,phases   ] GC(114)   Evacuate Collection Set: 14.5ms
[2021-11-01T23:07:34.114-0700][gc,phases   ] GC(114)   Post Evacuate Collection Set: 0.7ms
[2021-11-01T23:07:34.114-0700][gc,phases   ] GC(114)   Other: 1.7ms
[2021-11-01T23:07:34.114-0700][gc,heap     ] GC(114) Eden regions: 46->0(276)
[2021-11-01T23:07:34.114-0700][gc,heap     ] GC(114) Survivor regions: 5->3(7)
[2021-11-01T23:07:34.114-0700][gc,heap     ] GC(114) Old regions: 68->69
[2021-11-01T23:07:34.114-0700][gc,heap     ] GC(114) Archive regions: 2->2
[2021-11-01T23:07:34.114-0700][gc,heap     ] GC(114) Humongous regions: 129->129
[2021-11-01T23:07:34.114-0700][gc,metaspace] GC(114) Metaspace: 41345K(42048K)->41345K(42048K) NonClass: 36038K(36480K)->36038K(36480K) Class: 5307K(5568K)->5307K(5568K)
[2021-11-01T23:07:34.115-0700][gc          ] GC(114) Pause Young (Normal) (G1 Evacuation Pause) 247M->201M(1024M) 18.803ms
[2021-11-01T23:07:34.115-0700][gc,cpu      ] GC(114) User=0.04s Sys=0.01s Real=0.02s
[2021-11-01T23:09:10.191-0700][gc,start    ] GC(115) Pause Young (Normal) (G1 Evacuation Pause)
[2021-11-01T23:09:10.191-0700][gc,task     ] GC(115) Using 8 workers of 8 for evacuation
[2021-11-01T23:09:10.214-0700][gc,mmu      ] GC(115) MMU target violated: 21.0ms (20.0ms/21.0ms)
[2021-11-01T23:09:10.214-0700][gc,phases   ] GC(115)   Pre Evacuate Collection Set: 0.4ms
[2021-11-01T23:09:10.214-0700][gc,phases   ] GC(115)   Merge Heap Roots: 1.1ms
[2021-11-01T23:09:10.214-0700][gc,phases   ] GC(115)   Evacuate Collection Set: 20.9ms
[2021-11-01T23:09:10.214-0700][gc,phases   ] GC(115)   Post Evacuate Collection Set: 0.8ms
[2021-11-01T23:09:10.214-0700][gc,phases   ] GC(115)   Other: 0.6ms
[2021-11-01T23:09:10.214-0700][gc,heap     ] GC(115) Eden regions: 268->0(68)
[2021-11-01T23:09:10.214-0700][gc,heap     ] GC(115) Survivor regions: 3->6(34)
[2021-11-01T23:09:10.214-0700][gc,heap     ] GC(115) Old regions: 69->69
[2021-11-01T23:09:10.214-0700][gc,heap     ] GC(115) Archive regions: 2->2
[2021-11-01T23:09:10.214-0700][gc,heap     ] GC(115) Humongous regions: 129->129
[2021-11-01T23:09:10.214-0700][gc,metaspace] GC(115) Metaspace: 41345K(42048K)->41345K(42048K) NonClass: 36038K(36480K)->36038K(36480K) Class: 5307K(5568K)->5307K(5568K)
[2021-11-01T23:09:10.214-0700][gc          ] GC(115) Pause Young (Normal) (G1 Evacuation Pause) 469M->204M(1024M) 23.843ms
[2021-11-01T23:09:10.214-0700][gc,cpu      ] GC(115) User=0.04s Sys=0.03s Real=0.02s
[2021-11-01T23:09:34.418-0700][gc,start    ] GC(116) Pause Young (Normal) (G1 Evacuation Pause)
[2021-11-01T23:09:34.418-0700][gc,task     ] GC(116) Using 8 workers of 8 for evacuation
[2021-11-01T23:09:34.437-0700][gc,phases   ] GC(116)   Pre Evacuate Collection Set: 0.3ms
[2021-11-01T23:09:34.437-0700][gc,phases   ] GC(116)   Merge Heap Roots: 0.1ms
[2021-11-01T23:09:34.437-0700][gc,phases   ] GC(116)   Evacuate Collection Set: 17.4ms
[2021-11-01T23:09:34.437-0700][gc,phases   ] GC(116)   Post Evacuate Collection Set: 1.3ms
[2021-11-01T23:09:34.437-0700][gc,phases   ] GC(116)   Other: 0.5ms
[2021-11-01T23:09:34.437-0700][gc,heap     ] GC(116) Eden regions: 68->0(114)
[2021-11-01T23:09:34.437-0700][gc,heap     ] GC(116) Survivor regions: 6->6(10)
[2021-11-01T23:09:34.437-0700][gc,heap     ] GC(116) Old regions: 69->70
[2021-11-01T23:09:34.437-0700][gc,heap     ] GC(116) Archive regions: 2->2
[2021-11-01T23:09:34.437-0700][gc,heap     ] GC(116) Humongous regions: 129->129
[2021-11-01T23:09:34.437-0700][gc,metaspace] GC(116) Metaspace: 41345K(42048K)->41345K(42048K) NonClass: 36038K(36480K)->36038K(36480K) Class: 5307K(5568K)->5307K(5568K)
[2021-11-01T23:09:34.437-0700][gc          ] GC(116) Pause Young (Normal) (G1 Evacuation Pause) 272M->204M(1024M) 19.839ms
[2021-11-01T23:09:34.438-0700][gc,cpu      ] GC(116) User=0.04s Sys=0.01s Real=0.02s
[2021-11-01T23:10:11.446-0700][gc,start    ] GC(117) Pause Young (Normal) (G1 Evacuation Pause)
[2021-11-01T23:10:11.446-0700][gc,task     ] GC(117) Using 8 workers of 8 for evacuation
[2021-11-01T23:10:11.466-0700][gc,phases   ] GC(117)   Pre Evacuate Collection Set: 0.7ms
[2021-11-01T23:10:11.482-0700][gc,phases   ] GC(117)   Merge Heap Roots: 0.1ms
[2021-11-01T23:10:11.482-0700][gc,phases   ] GC(117)   Evacuate Collection Set: 18.0ms
[2021-11-01T23:10:11.482-0700][gc,phases   ] GC(117)   Post Evacuate Collection Set: 0.5ms
[2021-11-01T23:10:11.483-0700][gc,phases   ] GC(117)   Other: 0.6ms
[2021-11-01T23:10:11.483-0700][gc,heap     ] GC(117) Eden regions: 104->0(143)
[2021-11-01T23:10:11.483-0700][gc,heap     ] GC(117) Survivor regions: 6->7(14)
[2021-11-01T23:10:11.483-0700][gc,heap     ] GC(117) Old regions: 70->70
[2021-11-01T23:10:11.483-0700][gc,heap     ] GC(117) Archive regions: 2->2
[2021-11-01T23:10:11.483-0700][gc,heap     ] GC(117) Humongous regions: 129->129
[2021-11-01T23:10:11.483-0700][gc,metaspace] GC(117) Metaspace: 41345K(42048K)->41345K(42048K) NonClass: 36038K(36480K)->36038K(36480K) Class: 5307K(5568K)->5307K(5568K)
[2021-11-01T23:10:11.483-0700][gc          ] GC(117) Pause Young (Normal) (G1 Evacuation Pause) 308M->205M(1024M) 37.077ms
[2021-11-01T23:10:11.483-0700][gc,cpu      ] GC(117) User=0.04s Sys=0.01s Real=0.04s
[2021-11-01T23:11:02.417-0700][gc,start    ] GC(118) Pause Young (Normal) (G1 Evacuation Pause)
[2021-11-01T23:11:02.417-0700][gc,task     ] GC(118) Using 8 workers of 8 for evacuation
[2021-11-01T23:11:02.446-0700][gc,mmu      ] GC(118) MMU target violated: 21.0ms (20.0ms/21.0ms)
[2021-11-01T23:11:02.446-0700][gc,phases   ] GC(118)   Pre Evacuate Collection Set: 2.6ms
[2021-11-01T23:11:02.446-0700][gc,phases   ] GC(118)   Merge Heap Roots: 0.1ms
[2021-11-01T23:11:02.446-0700][gc,phases   ] GC(118)   Evacuate Collection Set: 24.1ms
[2021-11-01T23:11:02.446-0700][gc,phases   ] GC(118)   Post Evacuate Collection Set: 1.1ms
[2021-11-01T23:11:02.446-0700][gc,phases   ] GC(118)   Other: 1.0ms
[2021-11-01T23:11:02.446-0700][gc,heap     ] GC(118) Eden regions: 143->0(43)
[2021-11-01T23:11:02.446-0700][gc,heap     ] GC(118) Survivor regions: 7->8(19)
[2021-11-01T23:11:02.446-0700][gc,heap     ] GC(118) Old regions: 70->70
[2021-11-01T23:11:02.446-0700][gc,heap     ] GC(118) Archive regions: 2->2
[2021-11-01T23:11:02.446-0700][gc,heap     ] GC(118) Humongous regions: 129->129
[2021-11-01T23:11:02.446-0700][gc,metaspace] GC(118) Metaspace: 41352K(42048K)->41352K(42048K) NonClass: 36044K(36480K)->36044K(36480K) Class: 5307K(5568K)->5307K(5568K)
[2021-11-01T23:11:02.446-0700][gc          ] GC(118) Pause Young (Normal) (G1 Evacuation Pause) 348M->207M(1024M) 28.946ms
[2021-11-01T23:11:02.446-0700][gc,cpu      ] GC(118) User=0.04s Sys=0.02s Real=0.03s
[2021-11-01T23:11:17.720-0700][gc,start    ] GC(119) Pause Young (Normal) (G1 Evacuation Pause)
[2021-11-01T23:11:17.736-0700][gc,task     ] GC(119) Using 8 workers of 8 for evacuation
[2021-11-01T23:11:17.757-0700][gc,mmu      ] GC(119) MMU target violated: 20.2ms (20.0ms/21.0ms)
[2021-11-01T23:11:17.757-0700][gc,phases   ] GC(119)   Pre Evacuate Collection Set: 0.4ms
[2021-11-01T23:11:17.757-0700][gc,phases   ] GC(119)   Merge Heap Roots: 0.1ms
[2021-11-01T23:11:17.757-0700][gc,phases   ] GC(119)   Evacuate Collection Set: 18.6ms
[2021-11-01T23:11:17.757-0700][gc,phases   ] GC(119)   Post Evacuate Collection Set: 1.0ms
[2021-11-01T23:11:17.757-0700][gc,phases   ] GC(119)   Other: 17.1ms
[2021-11-01T23:11:17.757-0700][gc,heap     ] GC(119) Eden regions: 43->0(313)
[2021-11-01T23:11:17.757-0700][gc,heap     ] GC(119) Survivor regions: 8->4(7)
[2021-11-01T23:11:17.757-0700][gc,heap     ] GC(119) Old regions: 70->75
[2021-11-01T23:11:17.757-0700][gc,heap     ] GC(119) Archive regions: 2->2
[2021-11-01T23:11:17.757-0700][gc,heap     ] GC(119) Humongous regions: 129->129
[2021-11-01T23:11:17.757-0700][gc,metaspace] GC(119) Metaspace: 41352K(42048K)->41352K(42048K) NonClass: 36044K(36480K)->36044K(36480K) Class: 5307K(5568K)->5307K(5568K)
[2021-11-01T23:11:17.757-0700][gc          ] GC(119) Pause Young (Normal) (G1 Evacuation Pause) 250M->207M(1024M) 37.403ms
[2021-11-01T23:11:17.757-0700][gc,cpu      ] GC(119) User=0.04s Sys=0.02s Real=0.03s
[2021-11-01T23:13:10.422-0700][gc,start    ] GC(120) Pause Young (Normal) (G1 Evacuation Pause)
[2021-11-01T23:13:10.430-0700][gc,task     ] GC(120) Using 8 workers of 8 for evacuation
[2021-11-01T23:13:10.994-0700][gc,mmu      ] GC(120) MMU target violated: 21.0ms (20.0ms/21.0ms)
[2021-11-01T23:13:10.994-0700][gc,phases   ] GC(120)   Pre Evacuate Collection Set: 45.0ms
[2021-11-01T23:13:10.994-0700][gc,phases   ] GC(120)   Merge Heap Roots: 10.9ms
[2021-11-01T23:13:10.994-0700][gc,phases   ] GC(120)   Evacuate Collection Set: 487.1ms
[2021-11-01T23:13:10.994-0700][gc,phases   ] GC(120)   Post Evacuate Collection Set: 16.7ms
[2021-11-01T23:13:10.994-0700][gc,phases   ] GC(120)   Other: 13.3ms
[2021-11-01T23:13:10.994-0700][gc,heap     ] GC(120) Eden regions: 313->0(45)
[2021-11-01T23:13:10.994-0700][gc,heap     ] GC(120) Survivor regions: 4->6(40)
[2021-11-01T23:13:10.994-0700][gc,heap     ] GC(120) Old regions: 75->75
[2021-11-01T23:13:10.994-0700][gc,heap     ] GC(120) Archive regions: 2->2
[2021-11-01T23:13:10.994-0700][gc,heap     ] GC(120) Humongous regions: 129->129
[2021-11-01T23:13:10.994-0700][gc,metaspace] GC(120) Metaspace: 41352K(42048K)->41352K(42048K) NonClass: 36044K(36480K)->36044K(36480K) Class: 5307K(5568K)->5307K(5568K)
[2021-11-01T23:13:10.994-0700][gc          ] GC(120) Pause Young (Normal) (G1 Evacuation Pause) 520M->210M(1024M) 572.984ms
[2021-11-01T23:13:10.995-0700][gc,cpu      ] GC(120) User=0.03s Sys=0.06s Real=0.57s
[2021-11-01T23:13:27.453-0700][gc,start    ] GC(121) Pause Young (Normal) (G1 Evacuation Pause)
[2021-11-01T23:13:27.453-0700][gc,task     ] GC(121) Using 8 workers of 8 for evacuation
[2021-11-01T23:13:27.475-0700][gc,mmu      ] GC(121) MMU target violated: 21.0ms (20.0ms/21.0ms)
[2021-11-01T23:13:27.476-0700][gc,phases   ] GC(121)   Pre Evacuate Collection Set: 0.4ms
[2021-11-01T23:13:27.476-0700][gc,phases   ] GC(121)   Merge Heap Roots: 0.2ms
[2021-11-01T23:13:27.476-0700][gc,phases   ] GC(121)   Evacuate Collection Set: 20.5ms
[2021-11-01T23:13:27.476-0700][gc,phases   ] GC(121)   Post Evacuate Collection Set: 0.5ms
[2021-11-01T23:13:27.476-0700][gc,phases   ] GC(121)   Other: 1.0ms
[2021-11-01T23:13:27.476-0700][gc,heap     ] GC(121) Eden regions: 45->0(49)
[2021-11-01T23:13:27.476-0700][gc,heap     ] GC(121) Survivor regions: 6->2(7)
[2021-11-01T23:13:27.476-0700][gc,heap     ] GC(121) Old regions: 75->80
[2021-11-01T23:13:27.476-0700][gc,heap     ] GC(121) Archive regions: 2->2
[2021-11-01T23:13:27.476-0700][gc,heap     ] GC(121) Humongous regions: 129->129
[2021-11-01T23:13:27.476-0700][gc,metaspace] GC(121) Metaspace: 41352K(42048K)->41352K(42048K) NonClass: 36044K(36480K)->36044K(36480K) Class: 5307K(5568K)->5307K(5568K)
[2021-11-01T23:13:27.476-0700][gc          ] GC(121) Pause Young (Normal) (G1 Evacuation Pause) 255M->210M(1024M) 23.475ms
[2021-11-01T23:13:27.476-0700][gc,cpu      ] GC(121) User=0.04s Sys=0.02s Real=0.02s
[2021-11-01T23:13:45.157-0700][gc,start    ] GC(122) Pause Young (Normal) (G1 Evacuation Pause)
[2021-11-01T23:13:45.157-0700][gc,task     ] GC(122) Using 8 workers of 8 for evacuation
[2021-11-01T23:13:45.167-0700][gc,phases   ] GC(122)   Pre Evacuate Collection Set: 0.2ms
[2021-11-01T23:13:45.167-0700][gc,phases   ] GC(122)   Merge Heap Roots: 0.1ms
[2021-11-01T23:13:45.167-0700][gc,phases   ] GC(122)   Evacuate Collection Set: 9.2ms
[2021-11-01T23:13:45.167-0700][gc,phases   ] GC(122)   Post Evacuate Collection Set: 0.5ms
[2021-11-01T23:13:45.167-0700][gc,phases   ] GC(122)   Other: 0.3ms
[2021-11-01T23:13:45.167-0700][gc,heap     ] GC(122) Eden regions: 49->0(49)
[2021-11-01T23:13:45.167-0700][gc,heap     ] GC(122) Survivor regions: 2->2(7)
[2021-11-01T23:13:45.167-0700][gc,heap     ] GC(122) Old regions: 80->80
[2021-11-01T23:13:45.167-0700][gc,heap     ] GC(122) Archive regions: 2->2
[2021-11-01T23:13:45.167-0700][gc,heap     ] GC(122) Humongous regions: 129->129
[2021-11-01T23:13:45.167-0700][gc,metaspace] GC(122) Metaspace: 41352K(42048K)->41352K(42048K) NonClass: 36044K(36480K)->36044K(36480K) Class: 5307K(5568K)->5307K(5568K)
[2021-11-01T23:13:45.167-0700][gc          ] GC(122) Pause Young (Normal) (G1 Evacuation Pause) 259M->211M(1024M) 10.522ms
[2021-11-01T23:13:45.167-0700][gc,cpu      ] GC(122) User=0.02s Sys=0.01s Real=0.01s
[2021-11-01T23:14:02.595-0700][gc,start    ] GC(123) Pause Young (Normal) (G1 Evacuation Pause)
[2021-11-01T23:14:02.595-0700][gc,task     ] GC(123) Using 8 workers of 8 for evacuation
[2021-11-01T23:14:02.609-0700][gc,phases   ] GC(123)   Pre Evacuate Collection Set: 0.2ms
[2021-11-01T23:14:02.609-0700][gc,phases   ] GC(123)   Merge Heap Roots: 0.1ms
[2021-11-01T23:14:02.609-0700][gc,phases   ] GC(123)   Evacuate Collection Set: 12.2ms
[2021-11-01T23:14:02.609-0700][gc,phases   ] GC(123)   Post Evacuate Collection Set: 0.6ms
[2021-11-01T23:14:02.609-0700][gc,phases   ] GC(123)   Other: 0.6ms
[2021-11-01T23:14:02.609-0700][gc,heap     ] GC(123) Eden regions: 49->0(48)
[2021-11-01T23:14:02.609-0700][gc,heap     ] GC(123) Survivor regions: 2->3(7)
[2021-11-01T23:14:02.609-0700][gc,heap     ] GC(123) Old regions: 80->80
[2021-11-01T23:14:02.609-0700][gc,heap     ] GC(123) Archive regions: 2->2
[2021-11-01T23:14:02.609-0700][gc,heap     ] GC(123) Humongous regions: 129->129
[2021-11-01T23:14:02.609-0700][gc,metaspace] GC(123) Metaspace: 41352K(42048K)->41352K(42048K) NonClass: 36044K(36480K)->36044K(36480K) Class: 5307K(5568K)->5307K(5568K)
[2021-11-01T23:14:02.609-0700][gc          ] GC(123) Pause Young (Normal) (G1 Evacuation Pause) 260M->211M(1024M) 14.124ms
[2021-11-01T23:14:02.609-0700][gc,cpu      ] GC(123) User=0.03s Sys=0.01s Real=0.01s
[2021-11-01T23:14:19.634-0700][gc,start    ] GC(124) Pause Young (Normal) (G1 Evacuation Pause)
[2021-11-01T23:14:19.634-0700][gc,task     ] GC(124) Using 8 workers of 8 for evacuation
[2021-11-01T23:14:19.665-0700][gc,mmu      ] GC(124) MMU target violated: 21.0ms (20.0ms/21.0ms)
[2021-11-01T23:14:19.665-0700][gc,phases   ] GC(124)   Pre Evacuate Collection Set: 0.3ms
[2021-11-01T23:14:19.665-0700][gc,phases   ] GC(124)   Merge Heap Roots: 0.1ms
[2021-11-01T23:14:19.665-0700][gc,phases   ] GC(124)   Evacuate Collection Set: 30.3ms
[2021-11-01T23:14:19.665-0700][gc,phases   ] GC(124)   Post Evacuate Collection Set: 0.3ms
[2021-11-01T23:14:19.665-0700][gc,phases   ] GC(124)   Other: 0.5ms
[2021-11-01T23:14:19.665-0700][gc,heap     ] GC(124) Eden regions: 48->0(47)
[2021-11-01T23:14:19.665-0700][gc,heap     ] GC(124) Survivor regions: 3->4(7)
[2021-11-01T23:14:19.665-0700][gc,heap     ] GC(124) Old regions: 80->80
[2021-11-01T23:14:19.665-0700][gc,heap     ] GC(124) Archive regions: 2->2
[2021-11-01T23:14:19.665-0700][gc,heap     ] GC(124) Humongous regions: 129->129
[2021-11-01T23:14:19.665-0700][gc,metaspace] GC(124) Metaspace: 41352K(42048K)->41352K(42048K) NonClass: 36044K(36480K)->36044K(36480K) Class: 5307K(5568K)->5307K(5568K)
[2021-11-01T23:14:19.665-0700][gc          ] GC(124) Pause Young (Normal) (G1 Evacuation Pause) 259M->212M(1024M) 31.605ms
[2021-11-01T23:14:19.665-0700][gc,cpu      ] GC(124) User=0.02s Sys=0.02s Real=0.03s
[2021-11-01T23:14:36.412-0700][gc,start    ] GC(125) Pause Young (Normal) (G1 Evacuation Pause)
[2021-11-01T23:14:36.413-0700][gc,task     ] GC(125) Using 8 workers of 8 for evacuation
[2021-11-01T23:14:36.434-0700][gc,mmu      ] GC(125) MMU target violated: 21.0ms (20.0ms/21.0ms)
[2021-11-01T23:14:36.434-0700][gc,phases   ] GC(125)   Pre Evacuate Collection Set: 1.2ms
[2021-11-01T23:14:36.434-0700][gc,phases   ] GC(125)   Merge Heap Roots: 0.1ms
[2021-11-01T23:14:36.434-0700][gc,phases   ] GC(125)   Evacuate Collection Set: 19.1ms
[2021-11-01T23:14:36.434-0700][gc,phases   ] GC(125)   Post Evacuate Collection Set: 0.8ms
[2021-11-01T23:14:36.434-0700][gc,phases   ] GC(125)   Other: 1.5ms
[2021-11-01T23:14:36.434-0700][gc,heap     ] GC(125) Eden regions: 47->0(47)
[2021-11-01T23:14:36.434-0700][gc,heap     ] GC(125) Survivor regions: 4->4(7)
[2021-11-01T23:14:36.434-0700][gc,heap     ] GC(125) Old regions: 80->80
[2021-11-01T23:14:36.434-0700][gc,heap     ] GC(125) Archive regions: 2->2
[2021-11-01T23:14:36.434-0700][gc,heap     ] GC(125) Humongous regions: 129->129
[2021-11-01T23:14:36.434-0700][gc,metaspace] GC(125) Metaspace: 41352K(42048K)->41352K(42048K) NonClass: 36044K(36480K)->36044K(36480K) Class: 5307K(5568K)->5307K(5568K)
[2021-11-01T23:14:36.434-0700][gc          ] GC(125) Pause Young (Normal) (G1 Evacuation Pause) 259M->212M(1024M) 22.783ms
[2021-11-01T23:14:36.434-0700][gc,cpu      ] GC(125) User=0.04s Sys=0.01s Real=0.02s
[2021-11-01T23:14:53.213-0700][gc,start    ] GC(126) Pause Young (Normal) (G1 Evacuation Pause)
[2021-11-01T23:14:53.297-0700][gc,task     ] GC(126) Using 8 workers of 8 for evacuation
[2021-11-01T23:14:53.307-0700][gc,phases   ] GC(126)   Pre Evacuate Collection Set: 0.2ms
[2021-11-01T23:14:53.307-0700][gc,phases   ] GC(126)   Merge Heap Roots: 0.1ms
[2021-11-01T23:14:53.307-0700][gc,phases   ] GC(126)   Evacuate Collection Set: 9.4ms
[2021-11-01T23:14:53.307-0700][gc,phases   ] GC(126)   Post Evacuate Collection Set: 0.4ms
[2021-11-01T23:14:53.307-0700][gc,phases   ] GC(126)   Other: 84.0ms
[2021-11-01T23:14:53.307-0700][gc,heap     ] GC(126) Eden regions: 47->0(46)
[2021-11-01T23:14:53.307-0700][gc,heap     ] GC(126) Survivor regions: 4->5(7)
[2021-11-01T23:14:53.307-0700][gc,heap     ] GC(126) Old regions: 80->80
[2021-11-01T23:14:53.307-0700][gc,heap     ] GC(126) Archive regions: 2->2
[2021-11-01T23:14:53.308-0700][gc,heap     ] GC(126) Humongous regions: 129->129
[2021-11-01T23:14:53.308-0700][gc,metaspace] GC(126) Metaspace: 41352K(42048K)->41352K(42048K) NonClass: 36044K(36480K)->36044K(36480K) Class: 5307K(5568K)->5307K(5568K)
[2021-11-01T23:14:53.308-0700][gc          ] GC(126) Pause Young (Normal) (G1 Evacuation Pause) 259M->213M(1024M) 94.391ms
[2021-11-01T23:14:53.308-0700][gc,cpu      ] GC(126) User=0.03s Sys=0.01s Real=0.09s
[2021-11-01T23:15:09.933-0700][gc,start    ] GC(127) Pause Young (Normal) (G1 Evacuation Pause)
[2021-11-01T23:15:09.939-0700][gc,task     ] GC(127) Using 8 workers of 8 for evacuation
[2021-11-01T23:15:10.122-0700][gc,mmu      ] GC(127) MMU target violated: 21.0ms (20.0ms/21.0ms)
[2021-11-01T23:15:10.122-0700][gc,phases   ] GC(127)   Pre Evacuate Collection Set: 19.5ms
[2021-11-01T23:15:10.122-0700][gc,phases   ] GC(127)   Merge Heap Roots: 7.0ms
[2021-11-01T23:15:10.122-0700][gc,phases   ] GC(127)   Evacuate Collection Set: 141.2ms
[2021-11-01T23:15:10.122-0700][gc,phases   ] GC(127)   Post Evacuate Collection Set: 9.8ms
[2021-11-01T23:15:10.122-0700][gc,phases   ] GC(127)   Other: 19.7ms
[2021-11-01T23:15:10.122-0700][gc,heap     ] GC(127) Eden regions: 46->0(47)
[2021-11-01T23:15:10.122-0700][gc,heap     ] GC(127) Survivor regions: 5->4(7)
[2021-11-01T23:15:10.122-0700][gc,heap     ] GC(127) Old regions: 80->81
[2021-11-01T23:15:10.122-0700][gc,heap     ] GC(127) Archive regions: 2->2
[2021-11-01T23:15:10.122-0700][gc,heap     ] GC(127) Humongous regions: 129->129
[2021-11-01T23:15:10.122-0700][gc,metaspace] GC(127) Metaspace: 41352K(42048K)->41352K(42048K) NonClass: 36044K(36480K)->36044K(36480K) Class: 5307K(5568K)->5307K(5568K)
[2021-11-01T23:15:10.123-0700][gc          ] GC(127) Pause Young (Normal) (G1 Evacuation Pause) 259M->213M(1024M) 197.411ms
[2021-11-01T23:15:10.123-0700][gc,cpu      ] GC(127) User=0.02s Sys=0.03s Real=0.20s
[2021-11-01T23:15:27.464-0700][gc,start    ] GC(128) Pause Young (Normal) (G1 Evacuation Pause)
[2021-11-01T23:15:27.465-0700][gc,task     ] GC(128) Using 8 workers of 8 for evacuation
[2021-11-01T23:15:27.494-0700][gc,mmu      ] GC(128) MMU target violated: 21.0ms (20.0ms/21.0ms)
[2021-11-01T23:15:27.494-0700][gc,phases   ] GC(128)   Pre Evacuate Collection Set: 2.3ms
[2021-11-01T23:15:27.494-0700][gc,phases   ] GC(128)   Merge Heap Roots: 0.4ms
[2021-11-01T23:15:27.494-0700][gc,phases   ] GC(128)   Evacuate Collection Set: 24.5ms
[2021-11-01T23:15:27.495-0700][gc,phases   ] GC(128)   Post Evacuate Collection Set: 1.4ms
[2021-11-01T23:15:27.495-0700][gc,phases   ] GC(128)   Other: 2.5ms
[2021-11-01T23:15:27.495-0700][gc,heap     ] GC(128) Eden regions: 47->0(46)
[2021-11-01T23:15:27.495-0700][gc,heap     ] GC(128) Survivor regions: 4->5(7)
[2021-11-01T23:15:27.495-0700][gc,heap     ] GC(128) Old regions: 81->81
[2021-11-01T23:15:27.495-0700][gc,heap     ] GC(128) Archive regions: 2->2
[2021-11-01T23:15:27.495-0700][gc,heap     ] GC(128) Humongous regions: 129->129
[2021-11-01T23:15:27.495-0700][gc,metaspace] GC(128) Metaspace: 41353K(42048K)->41353K(42048K) NonClass: 36046K(36480K)->36046K(36480K) Class: 5307K(5568K)->5307K(5568K)
[2021-11-01T23:15:27.495-0700][gc          ] GC(128) Pause Young (Normal) (G1 Evacuation Pause) 260M->214M(1024M) 31.139ms
[2021-11-01T23:15:27.495-0700][gc,cpu      ] GC(128) User=0.04s Sys=0.04s Real=0.03s
[2021-11-01T23:15:44.002-0700][gc,start    ] GC(129) Pause Young (Normal) (G1 Evacuation Pause)
[2021-11-01T23:15:44.006-0700][gc,task     ] GC(129) Using 8 workers of 8 for evacuation
[2021-11-01T23:15:44.018-0700][gc,phases   ] GC(129)   Pre Evacuate Collection Set: 0.4ms
[2021-11-01T23:15:44.018-0700][gc,phases   ] GC(129)   Merge Heap Roots: 0.3ms
[2021-11-01T23:15:44.018-0700][gc,phases   ] GC(129)   Evacuate Collection Set: 9.4ms
[2021-11-01T23:15:44.018-0700][gc,phases   ] GC(129)   Post Evacuate Collection Set: 1.7ms
[2021-11-01T23:15:44.018-0700][gc,phases   ] GC(129)   Other: 4.3ms
[2021-11-01T23:15:44.018-0700][gc,heap     ] GC(129) Eden regions: 46->0(47)
[2021-11-01T23:15:44.018-0700][gc,heap     ] GC(129) Survivor regions: 5->4(7)
[2021-11-01T23:15:44.018-0700][gc,heap     ] GC(129) Old regions: 81->82
[2021-11-01T23:15:44.018-0700][gc,heap     ] GC(129) Archive regions: 2->2
[2021-11-01T23:15:44.018-0700][gc,heap     ] GC(129) Humongous regions: 129->129
[2021-11-01T23:15:44.018-0700][gc,metaspace] GC(129) Metaspace: 41357K(42048K)->41357K(42048K) NonClass: 36050K(36480K)->36050K(36480K) Class: 5307K(5568K)->5307K(5568K)
[2021-11-01T23:15:44.019-0700][gc          ] GC(129) Pause Young (Normal) (G1 Evacuation Pause) 260M->214M(1024M) 16.363ms
[2021-11-01T23:15:44.019-0700][gc,cpu      ] GC(129) User=0.03s Sys=0.01s Real=0.01s
[2021-11-01T23:16:01.432-0700][gc,start    ] GC(130) Pause Young (Normal) (G1 Evacuation Pause)
[2021-11-01T23:16:01.432-0700][gc,task     ] GC(130) Using 8 workers of 8 for evacuation
[2021-11-01T23:16:01.458-0700][gc,mmu      ] GC(130) MMU target violated: 21.0ms (20.0ms/21.0ms)
[2021-11-01T23:16:01.458-0700][gc,phases   ] GC(130)   Pre Evacuate Collection Set: 0.4ms
[2021-11-01T23:16:01.458-0700][gc,phases   ] GC(130)   Merge Heap Roots: 0.2ms
[2021-11-01T23:16:01.458-0700][gc,phases   ] GC(130)   Evacuate Collection Set: 24.3ms
[2021-11-01T23:16:01.458-0700][gc,phases   ] GC(130)   Post Evacuate Collection Set: 0.5ms
[2021-11-01T23:16:01.458-0700][gc,phases   ] GC(130)   Other: 1.3ms
[2021-11-01T23:16:01.458-0700][gc,heap     ] GC(130) Eden regions: 47->0(46)
[2021-11-01T23:16:01.458-0700][gc,heap     ] GC(130) Survivor regions: 4->5(7)
[2021-11-01T23:16:01.458-0700][gc,heap     ] GC(130) Old regions: 82->82
[2021-11-01T23:16:01.458-0700][gc,heap     ] GC(130) Archive regions: 2->2
[2021-11-01T23:16:01.458-0700][gc,heap     ] GC(130) Humongous regions: 129->129
[2021-11-01T23:16:01.458-0700][gc,metaspace] GC(130) Metaspace: 41357K(42048K)->41357K(42048K) NonClass: 36050K(36480K)->36050K(36480K) Class: 5307K(5568K)->5307K(5568K)
[2021-11-01T23:16:01.459-0700][gc          ] GC(130) Pause Young (Normal) (G1 Evacuation Pause) 261M->215M(1024M) 26.747ms
[2021-11-01T23:16:01.459-0700][gc,cpu      ] GC(130) User=0.04s Sys=0.02s Real=0.02s
[2021-11-01T23:16:18.002-0700][gc,start    ] GC(131) Pause Young (Normal) (G1 Evacuation Pause)
[2021-11-01T23:16:18.003-0700][gc,task     ] GC(131) Using 8 workers of 8 for evacuation
[2021-11-01T23:16:18.029-0700][gc,mmu      ] GC(131) MMU target violated: 21.0ms (20.0ms/21.0ms)
[2021-11-01T23:16:18.029-0700][gc,phases   ] GC(131)   Pre Evacuate Collection Set: 2.6ms
[2021-11-01T23:16:18.029-0700][gc,phases   ] GC(131)   Merge Heap Roots: 0.2ms
[2021-11-01T23:16:18.029-0700][gc,phases   ] GC(131)   Evacuate Collection Set: 19.4ms
[2021-11-01T23:16:18.029-0700][gc,phases   ] GC(131)   Post Evacuate Collection Set: 3.9ms
[2021-11-01T23:16:18.029-0700][gc,phases   ] GC(131)   Other: 1.1ms
[2021-11-01T23:16:18.029-0700][gc,heap     ] GC(131) Eden regions: 46->0(46)
[2021-11-01T23:16:18.029-0700][gc,heap     ] GC(131) Survivor regions: 5->5(7)
[2021-11-01T23:16:18.029-0700][gc,heap     ] GC(131) Old regions: 82->82
[2021-11-01T23:16:18.029-0700][gc,heap     ] GC(131) Archive regions: 2->2
[2021-11-01T23:16:18.029-0700][gc,heap     ] GC(131) Humongous regions: 129->129
[2021-11-01T23:16:18.029-0700][gc,metaspace] GC(131) Metaspace: 41357K(42048K)->41357K(42048K) NonClass: 36050K(36480K)->36050K(36480K) Class: 5307K(5568K)->5307K(5568K)
[2021-11-01T23:16:18.030-0700][gc          ] GC(131) Pause Young (Normal) (G1 Evacuation Pause) 261M->215M(1024M) 27.313ms
[2021-11-01T23:16:18.030-0700][gc,cpu      ] GC(131) User=0.03s Sys=0.03s Real=0.03s
[2021-11-01T23:16:34.420-0700][gc,start    ] GC(132) Pause Young (Normal) (G1 Evacuation Pause)
[2021-11-01T23:16:34.431-0700][gc,task     ] GC(132) Using 8 workers of 8 for evacuation
[2021-11-01T23:16:34.574-0700][gc,mmu      ] GC(132) MMU target violated: 21.0ms (20.0ms/21.0ms)
[2021-11-01T23:16:34.574-0700][gc,phases   ] GC(132)   Pre Evacuate Collection Set: 21.3ms
[2021-11-01T23:16:34.574-0700][gc,phases   ] GC(132)   Merge Heap Roots: 17.7ms
[2021-11-01T23:16:34.574-0700][gc,phases   ] GC(132)   Evacuate Collection Set: 82.2ms
[2021-11-01T23:16:34.574-0700][gc,phases   ] GC(132)   Post Evacuate Collection Set: 13.2ms
[2021-11-01T23:16:34.574-0700][gc,phases   ] GC(132)   Other: 19.6ms
[2021-11-01T23:16:34.574-0700][gc,heap     ] GC(132) Eden regions: 46->0(47)
[2021-11-01T23:16:34.574-0700][gc,heap     ] GC(132) Survivor regions: 5->4(7)
[2021-11-01T23:16:34.574-0700][gc,heap     ] GC(132) Old regions: 82->82
[2021-11-01T23:16:34.574-0700][gc,heap     ] GC(132) Archive regions: 2->2
[2021-11-01T23:16:34.574-0700][gc,heap     ] GC(132) Humongous regions: 129->129
[2021-11-01T23:16:34.574-0700][gc,metaspace] GC(132) Metaspace: 41357K(42048K)->41357K(42048K) NonClass: 36050K(36480K)->36050K(36480K) Class: 5307K(5568K)->5307K(5568K)
[2021-11-01T23:16:34.575-0700][gc          ] GC(132) Pause Young (Normal) (G1 Evacuation Pause) 261M->215M(1024M) 154.079ms
[2021-11-01T23:16:34.575-0700][gc,cpu      ] GC(132) User=0.02s Sys=0.03s Real=0.15s
[2021-11-01T23:16:51.518-0700][gc,start    ] GC(133) Pause Young (Normal) (G1 Evacuation Pause)
[2021-11-01T23:16:51.518-0700][gc,task     ] GC(133) Using 8 workers of 8 for evacuation
[2021-11-01T23:16:51.543-0700][gc,mmu      ] GC(133) MMU target violated: 21.0ms (20.0ms/21.0ms)
[2021-11-01T23:16:51.543-0700][gc,phases   ] GC(133)   Pre Evacuate Collection Set: 3.9ms
[2021-11-01T23:16:51.543-0700][gc,phases   ] GC(133)   Merge Heap Roots: 1.1ms
[2021-11-01T23:16:51.543-0700][gc,phases   ] GC(133)   Evacuate Collection Set: 18.7ms
[2021-11-01T23:16:51.543-0700][gc,phases   ] GC(133)   Post Evacuate Collection Set: 1.2ms
[2021-11-01T23:16:51.543-0700][gc,phases   ] GC(133)   Other: 0.3ms
[2021-11-01T23:16:51.543-0700][gc,heap     ] GC(133) Eden regions: 47->0(46)
[2021-11-01T23:16:51.543-0700][gc,heap     ] GC(133) Survivor regions: 4->5(7)
[2021-11-01T23:16:51.543-0700][gc,heap     ] GC(133) Old regions: 82->83
[2021-11-01T23:16:51.543-0700][gc,heap     ] GC(133) Archive regions: 2->2
[2021-11-01T23:16:51.543-0700][gc,heap     ] GC(133) Humongous regions: 129->129
[2021-11-01T23:16:51.543-0700][gc,metaspace] GC(133) Metaspace: 41357K(42048K)->41357K(42048K) NonClass: 36050K(36480K)->36050K(36480K) Class: 5307K(5568K)->5307K(5568K)
[2021-11-01T23:16:51.543-0700][gc          ] GC(133) Pause Young (Normal) (G1 Evacuation Pause) 262M->216M(1024M) 25.277ms
[2021-11-01T23:16:51.543-0700][gc,cpu      ] GC(133) User=0.04s Sys=0.02s Real=0.03s
[2021-11-01T23:17:08.055-0700][gc,start    ] GC(134) Pause Young (Normal) (G1 Evacuation Pause)
[2021-11-01T23:17:08.055-0700][gc,task     ] GC(134) Using 8 workers of 8 for evacuation
[2021-11-01T23:17:08.078-0700][gc,mmu      ] GC(134) MMU target violated: 21.0ms (20.0ms/21.0ms)
[2021-11-01T23:17:08.078-0700][gc,phases   ] GC(134)   Pre Evacuate Collection Set: 1.5ms
[2021-11-01T23:17:08.078-0700][gc,phases   ] GC(134)   Merge Heap Roots: 0.4ms
[2021-11-01T23:17:08.078-0700][gc,phases   ] GC(134)   Evacuate Collection Set: 19.2ms
[2021-11-01T23:17:08.078-0700][gc,phases   ] GC(134)   Post Evacuate Collection Set: 1.3ms
[2021-11-01T23:17:08.078-0700][gc,phases   ] GC(134)   Other: 1.1ms
[2021-11-01T23:17:08.078-0700][gc,heap     ] GC(134) Eden regions: 46->0(47)
[2021-11-01T23:17:08.078-0700][gc,heap     ] GC(134) Survivor regions: 5->4(7)
[2021-11-01T23:17:08.078-0700][gc,heap     ] GC(134) Old regions: 83->83
[2021-11-01T23:17:08.078-0700][gc,heap     ] GC(134) Archive regions: 2->2
[2021-11-01T23:17:08.078-0700][gc,heap     ] GC(134) Humongous regions: 129->129
[2021-11-01T23:17:08.078-0700][gc,metaspace] GC(134) Metaspace: 41358K(42048K)->41358K(42048K) NonClass: 36051K(36480K)->36051K(36480K) Class: 5307K(5568K)->5307K(5568K)
[2021-11-01T23:17:08.078-0700][gc          ] GC(134) Pause Young (Normal) (G1 Evacuation Pause) 262M->216M(1024M) 23.667ms
[2021-11-01T23:17:08.079-0700][gc,cpu      ] GC(134) User=0.03s Sys=0.03s Real=0.02s
[2021-11-01T23:17:24.957-0700][gc,start    ] GC(135) Pause Young (Normal) (G1 Evacuation Pause)
[2021-11-01T23:17:24.957-0700][gc,task     ] GC(135) Using 8 workers of 8 for evacuation
[2021-11-01T23:17:24.993-0700][gc,mmu      ] GC(135) MMU target violated: 21.0ms (20.0ms/21.0ms)
[2021-11-01T23:17:24.995-0700][gc,phases   ] GC(135)   Pre Evacuate Collection Set: 0.2ms
[2021-11-01T23:17:24.995-0700][gc,phases   ] GC(135)   Merge Heap Roots: 0.7ms
[2021-11-01T23:17:24.995-0700][gc,phases   ] GC(135)   Evacuate Collection Set: 30.6ms
[2021-11-01T23:17:24.995-0700][gc,phases   ] GC(135)   Post Evacuate Collection Set: 4.3ms
[2021-11-01T23:17:24.995-0700][gc,phases   ] GC(135)   Other: 2.3ms
[2021-11-01T23:17:24.995-0700][gc,heap     ] GC(135) Eden regions: 47->0(47)
[2021-11-01T23:17:24.995-0700][gc,heap     ] GC(135) Survivor regions: 4->4(7)
[2021-11-01T23:17:24.995-0700][gc,heap     ] GC(135) Old regions: 83->84
[2021-11-01T23:17:24.995-0700][gc,heap     ] GC(135) Archive regions: 2->2
[2021-11-01T23:17:24.995-0700][gc,heap     ] GC(135) Humongous regions: 129->129
[2021-11-01T23:17:24.995-0700][gc,metaspace] GC(135) Metaspace: 41358K(42048K)->41358K(42048K) NonClass: 36051K(36480K)->36051K(36480K) Class: 5307K(5568K)->5307K(5568K)
[2021-11-01T23:17:24.995-0700][gc          ] GC(135) Pause Young (Normal) (G1 Evacuation Pause) 263M->217M(1024M) 38.286ms
[2021-11-01T23:17:24.995-0700][gc,cpu      ] GC(135) User=0.03s Sys=0.01s Real=0.04s
[2021-11-01T23:17:41.947-0700][gc,start    ] GC(136) Pause Young (Normal) (G1 Evacuation Pause)
[2021-11-01T23:17:41.948-0700][gc,task     ] GC(136) Using 8 workers of 8 for evacuation
[2021-11-01T23:17:41.972-0700][gc,mmu      ] GC(136) MMU target violated: 21.0ms (20.0ms/21.0ms)
[2021-11-01T23:17:41.972-0700][gc,phases   ] GC(136)   Pre Evacuate Collection Set: 0.7ms
[2021-11-01T23:17:41.972-0700][gc,phases   ] GC(136)   Merge Heap Roots: 0.4ms
[2021-11-01T23:17:41.972-0700][gc,phases   ] GC(136)   Evacuate Collection Set: 20.2ms
[2021-11-01T23:17:41.972-0700][gc,phases   ] GC(136)   Post Evacuate Collection Set: 2.1ms
[2021-11-01T23:17:41.972-0700][gc,phases   ] GC(136)   Other: 2.0ms
[2021-11-01T23:17:41.972-0700][gc,heap     ] GC(136) Eden regions: 47->0(47)
[2021-11-01T23:17:41.972-0700][gc,heap     ] GC(136) Survivor regions: 4->4(7)
[2021-11-01T23:17:41.972-0700][gc,heap     ] GC(136) Old regions: 84->84
[2021-11-01T23:17:41.972-0700][gc,heap     ] GC(136) Archive regions: 2->2
[2021-11-01T23:17:41.972-0700][gc,heap     ] GC(136) Humongous regions: 129->129
[2021-11-01T23:17:41.972-0700][gc,metaspace] GC(136) Metaspace: 41358K(42048K)->41358K(42048K) NonClass: 36051K(36480K)->36051K(36480K) Class: 5307K(5568K)->5307K(5568K)
[2021-11-01T23:17:41.972-0700][gc          ] GC(136) Pause Young (Normal) (G1 Evacuation Pause) 264M->217M(1024M) 25.579ms
[2021-11-01T23:17:41.972-0700][gc,cpu      ] GC(136) User=0.03s Sys=0.03s Real=0.03s
[2021-11-01T23:17:58.768-0700][gc,start    ] GC(137) Pause Young (Normal) (G1 Evacuation Pause)
[2021-11-01T23:17:58.768-0700][gc,task     ] GC(137) Using 8 workers of 8 for evacuation
[2021-11-01T23:17:58.786-0700][gc,phases   ] GC(137)   Pre Evacuate Collection Set: 1.1ms
[2021-11-01T23:17:58.786-0700][gc,phases   ] GC(137)   Merge Heap Roots: 0.3ms
[2021-11-01T23:17:58.786-0700][gc,phases   ] GC(137)   Evacuate Collection Set: 15.8ms
[2021-11-01T23:17:58.786-0700][gc,phases   ] GC(137)   Post Evacuate Collection Set: 0.7ms
[2021-11-01T23:17:58.786-0700][gc,phases   ] GC(137)   Other: 0.6ms
[2021-11-01T23:17:58.786-0700][gc,heap     ] GC(137) Eden regions: 47->0(46)
[2021-11-01T23:17:58.786-0700][gc,heap     ] GC(137) Survivor regions: 4->5(7)
[2021-11-01T23:17:58.786-0700][gc,heap     ] GC(137) Old regions: 84->85
[2021-11-01T23:17:58.786-0700][gc,heap     ] GC(137) Archive regions: 2->2
[2021-11-01T23:17:58.786-0700][gc,heap     ] GC(137) Humongous regions: 129->129
[2021-11-01T23:17:58.786-0700][gc,metaspace] GC(137) Metaspace: 41358K(42048K)->41358K(42048K) NonClass: 36051K(36480K)->36051K(36480K) Class: 5307K(5568K)->5307K(5568K)
[2021-11-01T23:17:58.786-0700][gc          ] GC(137) Pause Young (Normal) (G1 Evacuation Pause) 264M->218M(1024M) 18.541ms
[2021-11-01T23:17:58.787-0700][gc,cpu      ] GC(137) User=0.04s Sys=0.02s Real=0.02s
[2021-11-01T23:18:15.746-0700][gc,start    ] GC(138) Pause Young (Normal) (G1 Evacuation Pause)
[2021-11-01T23:18:15.746-0700][gc,task     ] GC(138) Using 8 workers of 8 for evacuation
[2021-11-01T23:18:15.769-0700][gc,mmu      ] GC(138) MMU target violated: 21.0ms (20.0ms/21.0ms)
[2021-11-01T23:18:15.769-0700][gc,phases   ] GC(138)   Pre Evacuate Collection Set: 0.5ms
[2021-11-01T23:18:15.769-0700][gc,phases   ] GC(138)   Merge Heap Roots: 0.2ms
[2021-11-01T23:18:15.769-0700][gc,phases   ] GC(138)   Evacuate Collection Set: 20.1ms
[2021-11-01T23:18:15.769-0700][gc,phases   ] GC(138)   Post Evacuate Collection Set: 1.2ms
[2021-11-01T23:18:15.769-0700][gc,phases   ] GC(138)   Other: 0.9ms
[2021-11-01T23:18:15.769-0700][gc,heap     ] GC(138) Eden regions: 46->0(46)
[2021-11-01T23:18:15.769-0700][gc,heap     ] GC(138) Survivor regions: 5->5(7)
[2021-11-01T23:18:15.769-0700][gc,heap     ] GC(138) Old regions: 85->85
[2021-11-01T23:18:15.769-0700][gc,heap     ] GC(138) Archive regions: 2->2
[2021-11-01T23:18:15.769-0700][gc,heap     ] GC(138) Humongous regions: 129->129
[2021-11-01T23:18:15.769-0700][gc,metaspace] GC(138) Metaspace: 41359K(42048K)->41359K(42048K) NonClass: 36051K(36480K)->36051K(36480K) Class: 5307K(5568K)->5307K(5568K)
[2021-11-01T23:18:15.769-0700][gc          ] GC(138) Pause Young (Normal) (G1 Evacuation Pause) 264M->219M(1024M) 22.943ms
[2021-11-01T23:18:15.769-0700][gc,cpu      ] GC(138) User=0.03s Sys=0.01s Real=0.02s
[2021-11-01T23:18:33.018-0700][gc,start    ] GC(139) Pause Young (Normal) (G1 Evacuation Pause)
[2021-11-01T23:18:33.022-0700][gc,task     ] GC(139) Using 8 workers of 8 for evacuation
[2021-11-01T23:18:33.049-0700][gc,mmu      ] GC(139) MMU target violated: 21.0ms (20.0ms/21.0ms)
[2021-11-01T23:18:33.049-0700][gc,phases   ] GC(139)   Pre Evacuate Collection Set: 0.3ms
[2021-11-01T23:18:33.049-0700][gc,phases   ] GC(139)   Merge Heap Roots: 0.3ms
[2021-11-01T23:18:33.049-0700][gc,phases   ] GC(139)   Evacuate Collection Set: 25.7ms
[2021-11-01T23:18:33.049-0700][gc,phases   ] GC(139)   Post Evacuate Collection Set: 0.3ms
[2021-11-01T23:18:33.049-0700][gc,phases   ] GC(139)   Other: 3.9ms
[2021-11-01T23:18:33.049-0700][gc,heap     ] GC(139) Eden regions: 46->0(142)
[2021-11-01T23:18:33.049-0700][gc,heap     ] GC(139) Survivor regions: 5->5(7)
[2021-11-01T23:18:33.049-0700][gc,heap     ] GC(139) Old regions: 85->86
[2021-11-01T23:18:33.049-0700][gc,heap     ] GC(139) Archive regions: 2->2
[2021-11-01T23:18:33.049-0700][gc,heap     ] GC(139) Humongous regions: 129->129
[2021-11-01T23:18:33.049-0700][gc,metaspace] GC(139) Metaspace: 41359K(42048K)->41359K(42048K) NonClass: 36051K(36480K)->36051K(36480K) Class: 5307K(5568K)->5307K(5568K)
[2021-11-01T23:18:33.049-0700][gc          ] GC(139) Pause Young (Normal) (G1 Evacuation Pause) 265M->219M(1024M) 30.551ms
[2021-11-01T23:18:33.049-0700][gc,cpu      ] GC(139) User=0.04s Sys=0.01s Real=0.03s
[2021-11-01T23:19:04.248-0700][gc,start    ] GC(140) Pause Young (Normal) (G1 Evacuation Pause)
[2021-11-01T23:19:04.251-0700][gc,task     ] GC(140) Using 8 workers of 8 for evacuation
[2021-11-01T23:19:04.405-0700][gc,mmu      ] GC(140) MMU target violated: 21.0ms (20.0ms/21.0ms)
[2021-11-01T23:19:04.405-0700][gc,phases   ] GC(140)   Pre Evacuate Collection Set: 3.9ms
[2021-11-01T23:19:04.405-0700][gc,phases   ] GC(140)   Merge Heap Roots: 3.7ms
[2021-11-01T23:19:04.405-0700][gc,phases   ] GC(140)   Evacuate Collection Set: 138.2ms
[2021-11-01T23:19:04.405-0700][gc,phases   ] GC(140)   Post Evacuate Collection Set: 7.7ms
[2021-11-01T23:19:04.405-0700][gc,phases   ] GC(140)   Other: 2.9ms
[2021-11-01T23:19:04.405-0700][gc,heap     ] GC(140) Eden regions: 84->0(45)
[2021-11-01T23:19:04.405-0700][gc,heap     ] GC(140) Survivor regions: 5->6(12)
[2021-11-01T23:19:04.405-0700][gc,heap     ] GC(140) Old regions: 86->86
[2021-11-01T23:19:04.405-0700][gc,heap     ] GC(140) Archive regions: 2->2
[2021-11-01T23:19:04.405-0700][gc,heap     ] GC(140) Humongous regions: 129->129
[2021-11-01T23:19:04.405-0700][gc,metaspace] GC(140) Metaspace: 41359K(42048K)->41359K(42048K) NonClass: 36051K(36480K)->36051K(36480K) Class: 5307K(5568K)->5307K(5568K)
[2021-11-01T23:19:04.405-0700][gc          ] GC(140) Pause Young (Normal) (G1 Evacuation Pause) 303M->220M(1024M) 156.449ms
[2021-11-01T23:19:04.405-0700][gc,cpu      ] GC(140) User=0.02s Sys=0.03s Real=0.16s
[2021-11-01T23:19:20.781-0700][gc,start    ] GC(141) Pause Young (Normal) (G1 Evacuation Pause)
[2021-11-01T23:19:20.781-0700][gc,task     ] GC(141) Using 8 workers of 8 for evacuation
[2021-11-01T23:19:20.809-0700][gc,mmu      ] GC(141) MMU target violated: 21.0ms (20.0ms/21.0ms)
[2021-11-01T23:19:20.809-0700][gc,phases   ] GC(141)   Pre Evacuate Collection Set: 1.3ms
[2021-11-01T23:19:20.809-0700][gc,phases   ] GC(141)   Merge Heap Roots: 1.0ms
[2021-11-01T23:19:20.809-0700][gc,phases   ] GC(141)   Evacuate Collection Set: 23.8ms
[2021-11-01T23:19:20.809-0700][gc,phases   ] GC(141)   Post Evacuate Collection Set: 1.1ms
[2021-11-01T23:19:20.809-0700][gc,phases   ] GC(141)   Other: 1.2ms
[2021-11-01T23:19:20.809-0700][gc,heap     ] GC(141) Eden regions: 45->0(47)
[2021-11-01T23:19:20.809-0700][gc,heap     ] GC(141) Survivor regions: 6->4(7)
[2021-11-01T23:19:20.809-0700][gc,heap     ] GC(141) Old regions: 86->87
[2021-11-01T23:19:20.809-0700][gc,heap     ] GC(141) Archive regions: 2->2
[2021-11-01T23:19:20.809-0700][gc,heap     ] GC(141) Humongous regions: 129->129
[2021-11-01T23:19:20.809-0700][gc,metaspace] GC(141) Metaspace: 41360K(42048K)->41360K(42048K) NonClass: 36053K(36480K)->36053K(36480K) Class: 5307K(5568K)->5307K(5568K)
[2021-11-01T23:19:20.809-0700][gc          ] GC(141) Pause Young (Normal) (G1 Evacuation Pause) 265M->220M(1024M) 28.466ms
[2021-11-01T23:19:20.809-0700][gc,cpu      ] GC(141) User=0.05s Sys=0.03s Real=0.02s
[2021-11-01T23:19:37.615-0700][gc,start    ] GC(142) Pause Young (Normal) (G1 Evacuation Pause)
[2021-11-01T23:19:37.615-0700][gc,task     ] GC(142) Using 8 workers of 8 for evacuation
[2021-11-01T23:19:37.637-0700][gc,mmu      ] GC(142) MMU target violated: 21.0ms (20.0ms/21.0ms)
[2021-11-01T23:19:37.637-0700][gc,phases   ] GC(142)   Pre Evacuate Collection Set: 1.3ms
[2021-11-01T23:19:37.637-0700][gc,phases   ] GC(142)   Merge Heap Roots: 0.3ms
[2021-11-01T23:19:37.637-0700][gc,phases   ] GC(142)   Evacuate Collection Set: 18.9ms
[2021-11-01T23:19:37.637-0700][gc,phases   ] GC(142)   Post Evacuate Collection Set: 1.1ms
[2021-11-01T23:19:37.637-0700][gc,phases   ] GC(142)   Other: 1.0ms
[2021-11-01T23:19:37.637-0700][gc,heap     ] GC(142) Eden regions: 47->0(46)
[2021-11-01T23:19:37.637-0700][gc,heap     ] GC(142) Survivor regions: 4->5(7)
[2021-11-01T23:19:37.637-0700][gc,heap     ] GC(142) Old regions: 87->87
[2021-11-01T23:19:37.637-0700][gc,heap     ] GC(142) Archive regions: 2->2
[2021-11-01T23:19:37.637-0700][gc,heap     ] GC(142) Humongous regions: 129->129
[2021-11-01T23:19:37.637-0700][gc,metaspace] GC(142) Metaspace: 41360K(42048K)->41360K(42048K) NonClass: 36053K(36480K)->36053K(36480K) Class: 5307K(5568K)->5307K(5568K)
[2021-11-01T23:19:37.637-0700][gc          ] GC(142) Pause Young (Normal) (G1 Evacuation Pause) 267M->221M(1024M) 22.624ms
[2021-11-01T23:19:37.637-0700][gc,cpu      ] GC(142) User=0.05s Sys=0.02s Real=0.02s
[2021-11-01T23:19:54.109-0700][gc,start    ] GC(143) Pause Young (Normal) (G1 Evacuation Pause)
[2021-11-01T23:19:54.111-0700][gc,task     ] GC(143) Using 8 workers of 8 for evacuation
[2021-11-01T23:19:54.133-0700][gc,mmu      ] GC(143) MMU target violated: 21.0ms (20.0ms/21.0ms)
[2021-11-01T23:19:54.133-0700][gc,phases   ] GC(143)   Pre Evacuate Collection Set: 0.4ms
[2021-11-01T23:19:54.133-0700][gc,phases   ] GC(143)   Merge Heap Roots: 0.2ms
[2021-11-01T23:19:54.133-0700][gc,phases   ] GC(143)   Evacuate Collection Set: 20.1ms
[2021-11-01T23:19:54.133-0700][gc,phases   ] GC(143)   Post Evacuate Collection Set: 1.0ms
[2021-11-01T23:19:54.133-0700][gc,phases   ] GC(143)   Other: 2.3ms
[2021-11-01T23:19:54.133-0700][gc,heap     ] GC(143) Eden regions: 46->0(47)
[2021-11-01T23:19:54.133-0700][gc,heap     ] GC(143) Survivor regions: 5->4(7)
[2021-11-01T23:19:54.133-0700][gc,heap     ] GC(143) Old regions: 87->88
[2021-11-01T23:19:54.133-0700][gc,heap     ] GC(143) Archive regions: 2->2
[2021-11-01T23:19:54.133-0700][gc,heap     ] GC(143) Humongous regions: 129->129
[2021-11-01T23:19:54.133-0700][gc,metaspace] GC(143) Metaspace: 41360K(42048K)->41360K(42048K) NonClass: 36053K(36480K)->36053K(36480K) Class: 5307K(5568K)->5307K(5568K)
[2021-11-01T23:19:54.133-0700][gc          ] GC(143) Pause Young (Normal) (G1 Evacuation Pause) 267M->221M(1024M) 24.001ms
[2021-11-01T23:19:54.133-0700][gc,cpu      ] GC(143) User=0.05s Sys=0.01s Real=0.03s
[2021-11-01T23:20:10.979-0700][gc,start    ] GC(144) Pause Young (Normal) (G1 Evacuation Pause)
[2021-11-01T23:20:10.980-0700][gc,task     ] GC(144) Using 8 workers of 8 for evacuation
[2021-11-01T23:20:10.994-0700][gc,phases   ] GC(144)   Pre Evacuate Collection Set: 1.5ms
[2021-11-01T23:20:10.995-0700][gc,phases   ] GC(144)   Merge Heap Roots: 0.2ms
[2021-11-01T23:20:10.995-0700][gc,phases   ] GC(144)   Evacuate Collection Set: 12.1ms
[2021-11-01T23:20:10.995-0700][gc,phases   ] GC(144)   Post Evacuate Collection Set: 0.6ms
[2021-11-01T23:20:10.995-0700][gc,phases   ] GC(144)   Other: 0.7ms
[2021-11-01T23:20:10.995-0700][gc,heap     ] GC(144) Eden regions: 47->0(46)
[2021-11-01T23:20:10.995-0700][gc,heap     ] GC(144) Survivor regions: 4->5(7)
[2021-11-01T23:20:10.995-0700][gc,heap     ] GC(144) Old regions: 88->88
[2021-11-01T23:20:10.995-0700][gc,heap     ] GC(144) Archive regions: 2->2
[2021-11-01T23:20:10.995-0700][gc,heap     ] GC(144) Humongous regions: 129->129
[2021-11-01T23:20:10.995-0700][gc,metaspace] GC(144) Metaspace: 41364K(42048K)->41364K(42048K) NonClass: 36056K(36480K)->36056K(36480K) Class: 5307K(5568K)->5307K(5568K)
[2021-11-01T23:20:10.995-0700][gc          ] GC(144) Pause Young (Normal) (G1 Evacuation Pause) 268M->221M(1024M) 15.365ms
[2021-11-01T23:20:10.995-0700][gc,cpu      ] GC(144) User=0.04s Sys=0.00s Real=0.02s
[2021-11-01T23:20:27.464-0700][gc,start    ] GC(145) Pause Young (Normal) (G1 Evacuation Pause)
[2021-11-01T23:20:27.481-0700][gc,task     ] GC(145) Using 8 workers of 8 for evacuation
[2021-11-01T23:20:27.599-0700][gc,mmu      ] GC(145) MMU target violated: 21.0ms (20.0ms/21.0ms)
[2021-11-01T23:20:27.599-0700][gc,phases   ] GC(145)   Pre Evacuate Collection Set: 19.6ms
[2021-11-01T23:20:27.599-0700][gc,phases   ] GC(145)   Merge Heap Roots: 6.5ms
[2021-11-01T23:20:27.599-0700][gc,phases   ] GC(145)   Evacuate Collection Set: 88.5ms
[2021-11-01T23:20:27.599-0700][gc,phases   ] GC(145)   Post Evacuate Collection Set: 3.2ms
[2021-11-01T23:20:27.599-0700][gc,phases   ] GC(145)   Other: 16.8ms
[2021-11-01T23:20:27.599-0700][gc,heap     ] GC(145) Eden regions: 46->0(46)
[2021-11-01T23:20:27.599-0700][gc,heap     ] GC(145) Survivor regions: 5->5(7)
[2021-11-01T23:20:27.599-0700][gc,heap     ] GC(145) Old regions: 88->89
[2021-11-01T23:20:27.599-0700][gc,heap     ] GC(145) Archive regions: 2->2
[2021-11-01T23:20:27.599-0700][gc,heap     ] GC(145) Humongous regions: 129->129
[2021-11-01T23:20:27.599-0700][gc,metaspace] GC(145) Metaspace: 41364K(42048K)->41364K(42048K) NonClass: 36056K(36480K)->36056K(36480K) Class: 5307K(5568K)->5307K(5568K)
[2021-11-01T23:20:27.599-0700][gc          ] GC(145) Pause Young (Normal) (G1 Evacuation Pause) 267M->222M(1024M) 134.470ms
[2021-11-01T23:20:27.599-0700][gc,cpu      ] GC(145) User=0.05s Sys=0.01s Real=0.13s
[2021-11-01T23:20:44.398-0700][gc,start    ] GC(146) Pause Young (Normal) (G1 Evacuation Pause)
[2021-11-01T23:20:44.398-0700][gc,task     ] GC(146) Using 8 workers of 8 for evacuation
[2021-11-01T23:20:44.412-0700][gc,phases   ] GC(146)   Pre Evacuate Collection Set: 0.4ms
[2021-11-01T23:20:44.412-0700][gc,phases   ] GC(146)   Merge Heap Roots: 0.2ms
[2021-11-01T23:20:44.412-0700][gc,phases   ] GC(146)   Evacuate Collection Set: 12.0ms
[2021-11-01T23:20:44.412-0700][gc,phases   ] GC(146)   Post Evacuate Collection Set: 0.7ms
[2021-11-01T23:20:44.412-0700][gc,phases   ] GC(146)   Other: 0.6ms
[2021-11-01T23:20:44.412-0700][gc,heap     ] GC(146) Eden regions: 46->0(47)
[2021-11-01T23:20:44.412-0700][gc,heap     ] GC(146) Survivor regions: 5->4(7)
[2021-11-01T23:20:44.412-0700][gc,heap     ] GC(146) Old regions: 89->89
[2021-11-01T23:20:44.412-0700][gc,heap     ] GC(146) Archive regions: 2->2
[2021-11-01T23:20:44.412-0700][gc,heap     ] GC(146) Humongous regions: 129->129
[2021-11-01T23:20:44.412-0700][gc,metaspace] GC(146) Metaspace: 41365K(42048K)->41365K(42048K) NonClass: 36058K(36480K)->36058K(36480K) Class: 5307K(5568K)->5307K(5568K)
[2021-11-01T23:20:44.412-0700][gc          ] GC(146) Pause Young (Normal) (G1 Evacuation Pause) 268M->222M(1024M) 14.399ms
[2021-11-01T23:20:44.412-0700][gc,cpu      ] GC(146) User=0.04s Sys=0.00s Real=0.02s
[2021-11-01T23:21:01.277-0700][gc,start    ] GC(147) Pause Young (Normal) (G1 Evacuation Pause)
[2021-11-01T23:21:01.278-0700][gc,task     ] GC(147) Using 8 workers of 8 for evacuation
[2021-11-01T23:21:01.292-0700][gc,phases   ] GC(147)   Pre Evacuate Collection Set: 0.7ms
[2021-11-01T23:21:01.292-0700][gc,phases   ] GC(147)   Merge Heap Roots: 0.1ms
[2021-11-01T23:21:01.292-0700][gc,phases   ] GC(147)   Evacuate Collection Set: 13.0ms
[2021-11-01T23:21:01.292-0700][gc,phases   ] GC(147)   Post Evacuate Collection Set: 0.3ms
[2021-11-01T23:21:01.292-0700][gc,phases   ] GC(147)   Other: 0.4ms
[2021-11-01T23:21:01.292-0700][gc,heap     ] GC(147) Eden regions: 47->0(122)
[2021-11-01T23:21:01.292-0700][gc,heap     ] GC(147) Survivor regions: 4->5(7)
[2021-11-01T23:21:01.292-0700][gc,heap     ] GC(147) Old regions: 89->89
[2021-11-01T23:21:01.292-0700][gc,heap     ] GC(147) Archive regions: 2->2
[2021-11-01T23:21:01.292-0700][gc,heap     ] GC(147) Humongous regions: 129->129
[2021-11-01T23:21:01.292-0700][gc,metaspace] GC(147) Metaspace: 41365K(42048K)->41365K(42048K) NonClass: 36058K(36480K)->36058K(36480K) Class: 5307K(5568K)->5307K(5568K)
[2021-11-01T23:21:01.292-0700][gc          ] GC(147) Pause Young (Normal) (G1 Evacuation Pause) 269M->223M(1024M) 14.657ms
[2021-11-01T23:21:01.292-0700][gc,cpu      ] GC(147) User=0.03s Sys=0.01s Real=0.02s
[2021-11-01T23:21:45.154-0700][gc,start    ] GC(148) Pause Young (Normal) (G1 Evacuation Pause)
[2021-11-01T23:21:45.155-0700][gc,task     ] GC(148) Using 8 workers of 8 for evacuation
[2021-11-01T23:21:45.183-0700][gc,mmu      ] GC(148) MMU target violated: 21.0ms (20.0ms/21.0ms)
[2021-11-01T23:21:45.183-0700][gc,phases   ] GC(148)   Pre Evacuate Collection Set: 1.8ms
[2021-11-01T23:21:45.183-0700][gc,phases   ] GC(148)   Merge Heap Roots: 0.2ms
[2021-11-01T23:21:45.183-0700][gc,phases   ] GC(148)   Evacuate Collection Set: 24.2ms
[2021-11-01T23:21:45.183-0700][gc,phases   ] GC(148)   Post Evacuate Collection Set: 0.6ms
[2021-11-01T23:21:45.183-0700][gc,phases   ] GC(148)   Other: 1.7ms
[2021-11-01T23:21:45.183-0700][gc,heap     ] GC(148) Eden regions: 122->0(45)
[2021-11-01T23:21:45.183-0700][gc,heap     ] GC(148) Survivor regions: 5->6(16)
[2021-11-01T23:21:45.183-0700][gc,heap     ] GC(148) Old regions: 89->89
[2021-11-01T23:21:45.183-0700][gc,heap     ] GC(148) Archive regions: 2->2
[2021-11-01T23:21:45.183-0700][gc,heap     ] GC(148) Humongous regions: 129->129
[2021-11-01T23:21:45.183-0700][gc,metaspace] GC(148) Metaspace: 41365K(42048K)->41365K(42048K) NonClass: 36058K(36480K)->36058K(36480K) Class: 5307K(5568K)->5307K(5568K)
[2021-11-01T23:21:45.183-0700][gc          ] GC(148) Pause Young (Normal) (G1 Evacuation Pause) 345M->224M(1024M) 28.681ms
[2021-11-01T23:21:45.183-0700][gc,cpu      ] GC(148) User=0.05s Sys=0.04s Real=0.03s
[2021-11-01T23:22:01.351-0700][gc,start    ] GC(149) Pause Young (Normal) (G1 Evacuation Pause)
[2021-11-01T23:22:01.351-0700][gc,task     ] GC(149) Using 8 workers of 8 for evacuation
[2021-11-01T23:22:01.372-0700][gc,mmu      ] GC(149) MMU target violated: 20.6ms (20.0ms/21.0ms)
[2021-11-01T23:22:01.372-0700][gc,phases   ] GC(149)   Pre Evacuate Collection Set: 0.4ms
[2021-11-01T23:22:01.372-0700][gc,phases   ] GC(149)   Merge Heap Roots: 0.2ms
[2021-11-01T23:22:01.372-0700][gc,phases   ] GC(149)   Evacuate Collection Set: 19.0ms
[2021-11-01T23:22:01.372-0700][gc,phases   ] GC(149)   Post Evacuate Collection Set: 1.1ms
[2021-11-01T23:22:01.372-0700][gc,phases   ] GC(149)   Other: 0.7ms
[2021-11-01T23:22:01.372-0700][gc,heap     ] GC(149) Eden regions: 45->0(154)
[2021-11-01T23:22:01.372-0700][gc,heap     ] GC(149) Survivor regions: 6->5(7)
[2021-11-01T23:22:01.372-0700][gc,heap     ] GC(149) Old regions: 89->92
[2021-11-01T23:22:01.372-0700][gc,heap     ] GC(149) Archive regions: 2->2
[2021-11-01T23:22:01.372-0700][gc,heap     ] GC(149) Humongous regions: 129->129
[2021-11-01T23:22:01.372-0700][gc,metaspace] GC(149) Metaspace: 41365K(42048K)->41365K(42048K) NonClass: 36058K(36480K)->36058K(36480K) Class: 5307K(5568K)->5307K(5568K)
[2021-11-01T23:22:01.372-0700][gc          ] GC(149) Pause Young (Normal) (G1 Evacuation Pause) 269M->225M(1024M) 21.479ms
[2021-11-01T23:22:01.372-0700][gc,cpu      ] GC(149) User=0.06s Sys=0.01s Real=0.02s
[2021-11-01T23:22:49.011-0700][gc,start    ] GC(150) Pause Young (Normal) (G1 Evacuation Pause)
[2021-11-01T23:22:49.012-0700][gc,task     ] GC(150) Using 8 workers of 8 for evacuation
[2021-11-01T23:22:49.035-0700][gc,mmu      ] GC(150) MMU target violated: 21.0ms (20.0ms/21.0ms)
[2021-11-01T23:22:49.035-0700][gc,phases   ] GC(150)   Pre Evacuate Collection Set: 0.4ms
[2021-11-01T23:22:49.035-0700][gc,phases   ] GC(150)   Merge Heap Roots: 0.2ms
[2021-11-01T23:22:49.035-0700][gc,phases   ] GC(150)   Evacuate Collection Set: 20.7ms
[2021-11-01T23:22:49.035-0700][gc,phases   ] GC(150)   Post Evacuate Collection Set: 1.2ms
[2021-11-01T23:22:49.035-0700][gc,phases   ] GC(150)   Other: 1.8ms
[2021-11-01T23:22:49.035-0700][gc,heap     ] GC(150) Eden regions: 132->0(71)
[2021-11-01T23:22:49.035-0700][gc,heap     ] GC(150) Survivor regions: 5->5(18)
[2021-11-01T23:22:49.035-0700][gc,heap     ] GC(150) Old regions: 92->92
[2021-11-01T23:22:49.035-0700][gc,heap     ] GC(150) Archive regions: 2->2
[2021-11-01T23:22:49.035-0700][gc,heap     ] GC(150) Humongous regions: 129->129
[2021-11-01T23:22:49.035-0700][gc,metaspace] GC(150) Metaspace: 41366K(42048K)->41366K(42048K) NonClass: 36058K(36480K)->36058K(36480K) Class: 5307K(5568K)->5307K(5568K)
[2021-11-01T23:22:49.035-0700][gc          ] GC(150) Pause Young (Normal) (G1 Evacuation Pause) 357M->225M(1024M) 24.475ms
[2021-11-01T23:22:49.035-0700][gc,cpu      ] GC(150) User=0.05s Sys=0.04s Real=0.02s
[2021-11-01T23:23:14.443-0700][gc,start    ] GC(151) Pause Young (Normal) (G1 Evacuation Pause)
[2021-11-01T23:23:14.444-0700][gc,task     ] GC(151) Using 8 workers of 8 for evacuation
[2021-11-01T23:23:14.460-0700][gc,phases   ] GC(151)   Pre Evacuate Collection Set: 0.4ms
[2021-11-01T23:23:14.460-0700][gc,phases   ] GC(151)   Merge Heap Roots: 0.2ms
[2021-11-01T23:23:14.460-0700][gc,phases   ] GC(151)   Evacuate Collection Set: 14.5ms
[2021-11-01T23:23:14.460-0700][gc,phases   ] GC(151)   Post Evacuate Collection Set: 0.8ms
[2021-11-01T23:23:14.460-0700][gc,phases   ] GC(151)   Other: 1.5ms
[2021-11-01T23:23:14.461-0700][gc,heap     ] GC(151) Eden regions: 71->0(145)
[2021-11-01T23:23:14.461-0700][gc,heap     ] GC(151) Survivor regions: 5->5(10)
[2021-11-01T23:23:14.461-0700][gc,heap     ] GC(151) Old regions: 92->92
[2021-11-01T23:23:14.461-0700][gc,heap     ] GC(151) Archive regions: 2->2
[2021-11-01T23:23:14.461-0700][gc,heap     ] GC(151) Humongous regions: 129->129
[2021-11-01T23:23:14.461-0700][gc,metaspace] GC(151) Metaspace: 41366K(42048K)->41366K(42048K) NonClass: 36058K(36480K)->36058K(36480K) Class: 5307K(5568K)->5307K(5568K)
[2021-11-01T23:23:14.461-0700][gc          ] GC(151) Pause Young (Normal) (G1 Evacuation Pause) 296M->226M(1024M) 17.578ms
[2021-11-01T23:23:14.461-0700][gc,cpu      ] GC(151) User=0.05s Sys=0.00s Real=0.02s
[2021-11-02T09:28:21.623-0700][gc,heap,exit] Heap
[2021-11-02T09:28:21.624-0700][gc,heap,exit]  garbage-first heap   total 1048576K, used 368650K [0x00000007c0000000, 0x0000000800000000)
[2021-11-02T09:28:21.624-0700][gc,heap,exit]   region size 1024K, 139 young (142336K), 5 survivors (5120K)
[2021-11-02T09:28:21.624-0700][gc,heap,exit]  Metaspace       used 41544K, committed 42368K, reserved 1089536K
[2021-11-02T09:28:21.624-0700][gc,heap,exit]   class space    used 5339K, committed 5696K, reserved 1048576K
