[2021-10-27T22:22:22.430-0700][gc] Using G1
[2021-10-27T22:22:22.435-0700][gc,init] Version: 17+35-2724 (release)
[2021-10-27T22:22:22.435-0700][gc,init] CPUs: 8 total, 8 available
[2021-10-27T22:22:22.435-0700][gc,init] Memory: 8192M
[2021-10-27T22:22:22.435-0700][gc,init] Large Page Support: Disabled
[2021-10-27T22:22:22.435-0700][gc,init] NUMA Support: Disabled
[2021-10-27T22:22:22.435-0700][gc,init] Compressed Oops: Enabled (Zero based)
[2021-10-27T22:22:22.435-0700][gc,init] Heap Region Size: 1M
[2021-10-27T22:22:22.435-0700][gc,init] Heap Min Capacity: 1G
[2021-10-27T22:22:22.435-0700][gc,init] Heap Initial Capacity: 1G
[2021-10-27T22:22:22.435-0700][gc,init] Heap Max Capacity: 1G
[2021-10-27T22:22:22.435-0700][gc,init] Pre-touch: Disabled
[2021-10-27T22:22:22.435-0700][gc,init] Parallel Workers: 8
[2021-10-27T22:22:22.435-0700][gc,init] Concurrent Workers: 2
[2021-10-27T22:22:22.435-0700][gc,init] Concurrent Refinement Workers: 8
[2021-10-27T22:22:22.435-0700][gc,init] Periodic GC: Disabled
[2021-10-27T22:22:22.435-0700][gc,metaspace] CDS archive(s) mapped at: [0x0000000800000000-0x0000000800bd0000-0x0000000800bd0000), size 12386304, SharedBaseAddress: 0x0000000800000000, ArchiveRelocationMode: 0.
[2021-10-27T22:22:22.435-0700][gc,metaspace] Compressed class space mapped at: 0x0000000800c00000-0x0000000840c00000, reserved size: 1073741824
[2021-10-27T22:22:22.435-0700][gc,metaspace] Narrow klass base: 0x0000000800000000, Narrow klass shift: 0, Narrow klass range: 0x100000000
[2021-10-27T22:22:29.239-0700][gc,start    ] GC(0) Pause Young (Normal) (G1 Evacuation Pause)
[2021-10-27T22:22:29.239-0700][gc,task     ] GC(0) Using 8 workers of 8 for evacuation
[2021-10-27T22:22:29.248-0700][gc,phases   ] GC(0)   Pre Evacuate Collection Set: 0.1ms
[2021-10-27T22:22:29.249-0700][gc,phases   ] GC(0)   Merge Heap Roots: 0.0ms
[2021-10-27T22:22:29.249-0700][gc,phases   ] GC(0)   Evacuate Collection Set: 8.7ms
[2021-10-27T22:22:29.249-0700][gc,phases   ] GC(0)   Post Evacuate Collection Set: 0.3ms
[2021-10-27T22:22:29.249-0700][gc,phases   ] GC(0)   Other: 0.7ms
[2021-10-27T22:22:29.249-0700][gc,heap     ] GC(0) Eden regions: 51->0(44)
[2021-10-27T22:22:29.249-0700][gc,heap     ] GC(0) Survivor regions: 0->7(7)
[2021-10-27T22:22:29.249-0700][gc,heap     ] GC(0) Old regions: 0->1
[2021-10-27T22:22:29.249-0700][gc,heap     ] GC(0) Archive regions: 2->2
[2021-10-27T22:22:29.249-0700][gc,heap     ] GC(0) Humongous regions: 0->0
[2021-10-27T22:22:29.249-0700][gc,metaspace] GC(0) Metaspace: 19007K(19200K)->19007K(19200K) NonClass: 16463K(16576K)->16463K(16576K) Class: 2543K(2624K)->2543K(2624K)
[2021-10-27T22:22:29.249-0700][gc          ] GC(0) Pause Young (Normal) (G1 Evacuation Pause) 51M->8M(1024M) 9.894ms
[2021-10-27T22:22:29.249-0700][gc,cpu      ] GC(0) User=0.02s Sys=0.01s Real=0.01s
[2021-10-27T22:22:29.446-0700][gc,start    ] GC(1) Pause Young (Concurrent Start) (Metadata GC Threshold)
[2021-10-27T22:22:29.446-0700][gc,task     ] GC(1) Using 8 workers of 8 for evacuation
[2021-10-27T22:22:29.454-0700][gc,phases   ] GC(1)   Pre Evacuate Collection Set: 0.1ms
[2021-10-27T22:22:29.454-0700][gc,phases   ] GC(1)   Merge Heap Roots: 0.0ms
[2021-10-27T22:22:29.454-0700][gc,phases   ] GC(1)   Evacuate Collection Set: 7.0ms
[2021-10-27T22:22:29.454-0700][gc,phases   ] GC(1)   Post Evacuate Collection Set: 0.2ms
[2021-10-27T22:22:29.454-0700][gc,phases   ] GC(1)   Other: 0.2ms
[2021-10-27T22:22:29.454-0700][gc,heap     ] GC(1) Eden regions: 9->0(50)
[2021-10-27T22:22:29.454-0700][gc,heap     ] GC(1) Survivor regions: 7->1(7)
[2021-10-27T22:22:29.454-0700][gc,heap     ] GC(1) Old regions: 1->7
[2021-10-27T22:22:29.454-0700][gc,heap     ] GC(1) Archive regions: 2->2
[2021-10-27T22:22:29.454-0700][gc,heap     ] GC(1) Humongous regions: 0->0
[2021-10-27T22:22:29.454-0700][gc,metaspace] GC(1) Metaspace: 21244K(21504K)->21244K(21504K) NonClass: 18391K(18496K)->18391K(18496K) Class: 2853K(3008K)->2853K(3008K)
[2021-10-27T22:22:29.454-0700][gc          ] GC(1) Pause Young (Concurrent Start) (Metadata GC Threshold) 16M->8M(1024M) 7.631ms
[2021-10-27T22:22:29.454-0700][gc,cpu      ] GC(1) User=0.02s Sys=0.01s Real=0.01s
[2021-10-27T22:22:29.454-0700][gc          ] GC(2) Concurrent Mark Cycle
[2021-10-27T22:22:29.454-0700][gc,marking  ] GC(2) Concurrent Clear Claimed Marks
[2021-10-27T22:22:29.454-0700][gc,marking  ] GC(2) Concurrent Clear Claimed Marks 0.017ms
[2021-10-27T22:22:29.454-0700][gc,marking  ] GC(2) Concurrent Scan Root Regions
[2021-10-27T22:22:29.459-0700][gc,marking  ] GC(2) Concurrent Scan Root Regions 4.355ms
[2021-10-27T22:22:29.459-0700][gc,marking  ] GC(2) Concurrent Mark
[2021-10-27T22:22:29.459-0700][gc,marking  ] GC(2) Concurrent Mark From Roots
[2021-10-27T22:22:29.459-0700][gc,task     ] GC(2) Using 2 workers of 2 for marking
[2021-10-27T22:22:29.460-0700][gc,marking  ] GC(2) Concurrent Mark From Roots 1.025ms
[2021-10-27T22:22:29.460-0700][gc,marking  ] GC(2) Concurrent Preclean
[2021-10-27T22:22:29.460-0700][gc,marking  ] GC(2) Concurrent Preclean 0.024ms
[2021-10-27T22:22:29.460-0700][gc,start    ] GC(2) Pause Remark
[2021-10-27T22:22:29.466-0700][gc          ] GC(2) Pause Remark 9M->9M(1024M) 6.235ms
[2021-10-27T22:22:29.466-0700][gc,cpu      ] GC(2) User=0.01s Sys=0.00s Real=0.00s
[2021-10-27T22:22:29.467-0700][gc,marking  ] GC(2) Concurrent Mark 7.879ms
[2021-10-27T22:22:29.467-0700][gc,marking  ] GC(2) Concurrent Rebuild Remembered Sets
[2021-10-27T22:22:29.467-0700][gc,marking  ] GC(2) Concurrent Rebuild Remembered Sets 0.006ms
[2021-10-27T22:22:29.467-0700][gc,start    ] GC(2) Pause Cleanup
[2021-10-27T22:22:29.467-0700][gc          ] GC(2) Pause Cleanup 9M->9M(1024M) 0.010ms
[2021-10-27T22:22:29.467-0700][gc,cpu      ] GC(2) User=0.00s Sys=0.00s Real=0.00s
[2021-10-27T22:22:29.467-0700][gc,marking  ] GC(2) Concurrent Cleanup for Next Mark
[2021-10-27T22:22:29.470-0700][gc,marking  ] GC(2) Concurrent Cleanup for Next Mark 2.908ms
[2021-10-27T22:22:29.470-0700][gc          ] GC(2) Concurrent Mark Cycle 15.563ms
[2021-10-27T22:22:30.459-0700][gc,start    ] GC(3) Pause Young (Normal) (G1 Evacuation Pause)
[2021-10-27T22:22:30.459-0700][gc,task     ] GC(3) Using 8 workers of 8 for evacuation
[2021-10-27T22:22:30.463-0700][gc,phases   ] GC(3)   Pre Evacuate Collection Set: 0.1ms
[2021-10-27T22:22:30.463-0700][gc,phases   ] GC(3)   Merge Heap Roots: 0.0ms
[2021-10-27T22:22:30.463-0700][gc,phases   ] GC(3)   Evacuate Collection Set: 3.0ms
[2021-10-27T22:22:30.463-0700][gc,phases   ] GC(3)   Post Evacuate Collection Set: 0.3ms
[2021-10-27T22:22:30.463-0700][gc,phases   ] GC(3)   Other: 0.3ms
[2021-10-27T22:22:30.463-0700][gc,heap     ] GC(3) Eden regions: 50->0(45)
[2021-10-27T22:22:30.463-0700][gc,heap     ] GC(3) Survivor regions: 1->6(7)
[2021-10-27T22:22:30.463-0700][gc,heap     ] GC(3) Old regions: 7->7
[2021-10-27T22:22:30.463-0700][gc,heap     ] GC(3) Archive regions: 2->2
[2021-10-27T22:22:30.463-0700][gc,heap     ] GC(3) Humongous regions: 129->129
[2021-10-27T22:22:30.463-0700][gc,metaspace] GC(3) Metaspace: 33440K(33728K)->33440K(33728K) NonClass: 29337K(29504K)->29337K(29504K) Class: 4103K(4224K)->4103K(4224K)
[2021-10-27T22:22:30.463-0700][gc          ] GC(3) Pause Young (Normal) (G1 Evacuation Pause) 187M->142M(1024M) 3.835ms
[2021-10-27T22:22:30.463-0700][gc,cpu      ] GC(3) User=0.02s Sys=0.00s Real=0.01s
[2021-10-27T22:22:30.645-0700][gc,start    ] GC(4) Pause Young (Concurrent Start) (Metadata GC Threshold)
[2021-10-27T22:22:30.645-0700][gc,task     ] GC(4) Using 8 workers of 8 for evacuation
[2021-10-27T22:22:30.652-0700][gc,phases   ] GC(4)   Pre Evacuate Collection Set: 0.2ms
[2021-10-27T22:22:30.652-0700][gc,phases   ] GC(4)   Merge Heap Roots: 0.0ms
[2021-10-27T22:22:30.652-0700][gc,phases   ] GC(4)   Evacuate Collection Set: 7.0ms
[2021-10-27T22:22:30.652-0700][gc,phases   ] GC(4)   Post Evacuate Collection Set: 0.4ms
[2021-10-27T22:22:30.652-0700][gc,phases   ] GC(4)   Other: 0.2ms
[2021-10-27T22:22:30.652-0700][gc,heap     ] GC(4) Eden regions: 12->0(49)
[2021-10-27T22:22:30.652-0700][gc,heap     ] GC(4) Survivor regions: 6->2(7)
[2021-10-27T22:22:30.652-0700][gc,heap     ] GC(4) Old regions: 7->13
[2021-10-27T22:22:30.652-0700][gc,heap     ] GC(4) Archive regions: 2->2
[2021-10-27T22:22:30.652-0700][gc,heap     ] GC(4) Humongous regions: 129->129
[2021-10-27T22:22:30.652-0700][gc,metaspace] GC(4) Metaspace: 35639K(35968K)->35639K(35968K) NonClass: 31134K(31360K)->31134K(31360K) Class: 4504K(4608K)->4504K(4608K)
[2021-10-27T22:22:30.652-0700][gc          ] GC(4) Pause Young (Concurrent Start) (Metadata GC Threshold) 153M->143M(1024M) 7.841ms
[2021-10-27T22:22:30.653-0700][gc,cpu      ] GC(4) User=0.02s Sys=0.01s Real=0.01s
[2021-10-27T22:22:30.653-0700][gc          ] GC(5) Concurrent Mark Cycle
[2021-10-27T22:22:30.653-0700][gc,marking  ] GC(5) Concurrent Clear Claimed Marks
[2021-10-27T22:22:30.653-0700][gc,marking  ] GC(5) Concurrent Clear Claimed Marks 0.034ms
[2021-10-27T22:22:30.653-0700][gc,marking  ] GC(5) Concurrent Scan Root Regions
[2021-10-27T22:22:30.655-0700][gc,marking  ] GC(5) Concurrent Scan Root Regions 2.098ms
[2021-10-27T22:22:30.655-0700][gc,marking  ] GC(5) Concurrent Mark
[2021-10-27T22:22:30.655-0700][gc,marking  ] GC(5) Concurrent Mark From Roots
[2021-10-27T22:22:30.655-0700][gc,task     ] GC(5) Using 2 workers of 2 for marking
[2021-10-27T22:22:30.658-0700][gc,marking  ] GC(5) Concurrent Mark From Roots 3.700ms
[2021-10-27T22:22:30.658-0700][gc,marking  ] GC(5) Concurrent Preclean
[2021-10-27T22:22:30.659-0700][gc,marking  ] GC(5) Concurrent Preclean 0.062ms
[2021-10-27T22:22:30.659-0700][gc,start    ] GC(5) Pause Remark
[2021-10-27T22:22:30.670-0700][gc          ] GC(5) Pause Remark 143M->143M(1024M) 10.588ms
[2021-10-27T22:22:30.670-0700][gc,cpu      ] GC(5) User=0.01s Sys=0.01s Real=0.02s
[2021-10-27T22:22:30.670-0700][gc,marking  ] GC(5) Concurrent Mark 14.967ms
[2021-10-27T22:22:30.670-0700][gc,marking  ] GC(5) Concurrent Rebuild Remembered Sets
[2021-10-27T22:22:30.673-0700][gc,marking  ] GC(5) Concurrent Rebuild Remembered Sets 3.453ms
[2021-10-27T22:22:30.673-0700][gc,start    ] GC(5) Pause Cleanup
[2021-10-27T22:22:30.674-0700][gc          ] GC(5) Pause Cleanup 143M->143M(1024M) 0.076ms
[2021-10-27T22:22:30.674-0700][gc,cpu      ] GC(5) User=0.00s Sys=0.00s Real=0.00s
[2021-10-27T22:22:30.674-0700][gc,marking  ] GC(5) Concurrent Cleanup for Next Mark
[2021-10-27T22:22:30.677-0700][gc,marking  ] GC(5) Concurrent Cleanup for Next Mark 2.894ms
[2021-10-27T22:22:30.677-0700][gc          ] GC(5) Concurrent Mark Cycle 24.134ms
[2021-10-27T22:25:25.381-0700][gc,start    ] GC(6) Pause Young (Normal) (G1 Evacuation Pause)
[2021-10-27T22:25:25.382-0700][gc,task     ] GC(6) Using 8 workers of 8 for evacuation
[2021-10-27T22:25:25.426-0700][gc,mmu      ] GC(6) MMU target violated: 21.0ms (20.0ms/21.0ms)
[2021-10-27T22:25:25.426-0700][gc,phases   ] GC(6)   Pre Evacuate Collection Set: 4.2ms
[2021-10-27T22:25:25.426-0700][gc,phases   ] GC(6)   Merge Heap Roots: 2.1ms
[2021-10-27T22:25:25.426-0700][gc,phases   ] GC(6)   Evacuate Collection Set: 36.1ms
[2021-10-27T22:25:25.426-0700][gc,phases   ] GC(6)   Post Evacuate Collection Set: 1.1ms
[2021-10-27T22:25:25.426-0700][gc,phases   ] GC(6)   Other: 2.8ms
[2021-10-27T22:25:25.426-0700][gc,heap     ] GC(6) Eden regions: 49->0(48)
[2021-10-27T22:25:25.426-0700][gc,heap     ] GC(6) Survivor regions: 2->3(7)
[2021-10-27T22:25:25.426-0700][gc,heap     ] GC(6) Old regions: 13->13
[2021-10-27T22:25:25.426-0700][gc,heap     ] GC(6) Archive regions: 2->2
[2021-10-27T22:25:25.426-0700][gc,heap     ] GC(6) Humongous regions: 129->129
[2021-10-27T22:25:25.426-0700][gc,metaspace] GC(6) Metaspace: 39271K(39744K)->39271K(39744K) NonClass: 34296K(34560K)->34296K(34560K) Class: 4974K(5184K)->4974K(5184K)
[2021-10-27T22:25:25.426-0700][gc          ] GC(6) Pause Young (Normal) (G1 Evacuation Pause) 192M->144M(1024M) 45.651ms
[2021-10-27T22:25:25.426-0700][gc,cpu      ] GC(6) User=0.05s Sys=0.06s Real=0.04s
[2021-10-27T22:28:21.831-0700][gc,start    ] GC(7) Pause Young (Normal) (G1 Evacuation Pause)
[2021-10-27T22:28:21.832-0700][gc,task     ] GC(7) Using 8 workers of 8 for evacuation
[2021-10-27T22:28:21.856-0700][gc,mmu      ] GC(7) MMU target violated: 21.0ms (20.0ms/21.0ms)
[2021-10-27T22:28:21.856-0700][gc,phases   ] GC(7)   Pre Evacuate Collection Set: 2.8ms
[2021-10-27T22:28:21.856-0700][gc,phases   ] GC(7)   Merge Heap Roots: 1.1ms
[2021-10-27T22:28:21.856-0700][gc,phases   ] GC(7)   Evacuate Collection Set: 18.2ms
[2021-10-27T22:28:21.856-0700][gc,phases   ] GC(7)   Post Evacuate Collection Set: 1.1ms
[2021-10-27T22:28:21.856-0700][gc,phases   ] GC(7)   Other: 2.9ms
[2021-10-27T22:28:21.856-0700][gc,heap     ] GC(7) Eden regions: 48->0(47)
[2021-10-27T22:28:21.856-0700][gc,heap     ] GC(7) Survivor regions: 3->4(7)
[2021-10-27T22:28:21.856-0700][gc,heap     ] GC(7) Old regions: 13->13
[2021-10-27T22:28:21.856-0700][gc,heap     ] GC(7) Archive regions: 2->2
[2021-10-27T22:28:21.856-0700][gc,heap     ] GC(7) Humongous regions: 129->129
[2021-10-27T22:28:21.856-0700][gc,metaspace] GC(7) Metaspace: 39338K(39808K)->39338K(39808K) NonClass: 34357K(34624K)->34357K(34624K) Class: 4980K(5184K)->4980K(5184K)
[2021-10-27T22:28:21.856-0700][gc          ] GC(7) Pause Young (Normal) (G1 Evacuation Pause) 192M->145M(1024M) 24.735ms
[2021-10-27T22:28:21.856-0700][gc,cpu      ] GC(7) User=0.03s Sys=0.04s Real=0.02s
[2021-10-27T22:31:21.698-0700][gc,start    ] GC(8) Pause Young (Normal) (G1 Evacuation Pause)
[2021-10-27T22:31:21.699-0700][gc,task     ] GC(8) Using 8 workers of 8 for evacuation
[2021-10-27T22:31:21.805-0700][gc,mmu      ] GC(8) MMU target violated: 21.0ms (20.0ms/21.0ms)
[2021-10-27T22:31:21.805-0700][gc,phases   ] GC(8)   Pre Evacuate Collection Set: 4.1ms
[2021-10-27T22:31:21.805-0700][gc,phases   ] GC(8)   Merge Heap Roots: 2.4ms
[2021-10-27T22:31:21.805-0700][gc,phases   ] GC(8)   Evacuate Collection Set: 97.3ms
[2021-10-27T22:31:21.805-0700][gc,phases   ] GC(8)   Post Evacuate Collection Set: 1.7ms
[2021-10-27T22:31:21.805-0700][gc,phases   ] GC(8)   Other: 2.3ms
[2021-10-27T22:31:21.805-0700][gc,heap     ] GC(8) Eden regions: 47->0(47)
[2021-10-27T22:31:21.805-0700][gc,heap     ] GC(8) Survivor regions: 4->4(7)
[2021-10-27T22:31:21.805-0700][gc,heap     ] GC(8) Old regions: 13->13
[2021-10-27T22:31:21.805-0700][gc,heap     ] GC(8) Archive regions: 2->2
[2021-10-27T22:31:21.805-0700][gc,heap     ] GC(8) Humongous regions: 129->129
[2021-10-27T22:31:21.805-0700][gc,metaspace] GC(8) Metaspace: 39405K(39936K)->39405K(39936K) NonClass: 34424K(34752K)->34424K(34752K) Class: 4981K(5184K)->4981K(5184K)
[2021-10-27T22:31:21.805-0700][gc          ] GC(8) Pause Young (Normal) (G1 Evacuation Pause) 192M->145M(1024M) 106.825ms
[2021-10-27T22:31:21.805-0700][gc,cpu      ] GC(8) User=0.07s Sys=0.07s Real=0.11s
[2021-10-27T22:34:24.557-0700][gc,start    ] GC(9) Pause Young (Normal) (G1 Evacuation Pause)
[2021-10-27T22:34:24.558-0700][gc,task     ] GC(9) Using 8 workers of 8 for evacuation
[2021-10-27T22:34:24.634-0700][gc,mmu      ] GC(9) MMU target violated: 21.0ms (20.0ms/21.0ms)
[2021-10-27T22:34:24.634-0700][gc,phases   ] GC(9)   Pre Evacuate Collection Set: 2.8ms
[2021-10-27T22:34:24.634-0700][gc,phases   ] GC(9)   Merge Heap Roots: 0.7ms
[2021-10-27T22:34:24.634-0700][gc,phases   ] GC(9)   Evacuate Collection Set: 47.0ms
[2021-10-27T22:34:24.634-0700][gc,phases   ] GC(9)   Post Evacuate Collection Set: 25.3ms
[2021-10-27T22:34:24.634-0700][gc,phases   ] GC(9)   Other: 1.1ms
[2021-10-27T22:34:24.634-0700][gc,heap     ] GC(9) Eden regions: 47->0(47)
[2021-10-27T22:34:24.634-0700][gc,heap     ] GC(9) Survivor regions: 4->4(7)
[2021-10-27T22:34:24.634-0700][gc,heap     ] GC(9) Old regions: 13->13
[2021-10-27T22:34:24.634-0700][gc,heap     ] GC(9) Archive regions: 2->2
[2021-10-27T22:34:24.634-0700][gc,heap     ] GC(9) Humongous regions: 129->129
[2021-10-27T22:34:24.634-0700][gc,metaspace] GC(9) Metaspace: 39488K(39936K)->39488K(39936K) NonClass: 34505K(34752K)->34505K(34752K) Class: 4983K(5184K)->4983K(5184K)
[2021-10-27T22:34:24.634-0700][gc          ] GC(9) Pause Young (Normal) (G1 Evacuation Pause) 192M->146M(1024M) 76.836ms
[2021-10-27T22:34:24.634-0700][gc,cpu      ] GC(9) User=0.05s Sys=0.06s Real=0.08s
[2021-10-27T22:37:27.783-0700][gc,start    ] GC(10) Pause Young (Normal) (G1 Evacuation Pause)
[2021-10-27T22:37:27.784-0700][gc,task     ] GC(10) Using 8 workers of 8 for evacuation
[2021-10-27T22:37:27.832-0700][gc,mmu      ] GC(10) MMU target violated: 21.0ms (20.0ms/21.0ms)
[2021-10-27T22:37:27.832-0700][gc,phases   ] GC(10)   Pre Evacuate Collection Set: 3.1ms
[2021-10-27T22:37:27.832-0700][gc,phases   ] GC(10)   Merge Heap Roots: 0.2ms
[2021-10-27T22:37:27.832-0700][gc,phases   ] GC(10)   Evacuate Collection Set: 42.4ms
[2021-10-27T22:37:27.832-0700][gc,phases   ] GC(10)   Post Evacuate Collection Set: 1.4ms
[2021-10-27T22:37:27.832-0700][gc,phases   ] GC(10)   Other: 3.5ms
[2021-10-27T22:37:27.832-0700][gc,heap     ] GC(10) Eden regions: 47->0(48)
[2021-10-27T22:37:27.832-0700][gc,heap     ] GC(10) Survivor regions: 4->3(7)
[2021-10-27T22:37:27.832-0700][gc,heap     ] GC(10) Old regions: 13->14
[2021-10-27T22:37:27.832-0700][gc,heap     ] GC(10) Archive regions: 2->2
[2021-10-27T22:37:27.832-0700][gc,heap     ] GC(10) Humongous regions: 129->129
[2021-10-27T22:37:27.832-0700][gc,metaspace] GC(10) Metaspace: 39539K(40064K)->39539K(40064K) NonClass: 34556K(34880K)->34556K(34880K) Class: 4983K(5184K)->4983K(5184K)
[2021-10-27T22:37:27.832-0700][gc          ] GC(10) Pause Young (Normal) (G1 Evacuation Pause) 193M->146M(1024M) 49.076ms
[2021-10-27T22:37:27.832-0700][gc,cpu      ] GC(10) User=0.05s Sys=0.06s Real=0.05s
[2021-10-27T22:41:46.740-0700][gc,start    ] GC(11) Pause Young (Normal) (G1 Evacuation Pause)
[2021-10-27T22:41:46.742-0700][gc,task     ] GC(11) Using 8 workers of 8 for evacuation
[2021-10-27T22:41:46.776-0700][gc,mmu      ] GC(11) MMU target violated: 21.0ms (20.0ms/21.0ms)
[2021-10-27T22:41:46.776-0700][gc,phases   ] GC(11)   Pre Evacuate Collection Set: 3.1ms
[2021-10-27T22:41:46.776-0700][gc,phases   ] GC(11)   Merge Heap Roots: 0.9ms
[2021-10-27T22:41:46.776-0700][gc,phases   ] GC(11)   Evacuate Collection Set: 28.4ms
[2021-10-27T22:41:46.776-0700][gc,phases   ] GC(11)   Post Evacuate Collection Set: 1.1ms
[2021-10-27T22:41:46.776-0700][gc,phases   ] GC(11)   Other: 4.7ms
[2021-10-27T22:41:46.776-0700][gc,heap     ] GC(11) Eden regions: 48->0(47)
[2021-10-27T22:41:46.776-0700][gc,heap     ] GC(11) Survivor regions: 3->4(7)
[2021-10-27T22:41:46.776-0700][gc,heap     ] GC(11) Old regions: 14->14
[2021-10-27T22:41:46.776-0700][gc,heap     ] GC(11) Archive regions: 2->2
[2021-10-27T22:41:46.776-0700][gc,heap     ] GC(11) Humongous regions: 129->129
[2021-10-27T22:41:46.776-0700][gc,metaspace] GC(11) Metaspace: 39641K(40128K)->39641K(40128K) NonClass: 34658K(34944K)->34658K(34944K) Class: 4983K(5184K)->4983K(5184K)
[2021-10-27T22:41:46.776-0700][gc          ] GC(11) Pause Young (Normal) (G1 Evacuation Pause) 194M->146M(1024M) 36.619ms
[2021-10-27T22:41:46.776-0700][gc,cpu      ] GC(11) User=0.03s Sys=0.05s Real=0.03s
[2021-10-27T22:47:23.584-0700][gc,start    ] GC(12) Pause Young (Normal) (G1 Evacuation Pause)
[2021-10-27T22:47:23.585-0700][gc,task     ] GC(12) Using 8 workers of 8 for evacuation
[2021-10-27T22:47:23.638-0700][gc,mmu      ] GC(12) MMU target violated: 21.0ms (20.0ms/21.0ms)
[2021-10-27T22:47:23.638-0700][gc,phases   ] GC(12)   Pre Evacuate Collection Set: 5.5ms
[2021-10-27T22:47:23.638-0700][gc,phases   ] GC(12)   Merge Heap Roots: 1.3ms
[2021-10-27T22:47:23.638-0700][gc,phases   ] GC(12)   Evacuate Collection Set: 43.9ms
[2021-10-27T22:47:23.638-0700][gc,phases   ] GC(12)   Post Evacuate Collection Set: 2.0ms
[2021-10-27T22:47:23.638-0700][gc,phases   ] GC(12)   Other: 3.5ms
[2021-10-27T22:47:23.638-0700][gc,heap     ] GC(12) Eden regions: 47->0(49)
[2021-10-27T22:47:23.638-0700][gc,heap     ] GC(12) Survivor regions: 4->2(7)
[2021-10-27T22:47:23.638-0700][gc,heap     ] GC(12) Old regions: 14->14
[2021-10-27T22:47:23.638-0700][gc,heap     ] GC(12) Archive regions: 2->2
[2021-10-27T22:47:23.638-0700][gc,heap     ] GC(12) Humongous regions: 129->129
[2021-10-27T22:47:23.638-0700][gc,metaspace] GC(12) Metaspace: 39665K(40128K)->39665K(40128K) NonClass: 34682K(34944K)->34682K(34944K) Class: 4983K(5184K)->4983K(5184K)
[2021-10-27T22:47:23.638-0700][gc          ] GC(12) Pause Young (Normal) (G1 Evacuation Pause) 193M->145M(1024M) 54.584ms
[2021-10-27T22:47:23.638-0700][gc,cpu      ] GC(12) User=0.03s Sys=0.05s Real=0.05s
[2021-10-27T22:53:18.749-0700][gc,start    ] GC(13) Pause Young (Normal) (G1 Evacuation Pause)
[2021-10-27T22:53:18.750-0700][gc,task     ] GC(13) Using 8 workers of 8 for evacuation
[2021-10-27T22:53:18.801-0700][gc,mmu      ] GC(13) MMU target violated: 21.0ms (20.0ms/21.0ms)
[2021-10-27T22:53:18.801-0700][gc,phases   ] GC(13)   Pre Evacuate Collection Set: 6.1ms
[2021-10-27T22:53:18.801-0700][gc,phases   ] GC(13)   Merge Heap Roots: 0.2ms
[2021-10-27T22:53:18.801-0700][gc,phases   ] GC(13)   Evacuate Collection Set: 40.5ms
[2021-10-27T22:53:18.801-0700][gc,phases   ] GC(13)   Post Evacuate Collection Set: 3.7ms
[2021-10-27T22:53:18.801-0700][gc,phases   ] GC(13)   Other: 2.6ms
[2021-10-27T22:53:18.801-0700][gc,heap     ] GC(13) Eden regions: 49->0(48)
[2021-10-27T22:53:18.801-0700][gc,heap     ] GC(13) Survivor regions: 2->3(7)
[2021-10-27T22:53:18.801-0700][gc,heap     ] GC(13) Old regions: 14->14
[2021-10-27T22:53:18.801-0700][gc,heap     ] GC(13) Archive regions: 2->2
[2021-10-27T22:53:18.801-0700][gc,heap     ] GC(13) Humongous regions: 129->129
[2021-10-27T22:53:18.801-0700][gc,metaspace] GC(13) Metaspace: 39719K(40192K)->39719K(40192K) NonClass: 34735K(35008K)->34735K(35008K) Class: 4983K(5184K)->4983K(5184K)
[2021-10-27T22:53:18.801-0700][gc          ] GC(13) Pause Young (Normal) (G1 Evacuation Pause) 194M->146M(1024M) 52.111ms
[2021-10-27T22:53:18.801-0700][gc,cpu      ] GC(13) User=0.02s Sys=0.06s Real=0.06s
[2021-10-27T22:59:05.698-0700][gc,start    ] GC(14) Pause Young (Normal) (G1 Evacuation Pause)
[2021-10-27T22:59:05.700-0700][gc,task     ] GC(14) Using 8 workers of 8 for evacuation
[2021-10-27T22:59:05.754-0700][gc,mmu      ] GC(14) MMU target violated: 21.0ms (20.0ms/21.0ms)
[2021-10-27T22:59:05.754-0700][gc,phases   ] GC(14)   Pre Evacuate Collection Set: 9.1ms
[2021-10-27T22:59:05.754-0700][gc,phases   ] GC(14)   Merge Heap Roots: 1.4ms
[2021-10-27T22:59:05.754-0700][gc,phases   ] GC(14)   Evacuate Collection Set: 39.2ms
[2021-10-27T22:59:05.754-0700][gc,phases   ] GC(14)   Post Evacuate Collection Set: 3.3ms
[2021-10-27T22:59:05.754-0700][gc,phases   ] GC(14)   Other: 5.0ms
[2021-10-27T22:59:05.754-0700][gc,heap     ] GC(14) Eden regions: 48->0(47)
[2021-10-27T22:59:05.754-0700][gc,heap     ] GC(14) Survivor regions: 3->4(7)
[2021-10-27T22:59:05.754-0700][gc,heap     ] GC(14) Old regions: 14->14
[2021-10-27T22:59:05.754-0700][gc,heap     ] GC(14) Archive regions: 2->2
[2021-10-27T22:59:05.754-0700][gc,heap     ] GC(14) Humongous regions: 129->129
[2021-10-27T22:59:05.754-0700][gc,metaspace] GC(14) Metaspace: 39747K(40256K)->39747K(40256K) NonClass: 34763K(35072K)->34763K(35072K) Class: 4983K(5184K)->4983K(5184K)
[2021-10-27T22:59:05.754-0700][gc          ] GC(14) Pause Young (Normal) (G1 Evacuation Pause) 194M->146M(1024M) 56.283ms
[2021-10-27T22:59:05.754-0700][gc,cpu      ] GC(14) User=0.03s Sys=0.07s Real=0.06s
[2021-10-27T23:03:43.677-0700][gc,start    ] GC(15) Pause Young (Normal) (G1 Evacuation Pause)
[2021-10-27T23:03:43.678-0700][gc,task     ] GC(15) Using 8 workers of 8 for evacuation
[2021-10-27T23:03:43.711-0700][gc,mmu      ] GC(15) MMU target violated: 21.0ms (20.0ms/21.0ms)
[2021-10-27T23:03:43.711-0700][gc,phases   ] GC(15)   Pre Evacuate Collection Set: 6.6ms
[2021-10-27T23:03:43.711-0700][gc,phases   ] GC(15)   Merge Heap Roots: 0.1ms
[2021-10-27T23:03:43.711-0700][gc,phases   ] GC(15)   Evacuate Collection Set: 25.5ms
[2021-10-27T23:03:43.711-0700][gc,phases   ] GC(15)   Post Evacuate Collection Set: 0.9ms
[2021-10-27T23:03:43.711-0700][gc,phases   ] GC(15)   Other: 2.6ms
[2021-10-27T23:03:43.711-0700][gc,heap     ] GC(15) Eden regions: 47->0(47)
[2021-10-27T23:03:43.711-0700][gc,heap     ] GC(15) Survivor regions: 4->4(7)
[2021-10-27T23:03:43.711-0700][gc,heap     ] GC(15) Old regions: 14->14
[2021-10-27T23:03:43.711-0700][gc,heap     ] GC(15) Archive regions: 2->2
[2021-10-27T23:03:43.711-0700][gc,heap     ] GC(15) Humongous regions: 129->129
[2021-10-27T23:03:43.711-0700][gc,metaspace] GC(15) Metaspace: 40150K(40576K)->40150K(40576K) NonClass: 35067K(35328K)->35067K(35328K) Class: 5082K(5248K)->5082K(5248K)
[2021-10-27T23:03:43.711-0700][gc          ] GC(15) Pause Young (Normal) (G1 Evacuation Pause) 193M->147M(1024M) 34.872ms
[2021-10-27T23:03:43.711-0700][gc,cpu      ] GC(15) User=0.03s Sys=0.06s Real=0.04s
[2021-10-27T23:06:12.258-0700][gc,start    ] GC(16) Pause Young (Normal) (G1 Evacuation Pause)
[2021-10-27T23:06:12.259-0700][gc,task     ] GC(16) Using 8 workers of 8 for evacuation
[2021-10-27T23:06:12.300-0700][gc,mmu      ] GC(16) MMU target violated: 21.0ms (20.0ms/21.0ms)
[2021-10-27T23:06:12.301-0700][gc,phases   ] GC(16)   Pre Evacuate Collection Set: 6.4ms
[2021-10-27T23:06:12.301-0700][gc,phases   ] GC(16)   Merge Heap Roots: 1.0ms
[2021-10-27T23:06:12.301-0700][gc,phases   ] GC(16)   Evacuate Collection Set: 32.2ms
[2021-10-27T23:06:12.301-0700][gc,phases   ] GC(16)   Post Evacuate Collection Set: 1.3ms
[2021-10-27T23:06:12.301-0700][gc,phases   ] GC(16)   Other: 3.0ms
[2021-10-27T23:06:12.301-0700][gc,heap     ] GC(16) Eden regions: 47->0(48)
[2021-10-27T23:06:12.301-0700][gc,heap     ] GC(16) Survivor regions: 4->3(7)
[2021-10-27T23:06:12.301-0700][gc,heap     ] GC(16) Old regions: 14->14
[2021-10-27T23:06:12.301-0700][gc,heap     ] GC(16) Archive regions: 2->2
[2021-10-27T23:06:12.301-0700][gc,heap     ] GC(16) Humongous regions: 129->129
[2021-10-27T23:06:12.301-0700][gc,metaspace] GC(16) Metaspace: 40214K(40704K)->40214K(40704K) NonClass: 35116K(35392K)->35116K(35392K) Class: 5097K(5312K)->5097K(5312K)
[2021-10-27T23:06:12.301-0700][gc          ] GC(16) Pause Young (Normal) (G1 Evacuation Pause) 194M->146M(1024M) 42.429ms
[2021-10-27T23:06:12.301-0700][gc,cpu      ] GC(16) User=0.03s Sys=0.06s Real=0.05s
[2021-10-27T23:08:21.302-0700][gc,start    ] GC(17) Pause Young (Normal) (G1 Evacuation Pause)
[2021-10-27T23:08:21.303-0700][gc,task     ] GC(17) Using 8 workers of 8 for evacuation
[2021-10-27T23:08:21.340-0700][gc,mmu      ] GC(17) MMU target violated: 21.0ms (20.0ms/21.0ms)
[2021-10-27T23:08:21.352-0700][gc,phases   ] GC(17)   Pre Evacuate Collection Set: 5.0ms
[2021-10-27T23:08:21.352-0700][gc,phases   ] GC(17)   Merge Heap Roots: 0.2ms
[2021-10-27T23:08:21.352-0700][gc,phases   ] GC(17)   Evacuate Collection Set: 30.0ms
[2021-10-27T23:08:21.352-0700][gc,phases   ] GC(17)   Post Evacuate Collection Set: 2.1ms
[2021-10-27T23:08:21.352-0700][gc,phases   ] GC(17)   Other: 12.3ms
[2021-10-27T23:08:21.352-0700][gc,heap     ] GC(17) Eden regions: 48->0(48)
[2021-10-27T23:08:21.352-0700][gc,heap     ] GC(17) Survivor regions: 3->3(7)
[2021-10-27T23:08:21.352-0700][gc,heap     ] GC(17) Old regions: 14->14
[2021-10-27T23:08:21.352-0700][gc,heap     ] GC(17) Archive regions: 2->2
[2021-10-27T23:08:21.352-0700][gc,heap     ] GC(17) Humongous regions: 129->129
[2021-10-27T23:08:21.352-0700][gc,metaspace] GC(17) Metaspace: 40255K(40768K)->40255K(40768K) NonClass: 35158K(35456K)->35158K(35456K) Class: 5097K(5312K)->5097K(5312K)
[2021-10-27T23:08:21.352-0700][gc          ] GC(17) Pause Young (Normal) (G1 Evacuation Pause) 194M->146M(1024M) 49.706ms
[2021-10-27T23:08:21.352-0700][gc,cpu      ] GC(17) User=0.02s Sys=0.04s Real=0.05s
[2021-10-27T23:10:31.001-0700][gc,start    ] GC(18) Pause Young (Normal) (G1 Evacuation Pause)
[2021-10-27T23:10:31.003-0700][gc,task     ] GC(18) Using 8 workers of 8 for evacuation
[2021-10-27T23:10:31.102-0700][gc,mmu      ] GC(18) MMU target violated: 21.0ms (20.0ms/21.0ms)
[2021-10-27T23:10:31.102-0700][gc,phases   ] GC(18)   Pre Evacuate Collection Set: 4.7ms
[2021-10-27T23:10:31.102-0700][gc,phases   ] GC(18)   Merge Heap Roots: 0.1ms
[2021-10-27T23:10:31.102-0700][gc,phases   ] GC(18)   Evacuate Collection Set: 88.6ms
[2021-10-27T23:10:31.102-0700][gc,phases   ] GC(18)   Post Evacuate Collection Set: 4.5ms
[2021-10-27T23:10:31.102-0700][gc,phases   ] GC(18)   Other: 3.3ms
[2021-10-27T23:10:31.102-0700][gc,heap     ] GC(18) Eden regions: 48->0(47)
[2021-10-27T23:10:31.102-0700][gc,heap     ] GC(18) Survivor regions: 3->4(7)
[2021-10-27T23:10:31.102-0700][gc,heap     ] GC(18) Old regions: 14->14
[2021-10-27T23:10:31.102-0700][gc,heap     ] GC(18) Archive regions: 2->2
[2021-10-27T23:10:31.102-0700][gc,heap     ] GC(18) Humongous regions: 129->129
[2021-10-27T23:10:31.102-0700][gc,metaspace] GC(18) Metaspace: 40266K(40768K)->40266K(40768K) NonClass: 35169K(35456K)->35169K(35456K) Class: 5097K(5312K)->5097K(5312K)
[2021-10-27T23:10:31.102-0700][gc          ] GC(18) Pause Young (Normal) (G1 Evacuation Pause) 194M->146M(1024M) 100.627ms
[2021-10-27T23:10:31.102-0700][gc,cpu      ] GC(18) User=0.03s Sys=0.05s Real=0.10s
[2021-10-27T23:12:38.441-0700][gc,start    ] GC(19) Pause Young (Normal) (G1 Evacuation Pause)
[2021-10-27T23:12:38.441-0700][gc,task     ] GC(19) Using 8 workers of 8 for evacuation
[2021-10-27T23:12:38.468-0700][gc,mmu      ] GC(19) MMU target violated: 21.0ms (20.0ms/21.0ms)
[2021-10-27T23:12:38.468-0700][gc,phases   ] GC(19)   Pre Evacuate Collection Set: 2.9ms
[2021-10-27T23:12:38.468-0700][gc,phases   ] GC(19)   Merge Heap Roots: 0.9ms
[2021-10-27T23:12:38.468-0700][gc,phases   ] GC(19)   Evacuate Collection Set: 20.9ms
[2021-10-27T23:12:38.468-0700][gc,phases   ] GC(19)   Post Evacuate Collection Set: 1.2ms
[2021-10-27T23:12:38.468-0700][gc,phases   ] GC(19)   Other: 2.2ms
[2021-10-27T23:12:38.468-0700][gc,heap     ] GC(19) Eden regions: 47->0(51)
[2021-10-27T23:12:38.468-0700][gc,heap     ] GC(19) Survivor regions: 4->3(7)
[2021-10-27T23:12:38.468-0700][gc,heap     ] GC(19) Old regions: 14->14
[2021-10-27T23:12:38.468-0700][gc,heap     ] GC(19) Archive regions: 2->2
[2021-10-27T23:12:38.468-0700][gc,heap     ] GC(19) Humongous regions: 129->129
[2021-10-27T23:12:38.468-0700][gc,metaspace] GC(19) Metaspace: 40276K(40768K)->40276K(40768K) NonClass: 35178K(35456K)->35178K(35456K) Class: 5097K(5312K)->5097K(5312K)
[2021-10-27T23:12:38.468-0700][gc          ] GC(19) Pause Young (Normal) (G1 Evacuation Pause) 193M->146M(1024M) 27.038ms
[2021-10-27T23:12:38.468-0700][gc,cpu      ] GC(19) User=0.02s Sys=0.04s Real=0.02s
[2021-10-27T23:14:56.773-0700][gc,start    ] GC(20) Pause Young (Normal) (G1 Evacuation Pause)
[2021-10-27T23:14:56.774-0700][gc,task     ] GC(20) Using 8 workers of 8 for evacuation
[2021-10-27T23:14:56.800-0700][gc,mmu      ] GC(20) MMU target violated: 21.0ms (20.0ms/21.0ms)
[2021-10-27T23:14:56.800-0700][gc,phases   ] GC(20)   Pre Evacuate Collection Set: 0.4ms
[2021-10-27T23:14:56.800-0700][gc,phases   ] GC(20)   Merge Heap Roots: 0.1ms
[2021-10-27T23:14:56.800-0700][gc,phases   ] GC(20)   Evacuate Collection Set: 24.2ms
[2021-10-27T23:14:56.800-0700][gc,phases   ] GC(20)   Post Evacuate Collection Set: 1.2ms
[2021-10-27T23:14:56.800-0700][gc,phases   ] GC(20)   Other: 2.9ms
[2021-10-27T23:14:56.801-0700][gc,heap     ] GC(20) Eden regions: 51->0(65)
[2021-10-27T23:14:56.801-0700][gc,heap     ] GC(20) Survivor regions: 3->3(7)
[2021-10-27T23:14:56.801-0700][gc,heap     ] GC(20) Old regions: 14->14
[2021-10-27T23:14:56.801-0700][gc,heap     ] GC(20) Archive regions: 2->2
[2021-10-27T23:14:56.801-0700][gc,heap     ] GC(20) Humongous regions: 129->129
[2021-10-27T23:14:56.801-0700][gc,metaspace] GC(20) Metaspace: 40279K(40768K)->40279K(40768K) NonClass: 35182K(35456K)->35182K(35456K) Class: 5097K(5312K)->5097K(5312K)
[2021-10-27T23:14:56.801-0700][gc          ] GC(20) Pause Young (Normal) (G1 Evacuation Pause) 197M->146M(1024M) 27.859ms
[2021-10-27T23:14:56.801-0700][gc,cpu      ] GC(20) User=0.03s Sys=0.04s Real=0.03s
[2021-10-27T23:18:50.923-0700][gc,start    ] GC(21) Pause Young (Normal) (G1 Evacuation Pause)
[2021-10-27T23:18:50.924-0700][gc,task     ] GC(21) Using 8 workers of 8 for evacuation
[2021-10-27T23:18:50.952-0700][gc,mmu      ] GC(21) MMU target violated: 21.0ms (20.0ms/21.0ms)
[2021-10-27T23:18:50.952-0700][gc,phases   ] GC(21)   Pre Evacuate Collection Set: 2.0ms
[2021-10-27T23:18:50.952-0700][gc,phases   ] GC(21)   Merge Heap Roots: 0.4ms
[2021-10-27T23:18:50.952-0700][gc,phases   ] GC(21)   Evacuate Collection Set: 23.3ms
[2021-10-27T23:18:50.952-0700][gc,phases   ] GC(21)   Post Evacuate Collection Set: 1.8ms
[2021-10-27T23:18:50.952-0700][gc,phases   ] GC(21)   Other: 1.6ms
[2021-10-27T23:18:50.952-0700][gc,heap     ] GC(21) Eden regions: 65->0(66)
[2021-10-27T23:18:50.952-0700][gc,heap     ] GC(21) Survivor regions: 3->3(9)
[2021-10-27T23:18:50.952-0700][gc,heap     ] GC(21) Old regions: 14->14
[2021-10-27T23:18:50.952-0700][gc,heap     ] GC(21) Archive regions: 2->2
[2021-10-27T23:18:50.952-0700][gc,heap     ] GC(21) Humongous regions: 129->129
[2021-10-27T23:18:50.952-0700][gc,metaspace] GC(21) Metaspace: 40361K(40832K)->40361K(40832K) NonClass: 35251K(35520K)->35251K(35520K) Class: 5110K(5312K)->5110K(5312K)
[2021-10-27T23:18:50.952-0700][gc          ] GC(21) Pause Young (Normal) (G1 Evacuation Pause) 211M->146M(1024M) 29.025ms
[2021-10-27T23:18:50.952-0700][gc,cpu      ] GC(21) User=0.02s Sys=0.02s Real=0.03s
[2021-10-27T23:21:22.265-0700][gc,start    ] GC(22) Pause Young (Normal) (G1 Evacuation Pause)
[2021-10-27T23:21:22.266-0700][gc,task     ] GC(22) Using 8 workers of 8 for evacuation
[2021-10-27T23:21:22.409-0700][gc,mmu      ] GC(22) MMU target violated: 21.0ms (20.0ms/21.0ms)
[2021-10-27T23:21:22.409-0700][gc,phases   ] GC(22)   Pre Evacuate Collection Set: 5.3ms
[2021-10-27T23:21:22.409-0700][gc,phases   ] GC(22)   Merge Heap Roots: 0.8ms
[2021-10-27T23:21:22.409-0700][gc,phases   ] GC(22)   Evacuate Collection Set: 131.7ms
[2021-10-27T23:21:22.409-0700][gc,phases   ] GC(22)   Post Evacuate Collection Set: 4.9ms
[2021-10-27T23:21:22.409-0700][gc,phases   ] GC(22)   Other: 2.2ms
[2021-10-27T23:21:22.409-0700][gc,heap     ] GC(22) Eden regions: 66->0(48)
[2021-10-27T23:21:22.409-0700][gc,heap     ] GC(22) Survivor regions: 3->3(9)
[2021-10-27T23:21:22.409-0700][gc,heap     ] GC(22) Old regions: 14->14
[2021-10-27T23:21:22.409-0700][gc,heap     ] GC(22) Archive regions: 2->2
[2021-10-27T23:21:22.409-0700][gc,heap     ] GC(22) Humongous regions: 129->129
[2021-10-27T23:21:22.409-0700][gc,metaspace] GC(22) Metaspace: 40488K(40960K)->40488K(40960K) NonClass: 35354K(35648K)->35354K(35648K) Class: 5133K(5312K)->5133K(5312K)
[2021-10-27T23:21:22.409-0700][gc          ] GC(22) Pause Young (Normal) (G1 Evacuation Pause) 212M->146M(1024M) 144.365ms
[2021-10-27T23:21:22.409-0700][gc,cpu      ] GC(22) User=0.05s Sys=0.03s Real=0.14s
[2021-10-27T23:22:56.877-0700][gc,start    ] GC(23) Pause Young (Normal) (G1 Evacuation Pause)
[2021-10-27T23:22:56.981-0700][gc,task     ] GC(23) Using 8 workers of 8 for evacuation
[2021-10-27T23:22:57.617-0700][gc,mmu      ] GC(23) MMU target violated: 21.0ms (20.0ms/21.0ms)
[2021-10-27T23:22:57.617-0700][gc,phases   ] GC(23)   Pre Evacuate Collection Set: 108.7ms
[2021-10-27T23:22:57.617-0700][gc,phases   ] GC(23)   Merge Heap Roots: 83.8ms
[2021-10-27T23:22:57.617-0700][gc,phases   ] GC(23)   Evacuate Collection Set: 283.8ms
[2021-10-27T23:22:57.617-0700][gc,phases   ] GC(23)   Post Evacuate Collection Set: 19.7ms
[2021-10-27T23:22:57.617-0700][gc,phases   ] GC(23)   Other: 261.3ms
[2021-10-27T23:22:57.617-0700][gc,heap     ] GC(23) Eden regions: 48->0(46)
[2021-10-27T23:22:57.617-0700][gc,heap     ] GC(23) Survivor regions: 3->5(7)
[2021-10-27T23:22:57.617-0700][gc,heap     ] GC(23) Old regions: 14->14
[2021-10-27T23:22:57.617-0700][gc,heap     ] GC(23) Archive regions: 2->2
[2021-10-27T23:22:57.617-0700][gc,heap     ] GC(23) Humongous regions: 129->129
[2021-10-27T23:22:57.617-0700][gc,metaspace] GC(23) Metaspace: 40507K(40960K)->40507K(40960K) NonClass: 35369K(35648K)->35369K(35648K) Class: 5137K(5312K)->5137K(5312K)
[2021-10-27T23:22:57.617-0700][gc          ] GC(23) Pause Young (Normal) (G1 Evacuation Pause) 194M->148M(1024M) 757.339ms
[2021-10-27T23:22:57.617-0700][gc,cpu      ] GC(23) User=0.03s Sys=0.03s Real=0.75s
[2021-10-27T23:28:44.220-0700][gc,start    ] GC(24) Pause Young (Normal) (G1 Evacuation Pause)
[2021-10-27T23:28:44.222-0700][gc,task     ] GC(24) Using 8 workers of 8 for evacuation
[2021-10-27T23:28:44.295-0700][gc,mmu      ] GC(24) MMU target violated: 21.0ms (20.0ms/21.0ms)
[2021-10-27T23:28:44.295-0700][gc,phases   ] GC(24)   Pre Evacuate Collection Set: 8.7ms
[2021-10-27T23:28:44.295-0700][gc,phases   ] GC(24)   Merge Heap Roots: 0.7ms
[2021-10-27T23:28:44.295-0700][gc,phases   ] GC(24)   Evacuate Collection Set: 61.8ms
[2021-10-27T23:28:44.295-0700][gc,phases   ] GC(24)   Post Evacuate Collection Set: 1.5ms
[2021-10-27T23:28:44.295-0700][gc,phases   ] GC(24)   Other: 1.9ms
[2021-10-27T23:28:44.295-0700][gc,heap     ] GC(24) Eden regions: 46->0(46)
[2021-10-27T23:28:44.295-0700][gc,heap     ] GC(24) Survivor regions: 5->5(7)
[2021-10-27T23:28:44.295-0700][gc,heap     ] GC(24) Old regions: 14->15
[2021-10-27T23:28:44.295-0700][gc,heap     ] GC(24) Archive regions: 2->2
[2021-10-27T23:28:44.295-0700][gc,heap     ] GC(24) Humongous regions: 129->129
[2021-10-27T23:28:44.295-0700][gc,metaspace] GC(24) Metaspace: 40578K(41024K)->40578K(41024K) NonClass: 35440K(35712K)->35440K(35712K) Class: 5137K(5312K)->5137K(5312K)
[2021-10-27T23:28:44.295-0700][gc          ] GC(24) Pause Young (Normal) (G1 Evacuation Pause) 194M->149M(1024M) 74.700ms
[2021-10-27T23:28:44.295-0700][gc,cpu      ] GC(24) User=0.02s Sys=0.04s Real=0.07s
[2021-10-27T23:30:17.748-0700][gc,start    ] GC(25) Pause Young (Normal) (G1 Evacuation Pause)
[2021-10-27T23:30:17.749-0700][gc,task     ] GC(25) Using 8 workers of 8 for evacuation
[2021-10-27T23:30:17.778-0700][gc,mmu      ] GC(25) MMU target violated: 21.0ms (20.0ms/21.0ms)
[2021-10-27T23:30:17.778-0700][gc,phases   ] GC(25)   Pre Evacuate Collection Set: 1.4ms
[2021-10-27T23:30:17.778-0700][gc,phases   ] GC(25)   Merge Heap Roots: 0.9ms
[2021-10-27T23:30:17.778-0700][gc,phases   ] GC(25)   Evacuate Collection Set: 25.3ms
[2021-10-27T23:30:17.778-0700][gc,phases   ] GC(25)   Post Evacuate Collection Set: 0.9ms
[2021-10-27T23:30:17.778-0700][gc,phases   ] GC(25)   Other: 1.2ms
[2021-10-27T23:30:17.778-0700][gc,heap     ] GC(25) Eden regions: 46->0(48)
[2021-10-27T23:30:17.778-0700][gc,heap     ] GC(25) Survivor regions: 5->3(7)
[2021-10-27T23:30:17.778-0700][gc,heap     ] GC(25) Old regions: 15->16
[2021-10-27T23:30:17.778-0700][gc,heap     ] GC(25) Archive regions: 2->2
[2021-10-27T23:30:17.778-0700][gc,heap     ] GC(25) Humongous regions: 129->129
[2021-10-27T23:30:17.778-0700][gc,metaspace] GC(25) Metaspace: 40580K(41024K)->40580K(41024K) NonClass: 35442K(35712K)->35442K(35712K) Class: 5137K(5312K)->5137K(5312K)
[2021-10-27T23:30:17.778-0700][gc          ] GC(25) Pause Young (Normal) (G1 Evacuation Pause) 195M->148M(1024M) 29.764ms
[2021-10-27T23:30:17.778-0700][gc,cpu      ] GC(25) User=0.02s Sys=0.03s Real=0.03s
[2021-10-27T23:31:56.654-0700][gc,start    ] GC(26) Pause Young (Normal) (G1 Evacuation Pause)
[2021-10-27T23:31:56.654-0700][gc,task     ] GC(26) Using 8 workers of 8 for evacuation
[2021-10-27T23:31:56.670-0700][gc,phases   ] GC(26)   Pre Evacuate Collection Set: 1.4ms
[2021-10-27T23:31:56.670-0700][gc,phases   ] GC(26)   Merge Heap Roots: 1.6ms
[2021-10-27T23:31:56.671-0700][gc,phases   ] GC(26)   Evacuate Collection Set: 12.5ms
[2021-10-27T23:31:56.671-0700][gc,phases   ] GC(26)   Post Evacuate Collection Set: 0.5ms
[2021-10-27T23:31:56.671-0700][gc,phases   ] GC(26)   Other: 1.0ms
[2021-10-27T23:31:56.671-0700][gc,heap     ] GC(26) Eden regions: 48->0(47)
[2021-10-27T23:31:56.671-0700][gc,heap     ] GC(26) Survivor regions: 3->4(7)
[2021-10-27T23:31:56.671-0700][gc,heap     ] GC(26) Old regions: 16->16
[2021-10-27T23:31:56.671-0700][gc,heap     ] GC(26) Archive regions: 2->2
[2021-10-27T23:31:56.671-0700][gc,heap     ] GC(26) Humongous regions: 129->129
[2021-10-27T23:31:56.671-0700][gc,metaspace] GC(26) Metaspace: 40582K(41024K)->40582K(41024K) NonClass: 35444K(35712K)->35444K(35712K) Class: 5137K(5312K)->5137K(5312K)
[2021-10-27T23:31:56.671-0700][gc          ] GC(26) Pause Young (Normal) (G1 Evacuation Pause) 196M->149M(1024M) 17.144ms
[2021-10-27T23:31:56.671-0700][gc,cpu      ] GC(26) User=0.02s Sys=0.01s Real=0.02s
[2021-10-27T23:33:33.865-0700][gc,start    ] GC(27) Pause Young (Normal) (G1 Evacuation Pause)
[2021-10-27T23:33:33.869-0700][gc,task     ] GC(27) Using 8 workers of 8 for evacuation
[2021-10-27T23:33:33.962-0700][gc,mmu      ] GC(27) MMU target violated: 21.0ms (20.0ms/21.0ms)
[2021-10-27T23:33:33.962-0700][gc,phases   ] GC(27)   Pre Evacuate Collection Set: 4.7ms
[2021-10-27T23:33:33.962-0700][gc,phases   ] GC(27)   Merge Heap Roots: 0.1ms
[2021-10-27T23:33:33.962-0700][gc,phases   ] GC(27)   Evacuate Collection Set: 79.4ms
[2021-10-27T23:33:33.962-0700][gc,phases   ] GC(27)   Post Evacuate Collection Set: 4.3ms
[2021-10-27T23:33:33.962-0700][gc,phases   ] GC(27)   Other: 12.9ms
[2021-10-27T23:33:33.962-0700][gc,heap     ] GC(27) Eden regions: 47->0(45)
[2021-10-27T23:33:33.962-0700][gc,heap     ] GC(27) Survivor regions: 4->6(7)
[2021-10-27T23:33:33.962-0700][gc,heap     ] GC(27) Old regions: 16->16
[2021-10-27T23:33:33.962-0700][gc,heap     ] GC(27) Archive regions: 2->2
[2021-10-27T23:33:33.962-0700][gc,heap     ] GC(27) Humongous regions: 129->129
[2021-10-27T23:33:33.962-0700][gc,metaspace] GC(27) Metaspace: 40582K(41024K)->40582K(41024K) NonClass: 35444K(35712K)->35444K(35712K) Class: 5137K(5312K)->5137K(5312K)
[2021-10-27T23:33:33.962-0700][gc          ] GC(27) Pause Young (Normal) (G1 Evacuation Pause) 196M->150M(1024M) 97.208ms
[2021-10-27T23:33:33.962-0700][gc,cpu      ] GC(27) User=0.04s Sys=0.02s Real=0.10s
[2021-10-27T23:35:08.328-0700][gc,start    ] GC(28) Pause Young (Normal) (G1 Evacuation Pause)
[2021-10-27T23:35:08.329-0700][gc,task     ] GC(28) Using 8 workers of 8 for evacuation
[2021-10-27T23:35:08.370-0700][gc,mmu      ] GC(28) MMU target violated: 21.0ms (20.0ms/21.0ms)
[2021-10-27T23:35:08.370-0700][gc,phases   ] GC(28)   Pre Evacuate Collection Set: 1.2ms
[2021-10-27T23:35:08.370-0700][gc,phases   ] GC(28)   Merge Heap Roots: 0.1ms
[2021-10-27T23:35:08.370-0700][gc,phases   ] GC(28)   Evacuate Collection Set: 38.0ms
[2021-10-27T23:35:08.371-0700][gc,phases   ] GC(28)   Post Evacuate Collection Set: 1.8ms
[2021-10-27T23:35:08.371-0700][gc,phases   ] GC(28)   Other: 1.1ms
[2021-10-27T23:35:08.371-0700][gc,heap     ] GC(28) Eden regions: 45->0(45)
[2021-10-27T23:35:08.371-0700][gc,heap     ] GC(28) Survivor regions: 6->6(7)
[2021-10-27T23:35:08.371-0700][gc,heap     ] GC(28) Old regions: 16->19
[2021-10-27T23:35:08.371-0700][gc,heap     ] GC(28) Archive regions: 2->2
[2021-10-27T23:35:08.371-0700][gc,heap     ] GC(28) Humongous regions: 129->129
[2021-10-27T23:35:08.371-0700][gc,metaspace] GC(28) Metaspace: 40603K(41088K)->40603K(41088K) NonClass: 35465K(35776K)->35465K(35776K) Class: 5137K(5312K)->5137K(5312K)
[2021-10-27T23:35:08.371-0700][gc          ] GC(28) Pause Young (Normal) (G1 Evacuation Pause) 195M->153M(1024M) 42.204ms
[2021-10-27T23:35:08.371-0700][gc,cpu      ] GC(28) User=0.07s Sys=0.02s Real=0.05s
[2021-10-27T23:37:32.398-0700][gc,start    ] GC(29) Pause Young (Normal) (G1 Evacuation Pause)
[2021-10-27T23:37:32.399-0700][gc,task     ] GC(29) Using 8 workers of 8 for evacuation
[2021-10-27T23:37:32.432-0700][gc,mmu      ] GC(29) MMU target violated: 21.0ms (20.0ms/21.0ms)
[2021-10-27T23:37:32.432-0700][gc,phases   ] GC(29)   Pre Evacuate Collection Set: 3.7ms
[2021-10-27T23:37:32.432-0700][gc,phases   ] GC(29)   Merge Heap Roots: 0.1ms
[2021-10-27T23:37:32.432-0700][gc,phases   ] GC(29)   Evacuate Collection Set: 26.7ms
[2021-10-27T23:37:32.432-0700][gc,phases   ] GC(29)   Post Evacuate Collection Set: 1.8ms
[2021-10-27T23:37:32.432-0700][gc,phases   ] GC(29)   Other: 1.6ms
[2021-10-27T23:37:32.432-0700][gc,heap     ] GC(29) Eden regions: 45->0(44)
[2021-10-27T23:37:32.432-0700][gc,heap     ] GC(29) Survivor regions: 6->7(7)
[2021-10-27T23:37:32.432-0700][gc,heap     ] GC(29) Old regions: 19->21
[2021-10-27T23:37:32.432-0700][gc,heap     ] GC(29) Archive regions: 2->2
[2021-10-27T23:37:32.432-0700][gc,heap     ] GC(29) Humongous regions: 129->129
[2021-10-27T23:37:32.432-0700][gc,metaspace] GC(29) Metaspace: 40627K(41088K)->40627K(41088K) NonClass: 35489K(35776K)->35489K(35776K) Class: 5137K(5312K)->5137K(5312K)
[2021-10-27T23:37:32.432-0700][gc          ] GC(29) Pause Young (Normal) (G1 Evacuation Pause) 198M->157M(1024M) 33.955ms
[2021-10-27T23:37:32.432-0700][gc,cpu      ] GC(29) User=0.06s Sys=0.05s Real=0.04s
[2021-10-27T23:38:51.381-0700][gc,start    ] GC(30) Pause Young (Normal) (G1 Evacuation Pause)
[2021-10-27T23:38:51.383-0700][gc,task     ] GC(30) Using 8 workers of 8 for evacuation
[2021-10-27T23:38:51.422-0700][gc,mmu      ] GC(30) MMU target violated: 21.0ms (20.0ms/21.0ms)
[2021-10-27T23:38:51.422-0700][gc,phases   ] GC(30)   Pre Evacuate Collection Set: 4.3ms
[2021-10-27T23:38:51.422-0700][gc,phases   ] GC(30)   Merge Heap Roots: 1.2ms
[2021-10-27T23:38:51.422-0700][gc,phases   ] GC(30)   Evacuate Collection Set: 30.1ms
[2021-10-27T23:38:51.422-0700][gc,phases   ] GC(30)   Post Evacuate Collection Set: 2.8ms
[2021-10-27T23:38:51.422-0700][gc,phases   ] GC(30)   Other: 4.8ms
[2021-10-27T23:38:51.422-0700][gc,heap     ] GC(30) Eden regions: 44->0(47)
[2021-10-27T23:38:51.422-0700][gc,heap     ] GC(30) Survivor regions: 7->4(7)
[2021-10-27T23:38:51.423-0700][gc,heap     ] GC(30) Old regions: 21->26
[2021-10-27T23:38:51.423-0700][gc,heap     ] GC(30) Archive regions: 2->2
[2021-10-27T23:38:51.423-0700][gc,heap     ] GC(30) Humongous regions: 129->129
[2021-10-27T23:38:51.423-0700][gc,metaspace] GC(30) Metaspace: 40643K(41152K)->40643K(41152K) NonClass: 35505K(35840K)->35505K(35840K) Class: 5137K(5312K)->5137K(5312K)
[2021-10-27T23:38:51.423-0700][gc          ] GC(30) Pause Young (Normal) (G1 Evacuation Pause) 201M->158M(1024M) 41.381ms
[2021-10-27T23:38:51.423-0700][gc,cpu      ] GC(30) User=0.04s Sys=0.06s Real=0.04s
[2021-10-28T00:14:34.896-0700][gc,start    ] GC(31) Pause Young (Normal) (G1 Evacuation Pause)
[2021-10-28T00:14:34.898-0700][gc,task     ] GC(31) Using 8 workers of 8 for evacuation
[2021-10-28T00:14:35.084-0700][gc,mmu      ] GC(31) MMU target violated: 21.0ms (20.0ms/21.0ms)
[2021-10-28T00:14:35.084-0700][gc,phases   ] GC(31)   Pre Evacuate Collection Set: 4.0ms
[2021-10-28T00:14:35.084-0700][gc,phases   ] GC(31)   Merge Heap Roots: 1.2ms
[2021-10-28T00:14:35.084-0700][gc,phases   ] GC(31)   Evacuate Collection Set: 171.3ms
[2021-10-28T00:14:35.084-0700][gc,phases   ] GC(31)   Post Evacuate Collection Set: 8.4ms
[2021-10-28T00:14:35.084-0700][gc,phases   ] GC(31)   Other: 4.9ms
[2021-10-28T00:14:35.084-0700][gc,heap     ] GC(31) Eden regions: 47->0(45)
[2021-10-28T00:14:35.084-0700][gc,heap     ] GC(31) Survivor regions: 4->6(7)
[2021-10-28T00:14:35.084-0700][gc,heap     ] GC(31) Old regions: 26->26
[2021-10-28T00:14:35.084-0700][gc,heap     ] GC(31) Archive regions: 2->2
[2021-10-28T00:14:35.084-0700][gc,heap     ] GC(31) Humongous regions: 129->129
[2021-10-28T00:14:35.084-0700][gc,metaspace] GC(31) Metaspace: 40667K(41216K)->40667K(41216K) NonClass: 35528K(35840K)->35528K(35840K) Class: 5138K(5376K)->5138K(5376K)
[2021-10-28T00:14:35.084-0700][gc          ] GC(31) Pause Young (Normal) (G1 Evacuation Pause) 205M->160M(1024M) 188.677ms
[2021-10-28T00:14:35.084-0700][gc,cpu      ] GC(31) User=0.03s Sys=0.12s Real=0.19s
[2021-10-28T00:18:05.645-0700][gc,heap,exit] Heap
[2021-10-28T00:18:05.645-0700][gc,heap,exit]  garbage-first heap   total 1048576K, used 180616K [0x00000007c0000000, 0x0000000800000000)
[2021-10-28T00:18:05.645-0700][gc,heap,exit]   region size 1024K, 22 young (22528K), 6 survivors (6144K)
[2021-10-28T00:18:05.645-0700][gc,heap,exit]  Metaspace       used 41416K, committed 41984K, reserved 1089536K
[2021-10-28T00:18:05.645-0700][gc,heap,exit]   class space    used 5290K, committed 5568K, reserved 1048576K
