[2021-11-02T09:28:58.569-0700][gc] Using G1
[2021-11-02T09:28:58.574-0700][gc,init] Version: 17+35-2724 (release)
[2021-11-02T09:28:58.574-0700][gc,init] CPUs: 8 total, 8 available
[2021-11-02T09:28:58.574-0700][gc,init] Memory: 8192M
[2021-11-02T09:28:58.574-0700][gc,init] Large Page Support: Disabled
[2021-11-02T09:28:58.574-0700][gc,init] NUMA Support: Disabled
[2021-11-02T09:28:58.574-0700][gc,init] Compressed Oops: Enabled (Zero based)
[2021-11-02T09:28:58.574-0700][gc,init] Heap Region Size: 1M
[2021-11-02T09:28:58.574-0700][gc,init] Heap Min Capacity: 1G
[2021-11-02T09:28:58.574-0700][gc,init] Heap Initial Capacity: 1G
[2021-11-02T09:28:58.574-0700][gc,init] Heap Max Capacity: 1G
[2021-11-02T09:28:58.574-0700][gc,init] Pre-touch: Disabled
[2021-11-02T09:28:58.574-0700][gc,init] Parallel Workers: 8
[2021-11-02T09:28:58.574-0700][gc,init] Concurrent Workers: 2
[2021-11-02T09:28:58.574-0700][gc,init] Concurrent Refinement Workers: 8
[2021-11-02T09:28:58.574-0700][gc,init] Periodic GC: Disabled
[2021-11-02T09:28:58.574-0700][gc,metaspace] CDS archive(s) mapped at: [0x0000000800000000-0x0000000800bd0000-0x0000000800bd0000), size 12386304, SharedBaseAddress: 0x0000000800000000, ArchiveRelocationMode: 0.
[2021-11-02T09:28:58.574-0700][gc,metaspace] Compressed class space mapped at: 0x0000000800c00000-0x0000000840c00000, reserved size: 1073741824
[2021-11-02T09:28:58.574-0700][gc,metaspace] Narrow klass base: 0x0000000800000000, Narrow klass shift: 0, Narrow klass range: 0x100000000
[2021-11-02T09:29:05.299-0700][gc,start    ] GC(0) Pause Young (Normal) (G1 Evacuation Pause)
[2021-11-02T09:29:05.299-0700][gc,task     ] GC(0) Using 8 workers of 8 for evacuation
[2021-11-02T09:29:05.308-0700][gc,phases   ] GC(0)   Pre Evacuate Collection Set: 0.1ms
[2021-11-02T09:29:05.308-0700][gc,phases   ] GC(0)   Merge Heap Roots: 0.1ms
[2021-11-02T09:29:05.308-0700][gc,phases   ] GC(0)   Evacuate Collection Set: 8.1ms
[2021-11-02T09:29:05.308-0700][gc,phases   ] GC(0)   Post Evacuate Collection Set: 0.4ms
[2021-11-02T09:29:05.308-0700][gc,phases   ] GC(0)   Other: 0.6ms
[2021-11-02T09:29:05.308-0700][gc,heap     ] GC(0) Eden regions: 51->0(44)
[2021-11-02T09:29:05.308-0700][gc,heap     ] GC(0) Survivor regions: 0->7(7)
[2021-11-02T09:29:05.308-0700][gc,heap     ] GC(0) Old regions: 0->1
[2021-11-02T09:29:05.308-0700][gc,heap     ] GC(0) Archive regions: 2->2
[2021-11-02T09:29:05.308-0700][gc,heap     ] GC(0) Humongous regions: 0->0
[2021-11-02T09:29:05.308-0700][gc,metaspace] GC(0) Metaspace: 18988K(19136K)->18988K(19136K) NonClass: 16444K(16512K)->16444K(16512K) Class: 2543K(2624K)->2543K(2624K)
[2021-11-02T09:29:05.308-0700][gc          ] GC(0) Pause Young (Normal) (G1 Evacuation Pause) 51M->8M(1024M) 9.360ms
[2021-11-02T09:29:05.308-0700][gc,cpu      ] GC(0) User=0.02s Sys=0.01s Real=0.01s
[2021-11-02T09:29:05.523-0700][gc,start    ] GC(1) Pause Young (Concurrent Start) (Metadata GC Threshold)
[2021-11-02T09:29:05.523-0700][gc,task     ] GC(1) Using 8 workers of 8 for evacuation
[2021-11-02T09:29:05.531-0700][gc,phases   ] GC(1)   Pre Evacuate Collection Set: 0.1ms
[2021-11-02T09:29:05.532-0700][gc,phases   ] GC(1)   Merge Heap Roots: 0.0ms
[2021-11-02T09:29:05.532-0700][gc,phases   ] GC(1)   Evacuate Collection Set: 7.7ms
[2021-11-02T09:29:05.532-0700][gc,phases   ] GC(1)   Post Evacuate Collection Set: 0.3ms
[2021-11-02T09:29:05.532-0700][gc,phases   ] GC(1)   Other: 0.2ms
[2021-11-02T09:29:05.532-0700][gc,heap     ] GC(1) Eden regions: 9->0(50)
[2021-11-02T09:29:05.532-0700][gc,heap     ] GC(1) Survivor regions: 7->1(7)
[2021-11-02T09:29:05.532-0700][gc,heap     ] GC(1) Old regions: 1->7
[2021-11-02T09:29:05.532-0700][gc,heap     ] GC(1) Archive regions: 2->2
[2021-11-02T09:29:05.532-0700][gc,heap     ] GC(1) Humongous regions: 0->0
[2021-11-02T09:29:05.532-0700][gc,metaspace] GC(1) Metaspace: 21305K(21504K)->21305K(21504K) NonClass: 18441K(18560K)->18441K(18560K) Class: 2863K(2944K)->2863K(2944K)
[2021-11-02T09:29:05.532-0700][gc          ] GC(1) Pause Young (Concurrent Start) (Metadata GC Threshold) 16M->8M(1024M) 8.365ms
[2021-11-02T09:29:05.532-0700][gc,cpu      ] GC(1) User=0.02s Sys=0.01s Real=0.01s
[2021-11-02T09:29:05.532-0700][gc          ] GC(2) Concurrent Mark Cycle
[2021-11-02T09:29:05.532-0700][gc,marking  ] GC(2) Concurrent Clear Claimed Marks
[2021-11-02T09:29:05.532-0700][gc,marking  ] GC(2) Concurrent Clear Claimed Marks 0.014ms
[2021-11-02T09:29:05.532-0700][gc,marking  ] GC(2) Concurrent Scan Root Regions
[2021-11-02T09:29:05.534-0700][gc,marking  ] GC(2) Concurrent Scan Root Regions 2.332ms
[2021-11-02T09:29:05.536-0700][gc,marking  ] GC(2) Concurrent Mark
[2021-11-02T09:29:05.536-0700][gc,marking  ] GC(2) Concurrent Mark From Roots
[2021-11-02T09:29:05.536-0700][gc,task     ] GC(2) Using 2 workers of 2 for marking
[2021-11-02T09:29:05.537-0700][gc,marking  ] GC(2) Concurrent Mark From Roots 1.625ms
[2021-11-02T09:29:05.538-0700][gc,marking  ] GC(2) Concurrent Preclean
[2021-11-02T09:29:05.538-0700][gc,marking  ] GC(2) Concurrent Preclean 0.029ms
[2021-11-02T09:29:05.538-0700][gc,start    ] GC(2) Pause Remark
[2021-11-02T09:29:05.544-0700][gc          ] GC(2) Pause Remark 9M->9M(1024M) 5.829ms
[2021-11-02T09:29:05.544-0700][gc,cpu      ] GC(2) User=0.00s Sys=0.00s Real=0.01s
[2021-11-02T09:29:05.544-0700][gc,marking  ] GC(2) Concurrent Mark 8.048ms
[2021-11-02T09:29:05.544-0700][gc,marking  ] GC(2) Concurrent Rebuild Remembered Sets
[2021-11-02T09:29:05.544-0700][gc,marking  ] GC(2) Concurrent Rebuild Remembered Sets 0.006ms
[2021-11-02T09:29:05.544-0700][gc,start    ] GC(2) Pause Cleanup
[2021-11-02T09:29:05.544-0700][gc          ] GC(2) Pause Cleanup 9M->9M(1024M) 0.011ms
[2021-11-02T09:29:05.544-0700][gc,cpu      ] GC(2) User=0.00s Sys=0.00s Real=0.00s
[2021-11-02T09:29:05.544-0700][gc,marking  ] GC(2) Concurrent Cleanup for Next Mark
[2021-11-02T09:29:05.547-0700][gc,marking  ] GC(2) Concurrent Cleanup for Next Mark 3.146ms
[2021-11-02T09:29:05.548-0700][gc          ] GC(2) Concurrent Mark Cycle 15.737ms
[2021-11-02T09:29:06.738-0700][gc,start    ] GC(3) Pause Young (Normal) (G1 Evacuation Pause)
[2021-11-02T09:29:06.738-0700][gc,task     ] GC(3) Using 8 workers of 8 for evacuation
[2021-11-02T09:29:06.743-0700][gc,phases   ] GC(3)   Pre Evacuate Collection Set: 0.1ms
[2021-11-02T09:29:06.743-0700][gc,phases   ] GC(3)   Merge Heap Roots: 0.0ms
[2021-11-02T09:29:06.743-0700][gc,phases   ] GC(3)   Evacuate Collection Set: 4.2ms
[2021-11-02T09:29:06.743-0700][gc,phases   ] GC(3)   Post Evacuate Collection Set: 0.3ms
[2021-11-02T09:29:06.743-0700][gc,phases   ] GC(3)   Other: 0.1ms
[2021-11-02T09:29:06.743-0700][gc,heap     ] GC(3) Eden regions: 50->0(45)
[2021-11-02T09:29:06.743-0700][gc,heap     ] GC(3) Survivor regions: 1->6(7)
[2021-11-02T09:29:06.743-0700][gc,heap     ] GC(3) Old regions: 7->7
[2021-11-02T09:29:06.743-0700][gc,heap     ] GC(3) Archive regions: 2->2
[2021-11-02T09:29:06.743-0700][gc,heap     ] GC(3) Humongous regions: 129->129
[2021-11-02T09:29:06.743-0700][gc,metaspace] GC(3) Metaspace: 33042K(33344K)->33042K(33344K) NonClass: 28954K(29120K)->28954K(29120K) Class: 4087K(4224K)->4087K(4224K)
[2021-11-02T09:29:06.743-0700][gc          ] GC(3) Pause Young (Normal) (G1 Evacuation Pause) 187M->142M(1024M) 4.917ms
[2021-11-02T09:29:06.743-0700][gc,cpu      ] GC(3) User=0.02s Sys=0.00s Real=0.01s
[2021-11-02T09:29:06.975-0700][gc,start    ] GC(4) Pause Young (Concurrent Start) (Metadata GC Threshold)
[2021-11-02T09:29:06.975-0700][gc,task     ] GC(4) Using 8 workers of 8 for evacuation
[2021-11-02T09:29:06.980-0700][gc,phases   ] GC(4)   Pre Evacuate Collection Set: 0.1ms
[2021-11-02T09:29:06.980-0700][gc,phases   ] GC(4)   Merge Heap Roots: 0.0ms
[2021-11-02T09:29:06.980-0700][gc,phases   ] GC(4)   Evacuate Collection Set: 4.0ms
[2021-11-02T09:29:06.980-0700][gc,phases   ] GC(4)   Post Evacuate Collection Set: 0.3ms
[2021-11-02T09:29:06.980-0700][gc,phases   ] GC(4)   Other: 0.1ms
[2021-11-02T09:29:06.980-0700][gc,heap     ] GC(4) Eden regions: 12->0(49)
[2021-11-02T09:29:06.980-0700][gc,heap     ] GC(4) Survivor regions: 6->2(7)
[2021-11-02T09:29:06.980-0700][gc,heap     ] GC(4) Old regions: 7->13
[2021-11-02T09:29:06.980-0700][gc,heap     ] GC(4) Archive regions: 2->2
[2021-11-02T09:29:06.980-0700][gc,heap     ] GC(4) Humongous regions: 129->129
[2021-11-02T09:29:06.980-0700][gc,metaspace] GC(4) Metaspace: 35639K(35968K)->35639K(35968K) NonClass: 31170K(31360K)->31170K(31360K) Class: 4469K(4608K)->4469K(4608K)
[2021-11-02T09:29:06.980-0700][gc          ] GC(4) Pause Young (Concurrent Start) (Metadata GC Threshold) 153M->143M(1024M) 4.683ms
[2021-11-02T09:29:06.980-0700][gc,cpu      ] GC(4) User=0.01s Sys=0.00s Real=0.01s
[2021-11-02T09:29:06.980-0700][gc          ] GC(5) Concurrent Mark Cycle
[2021-11-02T09:29:06.980-0700][gc,marking  ] GC(5) Concurrent Clear Claimed Marks
[2021-11-02T09:29:06.980-0700][gc,marking  ] GC(5) Concurrent Clear Claimed Marks 0.023ms
[2021-11-02T09:29:06.980-0700][gc,marking  ] GC(5) Concurrent Scan Root Regions
[2021-11-02T09:29:06.982-0700][gc,marking  ] GC(5) Concurrent Scan Root Regions 1.873ms
[2021-11-02T09:29:06.982-0700][gc,marking  ] GC(5) Concurrent Mark
[2021-11-02T09:29:06.982-0700][gc,marking  ] GC(5) Concurrent Mark From Roots
[2021-11-02T09:29:06.982-0700][gc,task     ] GC(5) Using 2 workers of 2 for marking
[2021-11-02T09:29:06.986-0700][gc,marking  ] GC(5) Concurrent Mark From Roots 4.166ms
[2021-11-02T09:29:06.986-0700][gc,marking  ] GC(5) Concurrent Preclean
[2021-11-02T09:29:06.986-0700][gc,marking  ] GC(5) Concurrent Preclean 0.065ms
[2021-11-02T09:29:06.986-0700][gc,start    ] GC(5) Pause Remark
[2021-11-02T09:29:06.997-0700][gc          ] GC(5) Pause Remark 143M->143M(1024M) 10.862ms
[2021-11-02T09:29:06.997-0700][gc,cpu      ] GC(5) User=0.01s Sys=0.01s Real=0.01s
[2021-11-02T09:29:06.997-0700][gc,marking  ] GC(5) Concurrent Mark 15.514ms
[2021-11-02T09:29:06.997-0700][gc,marking  ] GC(5) Concurrent Rebuild Remembered Sets
[2021-11-02T09:29:07.005-0700][gc,marking  ] GC(5) Concurrent Rebuild Remembered Sets 7.177ms
[2021-11-02T09:29:07.005-0700][gc,start    ] GC(5) Pause Cleanup
[2021-11-02T09:29:07.005-0700][gc          ] GC(5) Pause Cleanup 143M->143M(1024M) 0.180ms
[2021-11-02T09:29:07.005-0700][gc,cpu      ] GC(5) User=0.00s Sys=0.00s Real=0.00s
[2021-11-02T09:29:07.006-0700][gc,marking  ] GC(5) Concurrent Cleanup for Next Mark
[2021-11-02T09:29:07.008-0700][gc,marking  ] GC(5) Concurrent Cleanup for Next Mark 2.879ms
[2021-11-02T09:29:07.008-0700][gc          ] GC(5) Concurrent Mark Cycle 28.432ms
[2021-11-02T11:27:24.171-0700][gc,start    ] GC(6) Pause Young (Normal) (G1 Evacuation Pause)
[2021-11-02T11:27:24.177-0700][gc,task     ] GC(6) Using 8 workers of 8 for evacuation
[2021-11-02T11:27:24.749-0700][gc,mmu      ] GC(6) MMU target violated: 21.0ms (20.0ms/21.0ms)
[2021-11-02T11:27:24.749-0700][gc,phases   ] GC(6)   Pre Evacuate Collection Set: 19.6ms
[2021-11-02T11:27:24.749-0700][gc,phases   ] GC(6)   Merge Heap Roots: 4.6ms
[2021-11-02T11:27:24.749-0700][gc,phases   ] GC(6)   Evacuate Collection Set: 536.8ms
[2021-11-02T11:27:24.749-0700][gc,phases   ] GC(6)   Post Evacuate Collection Set: 8.5ms
[2021-11-02T11:27:24.750-0700][gc,phases   ] GC(6)   Other: 12.9ms
[2021-11-02T11:27:24.750-0700][gc,heap     ] GC(6) Eden regions: 49->0(49)
[2021-11-02T11:27:24.750-0700][gc,heap     ] GC(6) Survivor regions: 2->2(7)
[2021-11-02T11:27:24.750-0700][gc,heap     ] GC(6) Old regions: 13->13
[2021-11-02T11:27:24.750-0700][gc,heap     ] GC(6) Archive regions: 2->2
[2021-11-02T11:27:24.750-0700][gc,heap     ] GC(6) Humongous regions: 129->129
[2021-11-02T11:27:24.750-0700][gc,metaspace] GC(6) Metaspace: 37328K(37696K)->37328K(37696K) NonClass: 32616K(32832K)->32616K(32832K) Class: 4712K(4864K)->4712K(4864K)
[2021-11-02T11:27:24.750-0700][gc          ] GC(6) Pause Young (Normal) (G1 Evacuation Pause) 192M->143M(1024M) 580.264ms
[2021-11-02T11:27:24.750-0700][gc,cpu      ] GC(6) User=0.26s Sys=0.16s Real=0.58s
[2021-11-02T12:36:15.553-0700][gc,start    ] GC(7) Pause Young (Normal) (G1 Evacuation Pause)
[2021-11-02T12:36:15.557-0700][gc,task     ] GC(7) Using 8 workers of 8 for evacuation
[2021-11-02T12:36:15.917-0700][gc,mmu      ] GC(7) MMU target violated: 21.0ms (20.0ms/21.0ms)
[2021-11-02T12:36:15.918-0700][gc,phases   ] GC(7)   Pre Evacuate Collection Set: 11.5ms
[2021-11-02T12:36:15.918-0700][gc,phases   ] GC(7)   Merge Heap Roots: 3.2ms
[2021-11-02T12:36:15.918-0700][gc,phases   ] GC(7)   Evacuate Collection Set: 323.3ms
[2021-11-02T12:36:15.918-0700][gc,phases   ] GC(7)   Post Evacuate Collection Set: 21.2ms
[2021-11-02T12:36:15.918-0700][gc,phases   ] GC(7)   Other: 7.0ms
[2021-11-02T12:36:15.918-0700][gc,heap     ] GC(7) Eden regions: 49->0(49)
[2021-11-02T12:36:15.918-0700][gc,heap     ] GC(7) Survivor regions: 2->2(7)
[2021-11-02T12:36:15.918-0700][gc,heap     ] GC(7) Old regions: 13->13
[2021-11-02T12:36:15.918-0700][gc,heap     ] GC(7) Archive regions: 2->2
[2021-11-02T12:36:15.918-0700][gc,heap     ] GC(7) Humongous regions: 129->129
[2021-11-02T12:36:15.918-0700][gc,metaspace] GC(7) Metaspace: 37499K(37824K)->37499K(37824K) NonClass: 32783K(32960K)->32783K(32960K) Class: 4715K(4864K)->4715K(4864K)
[2021-11-02T12:36:15.919-0700][gc          ] GC(7) Pause Young (Normal) (G1 Evacuation Pause) 192M->143M(1024M) 366.454ms
[2021-11-02T12:36:15.919-0700][gc,cpu      ] GC(7) User=0.22s Sys=0.13s Real=0.36s
[2021-11-02T14:27:28.262-0700][gc,start    ] GC(8) Pause Young (Normal) (G1 Evacuation Pause)
[2021-11-02T14:27:28.305-0700][gc,task     ] GC(8) Using 8 workers of 8 for evacuation
[2021-11-02T14:27:29.751-0700][gc,mmu      ] GC(8) MMU target violated: 21.0ms (20.0ms/21.0ms)
[2021-11-02T14:27:29.830-0700][gc,phases   ] GC(8)   Pre Evacuate Collection Set: 79.8ms
[2021-11-02T14:27:29.830-0700][gc,phases   ] GC(8)   Merge Heap Roots: 20.0ms
[2021-11-02T14:27:29.830-0700][gc,phases   ] GC(8)   Evacuate Collection Set: 1153.0ms
[2021-11-02T14:27:29.830-0700][gc,phases   ] GC(8)   Post Evacuate Collection Set: 115.8ms
[2021-11-02T14:27:29.844-0700][gc,phases   ] GC(8)   Other: 254.4ms
[2021-11-02T14:27:29.847-0700][gc,heap     ] GC(8) Eden regions: 49->0(49)
[2021-11-02T14:27:29.847-0700][gc,heap     ] GC(8) Survivor regions: 2->2(7)
[2021-11-02T14:27:29.847-0700][gc,heap     ] GC(8) Old regions: 13->13
[2021-11-02T14:27:29.847-0700][gc,heap     ] GC(8) Archive regions: 2->2
[2021-11-02T14:27:29.847-0700][gc,heap     ] GC(8) Humongous regions: 129->129
[2021-11-02T14:27:29.852-0700][gc,metaspace] GC(8) Metaspace: 37579K(37952K)->37579K(37952K) NonClass: 32861K(33088K)->32861K(33088K) Class: 4717K(4864K)->4717K(4864K)
[2021-11-02T14:27:29.867-0700][gc          ] GC(8) Pause Young (Normal) (G1 Evacuation Pause) 192M->143M(1024M) 1612.635ms
[2021-11-02T14:27:29.867-0700][gc,cpu      ] GC(8) User=0.43s Sys=0.13s Real=1.61s
[2021-11-02T17:53:36.038-0700][gc,start    ] GC(9) Pause Young (Normal) (G1 Evacuation Pause)
[2021-11-02T17:53:36.045-0700][gc,task     ] GC(9) Using 8 workers of 8 for evacuation
[2021-11-02T17:53:36.218-0700][gc,mmu      ] GC(9) MMU target violated: 21.0ms (20.0ms/21.0ms)
[2021-11-02T17:53:36.218-0700][gc,phases   ] GC(9)   Pre Evacuate Collection Set: 14.9ms
[2021-11-02T17:53:36.218-0700][gc,phases   ] GC(9)   Merge Heap Roots: 4.0ms
[2021-11-02T17:53:36.218-0700][gc,phases   ] GC(9)   Evacuate Collection Set: 140.7ms
[2021-11-02T17:53:36.218-0700][gc,phases   ] GC(9)   Post Evacuate Collection Set: 10.7ms
[2021-11-02T17:53:36.219-0700][gc,phases   ] GC(9)   Other: 14.3ms
[2021-11-02T17:53:36.219-0700][gc,heap     ] GC(9) Eden regions: 49->0(49)
[2021-11-02T17:53:36.219-0700][gc,heap     ] GC(9) Survivor regions: 2->2(7)
[2021-11-02T17:53:36.219-0700][gc,heap     ] GC(9) Old regions: 13->13
[2021-11-02T17:53:36.219-0700][gc,heap     ] GC(9) Archive regions: 2->2
[2021-11-02T17:53:36.219-0700][gc,heap     ] GC(9) Humongous regions: 129->129
[2021-11-02T17:53:36.219-0700][gc,metaspace] GC(9) Metaspace: 37620K(38016K)->37620K(38016K) NonClass: 32903K(33152K)->32903K(33152K) Class: 4717K(4864K)->4717K(4864K)
[2021-11-02T17:53:36.219-0700][gc          ] GC(9) Pause Young (Normal) (G1 Evacuation Pause) 192M->143M(1024M) 181.877ms
[2021-11-02T17:53:36.219-0700][gc,cpu      ] GC(9) User=0.05s Sys=0.08s Real=0.18s
