[2021-10-28T00:16:50.992-0700][gc] Using G1
[2021-10-28T00:16:50.997-0700][gc,init] Version: 17+35-2724 (release)
[2021-10-28T00:16:50.997-0700][gc,init] CPUs: 8 total, 8 available
[2021-10-28T00:16:50.997-0700][gc,init] Memory: 8192M
[2021-10-28T00:16:50.997-0700][gc,init] Large Page Support: Disabled
[2021-10-28T00:16:50.997-0700][gc,init] NUMA Support: Disabled
[2021-10-28T00:16:50.997-0700][gc,init] Compressed Oops: Enabled (Zero based)
[2021-10-28T00:16:50.997-0700][gc,init] Heap Region Size: 1M
[2021-10-28T00:16:50.997-0700][gc,init] Heap Min Capacity: 1G
[2021-10-28T00:16:50.997-0700][gc,init] Heap Initial Capacity: 1G
[2021-10-28T00:16:50.997-0700][gc,init] Heap Max Capacity: 1G
[2021-10-28T00:16:50.997-0700][gc,init] Pre-touch: Disabled
[2021-10-28T00:16:50.997-0700][gc,init] Parallel Workers: 8
[2021-10-28T00:16:50.997-0700][gc,init] Concurrent Workers: 2
[2021-10-28T00:16:50.997-0700][gc,init] Concurrent Refinement Workers: 8
[2021-10-28T00:16:50.997-0700][gc,init] Periodic GC: Disabled
[2021-10-28T00:16:50.997-0700][gc,metaspace] CDS archive(s) mapped at: [0x0000000800000000-0x0000000800bd0000-0x0000000800bd0000), size 12386304, SharedBaseAddress: 0x0000000800000000, ArchiveRelocationMode: 0.
[2021-10-28T00:16:50.997-0700][gc,metaspace] Compressed class space mapped at: 0x0000000800c00000-0x0000000840c00000, reserved size: 1073741824
[2021-10-28T00:16:50.997-0700][gc,metaspace] Narrow klass base: 0x0000000800000000, Narrow klass shift: 0, Narrow klass range: 0x100000000
[2021-10-28T00:16:57.654-0700][gc,start    ] GC(0) Pause Young (Normal) (G1 Evacuation Pause)
[2021-10-28T00:16:57.655-0700][gc,task     ] GC(0) Using 8 workers of 8 for evacuation
[2021-10-28T00:16:57.665-0700][gc,phases   ] GC(0)   Pre Evacuate Collection Set: 0.1ms
[2021-10-28T00:16:57.665-0700][gc,phases   ] GC(0)   Merge Heap Roots: 0.1ms
[2021-10-28T00:16:57.665-0700][gc,phases   ] GC(0)   Evacuate Collection Set: 10.0ms
[2021-10-28T00:16:57.665-0700][gc,phases   ] GC(0)   Post Evacuate Collection Set: 0.4ms
[2021-10-28T00:16:57.665-0700][gc,phases   ] GC(0)   Other: 0.6ms
[2021-10-28T00:16:57.665-0700][gc,heap     ] GC(0) Eden regions: 51->0(44)
[2021-10-28T00:16:57.665-0700][gc,heap     ] GC(0) Survivor regions: 0->7(7)
[2021-10-28T00:16:57.665-0700][gc,heap     ] GC(0) Old regions: 0->1
[2021-10-28T00:16:57.665-0700][gc,heap     ] GC(0) Archive regions: 2->2
[2021-10-28T00:16:57.665-0700][gc,heap     ] GC(0) Humongous regions: 0->0
[2021-10-28T00:16:57.665-0700][gc,metaspace] GC(0) Metaspace: 19000K(19136K)->19000K(19136K) NonClass: 16456K(16512K)->16456K(16512K) Class: 2543K(2624K)->2543K(2624K)
[2021-10-28T00:16:57.665-0700][gc          ] GC(0) Pause Young (Normal) (G1 Evacuation Pause) 51M->7M(1024M) 11.244ms
[2021-10-28T00:16:57.666-0700][gc,cpu      ] GC(0) User=0.02s Sys=0.01s Real=0.01s
[2021-10-28T00:17:01.848-0700][gc,heap,exit] Heap
[2021-10-28T00:17:01.848-0700][gc,heap,exit]  garbage-first heap   total 1048576K, used 15344K [0x00000007c0000000, 0x0000000800000000)
[2021-10-28T00:17:01.848-0700][gc,heap,exit]   region size 1024K, 14 young (14336K), 7 survivors (7168K)
[2021-10-28T00:17:01.848-0700][gc,heap,exit]  Metaspace       used 20615K, committed 20864K, reserved 1073152K
[2021-10-28T00:17:01.848-0700][gc,heap,exit]   class space    used 2762K, committed 2880K, reserved 1048576K
