[2021-11-02T21:29:21.602-0700][gc] Using G1
[2021-11-02T21:29:21.606-0700][gc,init] Version: 17+35-2724 (release)
[2021-11-02T21:29:21.606-0700][gc,init] CPUs: 8 total, 8 available
[2021-11-02T21:29:21.606-0700][gc,init] Memory: 8192M
[2021-11-02T21:29:21.606-0700][gc,init] Large Page Support: Disabled
[2021-11-02T21:29:21.606-0700][gc,init] NUMA Support: Disabled
[2021-11-02T21:29:21.606-0700][gc,init] Compressed Oops: Enabled (Zero based)
[2021-11-02T21:29:21.606-0700][gc,init] Heap Region Size: 1M
[2021-11-02T21:29:21.606-0700][gc,init] Heap Min Capacity: 1G
[2021-11-02T21:29:21.606-0700][gc,init] Heap Initial Capacity: 1G
[2021-11-02T21:29:21.606-0700][gc,init] Heap Max Capacity: 1G
[2021-11-02T21:29:21.606-0700][gc,init] Pre-touch: Disabled
[2021-11-02T21:29:21.606-0700][gc,init] Parallel Workers: 8
[2021-11-02T21:29:21.606-0700][gc,init] Concurrent Workers: 2
[2021-11-02T21:29:21.606-0700][gc,init] Concurrent Refinement Workers: 8
[2021-11-02T21:29:21.606-0700][gc,init] Periodic GC: Disabled
[2021-11-02T21:29:21.606-0700][gc,metaspace] CDS archive(s) mapped at: [0x0000000800000000-0x0000000800bd0000-0x0000000800bd0000), size 12386304, SharedBaseAddress: 0x0000000800000000, ArchiveRelocationMode: 0.
[2021-11-02T21:29:21.606-0700][gc,metaspace] Compressed class space mapped at: 0x0000000800c00000-0x0000000840c00000, reserved size: 1073741824
[2021-11-02T21:29:21.606-0700][gc,metaspace] Narrow klass base: 0x0000000800000000, Narrow klass shift: 0, Narrow klass range: 0x100000000
[2021-11-02T21:29:28.687-0700][gc,start    ] GC(0) Pause Young (Normal) (G1 Evacuation Pause)
[2021-11-02T21:29:28.687-0700][gc,task     ] GC(0) Using 8 workers of 8 for evacuation
[2021-11-02T21:29:28.698-0700][gc,phases   ] GC(0)   Pre Evacuate Collection Set: 0.3ms
[2021-11-02T21:29:28.698-0700][gc,phases   ] GC(0)   Merge Heap Roots: 0.0ms
[2021-11-02T21:29:28.698-0700][gc,phases   ] GC(0)   Evacuate Collection Set: 10.0ms
[2021-11-02T21:29:28.698-0700][gc,phases   ] GC(0)   Post Evacuate Collection Set: 0.7ms
[2021-11-02T21:29:28.698-0700][gc,phases   ] GC(0)   Other: 0.6ms
[2021-11-02T21:29:28.698-0700][gc,heap     ] GC(0) Eden regions: 51->0(44)
[2021-11-02T21:29:28.698-0700][gc,heap     ] GC(0) Survivor regions: 0->7(7)
[2021-11-02T21:29:28.698-0700][gc,heap     ] GC(0) Old regions: 0->0
[2021-11-02T21:29:28.698-0700][gc,heap     ] GC(0) Archive regions: 2->2
[2021-11-02T21:29:28.698-0700][gc,heap     ] GC(0) Humongous regions: 0->0
[2021-11-02T21:29:28.698-0700][gc,metaspace] GC(0) Metaspace: 19006K(19200K)->19006K(19200K) NonClass: 16472K(16576K)->16472K(16576K) Class: 2533K(2624K)->2533K(2624K)
[2021-11-02T21:29:28.698-0700][gc          ] GC(0) Pause Young (Normal) (G1 Evacuation Pause) 51M->7M(1024M) 11.805ms
[2021-11-02T21:29:28.698-0700][gc,cpu      ] GC(0) User=0.02s Sys=0.02s Real=0.01s
[2021-11-02T21:29:28.963-0700][gc,start    ] GC(1) Pause Young (Concurrent Start) (Metadata GC Threshold)
[2021-11-02T21:29:28.963-0700][gc,task     ] GC(1) Using 8 workers of 8 for evacuation
[2021-11-02T21:29:28.972-0700][gc,phases   ] GC(1)   Pre Evacuate Collection Set: 0.1ms
[2021-11-02T21:29:28.972-0700][gc,phases   ] GC(1)   Merge Heap Roots: 0.0ms
[2021-11-02T21:29:28.972-0700][gc,phases   ] GC(1)   Evacuate Collection Set: 8.2ms
[2021-11-02T21:29:28.972-0700][gc,phases   ] GC(1)   Post Evacuate Collection Set: 0.3ms
[2021-11-02T21:29:28.972-0700][gc,phases   ] GC(1)   Other: 0.1ms
[2021-11-02T21:29:28.972-0700][gc,heap     ] GC(1) Eden regions: 11->0(49)
[2021-11-02T21:29:28.972-0700][gc,heap     ] GC(1) Survivor regions: 7->2(7)
[2021-11-02T21:29:28.972-0700][gc,heap     ] GC(1) Old regions: 0->7
[2021-11-02T21:29:28.972-0700][gc,heap     ] GC(1) Archive regions: 2->2
[2021-11-02T21:29:28.972-0700][gc,heap     ] GC(1) Humongous regions: 129->129
[2021-11-02T21:29:28.972-0700][gc,metaspace] GC(1) Metaspace: 21280K(21504K)->21280K(21504K) NonClass: 18419K(18496K)->18419K(18496K) Class: 2860K(3008K)->2860K(3008K)
[2021-11-02T21:29:28.972-0700][gc          ] GC(1) Pause Young (Concurrent Start) (Metadata GC Threshold) 147M->138M(1024M) 8.918ms
[2021-11-02T21:29:28.972-0700][gc,cpu      ] GC(1) User=0.02s Sys=0.01s Real=0.01s
[2021-11-02T21:29:28.972-0700][gc          ] GC(2) Concurrent Mark Cycle
[2021-11-02T21:29:28.972-0700][gc,marking  ] GC(2) Concurrent Clear Claimed Marks
[2021-11-02T21:29:28.972-0700][gc,marking  ] GC(2) Concurrent Clear Claimed Marks 0.028ms
[2021-11-02T21:29:28.972-0700][gc,marking  ] GC(2) Concurrent Scan Root Regions
[2021-11-02T21:29:28.987-0700][gc,marking  ] GC(2) Concurrent Scan Root Regions 14.680ms
[2021-11-02T21:29:28.987-0700][gc,marking  ] GC(2) Concurrent Mark
[2021-11-02T21:29:28.987-0700][gc,marking  ] GC(2) Concurrent Mark From Roots
[2021-11-02T21:29:28.987-0700][gc,task     ] GC(2) Using 2 workers of 2 for marking
[2021-11-02T21:29:28.989-0700][gc,marking  ] GC(2) Concurrent Mark From Roots 2.079ms
[2021-11-02T21:29:28.990-0700][gc,marking  ] GC(2) Concurrent Preclean
[2021-11-02T21:29:28.990-0700][gc,marking  ] GC(2) Concurrent Preclean 0.030ms
[2021-11-02T21:29:28.990-0700][gc,start    ] GC(2) Pause Remark
[2021-11-02T21:29:28.997-0700][gc          ] GC(2) Pause Remark 139M->139M(1024M) 6.808ms
[2021-11-02T21:29:28.997-0700][gc,cpu      ] GC(2) User=0.01s Sys=0.00s Real=0.00s
[2021-11-02T21:29:28.997-0700][gc,marking  ] GC(2) Concurrent Mark 9.452ms
[2021-11-02T21:29:28.997-0700][gc,marking  ] GC(2) Concurrent Rebuild Remembered Sets
[2021-11-02T21:29:28.997-0700][gc,marking  ] GC(2) Concurrent Rebuild Remembered Sets 0.015ms
[2021-11-02T21:29:28.997-0700][gc,start    ] GC(2) Pause Cleanup
[2021-11-02T21:29:28.997-0700][gc          ] GC(2) Pause Cleanup 139M->139M(1024M) 0.012ms
[2021-11-02T21:29:28.997-0700][gc,cpu      ] GC(2) User=0.00s Sys=0.00s Real=0.00s
[2021-11-02T21:29:28.997-0700][gc,marking  ] GC(2) Concurrent Cleanup for Next Mark
[2021-11-02T21:29:29.000-0700][gc,marking  ] GC(2) Concurrent Cleanup for Next Mark 3.166ms
[2021-11-02T21:29:29.001-0700][gc          ] GC(2) Concurrent Mark Cycle 28.517ms
[2021-11-02T21:29:29.998-0700][gc,start    ] GC(3) Pause Young (Normal) (G1 Evacuation Pause)
[2021-11-02T21:29:29.998-0700][gc,task     ] GC(3) Using 8 workers of 8 for evacuation
[2021-11-02T21:29:30.002-0700][gc,phases   ] GC(3)   Pre Evacuate Collection Set: 0.1ms
[2021-11-02T21:29:30.002-0700][gc,phases   ] GC(3)   Merge Heap Roots: 0.1ms
[2021-11-02T21:29:30.002-0700][gc,phases   ] GC(3)   Evacuate Collection Set: 3.2ms
[2021-11-02T21:29:30.002-0700][gc,phases   ] GC(3)   Post Evacuate Collection Set: 0.4ms
[2021-11-02T21:29:30.002-0700][gc,phases   ] GC(3)   Other: 0.1ms
[2021-11-02T21:29:30.002-0700][gc,heap     ] GC(3) Eden regions: 49->0(45)
[2021-11-02T21:29:30.002-0700][gc,heap     ] GC(3) Survivor regions: 2->6(7)
[2021-11-02T21:29:30.002-0700][gc,heap     ] GC(3) Old regions: 7->7
[2021-11-02T21:29:30.002-0700][gc,heap     ] GC(3) Archive regions: 2->2
[2021-11-02T21:29:30.002-0700][gc,heap     ] GC(3) Humongous regions: 129->129
[2021-11-02T21:29:30.002-0700][gc,metaspace] GC(3) Metaspace: 32705K(33024K)->32705K(33024K) NonClass: 28686K(28864K)->28686K(28864K) Class: 4019K(4160K)->4019K(4160K)
[2021-11-02T21:29:30.002-0700][gc          ] GC(3) Pause Young (Normal) (G1 Evacuation Pause) 187M->141M(1024M) 3.954ms
[2021-11-02T21:29:30.002-0700][gc,cpu      ] GC(3) User=0.01s Sys=0.00s Real=0.01s
[2021-11-02T21:31:03.319-0700][gc,start    ] GC(4) Pause Young (Concurrent Start) (Metadata GC Threshold)
[2021-11-02T21:31:03.320-0700][gc,task     ] GC(4) Using 8 workers of 8 for evacuation
[2021-11-02T21:31:03.325-0700][gc,phases   ] GC(4)   Pre Evacuate Collection Set: 0.1ms
[2021-11-02T21:31:03.325-0700][gc,phases   ] GC(4)   Merge Heap Roots: 0.0ms
[2021-11-02T21:31:03.325-0700][gc,phases   ] GC(4)   Evacuate Collection Set: 4.6ms
[2021-11-02T21:31:03.325-0700][gc,phases   ] GC(4)   Post Evacuate Collection Set: 0.3ms
[2021-11-02T21:31:03.325-0700][gc,phases   ] GC(4)   Other: 0.4ms
[2021-11-02T21:31:03.325-0700][gc,heap     ] GC(4) Eden regions: 16->0(49)
[2021-11-02T21:31:03.325-0700][gc,heap     ] GC(4) Survivor regions: 6->2(7)
[2021-11-02T21:31:03.325-0700][gc,heap     ] GC(4) Old regions: 7->12
[2021-11-02T21:31:03.325-0700][gc,heap     ] GC(4) Archive regions: 2->2
[2021-11-02T21:31:03.325-0700][gc,heap     ] GC(4) Humongous regions: 129->129
[2021-11-02T21:31:03.325-0700][gc,metaspace] GC(4) Metaspace: 35590K(35968K)->35590K(35968K) NonClass: 31042K(31232K)->31042K(31232K) Class: 4547K(4736K)->4547K(4736K)
[2021-11-02T21:31:03.325-0700][gc          ] GC(4) Pause Young (Concurrent Start) (Metadata GC Threshold) 157M->143M(1024M) 5.491ms
[2021-11-02T21:31:03.325-0700][gc,cpu      ] GC(4) User=0.01s Sys=0.01s Real=0.01s
[2021-11-02T21:31:03.325-0700][gc          ] GC(5) Concurrent Mark Cycle
[2021-11-02T21:31:03.325-0700][gc,marking  ] GC(5) Concurrent Clear Claimed Marks
[2021-11-02T21:31:03.325-0700][gc,marking  ] GC(5) Concurrent Clear Claimed Marks 0.026ms
[2021-11-02T21:31:03.325-0700][gc,marking  ] GC(5) Concurrent Scan Root Regions
[2021-11-02T21:31:03.327-0700][gc,marking  ] GC(5) Concurrent Scan Root Regions 1.804ms
[2021-11-02T21:31:03.327-0700][gc,marking  ] GC(5) Concurrent Mark
[2021-11-02T21:31:03.327-0700][gc,marking  ] GC(5) Concurrent Mark From Roots
[2021-11-02T21:31:03.327-0700][gc,task     ] GC(5) Using 2 workers of 2 for marking
[2021-11-02T21:31:03.331-0700][gc,marking  ] GC(5) Concurrent Mark From Roots 4.173ms
[2021-11-02T21:31:03.331-0700][gc,marking  ] GC(5) Concurrent Preclean
[2021-11-02T21:31:03.331-0700][gc,marking  ] GC(5) Concurrent Preclean 0.047ms
[2021-11-02T21:31:03.331-0700][gc,start    ] GC(5) Pause Remark
[2021-11-02T21:31:03.344-0700][gc          ] GC(5) Pause Remark 143M->143M(1024M) 12.713ms
[2021-11-02T21:31:03.344-0700][gc,cpu      ] GC(5) User=0.01s Sys=0.02s Real=0.01s
[2021-11-02T21:31:03.344-0700][gc,marking  ] GC(5) Concurrent Mark 17.216ms
[2021-11-02T21:31:03.344-0700][gc,marking  ] GC(5) Concurrent Rebuild Remembered Sets
[2021-11-02T21:31:03.344-0700][gc,marking  ] GC(5) Concurrent Rebuild Remembered Sets 0.005ms
[2021-11-02T21:31:03.345-0700][gc,start    ] GC(5) Pause Cleanup
[2021-11-02T21:31:03.345-0700][gc          ] GC(5) Pause Cleanup 143M->143M(1024M) 0.011ms
[2021-11-02T21:31:03.345-0700][gc,cpu      ] GC(5) User=0.00s Sys=0.00s Real=0.00s
[2021-11-02T21:31:03.345-0700][gc,marking  ] GC(5) Concurrent Cleanup for Next Mark
[2021-11-02T21:31:03.348-0700][gc,marking  ] GC(5) Concurrent Cleanup for Next Mark 3.076ms
[2021-11-02T21:31:03.348-0700][gc          ] GC(5) Concurrent Mark Cycle 22.683ms
[2021-11-02T22:04:57.607-0700][gc,start    ] GC(6) Pause Young (Normal) (G1 Evacuation Pause)
[2021-11-02T22:04:57.608-0700][gc,task     ] GC(6) Using 8 workers of 8 for evacuation
[2021-11-02T22:04:57.640-0700][gc,mmu      ] GC(6) MMU target violated: 21.0ms (20.0ms/21.0ms)
[2021-11-02T22:04:57.640-0700][gc,phases   ] GC(6)   Pre Evacuate Collection Set: 2.2ms
[2021-11-02T22:04:57.640-0700][gc,phases   ] GC(6)   Merge Heap Roots: 0.1ms
[2021-11-02T22:04:57.640-0700][gc,phases   ] GC(6)   Evacuate Collection Set: 28.2ms
[2021-11-02T22:04:57.640-0700][gc,phases   ] GC(6)   Post Evacuate Collection Set: 0.9ms
[2021-11-02T22:04:57.640-0700][gc,phases   ] GC(6)   Other: 1.9ms
[2021-11-02T22:04:57.640-0700][gc,heap     ] GC(6) Eden regions: 49->0(49)
[2021-11-02T22:04:57.640-0700][gc,heap     ] GC(6) Survivor regions: 2->2(7)
[2021-11-02T22:04:57.640-0700][gc,heap     ] GC(6) Old regions: 12->12
[2021-11-02T22:04:57.640-0700][gc,heap     ] GC(6) Archive regions: 2->2
[2021-11-02T22:04:57.640-0700][gc,heap     ] GC(6) Humongous regions: 129->129
[2021-11-02T22:04:57.640-0700][gc,metaspace] GC(6) Metaspace: 38875K(39296K)->38875K(39296K) NonClass: 33921K(34176K)->33921K(34176K) Class: 4954K(5120K)->4954K(5120K)
[2021-11-02T22:04:57.640-0700][gc          ] GC(6) Pause Young (Normal) (G1 Evacuation Pause) 192M->143M(1024M) 32.826ms
[2021-11-02T22:04:57.640-0700][gc,cpu      ] GC(6) User=0.02s Sys=0.03s Real=0.04s
[2021-11-02T22:05:42.822-0700][gc,start    ] GC(7) Pause Young (Normal) (G1 Evacuation Pause)
[2021-11-02T22:05:42.822-0700][gc,task     ] GC(7) Using 8 workers of 8 for evacuation
[2021-11-02T22:05:42.855-0700][gc,mmu      ] GC(7) MMU target violated: 21.0ms (20.0ms/21.0ms)
[2021-11-02T22:05:42.855-0700][gc,phases   ] GC(7)   Pre Evacuate Collection Set: 0.6ms
[2021-11-02T22:05:42.855-0700][gc,phases   ] GC(7)   Merge Heap Roots: 0.1ms
[2021-11-02T22:05:42.855-0700][gc,phases   ] GC(7)   Evacuate Collection Set: 30.6ms
[2021-11-02T22:05:42.855-0700][gc,phases   ] GC(7)   Post Evacuate Collection Set: 1.1ms
[2021-11-02T22:05:42.855-0700][gc,phases   ] GC(7)   Other: 0.7ms
[2021-11-02T22:05:42.855-0700][gc,heap     ] GC(7) Eden regions: 49->0(46)
[2021-11-02T22:05:42.855-0700][gc,heap     ] GC(7) Survivor regions: 2->5(7)
[2021-11-02T22:05:42.855-0700][gc,heap     ] GC(7) Old regions: 12->12
[2021-11-02T22:05:42.855-0700][gc,heap     ] GC(7) Archive regions: 2->2
[2021-11-02T22:05:42.855-0700][gc,heap     ] GC(7) Humongous regions: 129->129
[2021-11-02T22:05:42.855-0700][gc,metaspace] GC(7) Metaspace: 40276K(40896K)->40276K(40896K) NonClass: 35070K(35456K)->35070K(35456K) Class: 5205K(5440K)->5205K(5440K)
[2021-11-02T22:05:42.855-0700][gc          ] GC(7) Pause Young (Normal) (G1 Evacuation Pause) 192M->146M(1024M) 33.073ms
[2021-11-02T22:05:42.855-0700][gc,cpu      ] GC(7) User=0.04s Sys=0.04s Real=0.03s
[2021-11-02T22:06:09.701-0700][gc,start    ] GC(8) Pause Young (Normal) (G1 Evacuation Pause)
[2021-11-02T22:06:09.703-0700][gc,task     ] GC(8) Using 8 workers of 8 for evacuation
[2021-11-02T22:06:09.729-0700][gc,mmu      ] GC(8) MMU target violated: 21.0ms (20.0ms/21.0ms)
[2021-11-02T22:06:09.729-0700][gc,phases   ] GC(8)   Pre Evacuate Collection Set: 0.8ms
[2021-11-02T22:06:09.729-0700][gc,phases   ] GC(8)   Merge Heap Roots: 0.1ms
[2021-11-02T22:06:09.729-0700][gc,phases   ] GC(8)   Evacuate Collection Set: 23.2ms
[2021-11-02T22:06:09.729-0700][gc,phases   ] GC(8)   Post Evacuate Collection Set: 1.5ms
[2021-11-02T22:06:09.729-0700][gc,phases   ] GC(8)   Other: 2.3ms
[2021-11-02T22:06:09.729-0700][gc,heap     ] GC(8) Eden regions: 46->0(46)
[2021-11-02T22:06:09.729-0700][gc,heap     ] GC(8) Survivor regions: 5->5(7)
[2021-11-02T22:06:09.729-0700][gc,heap     ] GC(8) Old regions: 12->13
[2021-11-02T22:06:09.729-0700][gc,heap     ] GC(8) Archive regions: 2->2
[2021-11-02T22:06:09.729-0700][gc,heap     ] GC(8) Humongous regions: 129->129
[2021-11-02T22:06:09.729-0700][gc,metaspace] GC(8) Metaspace: 41230K(41920K)->41230K(41920K) NonClass: 35873K(36288K)->35873K(36288K) Class: 5356K(5632K)->5356K(5632K)
[2021-11-02T22:06:09.729-0700][gc          ] GC(8) Pause Young (Normal) (G1 Evacuation Pause) 192M->146M(1024M) 28.019ms
[2021-11-02T22:06:09.729-0700][gc,cpu      ] GC(8) User=0.06s Sys=0.03s Real=0.02s
[2021-11-02T22:06:42.355-0700][gc,start    ] GC(9) Pause Young (Normal) (G1 Evacuation Pause)
[2021-11-02T22:06:42.356-0700][gc,task     ] GC(9) Using 8 workers of 8 for evacuation
[2021-11-02T22:06:42.377-0700][gc,mmu      ] GC(9) MMU target violated: 20.9ms (20.0ms/21.0ms)
[2021-11-02T22:06:42.377-0700][gc,phases   ] GC(9)   Pre Evacuate Collection Set: 0.5ms
[2021-11-02T22:06:42.377-0700][gc,phases   ] GC(9)   Merge Heap Roots: 0.2ms
[2021-11-02T22:06:42.377-0700][gc,phases   ] GC(9)   Evacuate Collection Set: 19.2ms
[2021-11-02T22:06:42.377-0700][gc,phases   ] GC(9)   Post Evacuate Collection Set: 1.0ms
[2021-11-02T22:06:42.377-0700][gc,phases   ] GC(9)   Other: 3.3ms
[2021-11-02T22:06:42.377-0700][gc,heap     ] GC(9) Eden regions: 46->0(48)
[2021-11-02T22:06:42.377-0700][gc,heap     ] GC(9) Survivor regions: 5->3(7)
[2021-11-02T22:06:42.377-0700][gc,heap     ] GC(9) Old regions: 13->14
[2021-11-02T22:06:42.377-0700][gc,heap     ] GC(9) Archive regions: 2->2
[2021-11-02T22:06:42.377-0700][gc,heap     ] GC(9) Humongous regions: 129->129
[2021-11-02T22:06:42.377-0700][gc,metaspace] GC(9) Metaspace: 41244K(41920K)->41244K(41920K) NonClass: 35887K(36288K)->35887K(36288K) Class: 5357K(5632K)->5357K(5632K)
[2021-11-02T22:06:42.377-0700][gc          ] GC(9) Pause Young (Normal) (G1 Evacuation Pause) 192M->146M(1024M) 22.685ms
[2021-11-02T22:06:42.377-0700][gc,cpu      ] GC(9) User=0.05s Sys=0.02s Real=0.02s
[2021-11-02T22:07:16.597-0700][gc,start    ] GC(10) Pause Young (Normal) (G1 Evacuation Pause)
[2021-11-02T22:07:16.597-0700][gc,task     ] GC(10) Using 8 workers of 8 for evacuation
[2021-11-02T22:07:16.612-0700][gc,phases   ] GC(10)   Pre Evacuate Collection Set: 1.1ms
[2021-11-02T22:07:16.612-0700][gc,phases   ] GC(10)   Merge Heap Roots: 0.2ms
[2021-11-02T22:07:16.612-0700][gc,phases   ] GC(10)   Evacuate Collection Set: 11.9ms
[2021-11-02T22:07:16.612-0700][gc,phases   ] GC(10)   Post Evacuate Collection Set: 0.8ms
[2021-11-02T22:07:16.612-0700][gc,phases   ] GC(10)   Other: 0.9ms
[2021-11-02T22:07:16.612-0700][gc,heap     ] GC(10) Eden regions: 48->0(55)
[2021-11-02T22:07:16.612-0700][gc,heap     ] GC(10) Survivor regions: 3->3(7)
[2021-11-02T22:07:16.612-0700][gc,heap     ] GC(10) Old regions: 14->14
[2021-11-02T22:07:16.612-0700][gc,heap     ] GC(10) Archive regions: 2->2
[2021-11-02T22:07:16.612-0700][gc,heap     ] GC(10) Humongous regions: 129->129
[2021-11-02T22:07:16.612-0700][gc,metaspace] GC(10) Metaspace: 41303K(41984K)->41303K(41984K) NonClass: 35943K(36352K)->35943K(36352K) Class: 5360K(5632K)->5360K(5632K)
[2021-11-02T22:07:16.612-0700][gc          ] GC(10) Pause Young (Normal) (G1 Evacuation Pause) 194M->146M(1024M) 15.211ms
[2021-11-02T22:07:16.612-0700][gc,cpu      ] GC(10) User=0.02s Sys=0.01s Real=0.02s
[2021-11-02T22:07:54.335-0700][gc,start    ] GC(11) Pause Young (Normal) (G1 Evacuation Pause)
[2021-11-02T22:07:54.337-0700][gc,task     ] GC(11) Using 8 workers of 8 for evacuation
[2021-11-02T22:07:54.354-0700][gc,phases   ] GC(11)   Pre Evacuate Collection Set: 1.1ms
[2021-11-02T22:07:54.354-0700][gc,phases   ] GC(11)   Merge Heap Roots: 0.1ms
[2021-11-02T22:07:54.354-0700][gc,phases   ] GC(11)   Evacuate Collection Set: 14.1ms
[2021-11-02T22:07:54.354-0700][gc,phases   ] GC(11)   Post Evacuate Collection Set: 1.6ms
[2021-11-02T22:07:54.354-0700][gc,phases   ] GC(11)   Other: 1.9ms
[2021-11-02T22:07:54.355-0700][gc,heap     ] GC(11) Eden regions: 55->0(71)
[2021-11-02T22:07:54.355-0700][gc,heap     ] GC(11) Survivor regions: 3->4(8)
[2021-11-02T22:07:54.355-0700][gc,heap     ] GC(11) Old regions: 14->14
[2021-11-02T22:07:54.355-0700][gc,heap     ] GC(11) Archive regions: 2->2
[2021-11-02T22:07:54.355-0700][gc,heap     ] GC(11) Humongous regions: 129->129
[2021-11-02T22:07:54.355-0700][gc,metaspace] GC(11) Metaspace: 41311K(41984K)->41311K(41984K) NonClass: 35951K(36352K)->35951K(36352K) Class: 5360K(5632K)->5360K(5632K)
[2021-11-02T22:07:54.355-0700][gc          ] GC(11) Pause Young (Normal) (G1 Evacuation Pause) 201M->147M(1024M) 19.383ms
[2021-11-02T22:07:54.355-0700][gc,cpu      ] GC(11) User=0.02s Sys=0.02s Real=0.02s
[2021-11-02T22:08:42.563-0700][gc,start    ] GC(12) Pause Young (Normal) (G1 Evacuation Pause)
[2021-11-02T22:08:42.564-0700][gc,task     ] GC(12) Using 8 workers of 8 for evacuation
[2021-11-02T22:08:42.585-0700][gc,mmu      ] GC(12) MMU target violated: 20.2ms (20.0ms/21.0ms)
[2021-11-02T22:08:42.585-0700][gc,phases   ] GC(12)   Pre Evacuate Collection Set: 1.2ms
[2021-11-02T22:08:42.585-0700][gc,phases   ] GC(12)   Merge Heap Roots: 0.2ms
[2021-11-02T22:08:42.585-0700][gc,phases   ] GC(12)   Evacuate Collection Set: 17.2ms
[2021-11-02T22:08:42.585-0700][gc,phases   ] GC(12)   Post Evacuate Collection Set: 1.8ms
[2021-11-02T22:08:42.585-0700][gc,phases   ] GC(12)   Other: 1.9ms
[2021-11-02T22:08:42.585-0700][gc,heap     ] GC(12) Eden regions: 71->0(129)
[2021-11-02T22:08:42.585-0700][gc,heap     ] GC(12) Survivor regions: 4->4(10)
[2021-11-02T22:08:42.585-0700][gc,heap     ] GC(12) Old regions: 14->14
[2021-11-02T22:08:42.585-0700][gc,heap     ] GC(12) Archive regions: 2->2
[2021-11-02T22:08:42.585-0700][gc,heap     ] GC(12) Humongous regions: 129->129
[2021-11-02T22:08:42.585-0700][gc,metaspace] GC(12) Metaspace: 41330K(41984K)->41330K(41984K) NonClass: 35967K(36352K)->35967K(36352K) Class: 5363K(5632K)->5363K(5632K)
[2021-11-02T22:08:42.586-0700][gc          ] GC(12) Pause Young (Normal) (G1 Evacuation Pause) 218M->147M(1024M) 22.427ms
[2021-11-02T22:08:42.586-0700][gc,cpu      ] GC(12) User=0.03s Sys=0.02s Real=0.02s
[2021-11-02T22:10:11.185-0700][gc,start    ] GC(13) Pause Young (Normal) (G1 Evacuation Pause)
[2021-11-02T22:10:11.187-0700][gc,task     ] GC(13) Using 8 workers of 8 for evacuation
[2021-11-02T22:10:11.204-0700][gc,phases   ] GC(13)   Pre Evacuate Collection Set: 1.5ms
[2021-11-02T22:10:11.204-0700][gc,phases   ] GC(13)   Merge Heap Roots: 0.1ms
[2021-11-02T22:10:11.204-0700][gc,phases   ] GC(13)   Evacuate Collection Set: 14.5ms
[2021-11-02T22:10:11.204-0700][gc,phases   ] GC(13)   Post Evacuate Collection Set: 0.7ms
[2021-11-02T22:10:11.204-0700][gc,phases   ] GC(13)   Other: 1.7ms
[2021-11-02T22:10:11.204-0700][gc,heap     ] GC(13) Eden regions: 129->0(364)
[2021-11-02T22:10:11.204-0700][gc,heap     ] GC(13) Survivor regions: 4->4(17)
[2021-11-02T22:10:11.204-0700][gc,heap     ] GC(13) Old regions: 14->14
[2021-11-02T22:10:11.204-0700][gc,heap     ] GC(13) Archive regions: 2->2
[2021-11-02T22:10:11.204-0700][gc,heap     ] GC(13) Humongous regions: 129->129
[2021-11-02T22:10:11.204-0700][gc,metaspace] GC(13) Metaspace: 41353K(42048K)->41353K(42048K) NonClass: 35990K(36416K)->35990K(36416K) Class: 5363K(5632K)->5363K(5632K)
[2021-11-02T22:10:11.204-0700][gc          ] GC(13) Pause Young (Normal) (G1 Evacuation Pause) 276M->147M(1024M) 18.614ms
[2021-11-02T22:10:11.204-0700][gc,cpu      ] GC(13) User=0.03s Sys=0.01s Real=0.02s
[2021-11-02T22:14:21.849-0700][gc,start    ] GC(14) Pause Young (Normal) (G1 Evacuation Pause)
[2021-11-02T22:14:21.851-0700][gc,task     ] GC(14) Using 8 workers of 8 for evacuation
[2021-11-02T22:14:21.882-0700][gc,mmu      ] GC(14) MMU target violated: 21.0ms (20.0ms/21.0ms)
[2021-11-02T22:14:21.882-0700][gc,phases   ] GC(14)   Pre Evacuate Collection Set: 1.3ms
[2021-11-02T22:14:21.882-0700][gc,phases   ] GC(14)   Merge Heap Roots: 0.4ms
[2021-11-02T22:14:21.882-0700][gc,phases   ] GC(14)   Evacuate Collection Set: 26.7ms
[2021-11-02T22:14:21.883-0700][gc,phases   ] GC(14)   Post Evacuate Collection Set: 2.1ms
[2021-11-02T22:14:21.883-0700][gc,phases   ] GC(14)   Other: 2.7ms
[2021-11-02T22:14:21.883-0700][gc,heap     ] GC(14) Eden regions: 364->0(504)
[2021-11-02T22:14:21.883-0700][gc,heap     ] GC(14) Survivor regions: 4->3(46)
[2021-11-02T22:14:21.883-0700][gc,heap     ] GC(14) Old regions: 14->14
[2021-11-02T22:14:21.883-0700][gc,heap     ] GC(14) Archive regions: 2->2
[2021-11-02T22:14:21.883-0700][gc,heap     ] GC(14) Humongous regions: 129->129
[2021-11-02T22:14:21.883-0700][gc,metaspace] GC(14) Metaspace: 41418K(42112K)->41418K(42112K) NonClass: 36055K(36480K)->36055K(36480K) Class: 5363K(5632K)->5363K(5632K)
[2021-11-02T22:14:21.883-0700][gc          ] GC(14) Pause Young (Normal) (G1 Evacuation Pause) 511M->146M(1024M) 33.366ms
[2021-11-02T22:14:21.883-0700][gc,cpu      ] GC(14) User=0.03s Sys=0.03s Real=0.04s
[2021-11-02T22:20:09.643-0700][gc,start    ] GC(15) Pause Young (Normal) (G1 Evacuation Pause)
[2021-11-02T22:20:09.643-0700][gc,task     ] GC(15) Using 8 workers of 8 for evacuation
[2021-11-02T22:20:09.673-0700][gc,mmu      ] GC(15) MMU target violated: 21.0ms (20.0ms/21.0ms)
[2021-11-02T22:20:09.673-0700][gc,phases   ] GC(15)   Pre Evacuate Collection Set: 0.9ms
[2021-11-02T22:20:09.673-0700][gc,phases   ] GC(15)   Merge Heap Roots: 0.3ms
[2021-11-02T22:20:09.673-0700][gc,phases   ] GC(15)   Evacuate Collection Set: 25.7ms
[2021-11-02T22:20:09.673-0700][gc,phases   ] GC(15)   Post Evacuate Collection Set: 2.2ms
[2021-11-02T22:20:09.673-0700][gc,phases   ] GC(15)   Other: 1.3ms
[2021-11-02T22:20:09.673-0700][gc,heap     ] GC(15) Eden regions: 504->0(611)
[2021-11-02T22:20:09.673-0700][gc,heap     ] GC(15) Survivor regions: 3->3(64)
[2021-11-02T22:20:09.673-0700][gc,heap     ] GC(15) Old regions: 14->14
[2021-11-02T22:20:09.673-0700][gc,heap     ] GC(15) Archive regions: 2->2
[2021-11-02T22:20:09.673-0700][gc,heap     ] GC(15) Humongous regions: 129->129
[2021-11-02T22:20:09.673-0700][gc,metaspace] GC(15) Metaspace: 41513K(42176K)->41513K(42176K) NonClass: 36150K(36544K)->36150K(36544K) Class: 5363K(5632K)->5363K(5632K)
[2021-11-02T22:20:09.673-0700][gc          ] GC(15) Pause Young (Normal) (G1 Evacuation Pause) 650M->146M(1024M) 30.392ms
[2021-11-02T22:20:09.673-0700][gc,cpu      ] GC(15) User=0.05s Sys=0.05s Real=0.03s
[2021-11-02T22:27:39.962-0700][gc,start    ] GC(16) Pause Young (Normal) (G1 Evacuation Pause)
[2021-11-02T22:27:39.963-0700][gc,task     ] GC(16) Using 8 workers of 8 for evacuation
[2021-11-02T22:27:39.985-0700][gc,mmu      ] GC(16) MMU target violated: 21.0ms (20.0ms/21.0ms)
[2021-11-02T22:27:39.985-0700][gc,phases   ] GC(16)   Pre Evacuate Collection Set: 0.4ms
[2021-11-02T22:27:39.985-0700][gc,phases   ] GC(16)   Merge Heap Roots: 0.2ms
[2021-11-02T22:27:39.985-0700][gc,phases   ] GC(16)   Evacuate Collection Set: 18.0ms
[2021-11-02T22:27:39.985-0700][gc,phases   ] GC(16)   Post Evacuate Collection Set: 2.5ms
[2021-11-02T22:27:39.985-0700][gc,phases   ] GC(16)   Other: 1.6ms
[2021-11-02T22:27:39.985-0700][gc,heap     ] GC(16) Eden regions: 611->0(610)
[2021-11-02T22:27:39.985-0700][gc,heap     ] GC(16) Survivor regions: 3->4(77)
[2021-11-02T22:27:39.985-0700][gc,heap     ] GC(16) Old regions: 14->14
[2021-11-02T22:27:39.985-0700][gc,heap     ] GC(16) Archive regions: 2->2
[2021-11-02T22:27:39.985-0700][gc,heap     ] GC(16) Humongous regions: 129->129
[2021-11-02T22:27:39.985-0700][gc,metaspace] GC(16) Metaspace: 41553K(42240K)->41553K(42240K) NonClass: 36190K(36608K)->36190K(36608K) Class: 5363K(5632K)->5363K(5632K)
[2021-11-02T22:27:39.985-0700][gc          ] GC(16) Pause Young (Normal) (G1 Evacuation Pause) 757M->147M(1024M) 22.769ms
[2021-11-02T22:27:39.985-0700][gc,cpu      ] GC(16) User=0.03s Sys=0.03s Real=0.02s
[2021-11-02T22:34:37.982-0700][gc,start    ] GC(17) Pause Young (Normal) (G1 Evacuation Pause)
[2021-11-02T22:34:37.983-0700][gc,task     ] GC(17) Using 8 workers of 8 for evacuation
[2021-11-02T22:34:38.005-0700][gc,mmu      ] GC(17) MMU target violated: 21.0ms (20.0ms/21.0ms)
[2021-11-02T22:34:38.005-0700][gc,phases   ] GC(17)   Pre Evacuate Collection Set: 0.5ms
[2021-11-02T22:34:38.005-0700][gc,phases   ] GC(17)   Merge Heap Roots: 0.3ms
[2021-11-02T22:34:38.005-0700][gc,phases   ] GC(17)   Evacuate Collection Set: 19.9ms
[2021-11-02T22:34:38.005-0700][gc,phases   ] GC(17)   Post Evacuate Collection Set: 1.5ms
[2021-11-02T22:34:38.005-0700][gc,phases   ] GC(17)   Other: 1.4ms
[2021-11-02T22:34:38.005-0700][gc,heap     ] GC(17) Eden regions: 610->0(609)
[2021-11-02T22:34:38.005-0700][gc,heap     ] GC(17) Survivor regions: 4->5(77)
[2021-11-02T22:34:38.005-0700][gc,heap     ] GC(17) Old regions: 14->14
[2021-11-02T22:34:38.005-0700][gc,heap     ] GC(17) Archive regions: 2->2
[2021-11-02T22:34:38.005-0700][gc,heap     ] GC(17) Humongous regions: 129->129
[2021-11-02T22:34:38.005-0700][gc,metaspace] GC(17) Metaspace: 41596K(42240K)->41596K(42240K) NonClass: 36229K(36608K)->36229K(36608K) Class: 5366K(5632K)->5366K(5632K)
[2021-11-02T22:34:38.005-0700][gc          ] GC(17) Pause Young (Normal) (G1 Evacuation Pause) 757M->148M(1024M) 23.602ms
[2021-11-02T22:34:38.005-0700][gc,cpu      ] GC(17) User=0.04s Sys=0.02s Real=0.02s
[2021-11-02T22:41:36.472-0700][gc,start    ] GC(18) Pause Young (Normal) (G1 Evacuation Pause)
[2021-11-02T22:41:36.474-0700][gc,task     ] GC(18) Using 8 workers of 8 for evacuation
[2021-11-02T22:41:36.512-0700][gc,mmu      ] GC(18) MMU target violated: 21.0ms (20.0ms/21.0ms)
[2021-11-02T22:41:36.512-0700][gc,phases   ] GC(18)   Pre Evacuate Collection Set: 1.0ms
[2021-11-02T22:41:36.512-0700][gc,phases   ] GC(18)   Merge Heap Roots: 0.5ms
[2021-11-02T22:41:36.512-0700][gc,phases   ] GC(18)   Evacuate Collection Set: 33.8ms
[2021-11-02T22:41:36.512-0700][gc,phases   ] GC(18)   Post Evacuate Collection Set: 2.0ms
[2021-11-02T22:41:36.512-0700][gc,phases   ] GC(18)   Other: 2.4ms
[2021-11-02T22:41:36.512-0700][gc,heap     ] GC(18) Eden regions: 609->0(610)
[2021-11-02T22:41:36.512-0700][gc,heap     ] GC(18) Survivor regions: 5->4(77)
[2021-11-02T22:41:36.512-0700][gc,heap     ] GC(18) Old regions: 14->14
[2021-11-02T22:41:36.512-0700][gc,heap     ] GC(18) Archive regions: 2->2
[2021-11-02T22:41:36.512-0700][gc,heap     ] GC(18) Humongous regions: 129->129
[2021-11-02T22:41:36.512-0700][gc,metaspace] GC(18) Metaspace: 41620K(42304K)->41620K(42304K) NonClass: 36254K(36672K)->36254K(36672K) Class: 5366K(5632K)->5366K(5632K)
[2021-11-02T22:41:36.512-0700][gc          ] GC(18) Pause Young (Normal) (G1 Evacuation Pause) 757M->147M(1024M) 39.885ms
[2021-11-02T22:41:36.512-0700][gc,cpu      ] GC(18) User=0.05s Sys=0.06s Real=0.04s
[2021-11-02T22:48:35.184-0700][gc,start    ] GC(19) Pause Young (Normal) (G1 Evacuation Pause)
[2021-11-02T22:48:35.185-0700][gc,task     ] GC(19) Using 8 workers of 8 for evacuation
[2021-11-02T22:48:35.262-0700][gc,mmu      ] GC(19) MMU target violated: 21.0ms (20.0ms/21.0ms)
[2021-11-02T22:48:35.262-0700][gc,phases   ] GC(19)   Pre Evacuate Collection Set: 4.0ms
[2021-11-02T22:48:35.262-0700][gc,phases   ] GC(19)   Merge Heap Roots: 2.1ms
[2021-11-02T22:48:35.262-0700][gc,phases   ] GC(19)   Evacuate Collection Set: 60.3ms
[2021-11-02T22:48:35.262-0700][gc,phases   ] GC(19)   Post Evacuate Collection Set: 10.4ms
[2021-11-02T22:48:35.262-0700][gc,phases   ] GC(19)   Other: 2.8ms
[2021-11-02T22:48:35.262-0700][gc,heap     ] GC(19) Eden regions: 610->0(47)
[2021-11-02T22:48:35.262-0700][gc,heap     ] GC(19) Survivor regions: 4->4(77)
[2021-11-02T22:48:35.262-0700][gc,heap     ] GC(19) Old regions: 14->14
[2021-11-02T22:48:35.262-0700][gc,heap     ] GC(19) Archive regions: 2->2
[2021-11-02T22:48:35.262-0700][gc,heap     ] GC(19) Humongous regions: 129->129
[2021-11-02T22:48:35.262-0700][gc,metaspace] GC(19) Metaspace: 41646K(42368K)->41646K(42368K) NonClass: 36280K(36736K)->36280K(36736K) Class: 5366K(5632K)->5366K(5632K)
[2021-11-02T22:48:35.262-0700][gc          ] GC(19) Pause Young (Normal) (G1 Evacuation Pause) 757M->147M(1024M) 77.897ms
[2021-11-02T22:48:35.262-0700][gc,cpu      ] GC(19) User=0.05s Sys=0.11s Real=0.08s
[2021-11-02T22:49:07.356-0700][gc,start    ] GC(20) Pause Young (Normal) (G1 Evacuation Pause)
[2021-11-02T22:49:07.357-0700][gc,task     ] GC(20) Using 8 workers of 8 for evacuation
[2021-11-02T22:49:07.375-0700][gc,phases   ] GC(20)   Pre Evacuate Collection Set: 0.5ms
[2021-11-02T22:49:07.375-0700][gc,phases   ] GC(20)   Merge Heap Roots: 0.1ms
[2021-11-02T22:49:07.375-0700][gc,phases   ] GC(20)   Evacuate Collection Set: 16.5ms
[2021-11-02T22:49:07.375-0700][gc,phases   ] GC(20)   Post Evacuate Collection Set: 1.0ms
[2021-11-02T22:49:07.375-0700][gc,phases   ] GC(20)   Other: 1.5ms
[2021-11-02T22:49:07.375-0700][gc,heap     ] GC(20) Eden regions: 47->0(47)
[2021-11-02T22:49:07.375-0700][gc,heap     ] GC(20) Survivor regions: 4->4(7)
[2021-11-02T22:49:07.375-0700][gc,heap     ] GC(20) Old regions: 14->15
[2021-11-02T22:49:07.375-0700][gc,heap     ] GC(20) Archive regions: 2->2
[2021-11-02T22:49:07.375-0700][gc,heap     ] GC(20) Humongous regions: 129->129
[2021-11-02T22:49:07.375-0700][gc,metaspace] GC(20) Metaspace: 41646K(42368K)->41646K(42368K) NonClass: 36280K(36736K)->36280K(36736K) Class: 5366K(5632K)->5366K(5632K)
[2021-11-02T22:49:07.375-0700][gc          ] GC(20) Pause Young (Normal) (G1 Evacuation Pause) 194M->147M(1024M) 19.778ms
[2021-11-02T22:49:07.376-0700][gc,cpu      ] GC(20) User=0.04s Sys=0.01s Real=0.02s
[2021-11-02T22:49:39.317-0700][gc,start    ] GC(21) Pause Young (Normal) (G1 Evacuation Pause)
[2021-11-02T22:49:39.318-0700][gc,task     ] GC(21) Using 8 workers of 8 for evacuation
[2021-11-02T22:49:39.349-0700][gc,mmu      ] GC(21) MMU target violated: 21.0ms (20.0ms/21.0ms)
[2021-11-02T22:49:39.349-0700][gc,phases   ] GC(21)   Pre Evacuate Collection Set: 0.9ms
[2021-11-02T22:49:39.349-0700][gc,phases   ] GC(21)   Merge Heap Roots: 0.1ms
[2021-11-02T22:49:39.349-0700][gc,phases   ] GC(21)   Evacuate Collection Set: 27.5ms
[2021-11-02T22:49:39.349-0700][gc,phases   ] GC(21)   Post Evacuate Collection Set: 1.6ms
[2021-11-02T22:49:39.349-0700][gc,phases   ] GC(21)   Other: 2.1ms
[2021-11-02T22:49:39.349-0700][gc,heap     ] GC(21) Eden regions: 47->0(47)
[2021-11-02T22:49:39.349-0700][gc,heap     ] GC(21) Survivor regions: 4->4(7)
[2021-11-02T22:49:39.349-0700][gc,heap     ] GC(21) Old regions: 15->15
[2021-11-02T22:49:39.349-0700][gc,heap     ] GC(21) Archive regions: 2->2
[2021-11-02T22:49:39.349-0700][gc,heap     ] GC(21) Humongous regions: 129->129
[2021-11-02T22:49:39.349-0700][gc,metaspace] GC(21) Metaspace: 41648K(42368K)->41648K(42368K) NonClass: 36281K(36736K)->36281K(36736K) Class: 5366K(5632K)->5366K(5632K)
[2021-11-02T22:49:39.349-0700][gc          ] GC(21) Pause Young (Normal) (G1 Evacuation Pause) 194M->147M(1024M) 32.406ms
[2021-11-02T22:49:39.349-0700][gc,cpu      ] GC(21) User=0.03s Sys=0.04s Real=0.03s
[2021-11-02T22:50:11.365-0700][gc,start    ] GC(22) Pause Young (Normal) (G1 Evacuation Pause)
[2021-11-02T22:50:11.366-0700][gc,task     ] GC(22) Using 8 workers of 8 for evacuation
[2021-11-02T22:50:11.375-0700][gc,phases   ] GC(22)   Pre Evacuate Collection Set: 0.3ms
[2021-11-02T22:50:11.375-0700][gc,phases   ] GC(22)   Merge Heap Roots: 0.1ms
[2021-11-02T22:50:11.375-0700][gc,phases   ] GC(22)   Evacuate Collection Set: 7.9ms
[2021-11-02T22:50:11.375-0700][gc,phases   ] GC(22)   Post Evacuate Collection Set: 0.6ms
[2021-11-02T22:50:11.375-0700][gc,phases   ] GC(22)   Other: 1.4ms
[2021-11-02T22:50:11.375-0700][gc,heap     ] GC(22) Eden regions: 47->0(47)
[2021-11-02T22:50:11.375-0700][gc,heap     ] GC(22) Survivor regions: 4->4(7)
[2021-11-02T22:50:11.375-0700][gc,heap     ] GC(22) Old regions: 15->15
[2021-11-02T22:50:11.375-0700][gc,heap     ] GC(22) Archive regions: 2->2
[2021-11-02T22:50:11.375-0700][gc,heap     ] GC(22) Humongous regions: 129->129
[2021-11-02T22:50:11.375-0700][gc,metaspace] GC(22) Metaspace: 41649K(42368K)->41649K(42368K) NonClass: 36282K(36736K)->36282K(36736K) Class: 5366K(5632K)->5366K(5632K)
[2021-11-02T22:50:11.375-0700][gc          ] GC(22) Pause Young (Normal) (G1 Evacuation Pause) 194M->147M(1024M) 10.472ms
[2021-11-02T22:50:11.375-0700][gc,cpu      ] GC(22) User=0.02s Sys=0.01s Real=0.01s
[2021-11-02T22:50:43.173-0700][gc,start    ] GC(23) Pause Young (Normal) (G1 Evacuation Pause)
[2021-11-02T22:50:43.174-0700][gc,task     ] GC(23) Using 8 workers of 8 for evacuation
[2021-11-02T22:50:43.191-0700][gc,phases   ] GC(23)   Pre Evacuate Collection Set: 0.4ms
[2021-11-02T22:50:43.191-0700][gc,phases   ] GC(23)   Merge Heap Roots: 0.1ms
[2021-11-02T22:50:43.191-0700][gc,phases   ] GC(23)   Evacuate Collection Set: 15.4ms
[2021-11-02T22:50:43.191-0700][gc,phases   ] GC(23)   Post Evacuate Collection Set: 0.8ms
[2021-11-02T22:50:43.191-0700][gc,phases   ] GC(23)   Other: 1.6ms
[2021-11-02T22:50:43.191-0700][gc,heap     ] GC(23) Eden regions: 47->0(154)
[2021-11-02T22:50:43.191-0700][gc,heap     ] GC(23) Survivor regions: 4->4(7)
[2021-11-02T22:50:43.191-0700][gc,heap     ] GC(23) Old regions: 15->15
[2021-11-02T22:50:43.191-0700][gc,heap     ] GC(23) Archive regions: 2->2
[2021-11-02T22:50:43.191-0700][gc,heap     ] GC(23) Humongous regions: 129->129
[2021-11-02T22:50:43.191-0700][gc,metaspace] GC(23) Metaspace: 41650K(42368K)->41650K(42368K) NonClass: 36283K(36736K)->36283K(36736K) Class: 5366K(5632K)->5366K(5632K)
[2021-11-02T22:50:43.191-0700][gc          ] GC(23) Pause Young (Normal) (G1 Evacuation Pause) 194M->147M(1024M) 18.527ms
[2021-11-02T22:50:43.191-0700][gc,cpu      ] GC(23) User=0.04s Sys=0.01s Real=0.02s
[2021-11-02T22:52:28.191-0700][gc,start    ] GC(24) Pause Young (Normal) (G1 Evacuation Pause)
[2021-11-02T22:52:28.191-0700][gc,task     ] GC(24) Using 8 workers of 8 for evacuation
[2021-11-02T22:52:28.209-0700][gc,phases   ] GC(24)   Pre Evacuate Collection Set: 1.0ms
[2021-11-02T22:52:28.209-0700][gc,phases   ] GC(24)   Merge Heap Roots: 0.2ms
[2021-11-02T22:52:28.209-0700][gc,phases   ] GC(24)   Evacuate Collection Set: 15.6ms
[2021-11-02T22:52:28.209-0700][gc,phases   ] GC(24)   Post Evacuate Collection Set: 1.2ms
[2021-11-02T22:52:28.209-0700][gc,phases   ] GC(24)   Other: 0.5ms
[2021-11-02T22:52:28.209-0700][gc,heap     ] GC(24) Eden regions: 154->0(249)
[2021-11-02T22:52:28.209-0700][gc,heap     ] GC(24) Survivor regions: 4->4(20)
[2021-11-02T22:52:28.209-0700][gc,heap     ] GC(24) Old regions: 15->15
[2021-11-02T22:52:28.209-0700][gc,heap     ] GC(24) Archive regions: 2->2
[2021-11-02T22:52:28.209-0700][gc,heap     ] GC(24) Humongous regions: 129->129
[2021-11-02T22:52:28.209-0700][gc,metaspace] GC(24) Metaspace: 41658K(42368K)->41658K(42368K) NonClass: 36291K(36736K)->36291K(36736K) Class: 5366K(5632K)->5366K(5632K)
[2021-11-02T22:52:28.209-0700][gc          ] GC(24) Pause Young (Normal) (G1 Evacuation Pause) 301M->148M(1024M) 18.735ms
[2021-11-02T22:52:28.210-0700][gc,cpu      ] GC(24) User=0.03s Sys=0.02s Real=0.02s
[2021-11-02T22:55:18.909-0700][gc,start    ] GC(25) Pause Young (Normal) (G1 Evacuation Pause)
[2021-11-02T22:55:18.910-0700][gc,task     ] GC(25) Using 8 workers of 8 for evacuation
[2021-11-02T22:55:18.939-0700][gc,mmu      ] GC(25) MMU target violated: 21.0ms (20.0ms/21.0ms)
[2021-11-02T22:55:18.939-0700][gc,phases   ] GC(25)   Pre Evacuate Collection Set: 1.5ms
[2021-11-02T22:55:18.939-0700][gc,phases   ] GC(25)   Merge Heap Roots: 0.4ms
[2021-11-02T22:55:18.939-0700][gc,phases   ] GC(25)   Evacuate Collection Set: 25.9ms
[2021-11-02T22:55:18.939-0700][gc,phases   ] GC(25)   Post Evacuate Collection Set: 1.4ms
[2021-11-02T22:55:18.939-0700][gc,phases   ] GC(25)   Other: 1.5ms
[2021-11-02T22:55:18.939-0700][gc,heap     ] GC(25) Eden regions: 249->0(292)
[2021-11-02T22:55:18.939-0700][gc,heap     ] GC(25) Survivor regions: 4->3(32)
[2021-11-02T22:55:18.939-0700][gc,heap     ] GC(25) Old regions: 15->15
[2021-11-02T22:55:18.939-0700][gc,heap     ] GC(25) Archive regions: 2->2
[2021-11-02T22:55:18.939-0700][gc,heap     ] GC(25) Humongous regions: 129->129
[2021-11-02T22:55:18.939-0700][gc,metaspace] GC(25) Metaspace: 41665K(42368K)->41665K(42368K) NonClass: 36299K(36736K)->36299K(36736K) Class: 5366K(5632K)->5366K(5632K)
[2021-11-02T22:55:18.939-0700][gc          ] GC(25) Pause Young (Normal) (G1 Evacuation Pause) 397M->146M(1024M) 30.627ms
[2021-11-02T22:55:18.940-0700][gc,cpu      ] GC(25) User=0.03s Sys=0.03s Real=0.04s
[2021-11-02T22:58:39.660-0700][gc,start    ] GC(26) Pause Young (Normal) (G1 Evacuation Pause)
[2021-11-02T22:58:39.660-0700][gc,task     ] GC(26) Using 8 workers of 8 for evacuation
[2021-11-02T22:58:39.689-0700][gc,mmu      ] GC(26) MMU target violated: 21.0ms (20.0ms/21.0ms)
[2021-11-02T22:58:39.690-0700][gc,phases   ] GC(26)   Pre Evacuate Collection Set: 0.9ms
[2021-11-02T22:58:39.690-0700][gc,phases   ] GC(26)   Merge Heap Roots: 0.4ms
[2021-11-02T22:58:39.690-0700][gc,phases   ] GC(26)   Evacuate Collection Set: 26.3ms
[2021-11-02T22:58:39.690-0700][gc,phases   ] GC(26)   Post Evacuate Collection Set: 1.2ms
[2021-11-02T22:58:39.690-0700][gc,phases   ] GC(26)   Other: 1.1ms
[2021-11-02T22:58:39.690-0700][gc,heap     ] GC(26) Eden regions: 292->0(289)
[2021-11-02T22:58:39.690-0700][gc,heap     ] GC(26) Survivor regions: 3->3(37)
[2021-11-02T22:58:39.690-0700][gc,heap     ] GC(26) Old regions: 15->15
[2021-11-02T22:58:39.690-0700][gc,heap     ] GC(26) Archive regions: 2->2
[2021-11-02T22:58:39.690-0700][gc,heap     ] GC(26) Humongous regions: 129->129
[2021-11-02T22:58:39.690-0700][gc,metaspace] GC(26) Metaspace: 41667K(42368K)->41667K(42368K) NonClass: 36300K(36736K)->36300K(36736K) Class: 5366K(5632K)->5366K(5632K)
[2021-11-02T22:58:39.690-0700][gc          ] GC(26) Pause Young (Normal) (G1 Evacuation Pause) 438M->146M(1024M) 29.958ms
[2021-11-02T22:58:39.690-0700][gc,cpu      ] GC(26) User=0.02s Sys=0.03s Real=0.03s
[2021-11-02T23:01:56.919-0700][gc,start    ] GC(27) Pause Young (Normal) (G1 Evacuation Pause)
[2021-11-02T23:01:56.919-0700][gc,task     ] GC(27) Using 8 workers of 8 for evacuation
[2021-11-02T23:01:56.938-0700][gc,phases   ] GC(27)   Pre Evacuate Collection Set: 0.5ms
[2021-11-02T23:01:56.938-0700][gc,phases   ] GC(27)   Merge Heap Roots: 0.2ms
[2021-11-02T23:01:56.938-0700][gc,phases   ] GC(27)   Evacuate Collection Set: 16.8ms
[2021-11-02T23:01:56.938-0700][gc,phases   ] GC(27)   Post Evacuate Collection Set: 1.1ms
[2021-11-02T23:01:56.938-0700][gc,phases   ] GC(27)   Other: 0.6ms
[2021-11-02T23:01:56.938-0700][gc,heap     ] GC(27) Eden regions: 289->0(248)
[2021-11-02T23:01:56.938-0700][gc,heap     ] GC(27) Survivor regions: 3->4(37)
[2021-11-02T23:01:56.938-0700][gc,heap     ] GC(27) Old regions: 15->15
[2021-11-02T23:01:56.938-0700][gc,heap     ] GC(27) Archive regions: 2->2
[2021-11-02T23:01:56.938-0700][gc,heap     ] GC(27) Humongous regions: 129->129
[2021-11-02T23:01:56.938-0700][gc,metaspace] GC(27) Metaspace: 41673K(42368K)->41673K(42368K) NonClass: 36307K(36736K)->36307K(36736K) Class: 5366K(5632K)->5366K(5632K)
[2021-11-02T23:01:56.938-0700][gc          ] GC(27) Pause Young (Normal) (G1 Evacuation Pause) 435M->148M(1024M) 19.444ms
[2021-11-02T23:01:56.938-0700][gc,cpu      ] GC(27) User=0.02s Sys=0.04s Real=0.02s
[2021-11-02T23:04:46.324-0700][gc,start    ] GC(28) Pause Young (Normal) (G1 Evacuation Pause)
[2021-11-02T23:04:46.326-0700][gc,task     ] GC(28) Using 8 workers of 8 for evacuation
[2021-11-02T23:04:46.351-0700][gc,mmu      ] GC(28) MMU target violated: 21.0ms (20.0ms/21.0ms)
[2021-11-02T23:04:46.351-0700][gc,phases   ] GC(28)   Pre Evacuate Collection Set: 1.7ms
[2021-11-02T23:04:46.351-0700][gc,phases   ] GC(28)   Merge Heap Roots: 0.7ms
[2021-11-02T23:04:46.351-0700][gc,phases   ] GC(28)   Evacuate Collection Set: 20.0ms
[2021-11-02T23:04:46.351-0700][gc,phases   ] GC(28)   Post Evacuate Collection Set: 2.4ms
[2021-11-02T23:04:46.351-0700][gc,phases   ] GC(28)   Other: 2.2ms
[2021-11-02T23:04:46.351-0700][gc,heap     ] GC(28) Eden regions: 248->0(455)
[2021-11-02T23:04:46.351-0700][gc,heap     ] GC(28) Survivor regions: 4->3(32)
[2021-11-02T23:04:46.351-0700][gc,heap     ] GC(28) Old regions: 15->15
[2021-11-02T23:04:46.351-0700][gc,heap     ] GC(28) Archive regions: 2->2
[2021-11-02T23:04:46.352-0700][gc,heap     ] GC(28) Humongous regions: 129->129
[2021-11-02T23:04:46.352-0700][gc,metaspace] GC(28) Metaspace: 41675K(42368K)->41675K(42368K) NonClass: 36309K(36736K)->36309K(36736K) Class: 5366K(5632K)->5366K(5632K)
[2021-11-02T23:04:46.352-0700][gc          ] GC(28) Pause Young (Normal) (G1 Evacuation Pause) 396M->147M(1024M) 27.122ms
[2021-11-02T23:04:46.352-0700][gc,cpu      ] GC(28) User=0.02s Sys=0.05s Real=0.03s
[2021-11-02T23:09:58.407-0700][gc,start    ] GC(29) Pause Young (Normal) (G1 Evacuation Pause)
[2021-11-02T23:09:58.407-0700][gc,task     ] GC(29) Using 8 workers of 8 for evacuation
[2021-11-02T23:09:58.441-0700][gc,mmu      ] GC(29) MMU target violated: 21.0ms (20.0ms/21.0ms)
[2021-11-02T23:09:58.441-0700][gc,phases   ] GC(29)   Pre Evacuate Collection Set: 0.6ms
[2021-11-02T23:09:58.441-0700][gc,phases   ] GC(29)   Merge Heap Roots: 0.2ms
[2021-11-02T23:09:58.441-0700][gc,phases   ] GC(29)   Evacuate Collection Set: 24.8ms
[2021-11-02T23:09:58.441-0700][gc,phases   ] GC(29)   Post Evacuate Collection Set: 7.7ms
[2021-11-02T23:09:58.441-0700][gc,phases   ] GC(29)   Other: 1.3ms
[2021-11-02T23:09:58.441-0700][gc,heap     ] GC(29) Eden regions: 455->0(183)
[2021-11-02T23:09:58.441-0700][gc,heap     ] GC(29) Survivor regions: 3->3(58)
[2021-11-02T23:09:58.441-0700][gc,heap     ] GC(29) Old regions: 15->15
[2021-11-02T23:09:58.441-0700][gc,heap     ] GC(29) Archive regions: 2->2
[2021-11-02T23:09:58.441-0700][gc,heap     ] GC(29) Humongous regions: 129->129
[2021-11-02T23:09:58.441-0700][gc,metaspace] GC(29) Metaspace: 41685K(42368K)->41685K(42368K) NonClass: 36319K(36736K)->36319K(36736K) Class: 5366K(5632K)->5366K(5632K)
[2021-11-02T23:09:58.441-0700][gc          ] GC(29) Pause Young (Normal) (G1 Evacuation Pause) 602M->147M(1024M) 34.211ms
[2021-11-02T23:09:58.441-0700][gc,cpu      ] GC(29) User=0.02s Sys=0.04s Real=0.04s
[2021-11-02T23:12:03.518-0700][gc,start    ] GC(30) Pause Young (Normal) (G1 Evacuation Pause)
[2021-11-02T23:12:03.519-0700][gc,task     ] GC(30) Using 8 workers of 8 for evacuation
[2021-11-02T23:12:03.547-0700][gc,mmu      ] GC(30) MMU target violated: 21.0ms (20.0ms/21.0ms)
[2021-11-02T23:12:03.547-0700][gc,phases   ] GC(30)   Pre Evacuate Collection Set: 1.5ms
[2021-11-02T23:12:03.547-0700][gc,phases   ] GC(30)   Merge Heap Roots: 0.4ms
[2021-11-02T23:12:03.547-0700][gc,phases   ] GC(30)   Evacuate Collection Set: 23.5ms
[2021-11-02T23:12:03.547-0700][gc,phases   ] GC(30)   Post Evacuate Collection Set: 1.9ms
[2021-11-02T23:12:03.547-0700][gc,phases   ] GC(30)   Other: 1.7ms
[2021-11-02T23:12:03.547-0700][gc,heap     ] GC(30) Eden regions: 183->0(130)
[2021-11-02T23:12:03.547-0700][gc,heap     ] GC(30) Survivor regions: 3->4(24)
[2021-11-02T23:12:03.547-0700][gc,heap     ] GC(30) Old regions: 15->15
[2021-11-02T23:12:03.547-0700][gc,heap     ] GC(30) Archive regions: 2->2
[2021-11-02T23:12:03.547-0700][gc,heap     ] GC(30) Humongous regions: 129->129
[2021-11-02T23:12:03.547-0700][gc,metaspace] GC(30) Metaspace: 41690K(42368K)->41690K(42368K) NonClass: 36323K(36736K)->36323K(36736K) Class: 5366K(5632K)->5366K(5632K)
[2021-11-02T23:12:03.547-0700][gc          ] GC(30) Pause Young (Normal) (G1 Evacuation Pause) 330M->148M(1024M) 29.182ms
[2021-11-02T23:12:03.547-0700][gc,cpu      ] GC(30) User=0.04s Sys=0.04s Real=0.03s
[2021-11-02T23:13:32.349-0700][gc,start    ] GC(31) Pause Young (Normal) (G1 Evacuation Pause)
[2021-11-02T23:13:32.349-0700][gc,task     ] GC(31) Using 8 workers of 8 for evacuation
[2021-11-02T23:13:32.364-0700][gc,phases   ] GC(31)   Pre Evacuate Collection Set: 0.3ms
[2021-11-02T23:13:32.365-0700][gc,phases   ] GC(31)   Merge Heap Roots: 0.1ms
[2021-11-02T23:13:32.365-0700][gc,phases   ] GC(31)   Evacuate Collection Set: 13.8ms
[2021-11-02T23:13:32.365-0700][gc,phases   ] GC(31)   Post Evacuate Collection Set: 0.7ms
[2021-11-02T23:13:32.365-0700][gc,phases   ] GC(31)   Other: 0.7ms
[2021-11-02T23:13:32.365-0700][gc,heap     ] GC(31) Eden regions: 130->0(227)
[2021-11-02T23:13:32.365-0700][gc,heap     ] GC(31) Survivor regions: 4->4(17)
[2021-11-02T23:13:32.365-0700][gc,heap     ] GC(31) Old regions: 15->15
[2021-11-02T23:13:32.365-0700][gc,heap     ] GC(31) Archive regions: 2->2
[2021-11-02T23:13:32.365-0700][gc,heap     ] GC(31) Humongous regions: 129->129
[2021-11-02T23:13:32.365-0700][gc,metaspace] GC(31) Metaspace: 41690K(42368K)->41690K(42368K) NonClass: 36323K(36736K)->36323K(36736K) Class: 5366K(5632K)->5366K(5632K)
[2021-11-02T23:13:32.365-0700][gc          ] GC(31) Pause Young (Normal) (G1 Evacuation Pause) 278M->148M(1024M) 15.982ms
[2021-11-02T23:13:32.365-0700][gc,cpu      ] GC(31) User=0.03s Sys=0.02s Real=0.02s
[2021-11-02T23:16:07.288-0700][gc,start    ] GC(32) Pause Young (Normal) (G1 Evacuation Pause)
[2021-11-02T23:16:07.290-0700][gc,task     ] GC(32) Using 8 workers of 8 for evacuation
[2021-11-02T23:16:07.302-0700][gc,phases   ] GC(32)   Pre Evacuate Collection Set: 0.8ms
[2021-11-02T23:16:07.303-0700][gc,phases   ] GC(32)   Merge Heap Roots: 0.3ms
[2021-11-02T23:16:07.303-0700][gc,phases   ] GC(32)   Evacuate Collection Set: 9.9ms
[2021-11-02T23:16:07.303-0700][gc,phases   ] GC(32)   Post Evacuate Collection Set: 1.2ms
[2021-11-02T23:16:07.303-0700][gc,phases   ] GC(32)   Other: 1.8ms
[2021-11-02T23:16:07.303-0700][gc,heap     ] GC(32) Eden regions: 227->0(475)
[2021-11-02T23:16:07.303-0700][gc,heap     ] GC(32) Survivor regions: 4->3(29)
[2021-11-02T23:16:07.303-0700][gc,heap     ] GC(32) Old regions: 15->15
[2021-11-02T23:16:07.303-0700][gc,heap     ] GC(32) Archive regions: 2->2
[2021-11-02T23:16:07.303-0700][gc,heap     ] GC(32) Humongous regions: 129->129
[2021-11-02T23:16:07.303-0700][gc,metaspace] GC(32) Metaspace: 41692K(42368K)->41692K(42368K) NonClass: 36326K(36736K)->36326K(36736K) Class: 5366K(5632K)->5366K(5632K)
[2021-11-02T23:16:07.303-0700][gc          ] GC(32) Pause Young (Normal) (G1 Evacuation Pause) 375M->147M(1024M) 14.391ms
[2021-11-02T23:16:07.303-0700][gc,cpu      ] GC(32) User=0.02s Sys=0.02s Real=0.02s
[2021-11-02T23:21:33.472-0700][gc,start    ] GC(33) Pause Young (Normal) (G1 Evacuation Pause)
[2021-11-02T23:21:33.473-0700][gc,task     ] GC(33) Using 8 workers of 8 for evacuation
[2021-11-02T23:21:33.498-0700][gc,mmu      ] GC(33) MMU target violated: 21.0ms (20.0ms/21.0ms)
[2021-11-02T23:21:33.498-0700][gc,phases   ] GC(33)   Pre Evacuate Collection Set: 1.5ms
[2021-11-02T23:21:33.498-0700][gc,phases   ] GC(33)   Merge Heap Roots: 0.4ms
[2021-11-02T23:21:33.498-0700][gc,phases   ] GC(33)   Evacuate Collection Set: 19.6ms
[2021-11-02T23:21:33.498-0700][gc,phases   ] GC(33)   Post Evacuate Collection Set: 1.6ms
[2021-11-02T23:21:33.498-0700][gc,phases   ] GC(33)   Other: 3.0ms
[2021-11-02T23:21:33.498-0700][gc,heap     ] GC(33) Eden regions: 475->0(429)
[2021-11-02T23:21:33.498-0700][gc,heap     ] GC(33) Survivor regions: 3->3(60)
[2021-11-02T23:21:33.498-0700][gc,heap     ] GC(33) Old regions: 15->15
[2021-11-02T23:21:33.498-0700][gc,heap     ] GC(33) Archive regions: 2->2
[2021-11-02T23:21:33.498-0700][gc,heap     ] GC(33) Humongous regions: 129->129
[2021-11-02T23:21:33.498-0700][gc,metaspace] GC(33) Metaspace: 41702K(42368K)->41702K(42368K) NonClass: 36336K(36736K)->36336K(36736K) Class: 5366K(5632K)->5366K(5632K)
[2021-11-02T23:21:33.498-0700][gc          ] GC(33) Pause Young (Normal) (G1 Evacuation Pause) 622M->147M(1024M) 26.137ms
[2021-11-02T23:21:33.498-0700][gc,cpu      ] GC(33) User=0.02s Sys=0.04s Real=0.02s
[2021-11-02T23:26:26.748-0700][gc,start    ] GC(34) Pause Young (Normal) (G1 Evacuation Pause)
[2021-11-02T23:26:26.749-0700][gc,task     ] GC(34) Using 8 workers of 8 for evacuation
[2021-11-02T23:26:26.798-0700][gc,mmu      ] GC(34) MMU target violated: 21.0ms (20.0ms/21.0ms)
[2021-11-02T23:26:26.798-0700][gc,phases   ] GC(34)   Pre Evacuate Collection Set: 2.8ms
[2021-11-02T23:26:26.798-0700][gc,phases   ] GC(34)   Merge Heap Roots: 1.5ms
[2021-11-02T23:26:26.798-0700][gc,phases   ] GC(34)   Evacuate Collection Set: 42.9ms
[2021-11-02T23:26:26.798-0700][gc,phases   ] GC(34)   Post Evacuate Collection Set: 1.8ms
[2021-11-02T23:26:26.798-0700][gc,phases   ] GC(34)   Other: 1.6ms
[2021-11-02T23:26:26.798-0700][gc,heap     ] GC(34) Eden regions: 429->0(116)
[2021-11-02T23:26:26.798-0700][gc,heap     ] GC(34) Survivor regions: 3->3(54)
[2021-11-02T23:26:26.798-0700][gc,heap     ] GC(34) Old regions: 15->15
[2021-11-02T23:26:26.798-0700][gc,heap     ] GC(34) Archive regions: 2->2
[2021-11-02T23:26:26.798-0700][gc,heap     ] GC(34) Humongous regions: 129->129
[2021-11-02T23:26:26.798-0700][gc,metaspace] GC(34) Metaspace: 41709K(42368K)->41709K(42368K) NonClass: 36342K(36736K)->36342K(36736K) Class: 5366K(5632K)->5366K(5632K)
[2021-11-02T23:26:26.798-0700][gc          ] GC(34) Pause Young (Normal) (G1 Evacuation Pause) 576M->147M(1024M) 49.997ms
[2021-11-02T23:26:26.798-0700][gc,cpu      ] GC(34) User=0.03s Sys=0.06s Real=0.05s
[2021-11-02T23:27:45.909-0700][gc,start    ] GC(35) Pause Young (Normal) (G1 Evacuation Pause)
[2021-11-02T23:27:45.910-0700][gc,task     ] GC(35) Using 8 workers of 8 for evacuation
[2021-11-02T23:27:45.947-0700][gc,mmu      ] GC(35) MMU target violated: 21.0ms (20.0ms/21.0ms)
[2021-11-02T23:27:45.947-0700][gc,phases   ] GC(35)   Pre Evacuate Collection Set: 0.7ms
[2021-11-02T23:27:45.947-0700][gc,phases   ] GC(35)   Merge Heap Roots: 0.2ms
[2021-11-02T23:27:45.947-0700][gc,phases   ] GC(35)   Evacuate Collection Set: 34.3ms
[2021-11-02T23:27:45.947-0700][gc,phases   ] GC(35)   Post Evacuate Collection Set: 1.2ms
[2021-11-02T23:27:45.947-0700][gc,phases   ] GC(35)   Other: 1.3ms
[2021-11-02T23:27:45.947-0700][gc,heap     ] GC(35) Eden regions: 116->0(47)
[2021-11-02T23:27:45.947-0700][gc,heap     ] GC(35) Survivor regions: 3->4(15)
[2021-11-02T23:27:45.947-0700][gc,heap     ] GC(35) Old regions: 15->15
[2021-11-02T23:27:45.947-0700][gc,heap     ] GC(35) Archive regions: 2->2
[2021-11-02T23:27:45.947-0700][gc,heap     ] GC(35) Humongous regions: 129->129
[2021-11-02T23:27:45.947-0700][gc,metaspace] GC(35) Metaspace: 41709K(42368K)->41709K(42368K) NonClass: 36342K(36736K)->36342K(36736K) Class: 5366K(5632K)->5366K(5632K)
[2021-11-02T23:27:45.947-0700][gc          ] GC(35) Pause Young (Normal) (G1 Evacuation Pause) 263M->148M(1024M) 37.862ms
[2021-11-02T23:27:45.947-0700][gc,cpu      ] GC(35) User=0.02s Sys=0.03s Real=0.04s
[2021-11-02T23:28:17.883-0700][gc,start    ] GC(36) Pause Young (Normal) (G1 Evacuation Pause)
[2021-11-02T23:28:17.883-0700][gc,task     ] GC(36) Using 8 workers of 8 for evacuation
[2021-11-02T23:28:17.896-0700][gc,phases   ] GC(36)   Pre Evacuate Collection Set: 1.1ms
[2021-11-02T23:28:17.896-0700][gc,phases   ] GC(36)   Merge Heap Roots: 0.5ms
[2021-11-02T23:28:17.896-0700][gc,phases   ] GC(36)   Evacuate Collection Set: 10.6ms
[2021-11-02T23:28:17.896-0700][gc,phases   ] GC(36)   Post Evacuate Collection Set: 0.6ms
[2021-11-02T23:28:17.896-0700][gc,phases   ] GC(36)   Other: 0.6ms
[2021-11-02T23:28:17.896-0700][gc,heap     ] GC(36) Eden regions: 47->0(53)
[2021-11-02T23:28:17.896-0700][gc,heap     ] GC(36) Survivor regions: 4->4(7)
[2021-11-02T23:28:17.896-0700][gc,heap     ] GC(36) Old regions: 15->15
[2021-11-02T23:28:17.896-0700][gc,heap     ] GC(36) Archive regions: 2->2
[2021-11-02T23:28:17.896-0700][gc,heap     ] GC(36) Humongous regions: 129->129
[2021-11-02T23:28:17.896-0700][gc,metaspace] GC(36) Metaspace: 41709K(42368K)->41709K(42368K) NonClass: 36343K(36736K)->36343K(36736K) Class: 5366K(5632K)->5366K(5632K)
[2021-11-02T23:28:17.896-0700][gc          ] GC(36) Pause Young (Normal) (G1 Evacuation Pause) 195M->148M(1024M) 13.584ms
[2021-11-02T23:28:17.896-0700][gc,cpu      ] GC(36) User=0.02s Sys=0.01s Real=0.01s
[2021-11-02T23:28:53.678-0700][gc,start    ] GC(37) Pause Young (Normal) (G1 Evacuation Pause)
[2021-11-02T23:28:53.680-0700][gc,task     ] GC(37) Using 8 workers of 8 for evacuation
[2021-11-02T23:28:53.694-0700][gc,phases   ] GC(37)   Pre Evacuate Collection Set: 0.7ms
[2021-11-02T23:28:53.695-0700][gc,phases   ] GC(37)   Merge Heap Roots: 0.2ms
[2021-11-02T23:28:53.695-0700][gc,phases   ] GC(37)   Evacuate Collection Set: 13.1ms
[2021-11-02T23:28:53.695-0700][gc,phases   ] GC(37)   Post Evacuate Collection Set: 0.5ms
[2021-11-02T23:28:53.695-0700][gc,phases   ] GC(37)   Other: 1.8ms
[2021-11-02T23:28:53.695-0700][gc,heap     ] GC(37) Eden regions: 53->0(257)
[2021-11-02T23:28:53.695-0700][gc,heap     ] GC(37) Survivor regions: 4->3(8)
[2021-11-02T23:28:53.695-0700][gc,heap     ] GC(37) Old regions: 15->15
[2021-11-02T23:28:53.695-0700][gc,heap     ] GC(37) Archive regions: 2->2
[2021-11-02T23:28:53.695-0700][gc,heap     ] GC(37) Humongous regions: 129->129
[2021-11-02T23:28:53.695-0700][gc,metaspace] GC(37) Metaspace: 41709K(42368K)->41709K(42368K) NonClass: 36343K(36736K)->36343K(36736K) Class: 5366K(5632K)->5366K(5632K)
[2021-11-02T23:28:53.695-0700][gc          ] GC(37) Pause Young (Normal) (G1 Evacuation Pause) 201M->147M(1024M) 16.436ms
[2021-11-02T23:28:53.695-0700][gc,cpu      ] GC(37) User=0.02s Sys=0.01s Real=0.02s
[2021-11-02T23:31:47.372-0700][gc,start    ] GC(38) Pause Young (Normal) (G1 Evacuation Pause)
[2021-11-02T23:31:47.373-0700][gc,task     ] GC(38) Using 8 workers of 8 for evacuation
[2021-11-02T23:31:47.387-0700][gc,phases   ] GC(38)   Pre Evacuate Collection Set: 1.5ms
[2021-11-02T23:31:47.387-0700][gc,phases   ] GC(38)   Merge Heap Roots: 0.2ms
[2021-11-02T23:31:47.387-0700][gc,phases   ] GC(38)   Evacuate Collection Set: 11.3ms
[2021-11-02T23:31:47.387-0700][gc,phases   ] GC(38)   Post Evacuate Collection Set: 1.3ms
[2021-11-02T23:31:47.388-0700][gc,phases   ] GC(38)   Other: 1.7ms
[2021-11-02T23:31:47.388-0700][gc,heap     ] GC(38) Eden regions: 257->0(380)
[2021-11-02T23:31:47.388-0700][gc,heap     ] GC(38) Survivor regions: 3->2(33)
[2021-11-02T23:31:47.388-0700][gc,heap     ] GC(38) Old regions: 15->15
[2021-11-02T23:31:47.388-0700][gc,heap     ] GC(38) Archive regions: 2->2
[2021-11-02T23:31:47.388-0700][gc,heap     ] GC(38) Humongous regions: 129->129
[2021-11-02T23:31:47.388-0700][gc,metaspace] GC(38) Metaspace: 41713K(42368K)->41713K(42368K) NonClass: 36347K(36736K)->36347K(36736K) Class: 5366K(5632K)->5366K(5632K)
[2021-11-02T23:31:47.388-0700][gc          ] GC(38) Pause Young (Normal) (G1 Evacuation Pause) 404M->146M(1024M) 16.067ms
[2021-11-02T23:31:47.388-0700][gc,cpu      ] GC(38) User=0.02s Sys=0.03s Real=0.01s
[2021-11-02T23:36:07.484-0700][gc,start    ] GC(39) Pause Young (Normal) (G1 Evacuation Pause)
[2021-11-02T23:36:07.485-0700][gc,task     ] GC(39) Using 8 workers of 8 for evacuation
[2021-11-02T23:36:07.521-0700][gc,mmu      ] GC(39) MMU target violated: 21.0ms (20.0ms/21.0ms)
[2021-11-02T23:36:07.521-0700][gc,phases   ] GC(39)   Pre Evacuate Collection Set: 1.9ms
[2021-11-02T23:36:07.521-0700][gc,phases   ] GC(39)   Merge Heap Roots: 0.2ms
[2021-11-02T23:36:07.521-0700][gc,phases   ] GC(39)   Evacuate Collection Set: 31.7ms
[2021-11-02T23:36:07.522-0700][gc,phases   ] GC(39)   Post Evacuate Collection Set: 2.0ms
[2021-11-02T23:36:07.522-0700][gc,phases   ] GC(39)   Other: 1.8ms
[2021-11-02T23:36:07.522-0700][gc,heap     ] GC(39) Eden regions: 380->0(304)
[2021-11-02T23:36:07.522-0700][gc,heap     ] GC(39) Survivor regions: 2->4(48)
[2021-11-02T23:36:07.522-0700][gc,heap     ] GC(39) Old regions: 15->15
[2021-11-02T23:36:07.522-0700][gc,heap     ] GC(39) Archive regions: 2->2
[2021-11-02T23:36:07.522-0700][gc,heap     ] GC(39) Humongous regions: 129->129
[2021-11-02T23:36:07.522-0700][gc,metaspace] GC(39) Metaspace: 41713K(42368K)->41713K(42368K) NonClass: 36347K(36736K)->36347K(36736K) Class: 5366K(5632K)->5366K(5632K)
[2021-11-02T23:36:07.522-0700][gc          ] GC(39) Pause Young (Normal) (G1 Evacuation Pause) 526M->147M(1024M) 37.194ms
[2021-11-02T23:36:07.522-0700][gc,cpu      ] GC(39) User=0.03s Sys=0.05s Real=0.04s
[2021-11-02T23:39:35.410-0700][gc,start    ] GC(40) Pause Young (Normal) (G1 Evacuation Pause)
[2021-11-02T23:39:35.411-0700][gc,task     ] GC(40) Using 8 workers of 8 for evacuation
[2021-11-02T23:39:35.432-0700][gc,mmu      ] GC(40) MMU target violated: 21.0ms (20.0ms/21.0ms)
[2021-11-02T23:39:35.433-0700][gc,phases   ] GC(40)   Pre Evacuate Collection Set: 0.6ms
[2021-11-02T23:39:35.433-0700][gc,phases   ] GC(40)   Merge Heap Roots: 0.1ms
[2021-11-02T23:39:35.433-0700][gc,phases   ] GC(40)   Evacuate Collection Set: 18.6ms
[2021-11-02T23:39:35.433-0700][gc,phases   ] GC(40)   Post Evacuate Collection Set: 2.0ms
[2021-11-02T23:39:35.433-0700][gc,phases   ] GC(40)   Other: 1.2ms
[2021-11-02T23:39:35.433-0700][gc,heap     ] GC(40) Eden regions: 304->0(558)
[2021-11-02T23:39:35.433-0700][gc,heap     ] GC(40) Survivor regions: 4->3(39)
[2021-11-02T23:39:35.433-0700][gc,heap     ] GC(40) Old regions: 15->15
[2021-11-02T23:39:35.433-0700][gc,heap     ] GC(40) Archive regions: 2->2
[2021-11-02T23:39:35.433-0700][gc,heap     ] GC(40) Humongous regions: 129->129
[2021-11-02T23:39:35.433-0700][gc,metaspace] GC(40) Metaspace: 41726K(42368K)->41726K(42368K) NonClass: 36359K(36736K)->36359K(36736K) Class: 5366K(5632K)->5366K(5632K)
[2021-11-02T23:39:35.433-0700][gc          ] GC(40) Pause Young (Normal) (G1 Evacuation Pause) 451M->147M(1024M) 22.632ms
[2021-11-02T23:39:35.433-0700][gc,cpu      ] GC(40) User=0.02s Sys=0.03s Real=0.02s
[2021-11-02T23:45:58.380-0700][gc,start    ] GC(41) Pause Young (Normal) (G1 Evacuation Pause)
[2021-11-02T23:45:58.381-0700][gc,task     ] GC(41) Using 8 workers of 8 for evacuation
[2021-11-02T23:45:58.404-0700][gc,mmu      ] GC(41) MMU target violated: 21.0ms (20.0ms/21.0ms)
[2021-11-02T23:45:58.404-0700][gc,phases   ] GC(41)   Pre Evacuate Collection Set: 0.9ms
[2021-11-02T23:45:58.404-0700][gc,phases   ] GC(41)   Merge Heap Roots: 0.3ms
[2021-11-02T23:45:58.404-0700][gc,phases   ] GC(41)   Evacuate Collection Set: 19.4ms
[2021-11-02T23:45:58.404-0700][gc,phases   ] GC(41)   Post Evacuate Collection Set: 1.8ms
[2021-11-02T23:45:58.404-0700][gc,phases   ] GC(41)   Other: 1.7ms
[2021-11-02T23:45:58.404-0700][gc,heap     ] GC(41) Eden regions: 558->0(442)
[2021-11-02T23:45:58.404-0700][gc,heap     ] GC(41) Survivor regions: 3->3(71)
[2021-11-02T23:45:58.404-0700][gc,heap     ] GC(41) Old regions: 15->15
[2021-11-02T23:45:58.404-0700][gc,heap     ] GC(41) Archive regions: 2->2
[2021-11-02T23:45:58.404-0700][gc,heap     ] GC(41) Humongous regions: 129->129
[2021-11-02T23:45:58.404-0700][gc,metaspace] GC(41) Metaspace: 41735K(42432K)->41735K(42432K) NonClass: 36368K(36800K)->36368K(36800K) Class: 5366K(5632K)->5366K(5632K)
[2021-11-02T23:45:58.404-0700][gc          ] GC(41) Pause Young (Normal) (G1 Evacuation Pause) 705M->147M(1024M) 24.173ms
[2021-11-02T23:45:58.405-0700][gc,cpu      ] GC(41) User=0.02s Sys=0.04s Real=0.02s
[2021-11-02T23:51:01.124-0700][gc,start    ] GC(42) Pause Young (Normal) (G1 Evacuation Pause)
[2021-11-02T23:51:01.125-0700][gc,task     ] GC(42) Using 8 workers of 8 for evacuation
[2021-11-02T23:51:01.150-0700][gc,mmu      ] GC(42) MMU target violated: 21.0ms (20.0ms/21.0ms)
[2021-11-02T23:51:01.150-0700][gc,phases   ] GC(42)   Pre Evacuate Collection Set: 1.0ms
[2021-11-02T23:51:01.150-0700][gc,phases   ] GC(42)   Merge Heap Roots: 0.3ms
[2021-11-02T23:51:01.150-0700][gc,phases   ] GC(42)   Evacuate Collection Set: 20.4ms
[2021-11-02T23:51:01.150-0700][gc,phases   ] GC(42)   Post Evacuate Collection Set: 3.1ms
[2021-11-02T23:51:01.150-0700][gc,phases   ] GC(42)   Other: 2.3ms
[2021-11-02T23:51:01.150-0700][gc,heap     ] GC(42) Eden regions: 442->0(611)
[2021-11-02T23:51:01.150-0700][gc,heap     ] GC(42) Survivor regions: 3->3(56)
[2021-11-02T23:51:01.150-0700][gc,heap     ] GC(42) Old regions: 15->15
[2021-11-02T23:51:01.150-0700][gc,heap     ] GC(42) Archive regions: 2->2
[2021-11-02T23:51:01.150-0700][gc,heap     ] GC(42) Humongous regions: 129->129
[2021-11-02T23:51:01.150-0700][gc,metaspace] GC(42) Metaspace: 41739K(42432K)->41739K(42432K) NonClass: 36372K(36800K)->36372K(36800K) Class: 5366K(5632K)->5366K(5632K)
[2021-11-02T23:51:01.151-0700][gc          ] GC(42) Pause Young (Normal) (G1 Evacuation Pause) 589M->147M(1024M) 26.358ms
[2021-11-02T23:51:01.151-0700][gc,cpu      ] GC(42) User=0.03s Sys=0.04s Real=0.03s
[2021-11-02T23:58:00.753-0700][gc,start    ] GC(43) Pause Young (Normal) (G1 Evacuation Pause)
[2021-11-02T23:58:00.754-0700][gc,task     ] GC(43) Using 8 workers of 8 for evacuation
[2021-11-02T23:58:00.791-0700][gc,mmu      ] GC(43) MMU target violated: 21.0ms (20.0ms/21.0ms)
[2021-11-02T23:58:00.791-0700][gc,phases   ] GC(43)   Pre Evacuate Collection Set: 0.9ms
[2021-11-02T23:58:00.791-0700][gc,phases   ] GC(43)   Merge Heap Roots: 0.5ms
[2021-11-02T23:58:00.791-0700][gc,phases   ] GC(43)   Evacuate Collection Set: 19.1ms
[2021-11-02T23:58:00.791-0700][gc,phases   ] GC(43)   Post Evacuate Collection Set: 14.6ms
[2021-11-02T23:58:00.791-0700][gc,phases   ] GC(43)   Other: 3.2ms
[2021-11-02T23:58:00.791-0700][gc,heap     ] GC(43) Eden regions: 611->0(47)
[2021-11-02T23:58:00.791-0700][gc,heap     ] GC(43) Survivor regions: 3->4(77)
[2021-11-02T23:58:00.791-0700][gc,heap     ] GC(43) Old regions: 15->15
[2021-11-02T23:58:00.791-0700][gc,heap     ] GC(43) Archive regions: 2->2
[2021-11-02T23:58:00.791-0700][gc,heap     ] GC(43) Humongous regions: 129->129
[2021-11-02T23:58:00.791-0700][gc,metaspace] GC(43) Metaspace: 41739K(42432K)->41739K(42432K) NonClass: 36373K(36800K)->36373K(36800K) Class: 5366K(5632K)->5366K(5632K)
[2021-11-02T23:58:00.791-0700][gc          ] GC(43) Pause Young (Normal) (G1 Evacuation Pause) 758M->148M(1024M) 38.323ms
[2021-11-02T23:58:00.791-0700][gc,cpu      ] GC(43) User=0.03s Sys=0.05s Real=0.04s
[2021-11-02T23:58:32.734-0700][gc,start    ] GC(44) Pause Young (Normal) (G1 Evacuation Pause)
[2021-11-02T23:58:32.735-0700][gc,task     ] GC(44) Using 8 workers of 8 for evacuation
[2021-11-02T23:58:32.750-0700][gc,phases   ] GC(44)   Pre Evacuate Collection Set: 0.3ms
[2021-11-02T23:58:32.750-0700][gc,phases   ] GC(44)   Merge Heap Roots: 0.1ms
[2021-11-02T23:58:32.750-0700][gc,phases   ] GC(44)   Evacuate Collection Set: 13.7ms
[2021-11-02T23:58:32.750-0700][gc,phases   ] GC(44)   Post Evacuate Collection Set: 0.8ms
[2021-11-02T23:58:32.750-0700][gc,phases   ] GC(44)   Other: 1.5ms
[2021-11-02T23:58:32.751-0700][gc,heap     ] GC(44) Eden regions: 47->0(177)
[2021-11-02T23:58:32.751-0700][gc,heap     ] GC(44) Survivor regions: 4->3(7)
[2021-11-02T23:58:32.751-0700][gc,heap     ] GC(44) Old regions: 15->15
[2021-11-02T23:58:32.751-0700][gc,heap     ] GC(44) Archive regions: 2->2
[2021-11-02T23:58:32.751-0700][gc,heap     ] GC(44) Humongous regions: 129->129
[2021-11-02T23:58:32.751-0700][gc,metaspace] GC(44) Metaspace: 41739K(42432K)->41739K(42432K) NonClass: 36373K(36800K)->36373K(36800K) Class: 5366K(5632K)->5366K(5632K)
[2021-11-02T23:58:32.751-0700][gc          ] GC(44) Pause Young (Normal) (G1 Evacuation Pause) 195M->147M(1024M) 16.823ms
[2021-11-02T23:58:32.751-0700][gc,cpu      ] GC(44) User=0.03s Sys=0.02s Real=0.02s
[2021-11-03T00:00:33.980-0700][gc,start    ] GC(45) Pause Young (Normal) (G1 Evacuation Pause)
[2021-11-03T00:00:33.980-0700][gc,task     ] GC(45) Using 8 workers of 8 for evacuation
[2021-11-03T00:00:34.004-0700][gc,mmu      ] GC(45) MMU target violated: 21.0ms (20.0ms/21.0ms)
[2021-11-03T00:00:34.004-0700][gc,phases   ] GC(45)   Pre Evacuate Collection Set: 1.0ms
[2021-11-03T00:00:34.004-0700][gc,phases   ] GC(45)   Merge Heap Roots: 0.3ms
[2021-11-03T00:00:34.004-0700][gc,phases   ] GC(45)   Evacuate Collection Set: 19.7ms
[2021-11-03T00:00:34.004-0700][gc,phases   ] GC(45)   Post Evacuate Collection Set: 2.2ms
[2021-11-03T00:00:34.004-0700][gc,phases   ] GC(45)   Other: 1.1ms
[2021-11-03T00:00:34.004-0700][gc,heap     ] GC(45) Eden regions: 177->0(211)
[2021-11-03T00:00:34.004-0700][gc,heap     ] GC(45) Survivor regions: 3->4(23)
[2021-11-03T00:00:34.004-0700][gc,heap     ] GC(45) Old regions: 15->15
[2021-11-03T00:00:34.004-0700][gc,heap     ] GC(45) Archive regions: 2->2
[2021-11-03T00:00:34.004-0700][gc,heap     ] GC(45) Humongous regions: 129->129
[2021-11-03T00:00:34.004-0700][gc,metaspace] GC(45) Metaspace: 41740K(42432K)->41740K(42432K) NonClass: 36373K(36800K)->36373K(36800K) Class: 5366K(5632K)->5366K(5632K)
[2021-11-03T00:00:34.004-0700][gc          ] GC(45) Pause Young (Normal) (G1 Evacuation Pause) 324M->148M(1024M) 24.451ms
[2021-11-03T00:00:34.004-0700][gc,cpu      ] GC(45) User=0.02s Sys=0.03s Real=0.02s
[2021-11-03T00:02:58.622-0700][gc,start    ] GC(46) Pause Young (Normal) (G1 Evacuation Pause)
[2021-11-03T00:02:58.623-0700][gc,task     ] GC(46) Using 8 workers of 8 for evacuation
[2021-11-03T00:02:58.641-0700][gc,phases   ] GC(46)   Pre Evacuate Collection Set: 0.4ms
[2021-11-03T00:02:58.641-0700][gc,phases   ] GC(46)   Merge Heap Roots: 0.1ms
[2021-11-03T00:02:58.641-0700][gc,phases   ] GC(46)   Evacuate Collection Set: 16.3ms
[2021-11-03T00:02:58.641-0700][gc,phases   ] GC(46)   Post Evacuate Collection Set: 0.8ms
[2021-11-03T00:02:58.641-0700][gc,phases   ] GC(46)   Other: 1.0ms
[2021-11-03T00:02:58.641-0700][gc,heap     ] GC(46) Eden regions: 211->0(377)
[2021-11-03T00:02:58.641-0700][gc,heap     ] GC(46) Survivor regions: 4->4(27)
[2021-11-03T00:02:58.641-0700][gc,heap     ] GC(46) Old regions: 15->15
[2021-11-03T00:02:58.641-0700][gc,heap     ] GC(46) Archive regions: 2->2
[2021-11-03T00:02:58.641-0700][gc,heap     ] GC(46) Humongous regions: 129->129
[2021-11-03T00:02:58.641-0700][gc,metaspace] GC(46) Metaspace: 41740K(42432K)->41740K(42432K) NonClass: 36373K(36800K)->36373K(36800K) Class: 5366K(5632K)->5366K(5632K)
[2021-11-03T00:02:58.641-0700][gc          ] GC(46) Pause Young (Normal) (G1 Evacuation Pause) 359M->148M(1024M) 18.901ms
[2021-11-03T00:02:58.641-0700][gc,cpu      ] GC(46) User=0.03s Sys=0.02s Real=0.02s
[2021-11-03T00:07:16.888-0700][gc,start    ] GC(47) Pause Young (Normal) (G1 Evacuation Pause)
[2021-11-03T00:07:16.891-0700][gc,task     ] GC(47) Using 8 workers of 8 for evacuation
[2021-11-03T00:07:16.918-0700][gc,mmu      ] GC(47) MMU target violated: 21.0ms (20.0ms/21.0ms)
[2021-11-03T00:07:16.919-0700][gc,phases   ] GC(47)   Pre Evacuate Collection Set: 1.0ms
[2021-11-03T00:07:16.919-0700][gc,phases   ] GC(47)   Merge Heap Roots: 0.2ms
[2021-11-03T00:07:16.919-0700][gc,phases   ] GC(47)   Evacuate Collection Set: 24.2ms
[2021-11-03T00:07:16.919-0700][gc,phases   ] GC(47)   Post Evacuate Collection Set: 2.1ms
[2021-11-03T00:07:16.919-0700][gc,phases   ] GC(47)   Other: 4.2ms
[2021-11-03T00:07:16.919-0700][gc,heap     ] GC(47) Eden regions: 377->0(155)
[2021-11-03T00:07:16.919-0700][gc,heap     ] GC(47) Survivor regions: 4->3(48)
[2021-11-03T00:07:16.919-0700][gc,heap     ] GC(47) Old regions: 15->16
[2021-11-03T00:07:16.919-0700][gc,heap     ] GC(47) Archive regions: 2->2
[2021-11-03T00:07:16.919-0700][gc,heap     ] GC(47) Humongous regions: 129->129
[2021-11-03T00:07:16.919-0700][gc,metaspace] GC(47) Metaspace: 41746K(42432K)->41746K(42432K) NonClass: 36379K(36800K)->36379K(36800K) Class: 5366K(5632K)->5366K(5632K)
[2021-11-03T00:07:16.919-0700][gc          ] GC(47) Pause Young (Normal) (G1 Evacuation Pause) 525M->147M(1024M) 30.726ms
[2021-11-03T00:07:16.919-0700][gc,cpu      ] GC(47) User=0.02s Sys=0.03s Real=0.03s
[2021-11-03T00:09:02.805-0700][gc,start    ] GC(48) Pause Young (Normal) (G1 Evacuation Pause)
[2021-11-03T00:09:02.807-0700][gc,task     ] GC(48) Using 8 workers of 8 for evacuation
[2021-11-03T00:09:02.828-0700][gc,mmu      ] GC(48) MMU target violated: 21.0ms (20.0ms/21.0ms)
[2021-11-03T00:09:02.828-0700][gc,phases   ] GC(48)   Pre Evacuate Collection Set: 0.4ms
[2021-11-03T00:09:02.828-0700][gc,phases   ] GC(48)   Merge Heap Roots: 0.1ms
[2021-11-03T00:09:02.828-0700][gc,phases   ] GC(48)   Evacuate Collection Set: 19.9ms
[2021-11-03T00:09:02.828-0700][gc,phases   ] GC(48)   Post Evacuate Collection Set: 0.5ms
[2021-11-03T00:09:02.828-0700][gc,phases   ] GC(48)   Other: 1.8ms
[2021-11-03T00:09:02.828-0700][gc,heap     ] GC(48) Eden regions: 155->0(299)
[2021-11-03T00:09:02.828-0700][gc,heap     ] GC(48) Survivor regions: 3->3(20)
[2021-11-03T00:09:02.828-0700][gc,heap     ] GC(48) Old regions: 16->16
[2021-11-03T00:09:02.828-0700][gc,heap     ] GC(48) Archive regions: 2->2
[2021-11-03T00:09:02.828-0700][gc,heap     ] GC(48) Humongous regions: 129->129
[2021-11-03T00:09:02.828-0700][gc,metaspace] GC(48) Metaspace: 41746K(42432K)->41746K(42432K) NonClass: 36379K(36800K)->36379K(36800K) Class: 5366K(5632K)->5366K(5632K)
[2021-11-03T00:09:02.828-0700][gc          ] GC(48) Pause Young (Normal) (G1 Evacuation Pause) 302M->147M(1024M) 22.980ms
[2021-11-03T00:09:02.828-0700][gc,cpu      ] GC(48) User=0.02s Sys=0.02s Real=0.02s
[2021-11-03T00:12:27.528-0700][gc,start    ] GC(49) Pause Young (Normal) (G1 Evacuation Pause)
[2021-11-03T00:12:27.528-0700][gc,task     ] GC(49) Using 8 workers of 8 for evacuation
[2021-11-03T00:12:27.556-0700][gc,mmu      ] GC(49) MMU target violated: 21.0ms (20.0ms/21.0ms)
[2021-11-03T00:12:27.556-0700][gc,phases   ] GC(49)   Pre Evacuate Collection Set: 0.7ms
[2021-11-03T00:12:27.556-0700][gc,phases   ] GC(49)   Merge Heap Roots: 0.2ms
[2021-11-03T00:12:27.556-0700][gc,phases   ] GC(49)   Evacuate Collection Set: 25.9ms
[2021-11-03T00:12:27.556-0700][gc,phases   ] GC(49)   Post Evacuate Collection Set: 0.9ms
[2021-11-03T00:12:27.556-0700][gc,phases   ] GC(49)   Other: 1.3ms
[2021-11-03T00:12:27.556-0700][gc,heap     ] GC(49) Eden regions: 299->0(362)
[2021-11-03T00:12:27.556-0700][gc,heap     ] GC(49) Survivor regions: 3->4(38)
[2021-11-03T00:12:27.556-0700][gc,heap     ] GC(49) Old regions: 16->16
[2021-11-03T00:12:27.556-0700][gc,heap     ] GC(49) Archive regions: 2->2
[2021-11-03T00:12:27.556-0700][gc,heap     ] GC(49) Humongous regions: 129->129
[2021-11-03T00:12:27.556-0700][gc,metaspace] GC(49) Metaspace: 41763K(42432K)->41763K(42432K) NonClass: 36397K(36800K)->36397K(36800K) Class: 5366K(5632K)->5366K(5632K)
[2021-11-03T00:12:27.556-0700][gc          ] GC(49) Pause Young (Normal) (G1 Evacuation Pause) 446M->148M(1024M) 28.399ms
[2021-11-03T00:12:27.556-0700][gc,cpu      ] GC(49) User=0.02s Sys=0.02s Real=0.03s
[2021-11-03T00:16:50.733-0700][gc,start    ] GC(50) Pause Young (Normal) (G1 Evacuation Pause)
[2021-11-03T00:16:50.734-0700][gc,task     ] GC(50) Using 8 workers of 8 for evacuation
[2021-11-03T00:16:50.762-0700][gc,mmu      ] GC(50) MMU target violated: 21.0ms (20.0ms/21.0ms)
[2021-11-03T00:16:50.762-0700][gc,phases   ] GC(50)   Pre Evacuate Collection Set: 2.8ms
[2021-11-03T00:16:50.762-0700][gc,phases   ] GC(50)   Merge Heap Roots: 1.3ms
[2021-11-03T00:16:50.762-0700][gc,phases   ] GC(50)   Evacuate Collection Set: 21.5ms
[2021-11-03T00:16:50.762-0700][gc,phases   ] GC(50)   Post Evacuate Collection Set: 2.3ms
[2021-11-03T00:16:50.762-0700][gc,phases   ] GC(50)   Other: 1.4ms
[2021-11-03T00:16:50.762-0700][gc,heap     ] GC(50) Eden regions: 362->0(358)
[2021-11-03T00:16:50.762-0700][gc,heap     ] GC(50) Survivor regions: 4->4(46)
[2021-11-03T00:16:50.762-0700][gc,heap     ] GC(50) Old regions: 16->16
[2021-11-03T00:16:50.762-0700][gc,heap     ] GC(50) Archive regions: 2->2
[2021-11-03T00:16:50.762-0700][gc,heap     ] GC(50) Humongous regions: 129->129
[2021-11-03T00:16:50.762-0700][gc,metaspace] GC(50) Metaspace: 41766K(42432K)->41766K(42432K) NonClass: 36399K(36800K)->36399K(36800K) Class: 5367K(5632K)->5367K(5632K)
[2021-11-03T00:16:50.762-0700][gc          ] GC(50) Pause Young (Normal) (G1 Evacuation Pause) 510M->148M(1024M) 29.381ms
[2021-11-03T00:16:50.762-0700][gc,cpu      ] GC(50) User=0.03s Sys=0.05s Real=0.03s
[2021-11-03T00:21:15.711-0700][gc,start    ] GC(51) Pause Young (Normal) (G1 Evacuation Pause)
[2021-11-03T00:21:15.712-0700][gc,task     ] GC(51) Using 8 workers of 8 for evacuation
[2021-11-03T00:21:15.753-0700][gc,mmu      ] GC(51) MMU target violated: 21.0ms (20.0ms/21.0ms)
[2021-11-03T00:21:15.753-0700][gc,phases   ] GC(51)   Pre Evacuate Collection Set: 2.6ms
[2021-11-03T00:21:15.753-0700][gc,phases   ] GC(51)   Merge Heap Roots: 1.1ms
[2021-11-03T00:21:15.753-0700][gc,phases   ] GC(51)   Evacuate Collection Set: 35.1ms
[2021-11-03T00:21:15.753-0700][gc,phases   ] GC(51)   Post Evacuate Collection Set: 2.3ms
[2021-11-03T00:21:15.753-0700][gc,phases   ] GC(51)   Other: 1.7ms
[2021-11-03T00:21:15.753-0700][gc,heap     ] GC(51) Eden regions: 358->0(209)
[2021-11-03T00:21:15.753-0700][gc,heap     ] GC(51) Survivor regions: 4->3(46)
[2021-11-03T00:21:15.753-0700][gc,heap     ] GC(51) Old regions: 16->16
[2021-11-03T00:21:15.753-0700][gc,heap     ] GC(51) Archive regions: 2->2
[2021-11-03T00:21:15.753-0700][gc,heap     ] GC(51) Humongous regions: 129->129
[2021-11-03T00:21:15.753-0700][gc,metaspace] GC(51) Metaspace: 41767K(42432K)->41767K(42432K) NonClass: 36400K(36800K)->36400K(36800K) Class: 5367K(5632K)->5367K(5632K)
[2021-11-03T00:21:15.753-0700][gc          ] GC(51) Pause Young (Normal) (G1 Evacuation Pause) 506M->147M(1024M) 42.779ms
[2021-11-03T00:21:15.754-0700][gc,cpu      ] GC(51) User=0.03s Sys=0.04s Real=0.04s
[2021-11-03T00:23:51.344-0700][gc,start    ] GC(52) Pause Young (Normal) (G1 Evacuation Pause)
[2021-11-03T00:23:51.345-0700][gc,task     ] GC(52) Using 8 workers of 8 for evacuation
[2021-11-03T00:23:51.381-0700][gc,mmu      ] GC(52) MMU target violated: 21.0ms (20.0ms/21.0ms)
[2021-11-03T00:23:51.381-0700][gc,phases   ] GC(52)   Pre Evacuate Collection Set: 1.0ms
[2021-11-03T00:23:51.381-0700][gc,phases   ] GC(52)   Merge Heap Roots: 0.3ms
[2021-11-03T00:23:51.381-0700][gc,phases   ] GC(52)   Evacuate Collection Set: 31.4ms
[2021-11-03T00:23:51.381-0700][gc,phases   ] GC(52)   Post Evacuate Collection Set: 2.1ms
[2021-11-03T00:23:51.381-0700][gc,phases   ] GC(52)   Other: 2.2ms
[2021-11-03T00:23:51.381-0700][gc,heap     ] GC(52) Eden regions: 209->0(129)
[2021-11-03T00:23:51.381-0700][gc,heap     ] GC(52) Survivor regions: 3->4(27)
[2021-11-03T00:23:51.381-0700][gc,heap     ] GC(52) Old regions: 16->16
[2021-11-03T00:23:51.381-0700][gc,heap     ] GC(52) Archive regions: 2->2
[2021-11-03T00:23:51.381-0700][gc,heap     ] GC(52) Humongous regions: 129->129
[2021-11-03T00:23:51.381-0700][gc,metaspace] GC(52) Metaspace: 41770K(42432K)->41770K(42432K) NonClass: 36402K(36800K)->36402K(36800K) Class: 5367K(5632K)->5367K(5632K)
[2021-11-03T00:23:51.381-0700][gc          ] GC(52) Pause Young (Normal) (G1 Evacuation Pause) 356M->148M(1024M) 37.090ms
[2021-11-03T00:23:51.381-0700][gc,cpu      ] GC(52) User=0.04s Sys=0.03s Real=0.04s
[2021-11-03T00:25:27.363-0700][gc,start    ] GC(53) Pause Young (Normal) (G1 Evacuation Pause)
[2021-11-03T00:25:27.363-0700][gc,task     ] GC(53) Using 8 workers of 8 for evacuation
[2021-11-03T00:25:27.373-0700][gc,phases   ] GC(53)   Pre Evacuate Collection Set: 0.2ms
[2021-11-03T00:25:27.373-0700][gc,phases   ] GC(53)   Merge Heap Roots: 0.1ms
[2021-11-03T00:25:27.373-0700][gc,phases   ] GC(53)   Evacuate Collection Set: 8.5ms
[2021-11-03T00:25:27.373-0700][gc,phases   ] GC(53)   Post Evacuate Collection Set: 0.6ms
[2021-11-03T00:25:27.373-0700][gc,phases   ] GC(53)   Other: 1.0ms
[2021-11-03T00:25:27.373-0700][gc,heap     ] GC(53) Eden regions: 129->0(252)
[2021-11-03T00:25:27.373-0700][gc,heap     ] GC(53) Survivor regions: 4->4(17)
[2021-11-03T00:25:27.373-0700][gc,heap     ] GC(53) Old regions: 16->16
[2021-11-03T00:25:27.373-0700][gc,heap     ] GC(53) Archive regions: 2->2
[2021-11-03T00:25:27.373-0700][gc,heap     ] GC(53) Humongous regions: 129->129
[2021-11-03T00:25:27.373-0700][gc,metaspace] GC(53) Metaspace: 41770K(42432K)->41770K(42432K) NonClass: 36402K(36800K)->36402K(36800K) Class: 5367K(5632K)->5367K(5632K)
[2021-11-03T00:25:27.373-0700][gc          ] GC(53) Pause Young (Normal) (G1 Evacuation Pause) 277M->148M(1024M) 10.682ms
[2021-11-03T00:25:27.373-0700][gc,cpu      ] GC(53) User=0.02s Sys=0.01s Real=0.01s
[2021-11-03T00:28:28.936-0700][gc,start    ] GC(54) Pause Young (Normal) (G1 Evacuation Pause)
[2021-11-03T00:28:28.937-0700][gc,task     ] GC(54) Using 8 workers of 8 for evacuation
[2021-11-03T00:28:28.963-0700][gc,mmu      ] GC(54) MMU target violated: 21.0ms (20.0ms/21.0ms)
[2021-11-03T00:28:28.963-0700][gc,phases   ] GC(54)   Pre Evacuate Collection Set: 1.3ms
[2021-11-03T00:28:28.963-0700][gc,phases   ] GC(54)   Merge Heap Roots: 0.3ms
[2021-11-03T00:28:28.963-0700][gc,phases   ] GC(54)   Evacuate Collection Set: 22.2ms
[2021-11-03T00:28:28.963-0700][gc,phases   ] GC(54)   Post Evacuate Collection Set: 1.7ms
[2021-11-03T00:28:28.963-0700][gc,phases   ] GC(54)   Other: 1.5ms
[2021-11-03T00:28:28.963-0700][gc,heap     ] GC(54) Eden regions: 252->0(419)
[2021-11-03T00:28:28.963-0700][gc,heap     ] GC(54) Survivor regions: 4->3(32)
[2021-11-03T00:28:28.963-0700][gc,heap     ] GC(54) Old regions: 16->16
[2021-11-03T00:28:28.963-0700][gc,heap     ] GC(54) Archive regions: 2->2
[2021-11-03T00:28:28.963-0700][gc,heap     ] GC(54) Humongous regions: 129->129
[2021-11-03T00:28:28.963-0700][gc,metaspace] GC(54) Metaspace: 41782K(42432K)->41782K(42432K) NonClass: 36414K(36800K)->36414K(36800K) Class: 5367K(5632K)->5367K(5632K)
[2021-11-03T00:28:28.963-0700][gc          ] GC(54) Pause Young (Normal) (G1 Evacuation Pause) 400M->147M(1024M) 27.141ms
[2021-11-03T00:28:28.963-0700][gc,cpu      ] GC(54) User=0.04s Sys=0.04s Real=0.03s
[2021-11-03T00:29:15.089-0700][gc,heap,exit] Heap
[2021-11-03T00:29:15.089-0700][gc,heap,exit]  garbage-first heap   total 1048576K, used 220423K [0x00000007c0000000, 0x0000000800000000)
[2021-11-03T00:29:15.089-0700][gc,heap,exit]   region size 1024K, 71 young (72704K), 3 survivors (3072K)
[2021-11-03T00:29:15.089-0700][gc,heap,exit]  Metaspace       used 42422K, committed 43136K, reserved 1089536K
[2021-11-03T00:29:15.089-0700][gc,heap,exit]   class space    used 5526K, committed 5824K, reserved 1048576K
