[2021-11-13T08:23:07.083-0800][gc] Using G1
[2021-11-13T08:23:07.085-0800][gc,init] Version: 17+35-2724 (release)
[2021-11-13T08:23:07.085-0800][gc,init] CPUs: 8 total, 8 available
[2021-11-13T08:23:07.085-0800][gc,init] Memory: 8192M
[2021-11-13T08:23:07.085-0800][gc,init] Large Page Support: Disabled
[2021-11-13T08:23:07.086-0800][gc,init] NUMA Support: Disabled
[2021-11-13T08:23:07.086-0800][gc,init] Compressed Oops: Enabled (Zero based)
[2021-11-13T08:23:07.086-0800][gc,init] Heap Region Size: 1M
[2021-11-13T08:23:07.086-0800][gc,init] Heap Min Capacity: 512M
[2021-11-13T08:23:07.086-0800][gc,init] Heap Initial Capacity: 512M
[2021-11-13T08:23:07.086-0800][gc,init] Heap Max Capacity: 512M
[2021-11-13T08:23:07.086-0800][gc,init] Pre-touch: Disabled
[2021-11-13T08:23:07.086-0800][gc,init] Parallel Workers: 8
[2021-11-13T08:23:07.086-0800][gc,init] Concurrent Workers: 2
[2021-11-13T08:23:07.086-0800][gc,init] Concurrent Refinement Workers: 8
[2021-11-13T08:23:07.086-0800][gc,init] Periodic GC: Disabled
[2021-11-13T08:23:07.086-0800][gc,metaspace] CDS archive(s) mapped at: [0x0000000800000000-0x0000000800bd0000-0x0000000800bd0000), size 12386304, SharedBaseAddress: 0x0000000800000000, ArchiveRelocationMode: 0.
[2021-11-13T08:23:07.086-0800][gc,metaspace] Compressed class space mapped at: 0x0000000800c00000-0x0000000840c00000, reserved size: 1073741824
[2021-11-13T08:23:07.086-0800][gc,metaspace] Narrow klass base: 0x0000000800000000, Narrow klass shift: 0, Narrow klass range: 0x100000000
[2021-11-13T08:23:40.981-0800][gc,start    ] GC(0) Pause Young (Normal) (G1 Evacuation Pause)
[2021-11-13T08:23:40.982-0800][gc,task     ] GC(0) Using 8 workers of 8 for evacuation
[2021-11-13T08:23:41.009-0800][gc,mmu      ] GC(0) MMU target violated: 21.0ms (20.0ms/21.0ms)
[2021-11-13T08:23:41.009-0800][gc,phases   ] GC(0)   Pre Evacuate Collection Set: 0.7ms
[2021-11-13T08:23:41.009-0800][gc,phases   ] GC(0)   Merge Heap Roots: 0.3ms
[2021-11-13T08:23:41.009-0800][gc,phases   ] GC(0)   Evacuate Collection Set: 25.0ms
[2021-11-13T08:23:41.009-0800][gc,phases   ] GC(0)   Post Evacuate Collection Set: 0.5ms
[2021-11-13T08:23:41.009-0800][gc,phases   ] GC(0)   Other: 1.8ms
[2021-11-13T08:23:41.009-0800][gc,heap     ] GC(0) Eden regions: 25->0(21)
[2021-11-13T08:23:41.009-0800][gc,heap     ] GC(0) Survivor regions: 0->4(4)
[2021-11-13T08:23:41.009-0800][gc,heap     ] GC(0) Old regions: 0->4
[2021-11-13T08:23:41.009-0800][gc,heap     ] GC(0) Archive regions: 2->2
[2021-11-13T08:23:41.009-0800][gc,heap     ] GC(0) Humongous regions: 0->0
[2021-11-13T08:23:41.009-0800][gc,metaspace] GC(0) Metaspace: 7898K(8064K)->7898K(8064K) NonClass: 7005K(7104K)->7005K(7104K) Class: 892K(960K)->892K(960K)
[2021-11-13T08:23:41.009-0800][gc          ] GC(0) Pause Young (Normal) (G1 Evacuation Pause) 25M->8M(512M) 28.616ms
[2021-11-13T08:23:41.009-0800][gc,cpu      ] GC(0) User=0.02s Sys=0.02s Real=0.02s
