[2021-11-02T09:28:35.274-0700][gc] Using G1
[2021-11-02T09:28:35.277-0700][gc,init] Version: 17+35-2724 (release)
[2021-11-02T09:28:35.277-0700][gc,init] CPUs: 8 total, 8 available
[2021-11-02T09:28:35.277-0700][gc,init] Memory: 8192M
[2021-11-02T09:28:35.277-0700][gc,init] Large Page Support: Disabled
[2021-11-02T09:28:35.277-0700][gc,init] NUMA Support: Disabled
[2021-11-02T09:28:35.277-0700][gc,init] Compressed Oops: Enabled (Zero based)
[2021-11-02T09:28:35.277-0700][gc,init] Heap Region Size: 1M
[2021-11-02T09:28:35.277-0700][gc,init] Heap Min Capacity: 512M
[2021-11-02T09:28:35.277-0700][gc,init] Heap Initial Capacity: 512M
[2021-11-02T09:28:35.277-0700][gc,init] Heap Max Capacity: 512M
[2021-11-02T09:28:35.277-0700][gc,init] Pre-touch: Disabled
[2021-11-02T09:28:35.277-0700][gc,init] Parallel Workers: 8
[2021-11-02T09:28:35.277-0700][gc,init] Concurrent Workers: 2
[2021-11-02T09:28:35.277-0700][gc,init] Concurrent Refinement Workers: 8
[2021-11-02T09:28:35.277-0700][gc,init] Periodic GC: Disabled
[2021-11-02T09:28:35.277-0700][gc,metaspace] CDS archive(s) mapped at: [0x0000000800000000-0x0000000800bd0000-0x0000000800bd0000), size 12386304, SharedBaseAddress: 0x0000000800000000, ArchiveRelocationMode: 0.
[2021-11-02T09:28:35.277-0700][gc,metaspace] Compressed class space mapped at: 0x0000000800c00000-0x0000000840c00000, reserved size: 1073741824
[2021-11-02T09:28:35.277-0700][gc,metaspace] Narrow klass base: 0x0000000800000000, Narrow klass shift: 0, Narrow klass range: 0x100000000
[2021-11-02T09:28:41.275-0700][gc,start    ] GC(0) Pause Young (Normal) (G1 Evacuation Pause)
[2021-11-02T09:28:41.291-0700][gc,task     ] GC(0) Using 8 workers of 8 for evacuation
[2021-11-02T09:28:41.305-0700][gc,phases   ] GC(0)   Pre Evacuate Collection Set: 0.1ms
[2021-11-02T09:28:41.311-0700][gc,phases   ] GC(0)   Merge Heap Roots: 0.2ms
[2021-11-02T09:28:41.311-0700][gc,phases   ] GC(0)   Evacuate Collection Set: 12.0ms
[2021-11-02T09:28:41.311-0700][gc,phases   ] GC(0)   Post Evacuate Collection Set: 0.3ms
[2021-11-02T09:28:41.311-0700][gc,phases   ] GC(0)   Other: 17.0ms
[2021-11-02T09:28:41.311-0700][gc,heap     ] GC(0) Eden regions: 25->0(21)
[2021-11-02T09:28:41.311-0700][gc,heap     ] GC(0) Survivor regions: 0->4(4)
[2021-11-02T09:28:41.311-0700][gc,heap     ] GC(0) Old regions: 0->4
[2021-11-02T09:28:41.311-0700][gc,heap     ] GC(0) Archive regions: 2->2
[2021-11-02T09:28:41.312-0700][gc,heap     ] GC(0) Humongous regions: 0->0
[2021-11-02T09:28:41.312-0700][gc,metaspace] GC(0) Metaspace: 7470K(7616K)->7470K(7616K) NonClass: 6654K(6720K)->6654K(6720K) Class: 815K(896K)->815K(896K)
[2021-11-02T09:28:41.312-0700][gc          ] GC(0) Pause Young (Normal) (G1 Evacuation Pause) 25M->8M(512M) 37.215ms
[2021-11-02T09:28:41.312-0700][gc,cpu      ] GC(0) User=0.02s Sys=0.01s Real=0.04s
[2021-11-02T09:28:41.411-0700][gc,start    ] GC(1) Pause Young (Normal) (G1 Evacuation Pause)
[2021-11-02T09:28:41.423-0700][gc,task     ] GC(1) Using 8 workers of 8 for evacuation
[2021-11-02T09:28:41.427-0700][gc,phases   ] GC(1)   Pre Evacuate Collection Set: 0.1ms
[2021-11-02T09:28:41.444-0700][gc,phases   ] GC(1)   Merge Heap Roots: 0.0ms
[2021-11-02T09:28:41.444-0700][gc,phases   ] GC(1)   Evacuate Collection Set: 3.9ms
[2021-11-02T09:28:41.444-0700][gc,phases   ] GC(1)   Post Evacuate Collection Set: 0.3ms
[2021-11-02T09:28:41.444-0700][gc,phases   ] GC(1)   Other: 11.7ms
[2021-11-02T09:28:41.444-0700][gc,heap     ] GC(1) Eden regions: 21->0(24)
[2021-11-02T09:28:41.444-0700][gc,heap     ] GC(1) Survivor regions: 4->1(4)
[2021-11-02T09:28:41.444-0700][gc,heap     ] GC(1) Old regions: 4->8
[2021-11-02T09:28:41.444-0700][gc,heap     ] GC(1) Archive regions: 2->2
[2021-11-02T09:28:41.444-0700][gc,heap     ] GC(1) Humongous regions: 0->0
[2021-11-02T09:28:41.444-0700][gc,metaspace] GC(1) Metaspace: 7527K(7680K)->7527K(7680K) NonClass: 6711K(6784K)->6711K(6784K) Class: 816K(896K)->816K(896K)
[2021-11-02T09:28:41.444-0700][gc          ] GC(1) Pause Young (Normal) (G1 Evacuation Pause) 29M->8M(512M) 33.553ms
[2021-11-02T09:28:41.445-0700][gc,cpu      ] GC(1) User=0.02s Sys=0.01s Real=0.03s
[2021-11-02T09:28:41.527-0700][gc,start    ] GC(2) Pause Young (Normal) (G1 Evacuation Pause)
[2021-11-02T09:28:41.536-0700][gc,task     ] GC(2) Using 8 workers of 8 for evacuation
[2021-11-02T09:28:41.539-0700][gc,phases   ] GC(2)   Pre Evacuate Collection Set: 0.3ms
[2021-11-02T09:28:41.553-0700][gc,phases   ] GC(2)   Merge Heap Roots: 0.1ms
[2021-11-02T09:28:41.553-0700][gc,phases   ] GC(2)   Evacuate Collection Set: 1.9ms
[2021-11-02T09:28:41.553-0700][gc,phases   ] GC(2)   Post Evacuate Collection Set: 0.3ms
[2021-11-02T09:28:41.553-0700][gc,phases   ] GC(2)   Other: 8.8ms
[2021-11-02T09:28:41.553-0700][gc,heap     ] GC(2) Eden regions: 24->0(24)
[2021-11-02T09:28:41.553-0700][gc,heap     ] GC(2) Survivor regions: 1->1(4)
[2021-11-02T09:28:41.553-0700][gc,heap     ] GC(2) Old regions: 8->8
[2021-11-02T09:28:41.553-0700][gc,heap     ] GC(2) Archive regions: 2->2
[2021-11-02T09:28:41.553-0700][gc,heap     ] GC(2) Humongous regions: 0->0
[2021-11-02T09:28:41.553-0700][gc,metaspace] GC(2) Metaspace: 7703K(7872K)->7703K(7872K) NonClass: 6871K(6912K)->6871K(6912K) Class: 832K(960K)->832K(960K)
[2021-11-02T09:28:41.553-0700][gc          ] GC(2) Pause Young (Normal) (G1 Evacuation Pause) 32M->8M(512M) 25.958ms
[2021-11-02T09:28:41.553-0700][gc,cpu      ] GC(2) User=0.00s Sys=0.00s Real=0.03s
[2021-11-02T09:28:41.600-0700][gc,start    ] GC(3) Pause Young (Normal) (G1 Evacuation Pause)
[2021-11-02T09:28:41.612-0700][gc,task     ] GC(3) Using 8 workers of 8 for evacuation
[2021-11-02T09:28:41.613-0700][gc,phases   ] GC(3)   Pre Evacuate Collection Set: 0.1ms
[2021-11-02T09:28:41.613-0700][gc,phases   ] GC(3)   Merge Heap Roots: 0.0ms
[2021-11-02T09:28:41.613-0700][gc,phases   ] GC(3)   Evacuate Collection Set: 0.7ms
[2021-11-02T09:28:41.613-0700][gc,phases   ] GC(3)   Post Evacuate Collection Set: 0.2ms
[2021-11-02T09:28:41.613-0700][gc,phases   ] GC(3)   Other: 12.6ms
[2021-11-02T09:28:41.613-0700][gc,heap     ] GC(3) Eden regions: 24->0(24)
[2021-11-02T09:28:41.613-0700][gc,heap     ] GC(3) Survivor regions: 1->1(4)
[2021-11-02T09:28:41.613-0700][gc,heap     ] GC(3) Old regions: 8->8
[2021-11-02T09:28:41.613-0700][gc,heap     ] GC(3) Archive regions: 2->2
[2021-11-02T09:28:41.613-0700][gc,heap     ] GC(3) Humongous regions: 0->0
[2021-11-02T09:28:41.613-0700][gc,metaspace] GC(3) Metaspace: 7703K(7872K)->7703K(7872K) NonClass: 6871K(6912K)->6871K(6912K) Class: 832K(960K)->832K(960K)
[2021-11-02T09:28:41.613-0700][gc          ] GC(3) Pause Young (Normal) (G1 Evacuation Pause) 32M->8M(512M) 13.605ms
[2021-11-02T09:28:41.613-0700][gc,cpu      ] GC(3) User=0.00s Sys=0.00s Real=0.01s
[2021-11-02T09:28:41.653-0700][gc,start    ] GC(4) Pause Young (Normal) (G1 Evacuation Pause)
[2021-11-02T09:28:41.653-0700][gc,task     ] GC(4) Using 8 workers of 8 for evacuation
[2021-11-02T09:28:41.654-0700][gc,phases   ] GC(4)   Pre Evacuate Collection Set: 0.1ms
[2021-11-02T09:28:41.654-0700][gc,phases   ] GC(4)   Merge Heap Roots: 0.0ms
[2021-11-02T09:28:41.654-0700][gc,phases   ] GC(4)   Evacuate Collection Set: 0.5ms
[2021-11-02T09:28:41.654-0700][gc,phases   ] GC(4)   Post Evacuate Collection Set: 0.2ms
[2021-11-02T09:28:41.654-0700][gc,phases   ] GC(4)   Other: 0.1ms
[2021-11-02T09:28:41.654-0700][gc,heap     ] GC(4) Eden regions: 24->0(31)
[2021-11-02T09:28:41.654-0700][gc,heap     ] GC(4) Survivor regions: 1->1(4)
[2021-11-02T09:28:41.654-0700][gc,heap     ] GC(4) Old regions: 8->8
[2021-11-02T09:28:41.654-0700][gc,heap     ] GC(4) Archive regions: 2->2
[2021-11-02T09:28:41.654-0700][gc,heap     ] GC(4) Humongous regions: 0->0
[2021-11-02T09:28:41.654-0700][gc,metaspace] GC(4) Metaspace: 7705K(7872K)->7705K(7872K) NonClass: 6872K(6912K)->6872K(6912K) Class: 833K(960K)->833K(960K)
[2021-11-02T09:28:41.654-0700][gc          ] GC(4) Pause Young (Normal) (G1 Evacuation Pause) 32M->8M(512M) 0.935ms
[2021-11-02T09:28:41.654-0700][gc,cpu      ] GC(4) User=0.01s Sys=0.00s Real=0.00s
[2021-11-02T17:29:10.647-0700][gc,start    ] GC(5) Pause Young (Normal) (G1 Evacuation Pause)
[2021-11-02T17:29:10.654-0700][gc,task     ] GC(5) Using 8 workers of 8 for evacuation
[2021-11-02T17:29:10.812-0700][gc,mmu      ] GC(5) MMU target violated: 21.0ms (20.0ms/21.0ms)
[2021-11-02T17:29:10.812-0700][gc,phases   ] GC(5)   Pre Evacuate Collection Set: 8.1ms
[2021-11-02T17:29:10.812-0700][gc,phases   ] GC(5)   Merge Heap Roots: 1.5ms
[2021-11-02T17:29:10.812-0700][gc,phases   ] GC(5)   Evacuate Collection Set: 141.8ms
[2021-11-02T17:29:10.812-0700][gc,phases   ] GC(5)   Post Evacuate Collection Set: 3.6ms
[2021-11-02T17:29:10.813-0700][gc,phases   ] GC(5)   Other: 14.3ms
[2021-11-02T17:29:10.813-0700][gc,heap     ] GC(5) Eden regions: 31->0(24)
[2021-11-02T17:29:10.813-0700][gc,heap     ] GC(5) Survivor regions: 1->1(4)
[2021-11-02T17:29:10.813-0700][gc,heap     ] GC(5) Old regions: 8->8
[2021-11-02T17:29:10.813-0700][gc,heap     ] GC(5) Archive regions: 2->2
[2021-11-02T17:29:10.813-0700][gc,heap     ] GC(5) Humongous regions: 0->0
[2021-11-02T17:29:10.813-0700][gc,metaspace] GC(5) Metaspace: 8777K(8960K)->8777K(8960K) NonClass: 7856K(7936K)->7856K(7936K) Class: 921K(1024K)->921K(1024K)
[2021-11-02T17:29:10.813-0700][gc          ] GC(5) Pause Young (Normal) (G1 Evacuation Pause) 39M->9M(512M) 166.760ms
[2021-11-02T17:29:10.813-0700][gc,cpu      ] GC(5) User=0.01s Sys=0.08s Real=0.17s
