[2021-10-28T00:15:55.129-0700][gc] Using G1
[2021-10-28T00:15:55.132-0700][gc,init] Version: 17+35-2724 (release)
[2021-10-28T00:15:55.132-0700][gc,init] CPUs: 8 total, 8 available
[2021-10-28T00:15:55.132-0700][gc,init] Memory: 8192M
[2021-10-28T00:15:55.132-0700][gc,init] Large Page Support: Disabled
[2021-10-28T00:15:55.132-0700][gc,init] NUMA Support: Disabled
[2021-10-28T00:15:55.132-0700][gc,init] Compressed Oops: Enabled (Zero based)
[2021-10-28T00:15:55.132-0700][gc,init] Heap Region Size: 1M
[2021-10-28T00:15:55.132-0700][gc,init] Heap Min Capacity: 512M
[2021-10-28T00:15:55.132-0700][gc,init] Heap Initial Capacity: 512M
[2021-10-28T00:15:55.132-0700][gc,init] Heap Max Capacity: 512M
[2021-10-28T00:15:55.132-0700][gc,init] Pre-touch: Disabled
[2021-10-28T00:15:55.132-0700][gc,init] Parallel Workers: 8
[2021-10-28T00:15:55.132-0700][gc,init] Concurrent Workers: 2
[2021-10-28T00:15:55.132-0700][gc,init] Concurrent Refinement Workers: 8
[2021-10-28T00:15:55.132-0700][gc,init] Periodic GC: Disabled
[2021-10-28T00:15:55.132-0700][gc,metaspace] CDS archive(s) mapped at: [0x0000000800000000-0x0000000800bd0000-0x0000000800bd0000), size 12386304, SharedBaseAddress: 0x0000000800000000, ArchiveRelocationMode: 0.
[2021-10-28T00:15:55.132-0700][gc,metaspace] Compressed class space mapped at: 0x0000000800c00000-0x0000000840c00000, reserved size: 1073741824
[2021-10-28T00:15:55.132-0700][gc,metaspace] Narrow klass base: 0x0000000800000000, Narrow klass shift: 0, Narrow klass range: 0x100000000
[2021-10-28T00:16:01.170-0700][gc,start    ] GC(0) Pause Young (Normal) (G1 Evacuation Pause)
[2021-10-28T00:16:01.171-0700][gc,task     ] GC(0) Using 8 workers of 8 for evacuation
[2021-10-28T00:16:01.181-0700][gc,phases   ] GC(0)   Pre Evacuate Collection Set: 0.1ms
[2021-10-28T00:16:01.181-0700][gc,phases   ] GC(0)   Merge Heap Roots: 0.0ms
[2021-10-28T00:16:01.181-0700][gc,phases   ] GC(0)   Evacuate Collection Set: 9.5ms
[2021-10-28T00:16:01.181-0700][gc,phases   ] GC(0)   Post Evacuate Collection Set: 0.3ms
[2021-10-28T00:16:01.181-0700][gc,phases   ] GC(0)   Other: 0.6ms
[2021-10-28T00:16:01.181-0700][gc,heap     ] GC(0) Eden regions: 25->0(21)
[2021-10-28T00:16:01.181-0700][gc,heap     ] GC(0) Survivor regions: 0->4(4)
[2021-10-28T00:16:01.181-0700][gc,heap     ] GC(0) Old regions: 0->4
[2021-10-28T00:16:01.181-0700][gc,heap     ] GC(0) Archive regions: 2->2
[2021-10-28T00:16:01.181-0700][gc,heap     ] GC(0) Humongous regions: 0->0
[2021-10-28T00:16:01.181-0700][gc,metaspace] GC(0) Metaspace: 7532K(7680K)->7532K(7680K) NonClass: 6716K(6784K)->6716K(6784K) Class: 816K(896K)->816K(896K)
[2021-10-28T00:16:01.181-0700][gc          ] GC(0) Pause Young (Normal) (G1 Evacuation Pause) 25M->8M(512M) 10.657ms
[2021-10-28T00:16:01.181-0700][gc,cpu      ] GC(0) User=0.02s Sys=0.01s Real=0.01s
[2021-10-28T00:17:14.081-0700][gc,heap,exit] Heap
[2021-10-28T00:17:14.081-0700][gc,heap,exit]  garbage-first heap   total 524288K, used 17606K [0x00000007e0000000, 0x0000000800000000)
[2021-10-28T00:17:14.081-0700][gc,heap,exit]   region size 1024K, 14 young (14336K), 4 survivors (4096K)
[2021-10-28T00:17:14.081-0700][gc,heap,exit]  Metaspace       used 8464K, committed 8640K, reserved 1064960K
[2021-10-28T00:17:14.081-0700][gc,heap,exit]   class space    used 916K, committed 1024K, reserved 1048576K
