[2021-11-01T21:54:44.714-0700][gc] Using G1
[2021-11-01T21:54:44.716-0700][gc,init] Version: 17+35-2724 (release)
[2021-11-01T21:54:44.716-0700][gc,init] CPUs: 8 total, 8 available
[2021-11-01T21:54:44.716-0700][gc,init] Memory: 8192M
[2021-11-01T21:54:44.716-0700][gc,init] Large Page Support: Disabled
[2021-11-01T21:54:44.716-0700][gc,init] NUMA Support: Disabled
[2021-11-01T21:54:44.716-0700][gc,init] Compressed Oops: Enabled (Zero based)
[2021-11-01T21:54:44.716-0700][gc,init] Heap Region Size: 1M
[2021-11-01T21:54:44.716-0700][gc,init] Heap Min Capacity: 512M
[2021-11-01T21:54:44.716-0700][gc,init] Heap Initial Capacity: 512M
[2021-11-01T21:54:44.716-0700][gc,init] Heap Max Capacity: 512M
[2021-11-01T21:54:44.716-0700][gc,init] Pre-touch: Disabled
[2021-11-01T21:54:44.716-0700][gc,init] Parallel Workers: 8
[2021-11-01T21:54:44.716-0700][gc,init] Concurrent Workers: 2
[2021-11-01T21:54:44.716-0700][gc,init] Concurrent Refinement Workers: 8
[2021-11-01T21:54:44.716-0700][gc,init] Periodic GC: Disabled
[2021-11-01T21:54:44.717-0700][gc,metaspace] CDS archive(s) mapped at: [0x0000000800000000-0x0000000800bd0000-0x0000000800bd0000), size 12386304, SharedBaseAddress: 0x0000000800000000, ArchiveRelocationMode: 0.
[2021-11-01T21:54:44.717-0700][gc,metaspace] Compressed class space mapped at: 0x0000000800c00000-0x0000000840c00000, reserved size: 1073741824
[2021-11-01T21:54:44.717-0700][gc,metaspace] Narrow klass base: 0x0000000800000000, Narrow klass shift: 0, Narrow klass range: 0x100000000
[2021-11-01T21:54:51.096-0700][gc,start    ] GC(0) Pause Young (Normal) (G1 Evacuation Pause)
[2021-11-01T21:54:51.096-0700][gc,task     ] GC(0) Using 8 workers of 8 for evacuation
[2021-11-01T21:54:51.107-0700][gc,phases   ] GC(0)   Pre Evacuate Collection Set: 0.1ms
[2021-11-01T21:54:51.107-0700][gc,phases   ] GC(0)   Merge Heap Roots: 0.3ms
[2021-11-01T21:54:51.108-0700][gc,phases   ] GC(0)   Evacuate Collection Set: 10.2ms
[2021-11-01T21:54:51.108-0700][gc,phases   ] GC(0)   Post Evacuate Collection Set: 0.2ms
[2021-11-01T21:54:51.108-0700][gc,phases   ] GC(0)   Other: 0.8ms
[2021-11-01T21:54:51.108-0700][gc,heap     ] GC(0) Eden regions: 25->0(21)
[2021-11-01T21:54:51.108-0700][gc,heap     ] GC(0) Survivor regions: 0->4(4)
[2021-11-01T21:54:51.108-0700][gc,heap     ] GC(0) Old regions: 0->3
[2021-11-01T21:54:51.108-0700][gc,heap     ] GC(0) Archive regions: 2->2
[2021-11-01T21:54:51.108-0700][gc,heap     ] GC(0) Humongous regions: 0->0
[2021-11-01T21:54:51.108-0700][gc,metaspace] GC(0) Metaspace: 7261K(7488K)->7261K(7488K) NonClass: 6457K(6592K)->6457K(6592K) Class: 804K(896K)->804K(896K)
[2021-11-01T21:54:51.108-0700][gc          ] GC(0) Pause Young (Normal) (G1 Evacuation Pause) 25M->7M(512M) 11.954ms
[2021-11-01T21:54:51.108-0700][gc,cpu      ] GC(0) User=0.02s Sys=0.01s Real=0.01s
[2021-11-01T21:54:51.285-0700][gc,start    ] GC(1) Pause Young (Normal) (G1 Evacuation Pause)
[2021-11-01T21:54:51.285-0700][gc,task     ] GC(1) Using 8 workers of 8 for evacuation
[2021-11-01T21:54:51.291-0700][gc,phases   ] GC(1)   Pre Evacuate Collection Set: 0.1ms
[2021-11-01T21:54:51.291-0700][gc,phases   ] GC(1)   Merge Heap Roots: 0.0ms
[2021-11-01T21:54:51.291-0700][gc,phases   ] GC(1)   Evacuate Collection Set: 5.0ms
[2021-11-01T21:54:51.291-0700][gc,phases   ] GC(1)   Post Evacuate Collection Set: 0.3ms
[2021-11-01T21:54:51.291-0700][gc,phases   ] GC(1)   Other: 0.1ms
[2021-11-01T21:54:51.291-0700][gc,heap     ] GC(1) Eden regions: 21->0(24)
[2021-11-01T21:54:51.291-0700][gc,heap     ] GC(1) Survivor regions: 4->1(4)
[2021-11-01T21:54:51.291-0700][gc,heap     ] GC(1) Old regions: 3->7
[2021-11-01T21:54:51.291-0700][gc,heap     ] GC(1) Archive regions: 2->2
[2021-11-01T21:54:51.291-0700][gc,heap     ] GC(1) Humongous regions: 0->0
[2021-11-01T21:54:51.291-0700][gc,metaspace] GC(1) Metaspace: 7536K(7680K)->7536K(7680K) NonClass: 6719K(6784K)->6719K(6784K) Class: 816K(896K)->816K(896K)
[2021-11-01T21:54:51.291-0700][gc          ] GC(1) Pause Young (Normal) (G1 Evacuation Pause) 28M->8M(512M) 5.525ms
[2021-11-01T21:54:51.291-0700][gc,cpu      ] GC(1) User=0.02s Sys=0.01s Real=0.01s
[2021-11-01T22:03:37.324-0700][gc,start    ] GC(2) Pause Young (Normal) (G1 Evacuation Pause)
[2021-11-01T22:03:37.325-0700][gc,task     ] GC(2) Using 8 workers of 8 for evacuation
[2021-11-01T22:03:37.368-0700][gc,mmu      ] GC(2) MMU target violated: 21.0ms (20.0ms/21.0ms)
[2021-11-01T22:03:37.369-0700][gc,phases   ] GC(2)   Pre Evacuate Collection Set: 1.5ms
[2021-11-01T22:03:37.369-0700][gc,phases   ] GC(2)   Merge Heap Roots: 1.4ms
[2021-11-01T22:03:37.369-0700][gc,phases   ] GC(2)   Evacuate Collection Set: 39.8ms
[2021-11-01T22:03:37.369-0700][gc,phases   ] GC(2)   Post Evacuate Collection Set: 0.8ms
[2021-11-01T22:03:37.369-0700][gc,phases   ] GC(2)   Other: 2.2ms
[2021-11-01T22:03:37.369-0700][gc,heap     ] GC(2) Eden regions: 24->0(24)
[2021-11-01T22:03:37.369-0700][gc,heap     ] GC(2) Survivor regions: 1->1(4)
[2021-11-01T22:03:37.369-0700][gc,heap     ] GC(2) Old regions: 7->7
[2021-11-01T22:03:37.369-0700][gc,heap     ] GC(2) Archive regions: 2->2
[2021-11-01T22:03:37.369-0700][gc,heap     ] GC(2) Humongous regions: 0->0
[2021-11-01T22:03:37.369-0700][gc,metaspace] GC(2) Metaspace: 8768K(8960K)->8768K(8960K) NonClass: 7851K(7936K)->7851K(7936K) Class: 916K(1024K)->916K(1024K)
[2021-11-01T22:03:37.369-0700][gc          ] GC(2) Pause Young (Normal) (G1 Evacuation Pause) 32M->8M(512M) 44.928ms
[2021-11-01T22:03:37.369-0700][gc,cpu      ] GC(2) User=0.01s Sys=0.03s Real=0.04s
[2021-11-01T22:08:42.916-0700][gc,start    ] GC(3) Pause Young (Normal) (G1 Evacuation Pause)
[2021-11-01T22:08:42.927-0700][gc,task     ] GC(3) Using 8 workers of 8 for evacuation
[2021-11-01T22:08:43.022-0700][gc,mmu      ] GC(3) MMU target violated: 21.0ms (20.0ms/21.0ms)
[2021-11-01T22:08:43.022-0700][gc,phases   ] GC(3)   Pre Evacuate Collection Set: 4.8ms
[2021-11-01T22:08:43.022-0700][gc,phases   ] GC(3)   Merge Heap Roots: 1.6ms
[2021-11-01T22:08:43.022-0700][gc,phases   ] GC(3)   Evacuate Collection Set: 85.9ms
[2021-11-01T22:08:43.022-0700][gc,phases   ] GC(3)   Post Evacuate Collection Set: 1.1ms
[2021-11-01T22:08:43.022-0700][gc,phases   ] GC(3)   Other: 14.6ms
[2021-11-01T22:08:43.022-0700][gc,heap     ] GC(3) Eden regions: 24->0(24)
[2021-11-01T22:08:43.022-0700][gc,heap     ] GC(3) Survivor regions: 1->1(4)
[2021-11-01T22:08:43.022-0700][gc,heap     ] GC(3) Old regions: 7->7
[2021-11-01T22:08:43.022-0700][gc,heap     ] GC(3) Archive regions: 2->2
[2021-11-01T22:08:43.022-0700][gc,heap     ] GC(3) Humongous regions: 0->0
[2021-11-01T22:08:43.022-0700][gc,metaspace] GC(3) Metaspace: 8771K(8960K)->8771K(8960K) NonClass: 7854K(7936K)->7854K(7936K) Class: 917K(1024K)->917K(1024K)
[2021-11-01T22:08:43.022-0700][gc          ] GC(3) Pause Young (Normal) (G1 Evacuation Pause) 32M->8M(512M) 105.329ms
[2021-11-01T22:08:43.022-0700][gc,cpu      ] GC(3) User=0.03s Sys=0.05s Real=0.11s
[2021-11-01T22:14:07.130-0700][gc,start    ] GC(4) Pause Young (Normal) (G1 Evacuation Pause)
[2021-11-01T22:14:07.131-0700][gc,task     ] GC(4) Using 8 workers of 8 for evacuation
[2021-11-01T22:14:07.199-0700][gc,mmu      ] GC(4) MMU target violated: 21.0ms (20.0ms/21.0ms)
[2021-11-01T22:14:07.199-0700][gc,phases   ] GC(4)   Pre Evacuate Collection Set: 3.2ms
[2021-11-01T22:14:07.199-0700][gc,phases   ] GC(4)   Merge Heap Roots: 0.2ms
[2021-11-01T22:14:07.199-0700][gc,phases   ] GC(4)   Evacuate Collection Set: 61.8ms
[2021-11-01T22:14:07.199-0700][gc,phases   ] GC(4)   Post Evacuate Collection Set: 2.2ms
[2021-11-01T22:14:07.199-0700][gc,phases   ] GC(4)   Other: 3.0ms
[2021-11-01T22:14:07.199-0700][gc,heap     ] GC(4) Eden regions: 24->0(24)
[2021-11-01T22:14:07.199-0700][gc,heap     ] GC(4) Survivor regions: 1->1(4)
[2021-11-01T22:14:07.199-0700][gc,heap     ] GC(4) Old regions: 7->7
[2021-11-01T22:14:07.199-0700][gc,heap     ] GC(4) Archive regions: 2->2
[2021-11-01T22:14:07.199-0700][gc,heap     ] GC(4) Humongous regions: 0->0
[2021-11-01T22:14:07.199-0700][gc,metaspace] GC(4) Metaspace: 8772K(8960K)->8772K(8960K) NonClass: 7855K(7936K)->7855K(7936K) Class: 917K(1024K)->917K(1024K)
[2021-11-01T22:14:07.199-0700][gc          ] GC(4) Pause Young (Normal) (G1 Evacuation Pause) 32M->8M(512M) 69.336ms
[2021-11-01T22:14:07.199-0700][gc,cpu      ] GC(4) User=0.03s Sys=0.05s Real=0.06s
[2021-11-01T22:19:40.800-0700][gc,start    ] GC(5) Pause Young (Normal) (G1 Evacuation Pause)
[2021-11-01T22:19:40.801-0700][gc,task     ] GC(5) Using 8 workers of 8 for evacuation
[2021-11-01T22:19:40.859-0700][gc,mmu      ] GC(5) MMU target violated: 21.0ms (20.0ms/21.0ms)
[2021-11-01T22:19:40.859-0700][gc,phases   ] GC(5)   Pre Evacuate Collection Set: 2.5ms
[2021-11-01T22:19:40.859-0700][gc,phases   ] GC(5)   Merge Heap Roots: 0.7ms
[2021-11-01T22:19:40.859-0700][gc,phases   ] GC(5)   Evacuate Collection Set: 51.3ms
[2021-11-01T22:19:40.859-0700][gc,phases   ] GC(5)   Post Evacuate Collection Set: 2.8ms
[2021-11-01T22:19:40.859-0700][gc,phases   ] GC(5)   Other: 1.9ms
[2021-11-01T22:19:40.859-0700][gc,heap     ] GC(5) Eden regions: 24->0(24)
[2021-11-01T22:19:40.859-0700][gc,heap     ] GC(5) Survivor regions: 1->1(4)
[2021-11-01T22:19:40.859-0700][gc,heap     ] GC(5) Old regions: 7->7
[2021-11-01T22:19:40.859-0700][gc,heap     ] GC(5) Archive regions: 2->2
[2021-11-01T22:19:40.859-0700][gc,heap     ] GC(5) Humongous regions: 0->0
[2021-11-01T22:19:40.859-0700][gc,metaspace] GC(5) Metaspace: 8772K(8960K)->8772K(8960K) NonClass: 7855K(7936K)->7855K(7936K) Class: 917K(1024K)->917K(1024K)
[2021-11-01T22:19:40.859-0700][gc          ] GC(5) Pause Young (Normal) (G1 Evacuation Pause) 32M->8M(512M) 58.714ms
[2021-11-01T22:19:40.859-0700][gc,cpu      ] GC(5) User=0.02s Sys=0.05s Real=0.05s
[2021-11-01T22:25:19.841-0700][gc,start    ] GC(6) Pause Young (Normal) (G1 Evacuation Pause)
[2021-11-01T22:25:19.842-0700][gc,task     ] GC(6) Using 8 workers of 8 for evacuation
[2021-11-01T22:25:19.913-0700][gc,mmu      ] GC(6) MMU target violated: 21.0ms (20.0ms/21.0ms)
[2021-11-01T22:25:19.913-0700][gc,phases   ] GC(6)   Pre Evacuate Collection Set: 4.6ms
[2021-11-01T22:25:19.913-0700][gc,phases   ] GC(6)   Merge Heap Roots: 0.7ms
[2021-11-01T22:25:19.913-0700][gc,phases   ] GC(6)   Evacuate Collection Set: 44.0ms
[2021-11-01T22:25:19.913-0700][gc,phases   ] GC(6)   Post Evacuate Collection Set: 19.5ms
[2021-11-01T22:25:19.913-0700][gc,phases   ] GC(6)   Other: 4.8ms
[2021-11-01T22:25:19.913-0700][gc,heap     ] GC(6) Eden regions: 24->0(24)
[2021-11-01T22:25:19.913-0700][gc,heap     ] GC(6) Survivor regions: 1->1(4)
[2021-11-01T22:25:19.913-0700][gc,heap     ] GC(6) Old regions: 7->7
[2021-11-01T22:25:19.913-0700][gc,heap     ] GC(6) Archive regions: 2->2
[2021-11-01T22:25:19.913-0700][gc,heap     ] GC(6) Humongous regions: 0->0
[2021-11-01T22:25:19.913-0700][gc,metaspace] GC(6) Metaspace: 8772K(8960K)->8772K(8960K) NonClass: 7855K(7936K)->7855K(7936K) Class: 917K(1024K)->917K(1024K)
[2021-11-01T22:25:19.913-0700][gc          ] GC(6) Pause Young (Normal) (G1 Evacuation Pause) 32M->8M(512M) 71.702ms
[2021-11-01T22:25:19.913-0700][gc,cpu      ] GC(6) User=0.02s Sys=0.04s Real=0.07s
[2021-11-01T22:30:59.094-0700][gc,start    ] GC(7) Pause Young (Normal) (G1 Evacuation Pause)
[2021-11-01T22:30:59.099-0700][gc,task     ] GC(7) Using 8 workers of 8 for evacuation
[2021-11-01T22:30:59.181-0700][gc,mmu      ] GC(7) MMU target violated: 21.0ms (20.0ms/21.0ms)
[2021-11-01T22:30:59.181-0700][gc,phases   ] GC(7)   Pre Evacuate Collection Set: 4.8ms
[2021-11-01T22:30:59.181-0700][gc,phases   ] GC(7)   Merge Heap Roots: 2.5ms
[2021-11-01T22:30:59.181-0700][gc,phases   ] GC(7)   Evacuate Collection Set: 70.6ms
[2021-11-01T22:30:59.181-0700][gc,phases   ] GC(7)   Post Evacuate Collection Set: 2.0ms
[2021-11-01T22:30:59.181-0700][gc,phases   ] GC(7)   Other: 9.4ms
[2021-11-01T22:30:59.181-0700][gc,heap     ] GC(7) Eden regions: 24->0(24)
[2021-11-01T22:30:59.181-0700][gc,heap     ] GC(7) Survivor regions: 1->1(4)
[2021-11-01T22:30:59.181-0700][gc,heap     ] GC(7) Old regions: 7->7
[2021-11-01T22:30:59.181-0700][gc,heap     ] GC(7) Archive regions: 2->2
[2021-11-01T22:30:59.181-0700][gc,heap     ] GC(7) Humongous regions: 0->0
[2021-11-01T22:30:59.181-0700][gc,metaspace] GC(7) Metaspace: 8772K(8960K)->8772K(8960K) NonClass: 7855K(7936K)->7855K(7936K) Class: 917K(1024K)->917K(1024K)
[2021-11-01T22:30:59.181-0700][gc          ] GC(7) Pause Young (Normal) (G1 Evacuation Pause) 32M->8M(512M) 87.716ms
[2021-11-01T22:30:59.181-0700][gc,cpu      ] GC(7) User=0.03s Sys=0.06s Real=0.09s
[2021-11-01T22:36:42.383-0700][gc,start    ] GC(8) Pause Young (Normal) (G1 Evacuation Pause)
[2021-11-01T22:36:42.384-0700][gc,task     ] GC(8) Using 8 workers of 8 for evacuation
[2021-11-01T22:36:42.448-0700][gc,mmu      ] GC(8) MMU target violated: 21.0ms (20.0ms/21.0ms)
[2021-11-01T22:36:42.448-0700][gc,phases   ] GC(8)   Pre Evacuate Collection Set: 2.4ms
[2021-11-01T22:36:42.448-0700][gc,phases   ] GC(8)   Merge Heap Roots: 0.2ms
[2021-11-01T22:36:42.448-0700][gc,phases   ] GC(8)   Evacuate Collection Set: 50.2ms
[2021-11-01T22:36:42.448-0700][gc,phases   ] GC(8)   Post Evacuate Collection Set: 9.9ms
[2021-11-01T22:36:42.448-0700][gc,phases   ] GC(8)   Other: 3.7ms
[2021-11-01T22:36:42.448-0700][gc,heap     ] GC(8) Eden regions: 24->0(24)
[2021-11-01T22:36:42.448-0700][gc,heap     ] GC(8) Survivor regions: 1->1(4)
[2021-11-01T22:36:42.448-0700][gc,heap     ] GC(8) Old regions: 7->7
[2021-11-01T22:36:42.448-0700][gc,heap     ] GC(8) Archive regions: 2->2
[2021-11-01T22:36:42.448-0700][gc,heap     ] GC(8) Humongous regions: 0->0
[2021-11-01T22:36:42.448-0700][gc,metaspace] GC(8) Metaspace: 8772K(8960K)->8772K(8960K) NonClass: 7855K(7936K)->7855K(7936K) Class: 917K(1024K)->917K(1024K)
[2021-11-01T22:36:42.448-0700][gc          ] GC(8) Pause Young (Normal) (G1 Evacuation Pause) 32M->8M(512M) 65.525ms
[2021-11-01T22:36:42.448-0700][gc,cpu      ] GC(8) User=0.03s Sys=0.05s Real=0.06s
[2021-11-01T22:42:21.883-0700][gc,start    ] GC(9) Pause Young (Normal) (G1 Evacuation Pause)
[2021-11-01T22:42:21.884-0700][gc,task     ] GC(9) Using 8 workers of 8 for evacuation
[2021-11-01T22:42:21.952-0700][gc,mmu      ] GC(9) MMU target violated: 21.0ms (20.0ms/21.0ms)
[2021-11-01T22:42:21.965-0700][gc,phases   ] GC(9)   Pre Evacuate Collection Set: 4.1ms
[2021-11-01T22:42:21.965-0700][gc,phases   ] GC(9)   Merge Heap Roots: 1.9ms
[2021-11-01T22:42:21.965-0700][gc,phases   ] GC(9)   Evacuate Collection Set: 58.1ms
[2021-11-01T22:42:21.965-0700][gc,phases   ] GC(9)   Post Evacuate Collection Set: 3.5ms
[2021-11-01T22:42:21.965-0700][gc,phases   ] GC(9)   Other: 15.7ms
[2021-11-01T22:42:21.965-0700][gc,heap     ] GC(9) Eden regions: 24->0(24)
[2021-11-01T22:42:21.965-0700][gc,heap     ] GC(9) Survivor regions: 1->1(4)
[2021-11-01T22:42:21.965-0700][gc,heap     ] GC(9) Old regions: 7->7
[2021-11-01T22:42:21.965-0700][gc,heap     ] GC(9) Archive regions: 2->2
[2021-11-01T22:42:21.965-0700][gc,heap     ] GC(9) Humongous regions: 0->0
[2021-11-01T22:42:21.965-0700][gc,metaspace] GC(9) Metaspace: 8772K(8960K)->8772K(8960K) NonClass: 7855K(7936K)->7855K(7936K) Class: 917K(1024K)->917K(1024K)
[2021-11-01T22:42:21.965-0700][gc          ] GC(9) Pause Young (Normal) (G1 Evacuation Pause) 32M->8M(512M) 82.244ms
[2021-11-01T22:42:21.965-0700][gc,cpu      ] GC(9) User=0.02s Sys=0.06s Real=0.08s
[2021-11-01T22:47:57.730-0700][gc,start    ] GC(10) Pause Young (Normal) (G1 Evacuation Pause)
[2021-11-01T22:47:57.730-0700][gc,task     ] GC(10) Using 8 workers of 8 for evacuation
[2021-11-01T22:47:57.766-0700][gc,mmu      ] GC(10) MMU target violated: 21.0ms (20.0ms/21.0ms)
[2021-11-01T22:47:57.766-0700][gc,phases   ] GC(10)   Pre Evacuate Collection Set: 1.8ms
[2021-11-01T22:47:57.766-0700][gc,phases   ] GC(10)   Merge Heap Roots: 1.2ms
[2021-11-01T22:47:57.766-0700][gc,phases   ] GC(10)   Evacuate Collection Set: 30.0ms
[2021-11-01T22:47:57.766-0700][gc,phases   ] GC(10)   Post Evacuate Collection Set: 2.1ms
[2021-11-01T22:47:57.766-0700][gc,phases   ] GC(10)   Other: 1.8ms
[2021-11-01T22:47:57.766-0700][gc,heap     ] GC(10) Eden regions: 24->0(24)
[2021-11-01T22:47:57.766-0700][gc,heap     ] GC(10) Survivor regions: 1->1(4)
[2021-11-01T22:47:57.766-0700][gc,heap     ] GC(10) Old regions: 7->7
[2021-11-01T22:47:57.766-0700][gc,heap     ] GC(10) Archive regions: 2->2
[2021-11-01T22:47:57.766-0700][gc,heap     ] GC(10) Humongous regions: 0->0
[2021-11-01T22:47:57.766-0700][gc,metaspace] GC(10) Metaspace: 8778K(8960K)->8778K(8960K) NonClass: 7861K(7936K)->7861K(7936K) Class: 917K(1024K)->917K(1024K)
[2021-11-01T22:47:57.766-0700][gc          ] GC(10) Pause Young (Normal) (G1 Evacuation Pause) 32M->8M(512M) 36.460ms
[2021-11-01T22:47:57.766-0700][gc,cpu      ] GC(10) User=0.01s Sys=0.04s Real=0.03s
[2021-11-01T22:53:40.358-0700][gc,start    ] GC(11) Pause Young (Normal) (G1 Evacuation Pause)
[2021-11-01T22:53:40.360-0700][gc,task     ] GC(11) Using 8 workers of 8 for evacuation
[2021-11-01T22:53:40.475-0700][gc,mmu      ] GC(11) MMU target violated: 21.0ms (20.0ms/21.0ms)
[2021-11-01T22:53:40.475-0700][gc,phases   ] GC(11)   Pre Evacuate Collection Set: 5.2ms
[2021-11-01T22:53:40.475-0700][gc,phases   ] GC(11)   Merge Heap Roots: 1.0ms
[2021-11-01T22:53:40.475-0700][gc,phases   ] GC(11)   Evacuate Collection Set: 103.0ms
[2021-11-01T22:53:40.475-0700][gc,phases   ] GC(11)   Post Evacuate Collection Set: 5.1ms
[2021-11-01T22:53:40.475-0700][gc,phases   ] GC(11)   Other: 3.8ms
[2021-11-01T22:53:40.475-0700][gc,heap     ] GC(11) Eden regions: 24->0(24)
[2021-11-01T22:53:40.475-0700][gc,heap     ] GC(11) Survivor regions: 1->1(4)
[2021-11-01T22:53:40.475-0700][gc,heap     ] GC(11) Old regions: 7->7
[2021-11-01T22:53:40.475-0700][gc,heap     ] GC(11) Archive regions: 2->2
[2021-11-01T22:53:40.475-0700][gc,heap     ] GC(11) Humongous regions: 0->0
[2021-11-01T22:53:40.476-0700][gc,metaspace] GC(11) Metaspace: 8778K(8960K)->8778K(8960K) NonClass: 7861K(7936K)->7861K(7936K) Class: 917K(1024K)->917K(1024K)
[2021-11-01T22:53:40.476-0700][gc          ] GC(11) Pause Young (Normal) (G1 Evacuation Pause) 32M->8M(512M) 118.218ms
[2021-11-01T22:53:40.476-0700][gc,cpu      ] GC(11) User=0.01s Sys=0.04s Real=0.12s
[2021-11-01T22:59:18.277-0700][gc,start    ] GC(12) Pause Young (Normal) (G1 Evacuation Pause)
[2021-11-01T22:59:18.279-0700][gc,task     ] GC(12) Using 8 workers of 8 for evacuation
[2021-11-01T22:59:18.319-0700][gc,mmu      ] GC(12) MMU target violated: 21.0ms (20.0ms/21.0ms)
[2021-11-01T22:59:18.319-0700][gc,phases   ] GC(12)   Pre Evacuate Collection Set: 1.4ms
[2021-11-01T22:59:18.319-0700][gc,phases   ] GC(12)   Merge Heap Roots: 0.2ms
[2021-11-01T22:59:18.319-0700][gc,phases   ] GC(12)   Evacuate Collection Set: 35.4ms
[2021-11-01T22:59:18.319-0700][gc,phases   ] GC(12)   Post Evacuate Collection Set: 1.8ms
[2021-11-01T22:59:18.319-0700][gc,phases   ] GC(12)   Other: 5.2ms
[2021-11-01T22:59:18.319-0700][gc,heap     ] GC(12) Eden regions: 24->0(24)
[2021-11-01T22:59:18.319-0700][gc,heap     ] GC(12) Survivor regions: 1->1(4)
[2021-11-01T22:59:18.319-0700][gc,heap     ] GC(12) Old regions: 7->7
[2021-11-01T22:59:18.319-0700][gc,heap     ] GC(12) Archive regions: 2->2
[2021-11-01T22:59:18.319-0700][gc,heap     ] GC(12) Humongous regions: 0->0
[2021-11-01T22:59:18.319-0700][gc,metaspace] GC(12) Metaspace: 8779K(8960K)->8779K(8960K) NonClass: 7861K(7936K)->7861K(7936K) Class: 917K(1024K)->917K(1024K)
[2021-11-01T22:59:18.319-0700][gc          ] GC(12) Pause Young (Normal) (G1 Evacuation Pause) 32M->8M(512M) 43.236ms
[2021-11-01T22:59:18.319-0700][gc,cpu      ] GC(12) User=0.03s Sys=0.04s Real=0.04s
[2021-11-01T23:04:55.606-0700][gc,start    ] GC(13) Pause Young (Normal) (G1 Evacuation Pause)
[2021-11-01T23:04:55.607-0700][gc,task     ] GC(13) Using 8 workers of 8 for evacuation
[2021-11-01T23:04:55.642-0700][gc,mmu      ] GC(13) MMU target violated: 21.0ms (20.0ms/21.0ms)
[2021-11-01T23:04:55.642-0700][gc,phases   ] GC(13)   Pre Evacuate Collection Set: 2.0ms
[2021-11-01T23:04:55.642-0700][gc,phases   ] GC(13)   Merge Heap Roots: 2.1ms
[2021-11-01T23:04:55.642-0700][gc,phases   ] GC(13)   Evacuate Collection Set: 29.1ms
[2021-11-01T23:04:55.642-0700][gc,phases   ] GC(13)   Post Evacuate Collection Set: 1.7ms
[2021-11-01T23:04:55.643-0700][gc,phases   ] GC(13)   Other: 1.7ms
[2021-11-01T23:04:55.643-0700][gc,heap     ] GC(13) Eden regions: 24->0(24)
[2021-11-01T23:04:55.643-0700][gc,heap     ] GC(13) Survivor regions: 1->1(4)
[2021-11-01T23:04:55.643-0700][gc,heap     ] GC(13) Old regions: 7->7
[2021-11-01T23:04:55.643-0700][gc,heap     ] GC(13) Archive regions: 2->2
[2021-11-01T23:04:55.643-0700][gc,heap     ] GC(13) Humongous regions: 0->0
[2021-11-01T23:04:55.643-0700][gc,metaspace] GC(13) Metaspace: 8779K(8960K)->8779K(8960K) NonClass: 7861K(7936K)->7861K(7936K) Class: 917K(1024K)->917K(1024K)
[2021-11-01T23:04:55.643-0700][gc          ] GC(13) Pause Young (Normal) (G1 Evacuation Pause) 32M->8M(512M) 36.559ms
[2021-11-01T23:04:55.643-0700][gc,cpu      ] GC(13) User=0.02s Sys=0.04s Real=0.04s
[2021-11-01T23:10:31.736-0700][gc,start    ] GC(14) Pause Young (Normal) (G1 Evacuation Pause)
[2021-11-01T23:10:31.737-0700][gc,task     ] GC(14) Using 8 workers of 8 for evacuation
[2021-11-01T23:10:31.768-0700][gc,mmu      ] GC(14) MMU target violated: 21.0ms (20.0ms/21.0ms)
[2021-11-01T23:10:31.768-0700][gc,phases   ] GC(14)   Pre Evacuate Collection Set: 2.8ms
[2021-11-01T23:10:31.768-0700][gc,phases   ] GC(14)   Merge Heap Roots: 1.2ms
[2021-11-01T23:10:31.768-0700][gc,phases   ] GC(14)   Evacuate Collection Set: 21.0ms
[2021-11-01T23:10:31.768-0700][gc,phases   ] GC(14)   Post Evacuate Collection Set: 2.6ms
[2021-11-01T23:10:31.768-0700][gc,phases   ] GC(14)   Other: 4.5ms
[2021-11-01T23:10:31.768-0700][gc,heap     ] GC(14) Eden regions: 24->0(24)
[2021-11-01T23:10:31.768-0700][gc,heap     ] GC(14) Survivor regions: 1->1(4)
[2021-11-01T23:10:31.768-0700][gc,heap     ] GC(14) Old regions: 7->7
[2021-11-01T23:10:31.768-0700][gc,heap     ] GC(14) Archive regions: 2->2
[2021-11-01T23:10:31.768-0700][gc,heap     ] GC(14) Humongous regions: 0->0
[2021-11-01T23:10:31.768-0700][gc,metaspace] GC(14) Metaspace: 8780K(8960K)->8780K(8960K) NonClass: 7863K(7936K)->7863K(7936K) Class: 917K(1024K)->917K(1024K)
[2021-11-01T23:10:31.768-0700][gc          ] GC(14) Pause Young (Normal) (G1 Evacuation Pause) 32M->8M(512M) 31.718ms
[2021-11-01T23:10:31.768-0700][gc,cpu      ] GC(14) User=0.01s Sys=0.03s Real=0.03s
[2021-11-01T23:16:03.371-0700][gc,start    ] GC(15) Pause Young (Normal) (G1 Evacuation Pause)
[2021-11-01T23:16:03.380-0700][gc,task     ] GC(15) Using 8 workers of 8 for evacuation
[2021-11-01T23:16:03.416-0700][gc,mmu      ] GC(15) MMU target violated: 21.0ms (20.0ms/21.0ms)
[2021-11-01T23:16:03.416-0700][gc,phases   ] GC(15)   Pre Evacuate Collection Set: 1.7ms
[2021-11-01T23:16:03.416-0700][gc,phases   ] GC(15)   Merge Heap Roots: 0.5ms
[2021-11-01T23:16:03.416-0700][gc,phases   ] GC(15)   Evacuate Collection Set: 31.6ms
[2021-11-01T23:16:03.416-0700][gc,phases   ] GC(15)   Post Evacuate Collection Set: 2.4ms
[2021-11-01T23:16:03.416-0700][gc,phases   ] GC(15)   Other: 8.8ms
[2021-11-01T23:16:03.416-0700][gc,heap     ] GC(15) Eden regions: 24->0(24)
[2021-11-01T23:16:03.416-0700][gc,heap     ] GC(15) Survivor regions: 1->1(4)
[2021-11-01T23:16:03.416-0700][gc,heap     ] GC(15) Old regions: 7->7
[2021-11-01T23:16:03.416-0700][gc,heap     ] GC(15) Archive regions: 2->2
[2021-11-01T23:16:03.416-0700][gc,heap     ] GC(15) Humongous regions: 0->0
[2021-11-01T23:16:03.416-0700][gc,metaspace] GC(15) Metaspace: 8781K(8960K)->8781K(8960K) NonClass: 7864K(7936K)->7864K(7936K) Class: 917K(1024K)->917K(1024K)
[2021-11-01T23:16:03.416-0700][gc          ] GC(15) Pause Young (Normal) (G1 Evacuation Pause) 32M->8M(512M) 45.089ms
[2021-11-01T23:16:03.416-0700][gc,cpu      ] GC(15) User=0.01s Sys=0.06s Real=0.04s
[2021-11-01T23:21:42.159-0700][gc,start    ] GC(16) Pause Young (Normal) (G1 Evacuation Pause)
[2021-11-01T23:21:42.160-0700][gc,task     ] GC(16) Using 8 workers of 8 for evacuation
[2021-11-01T23:21:42.220-0700][gc,mmu      ] GC(16) MMU target violated: 21.0ms (20.0ms/21.0ms)
[2021-11-01T23:21:42.220-0700][gc,phases   ] GC(16)   Pre Evacuate Collection Set: 2.7ms
[2021-11-01T23:21:42.220-0700][gc,phases   ] GC(16)   Merge Heap Roots: 0.2ms
[2021-11-01T23:21:42.220-0700][gc,phases   ] GC(16)   Evacuate Collection Set: 53.7ms
[2021-11-01T23:21:42.220-0700][gc,phases   ] GC(16)   Post Evacuate Collection Set: 2.3ms
[2021-11-01T23:21:42.220-0700][gc,phases   ] GC(16)   Other: 2.9ms
[2021-11-01T23:21:42.220-0700][gc,heap     ] GC(16) Eden regions: 24->0(24)
[2021-11-01T23:21:42.220-0700][gc,heap     ] GC(16) Survivor regions: 1->1(4)
[2021-11-01T23:21:42.220-0700][gc,heap     ] GC(16) Old regions: 7->8
[2021-11-01T23:21:42.220-0700][gc,heap     ] GC(16) Archive regions: 2->2
[2021-11-01T23:21:42.220-0700][gc,heap     ] GC(16) Humongous regions: 0->0
[2021-11-01T23:21:42.220-0700][gc,metaspace] GC(16) Metaspace: 8781K(8960K)->8781K(8960K) NonClass: 7864K(7936K)->7864K(7936K) Class: 917K(1024K)->917K(1024K)
[2021-11-01T23:21:42.220-0700][gc          ] GC(16) Pause Young (Normal) (G1 Evacuation Pause) 32M->8M(512M) 61.049ms
[2021-11-01T23:21:42.220-0700][gc,cpu      ] GC(16) User=0.03s Sys=0.05s Real=0.07s
[2021-11-02T09:28:03.930-0700][gc,heap,exit] Heap
[2021-11-02T09:28:03.931-0700][gc,heap,exit]  garbage-first heap   total 524288K, used 20268K [0x00000007e0000000, 0x0000000800000000)
[2021-11-02T09:28:03.931-0700][gc,heap,exit]   region size 1024K, 13 young (13312K), 1 survivors (1024K)
[2021-11-02T09:28:03.931-0700][gc,heap,exit]  Metaspace       used 8795K, committed 9024K, reserved 1064960K
[2021-11-02T09:28:03.931-0700][gc,heap,exit]   class space    used 917K, committed 1024K, reserved 1048576K
