[2021-10-28T16:00:36.975-0700][gc] Using G1
[2021-10-28T16:00:36.978-0700][gc,init] Version: 17+35-2724 (release)
[2021-10-28T16:00:36.978-0700][gc,init] CPUs: 8 total, 8 available
[2021-10-28T16:00:36.978-0700][gc,init] Memory: 8192M
[2021-10-28T16:00:36.978-0700][gc,init] Large Page Support: Disabled
[2021-10-28T16:00:36.978-0700][gc,init] NUMA Support: Disabled
[2021-10-28T16:00:36.978-0700][gc,init] Compressed Oops: Enabled (Zero based)
[2021-10-28T16:00:36.978-0700][gc,init] Heap Region Size: 1M
[2021-10-28T16:00:36.978-0700][gc,init] Heap Min Capacity: 512M
[2021-10-28T16:00:36.978-0700][gc,init] Heap Initial Capacity: 512M
[2021-10-28T16:00:36.978-0700][gc,init] Heap Max Capacity: 512M
[2021-10-28T16:00:36.978-0700][gc,init] Pre-touch: Disabled
[2021-10-28T16:00:36.978-0700][gc,init] Parallel Workers: 8
[2021-10-28T16:00:36.978-0700][gc,init] Concurrent Workers: 2
[2021-10-28T16:00:36.978-0700][gc,init] Concurrent Refinement Workers: 8
[2021-10-28T16:00:36.978-0700][gc,init] Periodic GC: Disabled
[2021-10-28T16:00:36.978-0700][gc,metaspace] CDS archive(s) mapped at: [0x0000000800000000-0x0000000800bd0000-0x0000000800bd0000), size 12386304, SharedBaseAddress: 0x0000000800000000, ArchiveRelocationMode: 0.
[2021-10-28T16:00:36.978-0700][gc,metaspace] Compressed class space mapped at: 0x0000000800c00000-0x0000000840c00000, reserved size: 1073741824
[2021-10-28T16:00:36.978-0700][gc,metaspace] Narrow klass base: 0x0000000800000000, Narrow klass shift: 0, Narrow klass range: 0x100000000
[2021-10-28T16:00:43.030-0700][gc,start    ] GC(0) Pause Young (Normal) (G1 Evacuation Pause)
[2021-10-28T16:00:43.030-0700][gc,task     ] GC(0) Using 8 workers of 8 for evacuation
[2021-10-28T16:00:43.040-0700][gc,phases   ] GC(0)   Pre Evacuate Collection Set: 0.1ms
[2021-10-28T16:00:43.040-0700][gc,phases   ] GC(0)   Merge Heap Roots: 0.0ms
[2021-10-28T16:00:43.040-0700][gc,phases   ] GC(0)   Evacuate Collection Set: 9.1ms
[2021-10-28T16:00:43.040-0700][gc,phases   ] GC(0)   Post Evacuate Collection Set: 0.3ms
[2021-10-28T16:00:43.040-0700][gc,phases   ] GC(0)   Other: 0.6ms
[2021-10-28T16:00:43.040-0700][gc,heap     ] GC(0) Eden regions: 25->0(21)
[2021-10-28T16:00:43.040-0700][gc,heap     ] GC(0) Survivor regions: 0->4(4)
[2021-10-28T16:00:43.040-0700][gc,heap     ] GC(0) Old regions: 0->4
[2021-10-28T16:00:43.040-0700][gc,heap     ] GC(0) Archive regions: 2->2
[2021-10-28T16:00:43.040-0700][gc,heap     ] GC(0) Humongous regions: 0->0
[2021-10-28T16:00:43.040-0700][gc,metaspace] GC(0) Metaspace: 7543K(7680K)->7543K(7680K) NonClass: 6726K(6784K)->6726K(6784K) Class: 816K(896K)->816K(896K)
[2021-10-28T16:00:43.040-0700][gc          ] GC(0) Pause Young (Normal) (G1 Evacuation Pause) 25M->8M(512M) 10.181ms
[2021-10-28T16:00:43.040-0700][gc,cpu      ] GC(0) User=0.01s Sys=0.01s Real=0.01s
[2021-10-28T16:00:43.105-0700][gc,start    ] GC(1) Pause Young (Normal) (G1 Evacuation Pause)
[2021-10-28T16:00:43.105-0700][gc,task     ] GC(1) Using 8 workers of 8 for evacuation
[2021-10-28T16:00:43.111-0700][gc,phases   ] GC(1)   Pre Evacuate Collection Set: 0.1ms
[2021-10-28T16:00:43.127-0700][gc,phases   ] GC(1)   Merge Heap Roots: 0.0ms
[2021-10-28T16:00:43.127-0700][gc,phases   ] GC(1)   Evacuate Collection Set: 4.8ms
[2021-10-28T16:00:43.127-0700][gc,phases   ] GC(1)   Post Evacuate Collection Set: 0.2ms
[2021-10-28T16:00:43.127-0700][gc,phases   ] GC(1)   Other: 0.1ms
[2021-10-28T16:00:43.127-0700][gc,heap     ] GC(1) Eden regions: 21->0(24)
[2021-10-28T16:00:43.127-0700][gc,heap     ] GC(1) Survivor regions: 4->1(4)
[2021-10-28T16:00:43.127-0700][gc,heap     ] GC(1) Old regions: 4->8
[2021-10-28T16:00:43.127-0700][gc,heap     ] GC(1) Archive regions: 2->2
[2021-10-28T16:00:43.127-0700][gc,heap     ] GC(1) Humongous regions: 0->0
[2021-10-28T16:00:43.127-0700][gc,metaspace] GC(1) Metaspace: 7546K(7744K)->7546K(7744K) NonClass: 6729K(6848K)->6729K(6848K) Class: 816K(896K)->816K(896K)
[2021-10-28T16:00:43.127-0700][gc          ] GC(1) Pause Young (Normal) (G1 Evacuation Pause) 29M->8M(512M) 21.312ms
[2021-10-28T16:00:43.127-0700][gc,cpu      ] GC(1) User=0.03s Sys=0.00s Real=0.02s
[2021-10-28T16:00:43.190-0700][gc,start    ] GC(2) Pause Young (Normal) (G1 Evacuation Pause)
[2021-10-28T16:00:43.190-0700][gc,task     ] GC(2) Using 8 workers of 8 for evacuation
[2021-10-28T16:00:43.191-0700][gc,phases   ] GC(2)   Pre Evacuate Collection Set: 0.1ms
[2021-10-28T16:00:43.191-0700][gc,phases   ] GC(2)   Merge Heap Roots: 0.0ms
[2021-10-28T16:00:43.191-0700][gc,phases   ] GC(2)   Evacuate Collection Set: 0.4ms
[2021-10-28T16:00:43.191-0700][gc,phases   ] GC(2)   Post Evacuate Collection Set: 0.1ms
[2021-10-28T16:00:43.191-0700][gc,phases   ] GC(2)   Other: 0.1ms
[2021-10-28T16:00:43.191-0700][gc,heap     ] GC(2) Eden regions: 24->0(24)
[2021-10-28T16:00:43.191-0700][gc,heap     ] GC(2) Survivor regions: 1->1(4)
[2021-10-28T16:00:43.191-0700][gc,heap     ] GC(2) Old regions: 8->8
[2021-10-28T16:00:43.191-0700][gc,heap     ] GC(2) Archive regions: 2->2
[2021-10-28T16:00:43.191-0700][gc,heap     ] GC(2) Humongous regions: 0->0
[2021-10-28T16:00:43.191-0700][gc,metaspace] GC(2) Metaspace: 7555K(7744K)->7555K(7744K) NonClass: 6737K(6848K)->6737K(6848K) Class: 817K(896K)->817K(896K)
[2021-10-28T16:00:43.191-0700][gc          ] GC(2) Pause Young (Normal) (G1 Evacuation Pause) 32M->8M(512M) 0.812ms
[2021-10-28T16:00:43.191-0700][gc,cpu      ] GC(2) User=0.00s Sys=0.00s Real=0.00s
[2021-10-28T16:08:50.853-0700][gc,start    ] GC(3) Pause Young (Normal) (G1 Evacuation Pause)
[2021-10-28T16:08:50.856-0700][gc,task     ] GC(3) Using 8 workers of 8 for evacuation
[2021-10-28T16:08:50.898-0700][gc,mmu      ] GC(3) MMU target violated: 21.0ms (20.0ms/21.0ms)
[2021-10-28T16:08:50.898-0700][gc,phases   ] GC(3)   Pre Evacuate Collection Set: 3.3ms
[2021-10-28T16:08:50.898-0700][gc,phases   ] GC(3)   Merge Heap Roots: 0.7ms
[2021-10-28T16:08:50.898-0700][gc,phases   ] GC(3)   Evacuate Collection Set: 35.6ms
[2021-10-28T16:08:50.898-0700][gc,phases   ] GC(3)   Post Evacuate Collection Set: 1.1ms
[2021-10-28T16:08:50.898-0700][gc,phases   ] GC(3)   Other: 5.9ms
[2021-10-28T16:08:50.898-0700][gc,heap     ] GC(3) Eden regions: 24->0(24)
[2021-10-28T16:08:50.898-0700][gc,heap     ] GC(3) Survivor regions: 1->1(4)
[2021-10-28T16:08:50.898-0700][gc,heap     ] GC(3) Old regions: 8->8
[2021-10-28T16:08:50.898-0700][gc,heap     ] GC(3) Archive regions: 2->2
[2021-10-28T16:08:50.898-0700][gc,heap     ] GC(3) Humongous regions: 0->0
[2021-10-28T16:08:50.898-0700][gc,metaspace] GC(3) Metaspace: 8791K(9024K)->8791K(9024K) NonClass: 7875K(8000K)->7875K(8000K) Class: 916K(1024K)->916K(1024K)
[2021-10-28T16:08:50.898-0700][gc          ] GC(3) Pause Young (Normal) (G1 Evacuation Pause) 32M->9M(512M) 45.047ms
[2021-10-28T16:08:50.898-0700][gc,cpu      ] GC(3) User=0.02s Sys=0.05s Real=0.04s
[2021-10-28T16:20:49.386-0700][gc,start    ] GC(4) Pause Young (Normal) (G1 Evacuation Pause)
[2021-10-28T16:20:49.388-0700][gc,task     ] GC(4) Using 8 workers of 8 for evacuation
[2021-10-28T16:20:49.439-0700][gc,mmu      ] GC(4) MMU target violated: 21.0ms (20.0ms/21.0ms)
[2021-10-28T16:20:49.439-0700][gc,phases   ] GC(4)   Pre Evacuate Collection Set: 2.2ms
[2021-10-28T16:20:49.439-0700][gc,phases   ] GC(4)   Merge Heap Roots: 1.2ms
[2021-10-28T16:20:49.439-0700][gc,phases   ] GC(4)   Evacuate Collection Set: 44.4ms
[2021-10-28T16:20:49.439-0700][gc,phases   ] GC(4)   Post Evacuate Collection Set: 1.8ms
[2021-10-28T16:20:49.439-0700][gc,phases   ] GC(4)   Other: 3.0ms
[2021-10-28T16:20:49.439-0700][gc,heap     ] GC(4) Eden regions: 24->0(24)
[2021-10-28T16:20:49.439-0700][gc,heap     ] GC(4) Survivor regions: 1->1(4)
[2021-10-28T16:20:49.439-0700][gc,heap     ] GC(4) Old regions: 8->8
[2021-10-28T16:20:49.439-0700][gc,heap     ] GC(4) Archive regions: 2->2
[2021-10-28T16:20:49.439-0700][gc,heap     ] GC(4) Humongous regions: 0->0
[2021-10-28T16:20:49.439-0700][gc,metaspace] GC(4) Metaspace: 8795K(9024K)->8795K(9024K) NonClass: 7878K(8000K)->7878K(8000K) Class: 916K(1024K)->916K(1024K)
[2021-10-28T16:20:49.439-0700][gc          ] GC(4) Pause Young (Normal) (G1 Evacuation Pause) 33M->9M(512M) 52.636ms
[2021-10-28T16:20:49.439-0700][gc,cpu      ] GC(4) User=0.03s Sys=0.05s Real=0.05s
[2021-10-28T16:32:58.735-0700][gc,start    ] GC(5) Pause Young (Normal) (G1 Evacuation Pause)
[2021-10-28T16:32:58.737-0700][gc,task     ] GC(5) Using 8 workers of 8 for evacuation
[2021-10-28T16:32:58.771-0700][gc,mmu      ] GC(5) MMU target violated: 21.0ms (20.0ms/21.0ms)
[2021-10-28T16:32:58.771-0700][gc,phases   ] GC(5)   Pre Evacuate Collection Set: 1.9ms
[2021-10-28T16:32:58.772-0700][gc,phases   ] GC(5)   Merge Heap Roots: 0.1ms
[2021-10-28T16:32:58.772-0700][gc,phases   ] GC(5)   Evacuate Collection Set: 30.1ms
[2021-10-28T16:32:58.772-0700][gc,phases   ] GC(5)   Post Evacuate Collection Set: 0.8ms
[2021-10-28T16:32:58.772-0700][gc,phases   ] GC(5)   Other: 4.1ms
[2021-10-28T16:32:58.772-0700][gc,heap     ] GC(5) Eden regions: 24->0(24)
[2021-10-28T16:32:58.772-0700][gc,heap     ] GC(5) Survivor regions: 1->1(4)
[2021-10-28T16:32:58.772-0700][gc,heap     ] GC(5) Old regions: 8->8
[2021-10-28T16:32:58.772-0700][gc,heap     ] GC(5) Archive regions: 2->2
[2021-10-28T16:32:58.772-0700][gc,heap     ] GC(5) Humongous regions: 0->0
[2021-10-28T16:32:58.772-0700][gc,metaspace] GC(5) Metaspace: 8795K(9024K)->8795K(9024K) NonClass: 7878K(8000K)->7878K(8000K) Class: 916K(1024K)->916K(1024K)
[2021-10-28T16:32:58.772-0700][gc          ] GC(5) Pause Young (Normal) (G1 Evacuation Pause) 33M->9M(512M) 36.592ms
[2021-10-28T16:32:58.772-0700][gc,cpu      ] GC(5) User=0.02s Sys=0.03s Real=0.04s
[2021-10-28T23:15:21.769-0700][gc,start    ] GC(6) Pause Young (Normal) (G1 Evacuation Pause)
[2021-10-28T23:15:21.775-0700][gc,task     ] GC(6) Using 8 workers of 8 for evacuation
[2021-10-28T23:15:22.143-0700][gc,mmu      ] GC(6) MMU target violated: 21.0ms (20.0ms/21.0ms)
[2021-10-28T23:15:22.144-0700][gc,phases   ] GC(6)   Pre Evacuate Collection Set: 8.4ms
[2021-10-28T23:15:22.144-0700][gc,phases   ] GC(6)   Merge Heap Roots: 2.2ms
[2021-10-28T23:15:22.144-0700][gc,phases   ] GC(6)   Evacuate Collection Set: 348.4ms
[2021-10-28T23:15:22.144-0700][gc,phases   ] GC(6)   Post Evacuate Collection Set: 5.7ms
[2021-10-28T23:15:22.144-0700][gc,phases   ] GC(6)   Other: 11.6ms
[2021-10-28T23:15:22.144-0700][gc,heap     ] GC(6) Eden regions: 24->0(24)
[2021-10-28T23:15:22.144-0700][gc,heap     ] GC(6) Survivor regions: 1->1(4)
[2021-10-28T23:15:22.144-0700][gc,heap     ] GC(6) Old regions: 8->8
[2021-10-28T23:15:22.144-0700][gc,heap     ] GC(6) Archive regions: 2->2
[2021-10-28T23:15:22.144-0700][gc,heap     ] GC(6) Humongous regions: 0->0
[2021-10-28T23:15:22.144-0700][gc,metaspace] GC(6) Metaspace: 8807K(9024K)->8807K(9024K) NonClass: 7890K(8000K)->7890K(8000K) Class: 916K(1024K)->916K(1024K)
[2021-10-28T23:15:22.144-0700][gc          ] GC(6) Pause Young (Normal) (G1 Evacuation Pause) 33M->9M(512M) 374.739ms
[2021-10-28T23:15:22.144-0700][gc,cpu      ] GC(6) User=0.02s Sys=0.09s Real=0.38s
[2021-10-29T18:05:41.407-0700][gc,heap,exit] Heap
[2021-10-29T18:05:41.409-0700][gc,heap,exit]  garbage-first heap   total 524288K, used 28824K [0x00000007e0000000, 0x0000000800000000)
[2021-10-29T18:05:41.409-0700][gc,heap,exit]   region size 1024K, 21 young (21504K), 1 survivors (1024K)
[2021-10-29T18:05:41.409-0700][gc,heap,exit]  Metaspace       used 8812K, committed 9024K, reserved 1064960K
[2021-10-29T18:05:41.409-0700][gc,heap,exit]   class space    used 917K, committed 1024K, reserved 1048576K
